******************************************************************************
               TMS320C6x Linker PC v7.4.1                      
******************************************************************************
>> Linked Tue Jan 17 17:27:41 2017

OUTPUT FILE NAME:   <fr_flir_c6748.out>
ENTRY POINT SYMBOL: "_c_int00"  address: c0591b80


MEMORY CONFIGURATION

         name            origin    length      used     unused   attr    fill
----------------------  --------  ---------  --------  --------  ----  --------
  IROM                  11700000   00100000  00000000  00100000  R  X
  IRAM                  11800000   00020000  00000000  00020000  RW X
  L3_CBA_RAM            80000000   00020000  00001000  0001f000  RW X
  SN_PAR                c0000000   00180000  00000000  00180000  RW  
  DDR2_SN_PAR4          c0180000   00080000  00000000  00080000  RW  
  DDR2_RAM              c0200000   02d00000  003a5190  0295ae70  RW X
  App_Prog_START        c3000000   00000400  00000040  000003c0  RW X
  DDR                   c3000400   000ff000  00000000  000ff000  RW X
  DDR_EXT               c4000000   0c000000  00000000  0c000000  RW  


SEGMENT ALLOCATION MAP

run origin  load origin   length   init length attrs members
----------  ----------- ---------- ----------- ----- -------
80000000    80000000    00001000   00000000    rw-
  80000000    80000000    00001000   00000000    rw- .stack
c0200000    c0200000    0029d992   0029d992    rw-
  c0200000    c0200000    0029d992   0029d992    rw- .fardata
c049d998    c049d998    00000008   00000008    r--
  c049d998    c049d998    00000008   00000008    r-- .const.1
c049d9a0    c049d9a0    00000060   00000060    r-x
  c049d9a0    c049d9a0    00000060   00000060    r-x .text.1
c049da00    c049da00    00097538   00000000    rw-
  c049da00    c049da00    00097538   00000000    rw- .far
c0534f38    c0534f38    00000008   00000008    r--
  c0534f38    c0534f38    00000008   00000008    r-- .const.2
c0534f40    c0534f40    0006dffe   0006dffe    r-x
  c0534f40    c0534f40    00066160   00066160    r-x .text.2
  c059b0a0    c059b0a0    00007e9e   00007e9e    r-- .const.3
c05a2f40    c05a2f40    000000bc   000000bc    r--
  c05a2f40    c05a2f40    000000bc   000000bc    r-- .switch.1
c05a3000    c05a3000    000004e0   000004e0    r-x
  c05a3000    c05a3000    00000200   00000200    r-x .vecs
  c05a3200    c05a3200    000002e0   000002e0    r-- .switch.2
c05a34e0    c05a34e0    000000a4   00000000    rw-
  c05a34e0    c05a34e0    000000a4   00000000    rw- .bss
c05a3588    c05a3588    0000021c   0000021c    rw-
  c05a3588    c05a3588    0000021c   0000021c    rw- .neardata
c05a37a4    c05a37a4    00000048   00000048    r--
  c05a37a4    c05a37a4    00000048   00000048    r-- .rodata
c05a37ec    c05a37ec    00000120   00000000    rw-
  c05a37ec    c05a37ec    00000120   00000000    rw- .cio
c05a390c    c05a390c    00001890   00001890    r--
  c05a390c    c05a390c    00001890   00001890    r-- .cinit
c3000000    c3000000    00000040   00000040    r-x
  c3000000    c3000000    00000040   00000040    r-x my_boot_sect


SECTION ALLOCATION MAP

 output                                  attributes/
section   page    origin      length       input sections
--------  ----  ----------  ----------   ----------------
.init_array 
*          0    c0200000    00000000     UNINITIALIZED

.stack     0    80000000    00001000     UNINITIALIZED
                  80000000    00000008     boot.ae674 : boot.oe674 (.stack)
                  80000008    00000ff8     --HOLE--

xdc.meta   0    c0200000    000000e8     COPY SECTION
                  c0200000    000000e8     gooao_fr_c6748_pe674.oe674 (xdc.meta)

.fardata   0    c0200000    0029d992     
                  c0200000    000a8c00     taskImageInput.obj (.fardata:Quarter_Value_imageBufferCmos)
                  c02a8c00    000a8c00     taskImageInput.obj (.fardata:Value_imageBufferCmos)
                  c0351800    000a8c00     taskImageInput.obj (.fardata:imageBufferCmos)
                  c03fa400    000a0000     taskImageInput.obj (.fardata:imageBufferTau)
                  c049a400    00000a80     edma3_lld_rm_sample.ae674 : sample_c6748_cfg.oe674 (.fardata:sampleInstInitConfig)
                  c049ae80    00000888     edma3_lld_rm.ae674 : edma3_c6748_cfg.oe674 (.fardata:edma3GblCfgParams)
                  c049b708    000007e0                        : edma3_c6748_cfg.oe674 (.fardata:defInstInitConfig)
                  c049bee8    0000063c     gooao_fr_c6748_pe674.oe674 (.fardata)
                  c049c524    00000004     I2c.obj (.fardata)
                  c049c528    000005b0     edma3_lld_rm_sample.ae674 : sample_c6748_cfg.oe674 (.fardata:sampleEdma3GblCfgParams)
                  c049cad8    000001e0     rts6740_elf.lib : defs.obj (.fardata:_ftable)
                  c049ccb8    000001c8     gooao_fr_c6748_pe674.oe674 (.fardata:ti_sysbios_knl_Task_Object__table__V)
                  c049ce80    000000b4     stk6_ppp_pppoe.ae674 : exec.oe674 (.fardata)
                  c049cf34    00000004     rts6740_elf.lib : defs.obj (.fardata)
                  c049cf38    000000a0                     : lowlev.obj (.fardata:_stream)
                  c049cfd8    00000080     gooao_fr_c6748_pe674.oe674 (.fardata:ti_sysbios_knl_Swi_Module_State_0_readyQ__A)
                  c049d058    00000080     gooao_fr_c6748_pe674.oe674 (.fardata:ti_sysbios_knl_Task_Module_State_0_readyQ__A)
                  c049d0d8    00000078     rts6740_elf.lib : lowlev.obj (.fardata:_device)
                  c049d150    00000078     gooao_fr_c6748_pe674.oe674 (.fardata:ti_sysbios_family_c64p_Hwi_Object__table__V)
                  c049d1c8    00000060     gooao_fr_c6748_pe674.oe674 (.fardata:ti_sysbios_timers_timer64_Timer_Module_State_0_device__A)
                  c049d228    00000054     taskImageInput.obj (.fardata)
                  c049d27c    00000004     rts6740_elf.lib : dtor_list.obj (.fardata)
                  c049d280    00000050     stk6_ppp_pppoe.ae674 : exec.oe674 (.fardata:tasks)
                  c049d2d0    0000004d     nettool.ae674 : dhcptags.oe674 (.fardata:DHCPTypeCode)
                  c049d31d    00000003     --HOLE--
                  c049d320    0000004c     gooao_fr_c6748_pe674.oe674 (.fardata:ti_sysbios_timers_timer64_Timer_Object__table__V)
                  c049d36c    00000004     --HOLE--
                  c049d370    00000048     gooao_fr_c6748_pe674.oe674 (.fardata:ti_sysbios_io_DEV_Object__table__V)
                  c049d3b8    00000040     netctrl.ae674 : netsrv.oe674 (.fardata:CloseOrder)
                  c049d3f8    00000040                   : netsrv.oe674 (.fardata:OpenOrder)
                  c049d438    00000040     stk6_ppp_pppoe.ae674 : md5.oe674 (.fardata:PADDING)
                  c049d478    00000040     edma3_lld_rm_sample.ae674 : sample_c6748_cfg.oe674 (.fardata:ccXferCompInt)
                  c049d4b8    00000040     nettool.ae674 : httpsend.oe674 (.fardata:codestr)
                  c049d4f8    00000040     edma3_lld_rm_sample.ae674 : sample_c6748_cfg.oe674 (.fardata:hwIntTcErr)
                  c049d538    00000040     os.ae674 : intmgmt.oe674 (.fardata:hwiTable)
                  c049d578    00000040     edma3_lld_rm_sample.ae674 : sample_c6748_cfg.oe674 (.fardata:tcErrorInt)
                  c049d5b8    00000040     gooao_fr_c6748_pe674.oe674 (.fardata:ti_sysbios_gates_GateMutex_Object__table__V)
                  c049d5f8    00000034     stk6_ppp_pppoe.ae674 : tcp6time.oe674 (.fardata:tcp_backoff)
                  c049d62c    00000004     --HOLE--
                  c049d630    00000034                          : tcptime.oe674 (.fardata:tcp_backoff)
                  c049d664    00000004     --HOLE--
                  c049d668    00000030     gooao_fr_c6748_pe674.oe674 (.fardata:ti_sysbios_knl_Swi_Object__table__V)
                  c049d698    00000024     os.ae674 : ossys.oe674 (.fardata)
                  c049d6bc    00000004     --HOLE--
                  c049d6c0    00000020     stk6_ppp_pppoe.ae674 : rtc.oe674 (.fardata:pstrMsgName)
                  c049d6e0    00000020     edma3_lld_rm_sample.ae674 : sample_c6748_int_reg.oe674 (.fardata:ptrEdma3TcIsrHandler)
                  c049d700    00000020     gooao_fr_c6748_pe674.oe674 (.fardata:ti_sysbios_io_DEV_Module_State_0_table__A)
                  c049d720    00000020     gooao_fr_c6748_pe674.oe674 (.fardata:ti_sysbios_timers_timer64_Timer_Module_State_0_gctrl__A)
                  c049d740    00000020     gooao_fr_c6748_pe674.oe674 (.fardata:ti_sysbios_timers_timer64_Timer_Module_State_0_handles__A)
                  c049d760    00000020     gooao_fr_c6748_pe674.oe674 (.fardata:ti_sysbios_timers_timer64_Timer_Module_State_0_intFreqs__A)
                  c049d780    00000020     gooao_fr_c6748_pe674.oe674 (.fardata:xdc_runtime_System_Module_State_0_atexitHandlers__A)
                  c049d7a0    0000001c     Uart.obj (.fardata)
                  c049d7bc    0000001c     Upp.obj (.fardata)
                  c049d7d8    0000001c     os.ae674 : mem_data.oe674 (.fardata:ti_ndk_config_Global_Id2Size)
                  c049d7f4    00000004     --HOLE--
                  c049d7f8    00000018     ti.drv.omapl138.ae674 : csl_mdio.oe674 (.fardata:PhyStateTimeout)
                  c049d810    00000018     edma3_lld_rm.ae674 : edma3resmgr.oe674 (.fardata:allocatedTCCs)
                  c049d828    00000018     gooao_fr_c6748_pe674.oe674 (.fardata:ti_sysbios_heaps_HeapMem_Object__table__V)
                  c049d840    00000014     emacHooks.obj (.fardata:LinkStr)
                  c049d854    00000004     --HOLE--
                  c049d858    00000014     taskUartMaster.obj (.fardata:command_switchfilter)
                  c049d86c    00000004     --HOLE--
                  c049d870    00000014     stk6_ppp_pppoe.ae674 : sock6pcb.oe674 (.fardata:pSockList)
                  c049d884    00000004     --HOLE--
                  c049d888    00000014                          : sockpcb.oe674 (.fardata:pSockList)
                  c049d89c    00000004     --HOLE--
                  c049d8a0    0000000c     edma3_lld_rm.ae674 : edma3resmgr.oe674 (.fardata:masterExists)
                  c049d8ac    0000000c     rts6740_elf.lib : exit.obj (.fardata)
                  c049d8b8    0000000b     stk6_ppp_pppoe.ae674 : tcp6out.oe674 (.fardata:tcp_outflags)
                  c049d8c3    00000005     --HOLE--
                  c049d8c8    0000000b                          : tcpout.oe674 (.fardata:tcp_outflags)
                  c049d8d3    00000005     --HOLE--
                  c049d8d8    0000000a     taskUartMaster.obj (.fardata:command_heat)
                  c049d8e2    00000006     --HOLE--
                  c049d8e8    0000000a     taskUartMaster.obj (.fardata:command_quary)
                  c049d8f2    00000006     --HOLE--
                  c049d8f8    0000000a     taskUartMaster.obj (.fardata:command_switchposition)
                  c049d902    00000006     --HOLE--
                  c049d908    00000008     ti.drv.omapl138.ae674 : nimu_eth.oe674 (.fardata:NIMUDeviceTable)
                  c049d910    00000008     emacHooks.obj (.fardata:bMacAddr)
                  c049d918    00000008     edma3_lld_rm_sample.ae674 : sample_c6748_cfg.oe674 (.fardata:ccErrorInt)
                  c049d920    00000008                               : sample_c6748_cfg.oe674 (.fardata:hwIntCcErr)
                  c049d928    00000008                               : sample_c6748_cfg.oe674 (.fardata:hwIntXferComp)
                  c049d930    00000008                               : sample_c6748_cfg.oe674 (.fardata:numEdma3Tc)
                  c049d938    00000008                               : sample_c6748_cfg.oe674 (.fardata:rmSemHandle)
                  c049d940    00000008     rts6740_elf.lib : _lock.obj (.fardata)
                  c049d948    00000008     gooao_fr_c6748_pe674.oe674 (.fardata:ti_sysbios_family_c64p_primus_TimerSupport_Module_State_0_suspSrc__A)
                  c049d950    00000008     gooao_fr_c6748_pe674.oe674 (.fardata:ti_sysbios_hal_Hwi_Object__table__V)
                  c049d958    00000008     gooao_fr_c6748_pe674.oe674 (.fardata:ti_sysbios_hal_Timer_Object__table__V)
                  c049d960    00000006     stk6_ppp_pppoe.ae674 : nimupppoe.oe674 (.fardata:MacBCast)
                  c049d966    00000002     --HOLE--
                  c049d968    00000006                          : lliout.oe674 (.fardata:bEtherBCast)
                  c049d96e    00000002     --HOLE--
                  c049d970    00000006     ti.drv.omapl138.ae674 : ethdriver.oe674 (.fardata:bMacAddr)
                  c049d976    00000002     --HOLE--
                  c049d978    00000005     taskUartMaster.obj (.fardata:uart1_recvBuffer)
                  c049d97d    00000003     --HOLE--
                  c049d980    00000004     gooao_fr_c6748_pe674.oe674 (.fardata:ti_sysbios_gates_GateHwi_Object__table__V)
                  c049d984    00000004     --HOLE--
                  c049d988    00000004     gooao_fr_c6748_pe674.oe674 (.fardata:ti_sysbios_knl_Task_Module_State_0_idleTask__A)
                  c049d98c    00000004     --HOLE--
                  c049d990    00000002     networkmain.obj (.fardata:integration_value)

.const.1   0    c049d998    00000008     
                  c049d998    00000008     ti.targets.rts6000.ae674 : System.oe674 (.const:.string)

.text.1    0    c049d9a0    00000060     
                  c049d9a0    00000060     stk6_ppp_pppoe.ae674 : bind.oe674 (.text:BindFindByHost)

.far       0    c049da00    00097538     UNINITIALIZED
                  c049da00    00052b00     stk6_ppp_pppoe.ae674 : pbm_data.oe674 (.far:NDK_PACKETMEM)
                  c04f0500    00020430     gooao_fr_c6748_pe674.oe674 (.far)
                  c0510930    0000c1c0     os.ae674 : mem_data.oe674 (.far:NDK_MMBUFFER)
                  c051caf0    000079f0     edma3_lld_drv.ae674 : edma3_drv_init.oe674 (.far)
                  c05244e0    00006000     gooao_fr_c6748_pe674.oe674 (.far:taskStackSection)
                  c052a4e0    00004970     edma3_lld_rm.ae674 : edma3resmgr.oe674 (.far)
                  c052ee50    00002820                        : edma3_rm_gbl_data.oe674 (.far)
                  c0531670    00001618     ti.drv.omapl138.ae674 : ethdriver.oe674 (.far)
                  c0532c88    00000660     nettool.ae674 : daemon.oe674 (.far)
                  c05332e8    000005d8     I2c.obj (.far)
                  c05338c0    0000047c     ti.drv.omapl138.ae674 : csl_emac.oe674 (.far)
                  c0533d3c    00000004     stk6_ppp_pppoe.ae674 : rawethsock_pcb.oe674 (.far)
                  c0533d40    000003d4     Uart.obj (.far)
                  c0534114    00000004     --HOLE--
                  c0534118    00000200     networkmain.obj (.far)
                  c0534318    00000180     Upp.obj (.far)
                  c0534498    00000140     rts6740_elf.lib : defs.obj (.far)
                  c05345d8    00000110     stk6_ppp_pppoe.ae674 : igmp.oe674 (.far)
                  c05346e8    00000100     Psc.obj (.far)
                  c05347e8    000000d8     netctrl.ae674 : netsrv.oe674 (.far)
                  c05348c0    000000c8     stk6_ppp_pppoe.ae674 : ipv6.oe674 (.far)
                  c0534988    000000c4                          : tcp.oe674 (.far)
                  c0534a4c    000000b8                          : tcp6in.oe674 (.far)
                  c0534b04    00000004     --HOLE--
                  c0534b08    0000009c                          : icmp.oe674 (.far)
                  c0534ba4    00000004     --HOLE--
                  c0534ba8    0000007c     os.ae674 : mem.oe674 (.far)
                  c0534c24    00000004     --HOLE--
                  c0534c28    00000070     taskImageInput.obj (.far)
                  c0534c98    00000068     stk6_ppp_pppoe.ae674 : ip.oe674 (.far)
                  c0534d00    00000064                          : nimu.oe674 (.far)
                  c0534d64    00000004     --HOLE--
                  c0534d68    00000058     ti.drv.omapl138.ae674 : csl_mdio.oe674 (.far)
                  c0534dc0    0000003c     fr_uart.obj (.far)
                  c0534dfc    0000003c     taskUartMaster.obj (.far)
                  c0534e38    00000030     stk6_ppp_pppoe.ae674 : udp.oe674 (.far)
                  c0534e68    00000028                          : vlan.oe674 (.far)
                  c0534e90    00000024                          : udp6.oe674 (.far)
                  c0534eb4    00000018                          : icmpv6.oe674 (.far)
                  c0534ecc    00000004     --HOLE--
                  c0534ed0    00000014                          : rtc.oe674 (.far)
                  c0534ee4    00000010     netctrl.ae674 : netctrl.oe674 (.far)
                  c0534ef4    00000010     stk6_ppp_pppoe.ae674 : raw.oe674 (.far)
                  c0534f04    00000010                          : raw6.oe674 (.far)
                  c0534f14    00000010                          : raweth.oe674 (.far)
                  c0534f24    0000000c                          : pbm.oe674 (.far)
                  c0534f30    00000008     rts6740_elf.lib : trgdrv.obj (.far)

.const.2   0    c0534f38    00000008     
                  c0534f38    00000008     gooao_fr_c6748_pe674.oe674 (.const:ti_sysbios_knl_Idle_coreList__A)

.text.2    0    c0534f40    00066160     
                  c0534f40    00003bc0     I2c.obj (.text)
                  c0538b00    00003960     Uart.obj (.text)
                  c053c460    00002ac0     Upp.obj (.text)
                  c053ef20    00001a00     stk6_ppp_pppoe.ae674 : tcpin.oe674 (.text:TcpInput)
                  c0540920    00001980                          : tcp6in.oe674 (.text:TCP6Input)
                  c05422a0    00001240                          : tcpout.oe674 (.text:TcpOutput)
                  c05434e0    00001180                          : tcp6out.oe674 (.text:TCP6Output)
                  c0544660    00000d00     edma3_lld_rm.ae674 : edma3resmgr.oe674 (.text:EDMA3_RM_allocResource)
                  c0545360    00000cc0     taskImageInput.obj (.text)
                  c0546020    00000c60     edma3_lld_drv.ae674 : edma3_drv_basic.oe674 (.text:EDMA3_DRV_requestChannel)
                  c0546c80    00000c60     ti.drv.omapl138.ae674 : csl_emac.oe674 (.text:EMAC_open)
                  c05478e0    00000c60     networkmain.obj (.text)
                  c0548540    00000c00     nettool.ae674 : httpclie.oe674 (.text:httpClientProcess)
                  c0549140    00000b80     stk6_ppp_pppoe.ae674 : ipin.oe674 (.text:IPRxPacket)
                  c0549cc0    00000b60     Upp_ioctl.obj (.text)
                  c054a820    00000aa0     stk6_ppp_pppoe.ae674 : md5.oe674 (.text:MD5Transform)
                  c054b2c0    00000a60     I2c_edma.obj (.text)
                  c054bd20    000009c0     stk6_ppp_pppoe.ae674 : ipout.oe674 (.text:IPTxPacket)
                  c054c6e0    000009a0                          : lcp.oe674 (.text:lcpInput)
                  c054d080    000009a0     ti.targets.rts6000.ae674 : System.oe674 (.text:xdc_runtime_System_doPrint__I)
                  c054da20    00000900     nettool.ae674 : httpsend.oe674 (.text:SetContentType)
                  c054e320    00000800     Uart_edma.obj (.text)
                  c054eb20    000007e0     edma3_lld_rm.ae674 : edma3resmgr.oe674 (.text:edma3CCErrHandler)
                  c054f300    000007e0     stk6_ppp_pppoe.ae674 : ipcp.oe674 (.text:ipcpInput)
                  c054fae0    000007c0                          : sock.oe674 (.text:SockSet)
                  c05502a0    000007a0                          : fileuser.oe674 (.text:fdPoll)
                  c0550a40    00000780     taskUartMaster.obj (.text)
                  c05511c0    00000780     sysbios.ae674 : BIOS.obj (.text:ti_sysbios_family_c64p_Exception_handler__I)
                  c0551940    00000760     ti.drv.omapl138.ae674 : csl_mdio.oe674 (.text:MDIO_timerTick)
                  c05520a0    000006c0     nettool.ae674 : telnetd.oe674 (.text:telnet_netdata)
                  c0552760    00000680     edma3_lld_rm.ae674 : edma3resmgr.oe674 (.text:EDMA3_RM_open)
                  c0552de0    00000680     stk6_ppp_pppoe.ae674 : icmpv6_ndisc.oe674 (.text:ICMPv6RecvRA)
                  c0553460    00000680     sysbios.ae674 : BIOS.obj (.text:ti_sysbios_knl_Task_Instance_finalize__F)
                  c0553ae0    00000660     fr_uart.obj (.text)
                  c0554140    00000600     edma3_lld_rm.ae674 : edma3resmgr.oe674 (.text:EDMA3_RM_create)
                  c0554740    00000600     stk6_ppp_pppoe.ae674 : route6.oe674 (.text:Rt6Create)
                  c0554d40    00000600     sysbios.ae674 : BIOS.obj (.text:ti_sysbios_heaps_HeapMem_alloc__E)
                  c0555340    00000600                   : BIOS.obj (.text:ti_sysbios_heaps_HeapMem_free__E)
                  c0555940    000005c0     stk6_ppp_pppoe.ae674 : ipfrag.oe674 (.text:IPReasm)
                  c0555f00    000005c0     rts6740_elf.lib : _printfi.obj (.text:_getarg_diouxp)
                  c05564c0    000005c0     sysbios.ae674 : BIOS.obj (.text:ti_sysbios_timers_timer64_Timer_Module_startup__F)
                  c0556a80    000005a0     edma3_lld_rm.ae674 : edma3resmgr.oe674 (.text:EDMA3_RM_freeResource)
                  c0557020    000005a0     stk6_ppp_pppoe.ae674 : icmpin.oe674 (.text:ICMPInput)
                  c05575c0    000005a0     rts6740_elf.lib : divd.obj (.text:__c6xabi_divd)
                  c0557b60    00000580     stk6_ppp_pppoe.ae674 : nimuppp.oe674 (.text:pppEvent)
                  c05580e0    00000560                          : ipv6.oe674 (.text:IPv6IPAddressToString)
                  c0558640    00000520                          : sock.oe674 (.text:SockNew)
                  c0558b60    00000520     nettool.ae674 : httpsend.oe674 (.text:httpSendStatusLine)
                  c0559080    000004e0     stk6_ppp_pppoe.ae674 : lliin.oe674 (.text:LLIRxPacket)
                  c0559560    000004e0                          : udp.oe674 (.text:UdpInput)
                  c0559a40    000004e0                          : nimupppoe.oe674 (.text:pppoeInputS)
                  c0559f20    000004e0     sysbios.ae674 : BIOS.obj (.text:ti_sysbios_knl_Semaphore_pend__E)
                  c055a400    000004c0     edma3_lld_drv.ae674 : edma3_drv_basic.oe674 (.text:EDMA3_DRV_disableTransfer)
                  c055a8c0    000004c0     stk6_ppp_pppoe.ae674 : sock6.oe674 (.text:Sock6Connect)
                  c055ad80    000004c0                          : sock6.oe674 (.text:Sock6Set)
                  c055b240    000004a0                          : sock6.oe674 (.text:Sock6Recv)
                  c055b6e0    000004a0                          : sock.oe674 (.text:SockRecv)
                  c055bb80    000004a0     edma3_lld_rm.ae674 : edma3resmgr.oe674 (.text:edma3TCErrHandler)
                  c055c020    00000480     stk6_ppp_pppoe.ae674 : bind6.oe674 (.text:Bind6New)
                  c055c4a0    00000480     sysbios.ae674 : BIOS.obj (.text:ti_sysbios_knl_Task_Module_startup__F)
                  c055c920    00000460     rts6740_elf.lib : _printfi.obj (.text:_printfi)
                  c055cd80    00000460                     : _printfi.obj (.text:_setfield)
                  c055d1e0    00000460     stk6_ppp_pppoe.ae674 : nimuppp.oe674 (.text:pppNew)
                  c055d640    00000440                          : sock6.oe674 (.text:Sock6New)
                  c055da80    00000440                          : fileuser.oe674 (.text:fdSelect)
                  c055dec0    00000440                          : nimupppoe.oe674 (.text:pppoeInputC)
                  c055e300    00000420     ti.drv.omapl138.ae674 : csl_mdio.oe674 (.text:MDIO_initContinue)
                  c055e720    00000420     stk6_ppp_pppoe.ae674 : auth.oe674 (.text:chapInput)
                  c055eb40    00000420     nettool.ae674 : daemon.oe674 (.text:daemon)
                  c055ef60    00000400     stk6_ppp_pppoe.ae674 : sock6.oe674 (.text:Sock6Send)
                  c055f360    00000400     os.ae674 : efs.oe674 (.text:efs_filecheck)
                  c055f760    000003e0     stk6_ppp_pppoe.ae674 : ipv6_frag.oe674 (.text:IPv6TxFragPacket)
                  c055fb40    000003c0     edma3_lld_drv.ae674 : edma3_drv_basic.oe674 (.text:EDMA3_DRV_freeChannel)
                  c055ff00    000003c0     ti.drv.omapl138.ae674 : csl_emac.oe674 (.text:EMAC_close)
                  c05602c0    000003c0     stk6_ppp_pppoe.ae674 : ipv6out.oe674 (.text:IPv6TxPacket)
                  c0560680    000003c0                          : lli6.oe674 (.text:LLI6TimerCheck)
                  c0560a40    000003c0                          : sock.oe674 (.text:SockSend)
                  c0560e00    000003c0                          : tcp6.oe674 (.text:TCP6TimeoutCheck)
                  c05611c0    000003c0                          : tcp.oe674 (.text:TcpTimeoutCheck)
                  c0561580    000003c0     sysbios.ae674 : BIOS.obj (.text:ti_sysbios_knl_Task_Instance_init__F)
                  c0561940    000003c0                   : BIOS.obj (.text:ti_sysbios_knl_Task_setPri__E)
                  c0561d00    000003a0     stk6_ppp_pppoe.ae674 : nimu.oe674 (.text:NIMUIoctl)
                  c05620a0    000003a0                          : route.oe674 (.text:RtCreate)
                  c0562440    000003a0                          : sb.oe674 (.text:SBRead)
                  c05627e0    000003a0     rts6740_elf.lib : fputs.obj (.text:fputs)
                  c0562b80    000003a0     stk6_ppp_pppoe.ae674 : auth.oe674 (.text:papInput)
                  c0562f20    00000380     edma3_lld_drv.ae674 : edma3_drv_basic.oe674 (.text:EDMA3_DRV_enableTransfer)
                  c05632a0    00000380     stk6_ppp_pppoe.ae674 : icmpv6in.oe674 (.text:ICMPv6RxPacket)
                  c0563620    00000380                          : igmp.oe674 (.text:IGMPInput)
                  c05639a0    00000380                          : sock.oe674 (.text:SockConnect)
                  c0563d20    00000380     nettool.ae674 : dhcppkt.oe674 (.text:dhcpPacketProcess)
                  c05640a0    00000380     edma3_lld_rm.ae674 : edma3resmgr.oe674 (.text:edma3ComplHandler)
                  c0564420    00000380     sysbios.ae674 : BIOS.obj (.text:ti_sysbios_io_GIO_Instance_init__F)
                  c05647a0    00000360     stk6_ppp_pppoe.ae674 : ipv6_frag.oe674 (.text:IPv6FragReasm)
                  c0564b00    00000360                          : lliout.oe674 (.text:LLITxIpPacket)
                  c0564e60    00000360     Psc.obj (.text)
                  c05651c0    00000360     stk6_ppp_pppoe.ae674 : sock6int.oe674 (.text:Sock6Notify)
                  c0565520    00000360                          : sockint.oe674 (.text:SockNotify)
                  c0565880    00000340                          : icmpv6out.oe674 (.text:ICMPv6SendParameterProblem)
                  c0565bc0    00000340     guao6748_Init.obj (.text)
                  c0565f00    00000340     os.ae674 : mem.oe674 (.text:mmAlloc)
                  c0566240    00000340     stk6_ppp_pppoe.ae674 : nimupppoe.oe674 (.text:pppoeSI)
                  c0566580    00000320     nettool.ae674 : config.oe674 (.text:CfgAddEntry)
                  c05668a0    00000320     stk6_ppp_pppoe.ae674 : icmpv6_ndisc.oe674 (.text:ICMPv6RecvRedirect)
                  c0566bc0    00000320                          : nimupppoe.oe674 (.text:SendServerMsg)
                  c0566ee0    00000320     rts6740_elf.lib : _printfi.obj (.text:_pproc_fge)
                  c0567200    00000320     nettool.ae674 : telnetd.oe674 (.text:telnet_engine)
                  c0567520    00000300     stk6_ppp_pppoe.ae674 : icmpv6out.oe674 (.text:ICMPv6SendDstUnreachable)
                  c0567820    00000300                          : icmpv6out.oe674 (.text:ICMPv6SendTimeExceeded)
                  c0567b20    00000300     netctrl.ae674 : netctrl.oe674 (.text:NetScheduler)
                  c0567e20    00000300     stk6_ppp_pppoe.ae674 : sock6pcb.oe674 (.text:Sock6PcbBind)
                  c0568120    00000300                          : udp6.oe674 (.text:Udp6Input)
                  c0568420    00000300     nettool.ae674 : inetaddr.oe674 (.text:inet_aton)
                  c0568720    00000300     sysbios.ae674 : BIOS.obj (.text:ti_sysbios_family_c64p_Hwi_dispatchC__I)
                  c0568a20    000002e0     ti.drv.omapl138.ae674 : ethdriver.oe674 (.text:HwPktOpen)
                  c0568d00    000002e0     stk6_ppp_pppoe.ae674 : icmpv6_ndisc.oe674 (.text:ICMPv6RecvNS)
                  c0568fe0    000002e0                          : route6.oe674 (.text:Rt6Find)
                  c05692c0    000002e0                          : nimupppoe.oe674 (.text:SendClientMsg)
                  c05695a0    000002e0                          : udp.oe674 (.text:UdpOutput)
                  c0569880    000002e0     rts6740_elf.lib : _printfi.obj (.text:_pproc_fwp)
                  c0569b60    000002e0     stk6_ppp_pppoe.ae674 : nimuppp.oe674 (.text:pppInput)
                  c0569e40    000002e0     sysbios.ae674 : BIOS.obj (.text:ti_sysbios_heaps_HeapMem_Instance_init__F)
                  c056a120    000002c0     stk6_ppp_pppoe.ae674 : bind.oe674 (.text:BindNew)
                  c056a3e0    000002c0                          : ipv6_frag.oe674 (.text:IPv6FragQEnqueueFrag)
                  c056a6a0    000002c0                          : rtable.oe674 (.text:RtFind)
                  c056a960    000002c0                          : sb6.oe674 (.text:SB6Read)
                  c056ac20    000002c0                          : sock6pcb.oe674 (.text:Sock6PcbResolve)
                  c056aee0    000002c0                          : udp6.oe674 (.text:Udp6Output)
                  c056b1a0    000002c0     edma3_lld_drv.ae674 : edma3_drv_basic.oe674 (.text:edma3RemoveMapping)
                  c056b460    000002c0     sysbios.ae674 : BIOS.obj (.text:ti_sysbios_knl_Task_exit__E)
                  c056b720    000002a0     nettool.ae674 : dhcpmain.oe674 (.text:DHCPOpen)
                  c056b9c0    000002a0     edma3_lld_drv.ae674 : edma3_drv_adv.oe674 (.text:EDMA3_DRV_linkChannel)
                  c056bc60    000002a0     stk6_ppp_pppoe.ae674 : ipv6_exthdrs.oe674 (.text:IPv6ParseExtnHeaders)
                  c056bf00    000002a0                          : node.oe674 (.text:NodeAdd)
                  c056c1a0    000002a0                          : sock6pcb.oe674 (.text:Sock6PcbFind)
                  c056c440    000002a0                          : sock.oe674 (.text:SockClose)
                  c056c6e0    000002a0                          : tcp6prot.oe674 (.text:TCP6PrSetOption)
                  c056c980    000002a0                          : tcpprot.oe674 (.text:TcpPrSetOption)
                  c056cc20    000002a0     rts6740_elf.lib : _printfi.obj (.text:ecvt)
                  c056cec0    000002a0                     : _printfi.obj (.text:fcvt)
                  c056d160    000002a0     sysbios.ae674 : BIOS.obj (.text:ti_sysbios_knl_Clock_workFunc__E)
                  c056d400    000002a0                   : BIOS.obj (.text:ti_sysbios_knl_Task_sleep__E)
                  c056d6a0    00000280     nettool.ae674 : config.oe674 (.text:CfgSave)
                  c056d920    00000280     stk6_ppp_pppoe.ae674 : icmp.oe674 (.text:ICMPGenPacket)
                  c056dba0    00000280                          : icmpv6in.oe674 (.text:ICMPv6RecvEchoRequest)
                  c056de20    00000280                          : lli6.oe674 (.text:LLI6NeighUnreachStateMachine)
                  c056e0a0    00000280                          : route6.oe674 (.text:Rt6Free)
                  c056e320    00000280                          : sockpcb.oe674 (.text:SockPcbResolve)
                  c056e5a0    00000280                          : sock.oe674 (.text:SockRecvNC)
                  c056e820    00000280                          : tcp6out.oe674 (.text:TCP6GenPacket)
                  c056eaa0    00000280     sysbios.ae674 : BIOS.obj (.text:deviceConfig$47)
                  c056ed20    00000280     edma3_lld_rm.ae674 : edma3resmgr.oe674 (.text:edma3ShadowRegionInit)
                  c056efa0    00000280     stk6_ppp_pppoe.ae674 : ipcp.oe674 (.text:ipcpSendCfg)
                  c056f220    00000280     sysbios.ae674 : BIOS.obj (.text:ti_sysbios_family_c64p_Cache_Module_startup__F)
                  c056f4a0    00000280                   : BIOS.obj (.text:ti_sysbios_knl_Clock_Instance_init__F)
                  c056f720    00000280     ti.targets.rts6000.ae674 : Core-mem.oe674 (.text:xdc_runtime_Core_createObject__I)
                  c056f9a0    00000280                              : Error.oe674 (.text:xdc_runtime_Error_raiseX__F)
                  c056fc20    00000280     gooao_fr_c6748_pe674.oe674 (.text:xdc_runtime_System_printfExtend__I)
                  c056fea0    00000260     stk6_ppp_pppoe.ae674 : icmpv6_ndisc.oe674 (.text:ICMPv6SendNS)
                  c0570100    00000260     os.ae674 : intmgmt.oe674 (.text:Interrupt_add)
                  c0570360    00000260     stk6_ppp_pppoe.ae674 : lli6.oe674 (.text:LLI6TxIPPacket)
                  c05705c0    00000260                          : nimu.oe674 (.text:NIMUReceivePacket)
                  c0570820    00000260                          : rawethsock.oe674 (.text:RawEthSockSet)
                  c0570a80    00000260                          : sb6.oe674 (.text:SB6Write)
                  c0570ce0    00000260                          : sb.oe674 (.text:SBWrite)
                  c0570f40    00000260                          : sock6.oe674 (.text:Sock6Close)
                  c05711a0    00000260                          : sockpcb.oe674 (.text:SockPcbBind)
                  c0571400    00000260     rts6740_elf.lib : imath64.obj (.text:__c6xabi_divull)
                  c0571660    00000260                     : _printfi.obj (.text:_pconv_e)
                  c05718c0    00000260     nettool.ae674 : httppars.oe674 (.text:httpParseRecv)
                  c0571b20    00000260                   : httpsend.oe674 (.text:httpSendErrorHTML)
                  c0571d80    00000260     stk6_ppp_pppoe.ae674 : lcp.oe674 (.text:lcpSendCfg)
                  c0571fe0    00000260     scom.obj (.text)
                  c0572240    00000260     ti.targets.rts6000.ae674 : Startup.oe674 (.text:xdc_runtime_Startup_startMods__I)
                  c05724a0    00000240     stk6_ppp_pppoe.ae674 : bind6.oe674 (.text:Bind6RunDAD)
                  c05726e0    00000240     nettool.ae674 : daemon.oe674 (.text:DaemonNew)
                  c0572920    00000240     edma3_lld_rm.ae674 : edma3resmgr.oe674 (.text:EDMA3_RM_registerTccCb)
                  c0572b60    00000240                        : edma3resmgr.oe674 (.text:EDMA3_RM_unregisterTccCb)
                  c0572da0    00000240     ti.drv.omapl138.ae674 : nimu_eth.oe674 (.text:Emacioctl)
                  c0572fe0    00000240     stk6_ppp_pppoe.ae674 : icmpv6_ndisc.oe674 (.text:ICMPv6RecvNA)
                  c0573220    00000240                          : icmpv6_ndisc.oe674 (.text:ICMPv6SendNA)
                  c0573460    00000240                          : pipe.oe674 (.text:PipeRecv)
                  c05736a0    00000240                          : raw.oe674 (.text:RawInput)
                  c05738e0    00000240     rts6740_elf.lib : _printfi.obj (.text:_pproc_diouxp)
                  c0573b20    00000240     nettool.ae674 : dhcpsm.oe674 (.text:dhcpIPAdd)
                  c0573d60    00000240                   : dhcpsm.oe674 (.text:dhcpState)
                  c0573fa0    00000240                   : dhcppkt.oe674 (.text:dhcpVerifyMessage)
                  c05741e0    00000240     sysbios.ae674 : BIOS.obj (.text:ti_sysbios_family_c64p_Exception_internalHandler__I)
                  c0574420    00000240                   : BIOS.obj (.text:ti_sysbios_knl_Semaphore_post__E)
                  c0574660    00000220     stk6_ppp_pppoe.ae674 : igmp.oe674 (.text:IGMPJoinHostGroup)
                  c0574880    00000220                          : ipv6in.oe674 (.text:IPv6RxPacket)
                  c0574aa0    00000220                          : rawethsock.oe674 (.text:RawEthSockNew)
                  c0574cc0    00000220                          : sockpcb.oe674 (.text:SockPcbFind)
                  c0574ee0    00000220     rts6740_elf.lib : _printfi.obj (.text:_pproc_str)
                  c0575100    00000220                     : fputc.obj (.text:fputc)
                  c0575320    00000220     nettool.ae674 : httpclie.oe674 (.text:httpGetAuthParams)
                  c0575540    00000220     sysbios.ae674 : BIOS.obj (.text:ti_sysbios_io_GIO_issue__E)
                  c0575760    00000220                   : BIOS.obj (.text:ti_sysbios_knl_Swi_run__I)
                  c0575980    00000220                   : BIOS.obj (.text:ti_sysbios_knl_Task_schedule__I)
                  c0575ba0    00000220                   : BIOS.obj (.text:ti_sysbios_knl_Task_startCore__E)
                  c0575dc0    00000200     stk6_ppp_pppoe.ae674 : ipv6_frag.oe674 (.text:IPv6ParseFragHdr)
                  c0575fc0    00000200                          : lli6.oe674 (.text:LLI6New)
                  c05761c0    00000200                          : rtc.oe674 (.text:RTCReport)
                  c05763c0    00000200                          : raw6.oe674 (.text:Raw6Output)
                  c05765c0    00000200     rts6740_elf.lib : _printfi.obj (.text:_pconv_g)
                  c05767c0    00000200     sysbios.ae674 : c64p_Hwi_disp_always.obj (.text:_ti_sysbios_family_c64p_Hwi_dispatchAlways)
                  c05769c0    00000200     stk6_ppp_pppoe.ae674 : socket.oe674 (.text:accept)
                  c0576bc0    00000200     sysbios.ae674 : BIOS.obj (.text:block$58)
                  c0576dc0    00000200     ti.drv.omapl138.ae674 : csl_emac.oe674 (.text:emacDequeueRx)
                  c0576fc0    00000200     rts6740_elf.lib : setvbuf.obj (.text:setvbuf)
                  c05771c0    00000200     sysbios.ae674 : BIOS.obj (.text:ti_sysbios_family_c64p_Hwi_reconfig__E)
                  c05773c0    00000200                   : BIOS.obj (.text:ti_sysbios_io_DEV_Module_startup__F)
                  c05775c0    000001e0     edma3_lld_drv.ae674 : edma3_drv_basic.oe674 (.text:EDMA3_DRV_clearErrorBits)
                  c05777a0    000001e0     ti.drv.omapl138.ae674 : csl_emac.oe674 (.text:EMAC_setReceiveFilter)
                  c0577980    000001e0                           : nimu_eth.oe674 (.text:EmacInit)
                  c0577b60    000001e0     stk6_ppp_pppoe.ae674 : igmp.oe674 (.text:IGMPSendReply)
                  c0577d40    000001e0                          : route6.oe674 (.text:Rt6Modify)
                  c0577f20    000001e0                          : sock6pcb.oe674 (.text:Sock6PcbFindRaw)
                  c0578100    000001e0                          : tcpout.oe674 (.text:TcpGenPacket)
                  c05782e0    000001e0                          : tcptime.oe674 (.text:TcpTimeoutRexmt)
                  c05784c0    000001e0                          : auth.oe674 (.text:chapSendMsg)
                  c05786a0    000001e0     nettool.ae674 : dhcpsock.oe674 (.text:dhcpSocketOpen)
                  c0578880    000001e0     edma3_lld_rm.ae674 : edma3resmgr.oe674 (.text:edma3GlobalRegionInit)
                  c0578a60    000001e0     stk6_ppp_pppoe.ae674 : nimupppoe.oe674 (.text:pppoeCtrlMsg)
                  c0578c40    000001e0                          : socket.oe674 (.text:recvnc)
                  c0578e20    000001e0                          : socket.oe674 (.text:sendto)
                  c0579000    000001e0     sysbios.ae674 : BIOS.obj (.text:ti_sysbios_io_GIO_submit__E)
                  c05791e0    000001e0                   : BIOS.obj (.text:ti_sysbios_knl_Task_postInit__I)
                  c05793c0    000001e0                   : BIOS.obj (.text:ti_sysbios_timers_timer64_Timer_getFreq__E)
                  c05795a0    000001c0     nettool.ae674 : config.oe674 (.text:CfgExecute)
                  c0579760    000001c0     edma3_lld_drv.ae674 : edma3_drv_basic.oe674 (.text:EDMA3_DRV_disableLogicalChannel)
                  c0579920    000001c0     ti.drv.omapl138.ae674 : csl_emac.oe674 (.text:EMAC_sendPacket)
                  c0579ae0    000001c0     stk6_ppp_pppoe.ae674 : ip.oe674 (.text:IPGetRoute)
                  c0579ca0    000001c0                          : ipv6_exthdrs.oe674 (.text:IPv6ParseHopOptions)
                  c0579e60    000001c0                          : lliout.oe674 (.text:LLIGenArpPacket)
                  c057a020    000001c0     netctrl.ae674 : netsrv.oe674 (.text:SPIpNet)
                  c057a1e0    000001c0     stk6_ppp_pppoe.ae674 : lli.oe674 (.text:_LLITimeoutCheck)
                  c057a3a0    000001c0     rts6740_elf.lib : _printfi.obj (.text:_mcpy)
                  c057a560    000001c0     nettool.ae674 : dhcpbild.oe674 (.text:dhcpBuildHeader)
                  c057a720    000001c0     ti.drv.omapl138.ae674 : csl_emac.oe674 (.text:emacEnqueueTx)
                  c057a8e0    000001c0     stk6_ppp_pppoe.ae674 : fileuser.oe674 (.text:fdClose)
                  c057aaa0    000001c0     sysbios.ae674 : BIOS.obj (.text:ti_sysbios_knl_Swi_Instance_init__F)
                  c057ac60    000001c0                   : BIOS.obj (.text:ti_sysbios_knl_Task_checkStacks__E)
                  c057ae20    000001c0                   : BIOS.obj (.text:ti_sysbios_timers_timer64_Timer_setPeriodMicroSecs__E)
                  c057afe0    000001a0     stk6_ppp_pppoe.ae674 : bind6.oe674 (.text:Bind6Msg)
                  c057b180    000001a0     nettool.ae674 : config.oe674 (.text:CfgRemoveEntry)
                  c057b320    000001a0     stk6_ppp_pppoe.ae674 : icmpin.oe674 (.text:ICMPRevSrcRoute)
                  c057b4c0    000001a0                          : ipv6_frag.oe674 (.text:IPv6FragMsg)
                  c057b660    000001a0                          : ipv6_exthdrs.oe674 (.text:IPv6ParseRoutingHdr)
                  c057b800    000001a0     netctrl.ae674 : netctrl.oe674 (.text:NC_NetStart)
                  c057b9a0    000001a0     stk6_ppp_pppoe.ae674 : node.oe674 (.text:NodeTreeFree)
                  c057bb40    000001a0                          : raw6.oe674 (.text:Raw6Input)
                  c057bce0    000001a0                          : route6.oe674 (.text:Route6LifetimeMgmt)
                  c057be80    000001a0                          : sockint.oe674 (.text:SockCreatePacket)
                  c057c020    000001a0     nettool.ae674 : dhcpsm.oe674 (.text:StateRenewRebind)
                  c057c1c0    000001a0     stk6_ppp_pppoe.ae674 : tcp6time.oe674 (.text:TCP6TimeoutRexmt)
                  c057c360    000001a0     rts6740_elf.lib : imath40.obj (.text:__c6xabi_divul)
                  c057c500    000001a0     nettool.ae674 : dhcptags.oe674 (.text:dhcpBuildOptions)
                  c057c6a0    000001a0     stk6_ppp_pppoe.ae674 : socket.oe674 (.text:getpeername)
                  c057c840    000001a0     edma3_lld_rm_sample.ae674 : sample_c6748_int_reg.oe674 (.text:registerEdma3Interrupts)
                  c057c9e0    000001a0     nettool.ae674 : telnetd.oe674 (.text:telnet_termdata)
                  c057cb80    000001a0     sysbios.ae674 : BIOS.obj (.text:ti_sysbios_gates_GateMutex_enter__E)
                  c057cd20    000001a0                   : BIOS.obj (.text:ti_sysbios_io_DEV_postInit__I)
                  c057cec0    000001a0                   : BIOS.obj (.text:ti_sysbios_timers_timer64_Timer_start__E)
                  c057d060    00000180     stk6_ppp_pppoe.ae674 : bind6.oe674 (.text:Bind6GetGlobalAddress)
                  c057d1e0    00000180     ti.drv.omapl138.ae674 : csl_emac.oe674 (.text:EMAC_RxServiceCheck)
                  c057d360    00000180     rts6740_elf.lib : trgdrv.obj (.text:HOSTrename)
                  c057d4e0    00000180     stk6_ppp_pppoe.ae674 : igmp.oe674 (.text:IGMPMsg)
                  c057d660    00000180                          : nimu.oe674 (.text:NIMURegister)
                  c057d7e0    00000180                          : nimuppp.oe674 (.text:PPPStop)
                  c057d960    00000180     netctrl.ae674 : netsrv.oe674 (.text:ServiceScan)
                  c057dae0    00000180                   : netsrv.oe674 (.text:ServiceSpawn)
                  c057dc60    00000180     nettool.ae674 : dhcpsm.oe674 (.text:StateBound)
                  c057dde0    00000180     rts6740_elf.lib : copy_decompress_rle.obj (.text:__TI_decompress_rle_core)
                  c057df60    00000180     stk6_ppp_pppoe.ae674 : socket.oe674 (.text:bind)
                  c057e0e0    00000180     nettool.ae674 : dhcpbild.oe674 (.text:dhcpBuildRequest)
                  c057e260    00000180     emacHooks.obj (.text)
                  c057e3e0    00000180     os.ae674 : task.oe674 (.text:llEnter)
                  c057e560    00000180     stk6_ppp_pppoe.ae674 : auth.oe674 (.text:papSendCfg)
                  c057e6e0    00000180     sysbios.ae674 : c64p_Exception_asm.obj (.text)
                  c057e860    00000180                   : BIOS.obj (.text:ti_sysbios_knl_Swi_schedule__I)
                  c057e9e0    00000180                   : BIOS.obj (.text:ti_sysbios_knl_Task_unblockI__E)
                  c057eb60    00000180     ti.targets.rts6000.ae674 : Text.oe674 (.text:xdc_runtime_Text_putSite__F)
                  c057ece0    00000160     nettool.ae674 : config.oe674 (.text:CfgGetEntry)
                  c057ee40    00000160                   : config.oe674 (.text:CfgGetNextEntry)
                  c057efa0    00000160                   : config.oe674 (.text:CfgLoad)
                  c057f100    00000160     ti.drv.omapl138.ae674 : csl_emac.oe674 (.text:EMAC_TxServiceCheck)
                  c057f260    00000160                           : ethdriver.oe674 (.text:HwPktSetRx)
                  c057f3c0    00000160                           : ethdriver.oe674 (.text:HwPktTxNext)
                  c057f520    00000160     stk6_ppp_pppoe.ae674 : igmp.oe674 (.text:IGMPDoMCast)
                  c057f680    00000160                          : nimu.oe674 (.text:NIMUIoctlSpecialCmd)
                  c057f7e0    00000160                          : pipe.oe674 (.text:PipeSend)
                  c057f940    00000160                          : raw.oe674 (.text:RawOutput)
                  c057faa0    00000160                          : rtable.oe674 (.text:RtTimeoutCheck)
                  c057fc00    00000160                          : rtable.oe674 (.text:RtWalkNext)
                  c057fd60    00000160     netctrl.ae674 : netsrv.oe674 (.text:SPRoute)
                  c057fec0    00000160     stk6_ppp_pppoe.ae674 : sock6.oe674 (.text:Sock6Check)
                  c0580020    00000160                          : sock6int.oe674 (.text:Sock6CreatePacket)
                  c0580180    00000160                          : sock6pcb.oe674 (.text:Sock6PcbConnect)
                  c05802e0    00000160                          : sock.oe674 (.text:SockCheck)
                  c0580440    00000160                          : sockpcb.oe674 (.text:SockPcbConnect)
                  c05805a0    00000160     nettool.ae674 : dhcpsm.oe674 (.text:StateRequesting)
                  c0580700    00000160     stk6_ppp_pppoe.ae674 : tcp6time.oe674 (.text:TCP6TimeoutKeep)
                  c0580860    00000160                          : tcptime.oe674 (.text:TcpTimeoutKeep)
                  c05809c0    00000160     ti.drv.omapl138.ae674 : ethdriver.oe674 (.text:_HwPktPoll)
                  c0580b20    00000160     stk6_ppp_pppoe.ae674 : auth.oe674 (.text:authInit)
                  c0580c80    00000160     nettool.ae674 : httpclie.oe674 (.text:httpExtractTag)
                  c0580de0    00000160     stk6_ppp_pppoe.ae674 : socket.oe674 (.text:setsockopt)
                  c0580f40    00000160     nettool.ae674 : telnetd.oe674 (.text:telnetClientProcess)
                  c05810a0    00000160     sysbios.ae674 : BIOS.obj (.text:ti_sysbios_io_GIO_reclaim__E)
                  c0581200    00000140     stk6_ppp_pppoe.ae674 : bind6.oe674 (.text:Bind6Free)
                  c0581340    00000140     edma3_lld_drv.ae674 : edma3_drv_adv.oe674 (.text:EDMA3_DRV_getPaRAM)
                  c0581480    00000140                         : edma3_drv_adv.oe674 (.text:EDMA3_DRV_getPaRAMPhyAddr)
                  c05815c0    00000140                         : edma3_drv_adv.oe674 (.text:EDMA3_DRV_setPaRAM)
                  c0581700    00000140     stk6_ppp_pppoe.ae674 : exec.oe674 (.text:ExecOpen)
                  c0581840    00000140                          : icmp.oe674 (.text:ICMPSendRtAdv)
                  c0581980    00000140                          : igmp.oe674 (.text:IGMPJoin)
                  c0581ac0    00000140                          : ipv6.oe674 (.text:IPv6DisplayIPAddress)
                  c0581c00    00000140                          : lli6.oe674 (.text:LLI6Find)
                  c0581d40    00000140                          : lli.oe674 (.text:LLINew)
                  c0581e80    00000140                          : node.oe674 (.text:NodeFind)
                  c0581fc0    00000140                          : node.oe674 (.text:NodeWalk)
                  c0582100    00000140                          : pbm.oe674 (.text:PBM_alloc)
                  c0582240    00000140                          : pbm.oe674 (.text:PBM_free)
                  c0582380    00000140                          : rtable.oe674 (.text:RtFlush)
                  c05824c0    00000140                          : sb6.oe674 (.text:SB6New)
                  c0582600    00000140     netctrl.ae674 : netsrv.oe674 (.text:ServiceKill)
                  c0582740    00000140     stk6_ppp_pppoe.ae674 : sock6.oe674 (.text:Sock6Accept)
                  c0582880    00000140                          : sock6.oe674 (.text:Sock6Listen)
                  c05829c0    00000140                          : sock.oe674 (.text:SockAccept)
                  c0582b00    00000140                          : sock.oe674 (.text:SockListen)
                  c0582c40    00000140                          : sockpcb.oe674 (.text:SockPcbCtlError)
                  c0582d80    00000140     boot.ae674 : autoinit.oe674 (.text:_auto_init_elf)
                  c0582ec0    00000140     rts6740_elf.lib : _printfi.obj (.text:_pproc_fflags)
                  c0583000    00000140     stk6_ppp_pppoe.ae674 : auth.oe674 (.text:authGetPassword)
                  c0583140    00000140     nettool.ae674 : dhcptags.oe674 (.text:dhcpDecodeType)
                  c0583280    00000140     edma3_lld_rm_sample.ae674 : sample_init.oe674 (.text:edma3init)
                  c05833c0    00000140     ti.drv.omapl138.ae674 : csl_emac.oe674 (.text:emacDequeueTx)
                  c0583500    00000140                           : csl_emac.oe674 (.text:emacEnqueueRx)
                  c0583640    00000140     rts6740_elf.lib : lowlev.obj (.text:getdevice)
                  c0583780    00000140     nettool.ae674 : httpsend.oe674 (.text:httpAuthenticationReq)
                  c05838c0    00000140     os.ae674 : mem.oe674 (.text:mmCopy)
                  c0583a00    00000140     stk6_ppp_pppoe.ae674 : nimuppp.oe674 (.text:pppAddClient)
                  c0583b40    00000140                          : socket.oe674 (.text:recv)
                  c0583c80    00000140                          : socket.oe674 (.text:send)
                  c0583dc0    00000140     sysbios.ae674 : BIOS.obj (.text:ti_sysbios_family_c64p_Hwi_Module_startup__F)
                  c0583f00    00000140                   : BIOS.obj (.text:ti_sysbios_knl_Clock_Instance_finalize__F)
                  c0584040    00000140                   : BIOS.obj (.text:ti_sysbios_knl_Semaphore_Instance_init__F)
                  c0584180    00000140                   : BIOS.obj (.text:ti_sysbios_knl_Swi_post__E)
                  c05842c0    00000140                   : BIOS.obj (.text:ti_sysbios_knl_Task_blockI__E)
                  c0584400    00000120     stk6_ppp_pppoe.ae674 : bind6.oe674 (.text:Bind6DADCheck)
                  c0584520    00000120                          : bind6.oe674 (.text:Bind6LifetimeMgmt)
                  c0584640    00000120                          : bind.oe674 (.text:BindFree)
                  c0584760    00000120     nettool.ae674 : config.oe674 (.text:CfgFree)
                  c0584880    00000120                   : daemon.oe674 (.text:DaemonFree)
                  c05849a0    00000120     stk6_ppp_pppoe.ae674 : file.oe674 (.text:FdWaitEvent)
                  c0584ac0    00000120                          : igmp.oe674 (.text:IGMPLeaveHostGroup)
                  c0584be0    00000120                          : ip.oe674 (.text:IPMsg)
                  c0584d00    00000120                          : ipin.oe674 (.text:IPRouteIP)
                  c0584e20    00000120                          : ipv6_frag.oe674 (.text:IPv6CreateFragQ)
                  c0584f40    00000120                          : ipv6.oe674 (.text:IPv6Init)
                  c0585060    00000120                          : icmpv6out.oe674 (.text:IsICMPv6ErrorPkt)
                  c0585180    00000120                          : md5.oe674 (.text:MD5Update)
                  c05852a0    00000120                          : mld.oe674 (.text:MLDJoinGroup)
                  c05853c0    00000120     netctrl.ae674 : netctrl.oe674 (.text:NC_SystemOpen)
                  c05854e0    00000120     stk6_ppp_pppoe.ae674 : nimu.oe674 (.text:NIMUAddEthernetHeader)
                  c0585600    00000120                          : raweth.oe674 (.text:RawEthRxPacket)
                  c0585720    00000120                          : rawethsock.oe674 (.text:RawEthSockRecvNC)
                  c0585840    00000120                          : raweth.oe674 (.text:RawEthTxPacket)
                  c0585960    00000120     ti.drv.omapl138.ae674 : ethdriver.oe674 (.text:RxPacket)
                  c0585a80    00000120     stk6_ppp_pppoe.ae674 : sb.oe674 (.text:SBNew)
                  c0585ba0    00000120     netctrl.ae674 : netsrv.oe674 (.text:SPConfig)
                  c0585cc0    00000120                   : netsrv.oe674 (.text:SPService)
                  c0585de0    00000120     stk6_ppp_pppoe.ae674 : sock6.oe674 (.text:Sock6Shutdown)
                  c0585f00    00000120                          : sockpcb.oe674 (.text:SockPcbFindRaw)
                  c0586020    00000120                          : sock.oe674 (.text:SockShutdown)
                  c0586140    00000120                          : tcp6prot.oe674 (.text:TCP6PrAttach)
                  c0586260    00000120                          : tcpprot.oe674 (.text:TcpPrAttach)
                  c0586380    00000120     nettool.ae674 : telnetd.oe674 (.text:TelnetOpen)
                  c05864a0    00000120     stk6_ppp_pppoe.ae674 : rtable.oe674 (.text:_RtNodeInsert)
                  c05865c0    00000120     rts6740_elf.lib : fclose.obj (.text:_closefile)
                  c05866e0    00000120                     : _printfi.obj (.text:_ltostr)
                  c0586800    00000120     os.ae674 : mem.oe674 (.text:_mmInit)
                  c0586920    00000120     nettool.ae674 : daemon.oe674 (.text:dchild)
                  c0586a40    00000120     stk6_ppp_pppoe.ae674 : fileuser.oe674 (.text:fdOpenSession)
                  c0586b60    00000120     rts6740_elf.lib : fseek.obj (.text:fseek)
                  c0586c80    00000120     nettool.ae674 : http.oe674 (.text:httpOpen)
                  c0586da0    00000120     stk6_ppp_pppoe.ae674 : lcp.oe674 (.text:lcpReject)
                  c0586ec0    00000120     sysbios.ae674 : BIOS.obj (.text:rtsUnlock$0)
                  c0586fe0    00000120     stk6_ppp_pppoe.ae674 : socket.oe674 (.text:socket)
                  c0587100    00000120     gooao_fr_c6748_pe674.oe674 (.text:ti_sysbios_family_c64p_Hwi_Object__create__S)
                  c0587220    00000120     gooao_fr_c6748_pe674.oe674 (.text:ti_sysbios_hal_Hwi_Object__create__S)
                  c0587340    00000120     gooao_fr_c6748_pe674.oe674 (.text:ti_sysbios_io_DEV_Object__create__S)
                  c0587460    00000120     sysbios.ae674 : BIOS.obj (.text:ti_sysbios_io_GIO_Instance_finalize__F)
                  c0587580    00000120     gooao_fr_c6748_pe674.oe674 (.text:ti_sysbios_io_GIO_Object__create__S)
                  c05876a0    00000120     sysbios.ae674 : BIOS.obj (.text:ti_sysbios_io_GIO_read__E)
                  c05877c0    00000120                   : BIOS.obj (.text:ti_sysbios_io_GIO_write__E)
                  c05878e0    00000120     gooao_fr_c6748_pe674.oe674 (.text:ti_sysbios_knl_Swi_Object__create__S)
                  c0587a00    00000120     gooao_fr_c6748_pe674.oe674 (.text:ti_sysbios_knl_Task_Object__create__S)
                  c0587b20    00000120     ti.targets.rts6000.ae674 : Text.oe674 (.text:xdc_runtime_Text_putLab__F)
                  c0587c40    00000120     gooao_fr_c6748_pe674.oe674 (.text:xdc_runtime_knl_SemThread_Object__create__S)
                  c0587d60    00000100     nettool.ae674 : config.oe674 (.text:CfgGetEntryCnt)
                  c0587e60    00000100                   : config.oe674 (.text:CfgNew)
                  c0587f60    00000100                   : config.oe674 (.text:CfgSetExecuteOrder)
                  c0588060    00000100     os.ae674 : ossys.oe674 (.text:DbgPrintf)
                  c0588160    00000100     rts6740_elf.lib : trgdrv.obj (.text:HOSTlseek)
                  c0588260    00000100     stk6_ppp_pppoe.ae674 : igmp.oe674 (.text:IGMPTimer)
                  c0588360    00000100                          : ipv6.oe674 (.text:IPv6GetSubnetMaskFromBits)
                  c0588460    00000100                          : ipv6_frag.oe674 (.text:IPv6ReasmTimeout)
                  c0588560    00000100                          : rtc.oe674 (.text:RTCMsg)
                  c0588660    00000100                          : rawethsock.oe674 (.text:RawEthSockCheck)
                  c0588760    00000100                          : route.oe674 (.text:RtRedirect)
                  c0588860    00000100                          : sock6.oe674 (.text:Sock6Disconnect)
                  c0588960    00000100                          : sockint.oe674 (.text:SockValidateRoute)
                  c0588a60    00000100     nettool.ae674 : dhcpsm.oe674 (.text:StateSelecting)
                  c0588b60    00000100     stk6_ppp_pppoe.ae674 : tcp6prot.oe674 (.text:TCP6PrInherit)
                  c0588c60    00000100                          : tcp6time.oe674 (.text:TCP6XmitTimer)
                  c0588d60    00000100                          : tcpprot.oe674 (.text:TcpPrInherit)
                  c0588e60    00000100                          : tcptime.oe674 (.text:TcpXmitTimer)
                  c0588f60    00000100     rts6740_elf.lib : _io_perm.obj (.text:_wrt_ok)
                  c0589060    00000100     sysbios.ae674 : BIOS.obj (.text:callback$44)
                  c0589160    00000100     rts6740_elf.lib : fprintf.obj (.text:fprintf)
                  c0589260    00000100     sysbios.ae674 : BIOS.obj (.text:initDevice$47)
                  c0589360    00000100     stk6_ppp_pppoe.ae674 : lcp.oe674 (.text:lcpOpen)
                  c0589460    00000100                          : socket.oe674 (.text:listen)
                  c0589560    00000100     os.ae674 : mem.oe674 (.text:mmFree)
                  c0589660    00000100     taskImageProcess.obj (.text)
                  c0589760    00000100     sysbios.ae674 : BIOS.obj (.text:ti_sysbios_family_c64p_EventCombiner_dispatch__F)
                  c0589860    00000100                   : BIOS.obj (.text:ti_sysbios_knl_Clock_startI__E)
                  c0589960    00000100                   : BIOS.obj (.text:ti_sysbios_knl_Swi_restoreHwi__E)
                  c0589a60    00000100     stk6_ppp_pppoe.ae674 : lliin.oe674 (.text:updateRtTable)
                  c0589b60    00000100     ti.targets.rts6000.ae674 : Core-mem.oe674 (.text:xdc_runtime_Core_deleteObject__I)
                  c0589c60    00000100                              : Startup.oe674 (.text:xdc_runtime_Startup_exec__F)
                  c0589d60    00000100                              : Text.oe674 (.text:xdc_runtime_Text_putMod__F)
                  c0589e60    00000100                              : Text.oe674 (.text:xdc_runtime_Text_visitRope2__I)
                  c0589f60    00000100     gooao_fr_c6748_pe674.oe674 (.text:xdc_runtime_knl_SyncSemThread_Object__create__S)
                  c058a060    000000e0     stk6_ppp_pppoe.ae674 : bind6.oe674 (.text:Bind6GetLinkLocalAddress)
                  c058a140    000000e0     rts6740_elf.lib : trgdrv.obj (.text:HOSTopen)
                  c058a220    000000e0     stk6_ppp_pppoe.ae674 : igmp.oe674 (.text:IGMPLeave)
                  c058a300    000000e0                          : ipv6_frag.oe674 (.text:IPv6FindFragQ)
                  c058a3e0    000000e0     ti.drv.omapl138.ae674 : ethdriver.oe674 (.text:Interrupt_init)
                  c058a4c0    000000e0     stk6_ppp_pppoe.ae674 : lli6.oe674 (.text:LLI6Msg)
                  c058a5a0    000000e0                          : lli6.oe674 (.text:LLI6Update)
                  c058a680    000000e0                          : mld.oe674 (.text:MLDFindMulticastNode)
                  c058a760    000000e0                          : nimu.oe674 (.text:NIMUAllocateIndex)
                  c058a840    000000e0                          : nimu.oe674 (.text:NIMUAllocateName)
                  c058a920    000000e0                          : node.oe674 (.text:NodeDeRef)
                  c058aa00    000000e0                          : node.oe674 (.text:NodeNew)
                  c058aae0    000000e0                          : node.oe674 (.text:NodeTreeNew)
                  c058abc0    000000e0                          : pbm.oe674 (.text:PBMQ_enq)
                  c058aca0    000000e0                          : pbm.oe674 (.text:PBM_copy)
                  c058ad80    000000e0                          : rawethsock.oe674 (.text:RawEthSockNotify)
                  c058ae60    000000e0                          : rawethsock_pcb.oe674 (.text:RawEthSockPcbAttach)
                  c058af40    000000e0                          : rawethsock.oe674 (.text:RawEthSockSend)
                  c058b020    000000e0                          : route6.oe674 (.text:Route6Msg)
                  c058b100    000000e0                          : route.oe674 (.text:RtRemove)
                  c058b1e0    000000e0                          : sb.oe674 (.text:SBReadNC)
                  c058b2c0    000000e0                          : sb.oe674 (.text:SBSetMax)
                  c058b3a0    000000e0                          : sock6.oe674 (.text:Sock6IntAbort)
                  c058b480    000000e0                          : sock6int.oe674 (.text:Sock6SpawnAbort)
                  c058b560    000000e0                          : sock6int.oe674 (.text:Sock6ValidateRoute)
                  c058b640    000000e0                          : sock.oe674 (.text:SockDisconnect)
                  c058b720    000000e0                          : sockint.oe674 (.text:SockSpawnAbort)
                  c058b800    000000e0                          : tcp6prot.oe674 (.text:TCP6PrDetach)
                  c058b8e0    000000e0                          : tcp6prot.oe674 (.text:TCP6PrDisconnect)
                  c058b9c0    000000e0                          : tcp6time.oe674 (.text:TCP6TimeoutSackRexmt)
                  c058baa0    000000e0                          : tcp6prot.oe674 (.text:TCP6ValidateMetrics)
                  c058bb80    000000e0                          : tcpprot.oe674 (.text:TcpPrDetach)
                  c058bc60    000000e0                          : tcpprot.oe674 (.text:TcpPrDisconnect)
                  c058bd40    000000e0                          : tcptime.oe674 (.text:TcpTimeoutSackRexmt)
                  c058be20    000000e0                          : tcpprot.oe674 (.text:TcpValidateMetrics)
                  c058bf00    000000e0                          : timer.oe674 (.text:TimerListInsert)
                  c058bfe0    000000e0                          : udp.oe674 (.text:UdpChecksum)
                  c058c0c0    000000e0                          : vlan.oe674 (.text:VLANDeinit)
                  c058c1a0    000000e0                          : vlan.oe674 (.text:VLANReceivePacket)
                  c058c280    000000e0     nettool.ae674 : config.oe674 (.text:_CfgEntryScan)
                  c058c360    000000e0     stk6_ppp_pppoe.ae674 : lli.oe674 (.text:_LLIExpListInsert)
                  c058c440    000000e0                          : rtable.oe674 (.text:_RtExpListInsert)
                  c058c520    000000e0                          : rtable.oe674 (.text:_RtNodeRemove)
                  c058c600    000000e0     rts6740_elf.lib : divi.obj (.text:__divi)
                  c058c6e0    000000e0                     : atoi.obj (.text:atoi)
                  c058c7c0    000000e0                     : lowlev.obj (.text:close)
                  c058c8a0    000000e0                     : copy_zero_init.obj (.text:decompress:ZI:__TI_zero_init)
                  c058c980    000000e0     edma3_lld_rm_sample.ae674 : sample_cs.oe674 (.text:edma3OsProtectEntry)
                  c058ca60    000000e0     stk6_ppp_pppoe.ae674 : file.oe674 (.text:fdint_lockfd)
                  c058cb40    000000e0                          : file.oe674 (.text:fdint_unlockfd)
                  c058cc20    000000e0     rts6740_elf.lib : fflush.obj (.text:fflush)
                  c058cd00    000000e0     nettool.ae674 : httpclie.oe674 (.text:httpGetMimeBits)
                  c058cde0    000000e0     os.ae674 : task.oe674 (.text:llExit)
                  c058cec0    000000e0     rts6740_elf.lib : ltoa.obj (.text:ltoa)
                  c058cfa0    000000e0                     : memset.obj (.text:memset)
                  c058d080    000000e0     os.ae674 : mem.oe674 (.text:mmBulkAlloc)
                  c058d160    000000e0     stk6_ppp_pppoe.ae674 : nimuppp.oe674 (.text:pppFree)
                  c058d240    000000e0     rts6740_elf.lib : printf.obj (.text:printf)
                  c058d320    000000e0     sysbios.ae674 : BIOS.obj (.text:ti_sysbios_family_c64p_Hwi_Instance_finalize__F)
                  c058d400    000000e0                   : BIOS.obj (.text:ti_sysbios_family_c64p_Hwi_Instance_init__F)
                  c058d4e0    000000e0                   : BIOS.obj (.text:ti_sysbios_knl_Clock_start__E)
                  c058d5c0    000000e0                   : BIOS.obj (.text:ti_sysbios_timers_timer64_Timer_startup__E)
                  c058d6a0    000000e0     edma3_lld_rm_sample.ae674 : sample_c6748_int_reg.oe674 (.text:unregisterEdma3Interrupts)
                  c058d780    000000e0     ti.targets.rts6000.ae674 : Error.oe674 (.text:xdc_runtime_Error_print__F)
                  c058d860    000000e0                              : Memory.oe674 (.text:xdc_runtime_Memory_alloc__F)
                  c058d940    000000c0     nettool.ae674 : dhcpmain.oe674 (.text:DHCPClose)
                  c058da00    000000c0     rts6740_elf.lib : trgdrv.obj (.text:HOSTread)
                  c058dac0    000000c0                     : trgdrv.obj (.text:HOSTunlink)
                  c058db80    000000c0                     : trgdrv.obj (.text:HOSTwrite)
                  c058dc40    000000c0     stk6_ppp_pppoe.ae674 : icmpv6in.oe674 (.text:ICMPv6SocketErrorInterface)
                  c058dd00    000000c0                          : ipv6.oe674 (.text:IPv6Layer4ComputeChecksum)
                  c058ddc0    000000c0                          : lli.oe674 (.text:LLIGetValidTime)
                  c058de80    000000c0                          : lli.oe674 (.text:LLIMsg)
                  c058df40    000000c0     ti.drv.omapl138.ae674 : csl_mdio.oe674 (.text:MDIO_initPHY)
                  c058e000    000000c0     stk6_ppp_pppoe.ae674 : mld.oe674 (.text:MLDCreateMulticastNode)
                  c058e0c0    000000c0                          : mld.oe674 (.text:MLDLeaveGroup)
                  c058e180    000000c0                          : nimu.oe674 (.text:NIMUFindByName)
                  c058e240    000000c0     netctrl.ae674 : netsrv.oe674 (.text:NS_BootTask)
                  c058e300    000000c0     stk6_ppp_pppoe.ae674 : node.oe674 (.text:NodeUpdatePL)
                  c058e3c0    000000c0     nettool.ae674 : ipaddr.oe674 (.text:NtIfIdx2Ip)
                  c058e480    000000c0     stk6_ppp_pppoe.ae674 : route6.oe674 (.text:Rt6FindDefaultRouter)
                  c058e540    000000c0                          : route.oe674 (.text:RtDeRef)
                  c058e600    000000c0                          : rtable.oe674 (.text:RtWalkBegin)
                  c058e6c0    000000c0                          : sb6.oe674 (.text:SB6Flush)
                  c058e780    000000c0                          : sb6.oe674 (.text:SB6SetMax)
                  c058e840    000000c0                          : sb.oe674 (.text:SBFlush)
                  c058e900    000000c0                          : sock6pcb.oe674 (.text:Sock6PcbResolveChain)
                  c058e9c0    000000c0                          : sock6pcb.oe674 (.text:Sock6PcbRtChange)
                  c058ea80    000000c0                          : sock.oe674 (.text:SockIntAbort)
                  c058eb40    000000c0                          : sockpcb.oe674 (.text:SockPcbRtChange)
                  c058ec00    000000c0                          : tcp6prot.oe674 (.text:TCP6Close)
                  c058ecc0    000000c0     os.ae674 : task.oe674 (.text:TaskGetEnv)
                  c058ed80    000000c0     stk6_ppp_pppoe.ae674 : tcp.oe674 (.text:TcpChecksum)
                  c058ee40    000000c0                          : tcpprot.oe674 (.text:TcpClose)
                  c058ef00    000000c0                          : bind6.oe674 (.text:_Bind6FindByHostInList)
                  c058efc0    000000c0                          : bind6.oe674 (.text:_Bind6FindByNetInList)
                  c058f080    000000c0     rts6740_elf.lib : dtor_list.obj (.text:_Z11__TI_atexitPFYvPvES_S_)
                  c058f140    000000c0                     : dtor_list.obj (.text:__cxa_finalize)
                  c058f200    000000c0                     : divu.obj (.text:__divu)
                  c058f2c0    000000c0                     : remi.obj (.text:__remi)
                  c058f380    000000c0                     : _printfi.obj (.text:_div)
                  c058f440    000000c0                     : fflush.obj (.text:_doflush)
                  c058f500    000000c0     nettool.ae674 : dhcptags.oe674 (.text:dhcpOptionsClear)
                  c058f5c0    000000c0     edma3_lld_rm.ae674 : edma3resmgr.oe674 (.text:edma3MemCpy)
                  c058f680    000000c0     edma3_lld_rm_sample.ae674 : sample_cs.oe674 (.text:edma3OsProtectExit)
                  c058f740    000000c0     os.ae674 : efs.oe674 (.text:efs_fopen)
                  c058f800    000000c0              : efs.oe674 (.text:efs_internal_remove)
                  c058f8c0    000000c0     rts6740_elf.lib : exit.obj (.text:exit)
                  c058f980    000000c0     nettool.ae674 : httpsend.oe674 (.text:httpSendFullResponse)
                  c058fa40    000000c0     os.ae674 : mem.oe674 (.text:mmZeroInit)
                  c058fb00    000000c0     stk6_ppp_pppoe.ae674 : nimuppp.oe674 (.text:pppAddIP)
                  c058fbc0    000000c0     sysbios.ae674 : BIOS.obj (.text:ti_sysbios_BIOS_errorRaiseHook__I)
                  c058fc80    000000c0                   : BIOS.obj (.text:ti_sysbios_heaps_HeapMem_getStats__E)
                  c058fd40    000000c0                   : BIOS.obj (.text:ti_sysbios_io_DEV_Instance_finalize__F)
                  c058fe00    000000c0                   : BIOS.obj (.text:ti_sysbios_knl_Clock_logTick__E)
                  c058fec0    000000c0                   : BIOS.obj (.text:ti_sysbios_knl_Swi_Instance_finalize__F)
                  c058ff80    000000c0                   : BIOS.obj (.text:ti_sysbios_knl_Task_allBlockedFunction__I)
                  c0590040    000000c0                   : BIOS.obj (.text:ti_sysbios_timers_timer64_Timer_stop__E)
                  c0590100    000000c0                   : BIOS.obj (.text:ti_sysbios_xdcruntime_SemThreadSupport_pend__F)
                  c05901c0    000000c0     ti.targets.rts6000.ae674 : System.oe674 (.text:xdc_runtime_System_formatNum__I)
                  c0590280    000000a0     nettool.ae674 : config.oe674 (.text:CfgEntryDeRef)
                  c0590320    000000a0                   : config.oe674 (.text:CfgEntryGetData)
                  c05903c0    000000a0                   : config.oe674 (.text:CfgGetImmediate)
                  c0590460    000000a0                   : telnetd.oe674 (.text:CmdWriteBytes)
                  c0590500    000000a0                   : telnetd.oe674 (.text:CmdWriteCmd)
                  c05905a0    000000a0     stk6_ppp_pppoe.ae674 : file.oe674 (.text:FdSignalEvent)
                  c0590640    000000a0     rts6740_elf.lib : trgdrv.obj (.text:HOSTclose)
                  c05906e0    000000a0     ti.drv.omapl138.ae674 : ethdriver.oe674 (.text:HwPktClose)
                  c0590780    000000a0     stk6_ppp_pppoe.ae674 : icmpv6in.oe674 (.text:ICMPv6RecvDstUnreachable)
                  c0590820    000000a0                          : ipfrag.oe674 (.text:IPReasmFree)
                  c05908c0    000000a0                          : ipfrag.oe674 (.text:IPReasmTimeout)
                  c0590960    000000a0                          : ipv6.oe674 (.text:IPv6CompareAddress)
                  c0590a00    000000a0                          : lliin.oe674 (.text:LLIValidateRoute)
                  c0590aa0    000000a0                          : md5.oe674 (.text:MD5Final)
                  c0590b40    000000a0                          : nimu.oe674 (.text:NIMUShutdown)
                  c0590be0    000000a0                          : nimu.oe674 (.text:NIMUUnregister)
                  c0590c80    000000a0     nettool.ae674 : ipaddr.oe674 (.text:NtAddNetwork)
                  c0590d20    000000a0     stk6_ppp_pppoe.ae674 : pbm.oe674 (.text:PBM_open)
                  c0590dc0    000000a0                          : pipe.oe674 (.text:PipeCheck)
                  c0590e60    000000a0                          : rtable.oe674 (.text:RouteMsg)
                  c0590f00    000000a0                          : route.oe674 (.text:RtNew)
                  c0590fa0    000000a0                          : sb6.oe674 (.text:SB6Free)
                  c0591040    000000a0                          : sb.oe674 (.text:SBFree)
                  c05910e0    000000a0     os.ae674 : semaphore.oe674 (.text:SemCreate)
                  c0591180    000000a0     stk6_ppp_pppoe.ae674 : sock6pcb.oe674 (.text:Sock6CleanPcb)
                  c0591220    000000a0                          : sock6.oe674 (.text:Sock6GetName)
                  c05912c0    000000a0                          : sock.oe674 (.text:SockBind)
                  c0591360    000000a0                          : sockpcb.oe674 (.text:SockCleanPcb)
                  c0591400    000000a0                          : tcp6prot.oe674 (.text:TCP6Drop)
                  c05914a0    000000a0                          : tcp6prot.oe674 (.text:TCP6PrCtlError)
                  c0591540    000000a0                          : tcp6prot.oe674 (.text:TCP6PrSend)
                  c05915e0    000000a0                          : tcp6prot.oe674 (.text:TCP6PrSendOOB)
                  c0591680    000000a0     os.ae674 : task.oe674 (.text:TaskCreate)
                  c0591720    000000a0     stk6_ppp_pppoe.ae674 : tcpprot.oe674 (.text:TcpDrop)
                  c05917c0    000000a0                          : tcpprot.oe674 (.text:TcpPrCtlError)
                  c0591860    000000a0                          : tcpprot.oe674 (.text:TcpPrSend)
                  c0591900    000000a0                          : tcpprot.oe674 (.text:TcpPrSendOOB)
                  c05919a0    000000a0                          : timer.oe674 (.text:TimerNew)
                  c0591a40    000000a0                          : lli.oe674 (.text:_LLITimeoutFlush)
                  c0591ae0    000000a0     rts6740_elf.lib : remu.obj (.text:__remu)
                  c0591b80    000000a0     boot.ae674 : boot.oe674 (.text:_c_int00)
                  c0591c20    000000a0     rts6740_elf.lib : fopen.obj (.text:_cleanup)
                  c0591cc0    000000a0                     : _printfi.obj (.text:_ecpy)
                  c0591d60    000000a0                     : _printfi.obj (.text:_fcpy)
                  c0591e00    000000a0                     : _printfi.obj (.text:_pconv_f)
                  c0591ea0    000000a0     sysbios.ae674 : c64p_Hwi_asm.obj (.text:_ti_sysbios_family_c64p_Hwi_plug__E)
                  c0591f40    000000a0     stk6_ppp_pppoe.ae674 : auth.oe674 (.text:authStart)
                  c0591fe0    000000a0     nettool.ae674 : dhcpbild.oe674 (.text:dhcpBuildDecline)
                  c0592080    000000a0                   : dhcpsm.oe674 (.text:dhcpIPRemove)
                  c0592120    000000a0     stk6_ppp_pppoe.ae674 : fileuser.oe674 (.text:fdCloseSession)
                  c05921c0    000000a0     rts6740_elf.lib : lowlev.obj (.text:finddevice)
                  c0592260    000000a0     fr_main.obj (.text)
                  c0592300    000000a0     stk6_ppp_pppoe.ae674 : lcp.oe674 (.text:lcpInit)
                  c05923a0    000000a0                          : lcp.oe674 (.text:lcpSendTerm)
                  c0592440    000000a0     hal_timer_bios.ae674 : lltimer.oe674 (.text:llTimerTick)
                  c05924e0    000000a0     rts6740_elf.lib : lowlev.obj (.text:lseek)
                  c0592580    000000a0     gooao_fr_c6748_pe674.oe674 (.text:malloc)
                  c0592620    000000a0     rts6740_elf.lib : memcpy64.obj (.text:memcpy)
                  c05926c0    000000a0     os.ae674 : mem.oe674 (.text:mmBulkFree)
                  c0592760    000000a0              : mem.oe674 (.text:mmInitPage)
                  c0592800    000000a0              : ossys.oe674 (.text:stricmp)
                  c05928a0    000000a0     rts6740_elf.lib : strstr.obj (.text:strstr)
                  c0592940    000000a0     sysbios.ae674 : BIOS.obj (.text:ti_sysbios_heaps_HeapMem_init__I)
[...]
c059ace0   xdc_runtime_Gate_leaveSystem__F
c059ad40   xdc_runtime_LoggerBuf_Object__get__S
c059ad60   xdc_runtime_Memory_HeapProxy_alloc__E
c059ad80   xdc_runtime_Memory_HeapProxy_free__E
c059ada0   xdc_runtime_Startup_exec__I
c059adc0   xdc_runtime_Startup_reset__I
c059ade0   xdc_runtime_SysMin_ready__E
c059ade0   xdc_runtime_SysMin_ready__F
c059ade0   xdc_runtime_System_SupportProxy_ready__E
c059ae00   xdc_runtime_System_Module_GateProxy_enter__E
c059ae20   xdc_runtime_System_Module_GateProxy_leave__E
c059ae40   xdc_runtime_System_Module_startup__E
c059ae40   xdc_runtime_System_Module_startup__F
c059ae60   xdc_runtime_System_exit__E
c059ae60   xdc_runtime_System_exit__F
c059ae80   xdc_runtime_System_lastFxn__I
c059aea0   NDK_vsprintf
c059aea0   xdc_runtime_System_sprintf_va__E
c059aea0   xdc_runtime_System_sprintf_va__F
c059aea0   xdc_runtime_System_vsprintf__E
c059aea0   xdc_runtime_System_vsprintf__F
c059aec0   xdc_runtime_Text_visitRope__I
c059af20   xdc_runtime_knl_SemThread_Params__init__S
c059af40   xdc_runtime_knl_SemThread_Proxy_Object__create__S
c059af60   xdc_runtime_knl_SemThread_Proxy_Object__delete__S
c059af80   xdc_runtime_knl_SemThread_Proxy_Params__init__S
c059afa0   xdc_runtime_knl_SemThread_Proxy_pend__E
c059afc0   xdc_runtime_knl_SemThread_Proxy_post__E
c059afe0   xdc_runtime_knl_SemThread_pend__E
c059afe0   xdc_runtime_knl_SemThread_pend__F
c059b000   xdc_runtime_knl_SemThread_post__E
c059b000   xdc_runtime_knl_SemThread_post__F
c059b020   xdc_runtime_knl_SyncSemThread_query__E
c059b020   xdc_runtime_knl_SyncSemThread_query__F
c059b040   xdc_runtime_knl_SyncSemThread_signal__E
c059b040   xdc_runtime_knl_SyncSemThread_signal__F
c059b060   xdc_runtime_knl_Sync_Proxy_signal__E
c059b060   xdc_runtime_knl_Sync_signal__E
c059b060   xdc_runtime_knl_Sync_signal__F
c059b080   xdc_runtime_knl_Sync_Proxy_wait__E
c059b080   xdc_runtime_knl_Sync_wait__E
c059b080   xdc_runtime_knl_Sync_wait__F
c059b0a0   xdc_runtime_Text_charTab__A
c05a0e98   xdc_runtime_Text_nodeTab__A
c05a0fa0   _ctypes_
c05a1bf8   Uart_PARAMS
c05a1c34   Uart_defaultRxChanParams
c05a1c38   Uart_defaultTxChanParams
c05a1f80   Code2Err
c05a1fd4   I2c_PARAMS
c05a2000   I2c_defaultRxIoParams
c05a2008   I2c_defaultTxIoParams
c05a2010   I2c_IOMFXNS
c05a2290   ti_sysbios_knl_Task_Object__PARAMS__C
c05a22cc   ti_sysbios_BIOS_Module__diagsEnabled__C
c05a22d0   xdc_runtime_Startup_sfxnTab__A
c05a2414   ti_sysbios_family_c64p_Hwi_Object__PARAMS__C
c05a2444   ti_sysbios_BIOS_Module__diagsIncluded__C
c05a2448   ti_sysbios_knl_Task_hooks__A
c05a24d4   ti_sysbios_hal_Hwi_Object__PARAMS__C
c05a2500   ti_sysbios_io_GIO_Object__PARAMS__C
c05a257c   ti_sysbios_heaps_HeapMem_Module__FXNS__C
c05a25a4   ti_sysbios_knl_Swi_Object__PARAMS__C
c05a2640   ti_sysbios_gates_GateHwi_Module__FXNS__C
c05a2664   ti_sysbios_gates_GateMutex_Module__FXNS__C
c05a2688   ti_sysbios_heaps_HeapMem_Object__PARAMS__C
c05a26ac   ti_sysbios_io_DEV_Object__PARAMS__C
c05a26d0   ti_sysbios_knl_Clock_Object__PARAMS__C
c05a26f4   ti_sysbios_knl_Semaphore_Object__PARAMS__C
c05a2718   xdc_runtime_knl_SyncSemThread_Module__FXNS__C
c05a2780   Upp_PARAMS
c05a27a0   ti_sysbios_family_c64p_Hwi_Object__DESC__C
c05a27c0   ti_sysbios_gates_GateHwi_Object__DESC__C
c05a27e0   ti_sysbios_gates_GateMutex_Object__DESC__C
c05a2800   ti_sysbios_hal_Hwi_Object__DESC__C
c05a2820   ti_sysbios_heaps_HeapMem_Object__DESC__C
c05a2840   ti_sysbios_io_DEV_Object__DESC__C
c05a2860   ti_sysbios_io_GIO_Object__DESC__C
c05a2880   ti_sysbios_knl_Clock_Object__DESC__C
c05a28a0   ti_sysbios_knl_Queue_Object__DESC__C
c05a28c0   ti_sysbios_knl_Semaphore_Object__DESC__C
c05a28e0   ti_sysbios_knl_Swi_Object__DESC__C
c05a2900   ti_sysbios_knl_Task_Object__DESC__C
c05a2920   ti_sysbios_xdcruntime_SemThreadSupport_Object__DESC__C
c05a2940   xdc_runtime_knl_SemThread_Module__FXNS__C
c05a2960   xdc_runtime_knl_SemThread_Object__DESC__C
c05a2980   xdc_runtime_knl_SyncSemThread_Object__DESC__C
c05a29c0   xdc_runtime_Startup_sfxnRts__A
c05a29fc   ti_sysbios_xdcruntime_SemThreadSupport_Object__PARAMS__C
c05a2a18   xdc_runtime_knl_SemThread_Object__PARAMS__C
c05a2a64   ti_sysbios_gates_GateHwi_Object__PARAMS__C
c05a2a7c   ti_sysbios_gates_GateMutex_Object__PARAMS__C
c05a2a94   ti_sysbios_knl_Queue_Object__PARAMS__C
c05a2aac   xdc_runtime_knl_SyncSemThread_Object__PARAMS__C
c05a2b44   ti_sysbios_BIOS_Module__diagsMask__C
c05a2b5c   ti_sysbios_BIOS_installedErrorHook__C
c05a2b60   ti_sysbios_family_c64p_EventCombiner_EVTMASK__C
c05a2b98   ti_sysbios_family_c64p_Cache_initSize__C
c05a2bb0   ti_sysbios_knl_Idle_coreList__C
c05a2bb8   ti_sysbios_knl_Idle_funcList__A
c05a2bc0   ti_sysbios_knl_Idle_funcList__C
c05a2bc8   ti_sysbios_knl_Task_hooks__C
c05a2bd0   xdc_runtime_Startup_firstFxns__A
c05a2bd8   xdc_runtime_Startup_firstFxns__C
c05a2be0   xdc_runtime_Startup_lastFxns__C
c05a2be8   ti_sysbios_family_c62_TaskSupport_stackAlignment__C
c05a2bec   ti_sysbios_family_c64p_Cache_EMIFA_BASE__C
c05a2bf0   ti_sysbios_family_c64p_Cache_EMIFA_CFG__C
c05a2bf4   ti_sysbios_family_c64p_Cache_EMIFA_LENGTH__C
c05a2bf8   ti_sysbios_family_c64p_Cache_EMIFB_BASE__C
c05a2bfc   ti_sysbios_family_c64p_Cache_EMIFB_CFG__C
c05a2c00   ti_sysbios_family_c64p_Cache_EMIFB_LENGTH__C
c05a2c04   ti_sysbios_family_c64p_Cache_EMIFC_BASE__C
c05a2c08   ti_sysbios_family_c64p_Cache_EMIFC_CFG__C
c05a2c0c   ti_sysbios_family_c64p_Cache_EMIFC_LENGTH__C
c05a2c10   ti_sysbios_family_c64p_Cache_MAR0_31__C
c05a2c14   ti_sysbios_family_c64p_Cache_MAR128_159__C
c05a2c18   ti_sysbios_family_c64p_Cache_MAR160_191__C
c05a2c1c   ti_sysbios_family_c64p_Cache_MAR192_223__C
c05a2c20   ti_sysbios_family_c64p_Cache_MAR224_255__C
c05a2c24   ti_sysbios_family_c64p_Cache_MAR32_63__C
c05a2c28   ti_sysbios_family_c64p_Cache_MAR64_95__C
c05a2c2c   ti_sysbios_family_c64p_Cache_MAR96_127__C
c05a2c30   ti_sysbios_family_c64p_EventCombiner_E_unpluggedEvent__C
c05a2c34   ti_sysbios_family_c64p_Exception_E_exceptionMin__C
c05a2c38   ti_sysbios_family_c64p_Exception_exceptionHook__C
c05a2c3c   ti_sysbios_family_c64p_Exception_externalHook__C
c05a2c40   ti_sysbios_family_c64p_Exception_internalHook__C
c05a2c44   ti_sysbios_family_c64p_Exception_nmiHook__C
c05a2c48   ti_sysbios_family_c64p_Hwi_E_alreadyDefined__C
c05a2c4c   ti_sysbios_family_c64p_Hwi_E_handleNotFound__C
c05a2c50   ti_sysbios_family_c64p_Hwi_LD_end__C
c05a2c54   ti_sysbios_family_c64p_Hwi_LM_begin__C
c05a2c58   ti_sysbios_family_c64p_Hwi_Module__diagsEnabled__C
c05a2c5c   ti_sysbios_family_c64p_Hwi_Module__diagsIncluded__C
c05a2c60   ti_sysbios_family_c64p_Hwi_Module__diagsMask__C
c05a2c64   ti_sysbios_family_c64p_Hwi_Module__loggerFxn1__C
c05a2c68   ti_sysbios_family_c64p_Hwi_Module__loggerFxn8__C
c05a2c6c   ti_sysbios_family_c64p_Hwi_Module__loggerObj__C
c05a2c70   ti_sysbios_gates_GateMutex_A_badContext__C
c05a2c74   ti_sysbios_gates_GateMutex_Instance_State_sem__O
c05a2c78   ti_sysbios_gates_GateMutex_Module__diagsEnabled__C
c05a2c7c   ti_sysbios_gates_GateMutex_Module__diagsIncluded__C
c05a2c80   ti_sysbios_gates_GateMutex_Module__diagsMask__C
c05a2c84   ti_sysbios_hal_Hwi_E_stackOverflow__C
c05a2c88   ti_sysbios_heaps_HeapMem_A_align__C
c05a2c8c   ti_sysbios_heaps_HeapMem_A_heapSize__C
c05a2c90   ti_sysbios_heaps_HeapMem_A_invalidFree__C
c05a2c94   ti_sysbios_heaps_HeapMem_A_zeroBlock__C
c05a2c98   ti_sysbios_heaps_HeapMem_E_memory__C
c05a2c9c   ti_sysbios_heaps_HeapMem_Module__diagsEnabled__C
c05a2ca0   ti_sysbios_heaps_HeapMem_Module__diagsIncluded__C
c05a2ca4   ti_sysbios_heaps_HeapMem_Module__diagsMask__C
c05a2ca8   ti_sysbios_heaps_HeapMem_Module__gateObj__C
c05a2cac   ti_sysbios_heaps_HeapMem_Object__count__C
c05a2cb0   ti_sysbios_heaps_HeapMem_reqAlign__C
c05a2cb4   ti_sysbios_io_DEV_Object__count__C
c05a2cb8   ti_sysbios_io_DEV_tableSize__C
c05a2cbc   ti_sysbios_io_GIO_A_badModel__C
c05a2cc0   ti_sysbios_io_GIO_E_createFailed__C
c05a2cc4   ti_sysbios_io_GIO_E_notFound__C
c05a2cc8   ti_sysbios_io_GIO_Instance_State_doneList__O
c05a2ccc   ti_sysbios_io_GIO_Instance_State_freeList__O
c05a2cd0   ti_sysbios_io_GIO_Module__diagsEnabled__C
c05a2cd4   ti_sysbios_io_GIO_Module__diagsIncluded__C
c05a2cd8   ti_sysbios_io_GIO_Module__diagsMask__C
c05a2cdc   ti_sysbios_knl_Clock_A_badThreadType__C
c05a2ce0   ti_sysbios_knl_Clock_LM_begin__C
c05a2ce4   ti_sysbios_knl_Clock_LM_tick__C
c05a2ce8   ti_sysbios_knl_Clock_LW_delayed__C
c05a2cec   ti_sysbios_knl_Clock_Module_State_clockQ__O
c05a2cf0   ti_sysbios_knl_Clock_Module__diagsEnabled__C
c05a2cf4   ti_sysbios_knl_Clock_Module__diagsIncluded__C
c05a2cf8   ti_sysbios_knl_Clock_Module__diagsMask__C
c05a2cfc   ti_sysbios_knl_Clock_Module__loggerFxn1__C
c05a2d00   ti_sysbios_knl_Clock_Module__loggerFxn2__C
c05a2d04   ti_sysbios_knl_Clock_Module__loggerObj__C
c05a2d08   ti_sysbios_knl_Clock_tickMode__C
c05a2d0c   ti_sysbios_knl_Clock_tickPeriod__C
c05a2d10   ti_sysbios_knl_Clock_tickSource__C
c05a2d14   ti_sysbios_knl_Semaphore_A_badContext__C
c05a2d18   ti_sysbios_knl_Semaphore_A_noEvents__C
c05a2d1c   ti_sysbios_knl_Semaphore_A_overflow__C
c05a2d20   ti_sysbios_knl_Semaphore_Instance_State_pendQ__O
c05a2d24   ti_sysbios_knl_Semaphore_LM_pend__C
c05a2d28   ti_sysbios_knl_Semaphore_LM_post__C
c05a2d2c   ti_sysbios_knl_Semaphore_Module__diagsEnabled__C
c05a2d30   ti_sysbios_knl_Semaphore_Module__diagsIncluded__C
c05a2d34   ti_sysbios_knl_Semaphore_Module__diagsMask__C
c05a2d38   ti_sysbios_knl_Semaphore_Module__loggerFxn2__C
c05a2d3c   ti_sysbios_knl_Semaphore_Module__loggerFxn4__C
c05a2d40   ti_sysbios_knl_Semaphore_Module__loggerObj__C
c05a2d44   ti_sysbios_knl_Swi_A_badPriority__C
c05a2d48   ti_sysbios_knl_Swi_LD_end__C
c05a2d4c   ti_sysbios_knl_Swi_LM_begin__C
c05a2d50   ti_sysbios_knl_Swi_LM_post__C
c05a2d54   ti_sysbios_knl_Swi_Module__diagsEnabled__C
c05a2d58   ti_sysbios_knl_Swi_Module__diagsIncluded__C
c05a2d5c   ti_sysbios_knl_Swi_Module__diagsMask__C
c05a2d60   ti_sysbios_knl_Swi_Module__loggerFxn1__C
c05a2d64   ti_sysbios_knl_Swi_Module__loggerFxn4__C
c05a2d68   ti_sysbios_knl_Swi_Module__loggerObj__C
c05a2d6c   ti_sysbios_knl_Swi_Object__count__C
c05a2d70   ti_sysbios_knl_Task_A_badPriority__C
c05a2d74   ti_sysbios_knl_Task_A_badTaskState__C
c05a2d78   ti_sysbios_knl_Task_A_badThreadType__C
c05a2d7c   ti_sysbios_knl_Task_A_badTimeout__C
c05a2d80   ti_sysbios_knl_Task_A_noPendElem__C
c05a2d84   ti_sysbios_knl_Task_E_deleteNotAllowed__C
c05a2d88   ti_sysbios_knl_Task_E_spOutOfBounds__C
c05a2d8c   ti_sysbios_knl_Task_E_stackOverflow__C
c05a2d90   ti_sysbios_knl_Task_LD_block__C
c05a2d94   ti_sysbios_knl_Task_LD_exit__C
c05a2d98   ti_sysbios_knl_Task_LD_ready__C
c05a2d9c   ti_sysbios_knl_Task_LM_setPri__C
c05a2da0   ti_sysbios_knl_Task_LM_sleep__C
c05a2da4   ti_sysbios_knl_Task_LM_switch__C
c05a2da8   ti_sysbios_knl_Task_Module_State_inactiveQ__O
c05a2dac   ti_sysbios_knl_Task_Module_State_terminatedQ__O
c05a2db0   ti_sysbios_knl_Task_Module__diagsEnabled__C
c05a2db4   ti_sysbios_knl_Task_Module__diagsIncluded__C
c05a2db8   ti_sysbios_knl_Task_Module__diagsMask__C
c05a2dbc   ti_sysbios_knl_Task_Module__loggerFxn2__C
c05a2dc0   ti_sysbios_knl_Task_Module__loggerFxn4__C
c05a2dc4   ti_sysbios_knl_Task_Module__loggerObj__C
c05a2dc8   ti_sysbios_knl_Task_Object__count__C
c05a2dcc   ti_sysbios_knl_Task_Object__heap__C
c05a2dd0   ti_sysbios_knl_Task_allBlockedFunc__C
c05a2dd4   ti_sysbios_knl_Task_defaultStackHeap__C
c05a2dd8   ti_sysbios_knl_Task_defaultStackSize__C
c05a2ddc   ti_sysbios_knl_Task_numConstructedTasks__C
c05a2de0   ti_sysbios_knl_Task_numPriorities__C
c05a2de4   ti_sysbios_timers_timer64_Timer_A_notAvailable__C
c05a2de8   ti_sysbios_timers_timer64_Timer_E_cannotSupport__C
c05a2dec   ti_sysbios_timers_timer64_Timer_Module__diagsEnabled__C
c05a2df0   ti_sysbios_timers_timer64_Timer_Module__diagsIncluded__C
c05a2df4   ti_sysbios_timers_timer64_Timer_Module__diagsMask__C
c05a2df8   ti_sysbios_timers_timer64_Timer_anyMask__C
c05a2dfc   ti_sysbios_timers_timer64_Timer_freqDivisor__C
c05a2e00   ti_sysbios_timers_timer64_Timer_numLocalTimers__C
c05a2e04   ti_sysbios_timers_timer64_Timer_numTimerDevices__C
c05a2e08   ti_sysbios_xdcruntime_SemThreadSupport_Instance_State_sem__O
c05a2e0c   xdc_runtime_Assert_E_assertFailed__C
c05a2e10   xdc_runtime_Core_A_initializedParams__C
c05a2e14   xdc_runtime_Core_Module__diagsEnabled__C
c05a2e18   xdc_runtime_Core_Module__diagsIncluded__C
c05a2e1c   xdc_runtime_Core_Module__diagsMask__C
c05a2e20   xdc_runtime_Error_E_generic__C
c05a2e24   xdc_runtime_Error_E_memory__C
c05a2e28   xdc_runtime_Error_Module__diagsEnabled__C
c05a2e2c   xdc_runtime_Error_Module__diagsIncluded__C
c05a2e30   xdc_runtime_Error_Module__diagsMask__C
c05a2e34   xdc_runtime_Error_Module__loggerFxn8__C
c05a2e38   xdc_runtime_Error_Module__loggerObj__C
c05a2e3c   xdc_runtime_Error_policy__C
c05a2e40   xdc_runtime_Error_raiseHook__C
c05a2e44   xdc_runtime_IGateProvider_Interface__BASE__C
c05a2e48   xdc_runtime_IHeap_Interface__BASE__C
c05a2e4c   xdc_runtime_IModule_Interface__BASE__C
c05a2e50   xdc_runtime_Log_L_error__C
c05a2e54   xdc_runtime_LoggerBuf_Object__count__C
c05a2e58   xdc_runtime_Main_Module__diagsEnabled__C
c05a2e5c   xdc_runtime_Main_Module__diagsIncluded__C
c05a2e60   xdc_runtime_Main_Module__diagsMask__C
c05a2e64   xdc_runtime_Main_Module__loggerFxn4__C
c05a2e68   xdc_runtime_Main_Module__loggerObj__C
c05a2e6c   xdc_runtime_Memory_defaultHeapInstance__C
c05a2e70   xdc_runtime_Startup_execImpl__C
c05a2e74   xdc_runtime_Startup_maxPasses__C
c05a2e78   xdc_runtime_Startup_lastFxns__A
c05a2e7c   xdc_runtime_Startup_sfxnRts__C
c05a2e80   xdc_runtime_Startup_sfxnTab__C
c05a2e84   xdc_runtime_SysMin_bufSize__C
c05a2e88   xdc_runtime_SysMin_outputFunc__C
c05a2e8c   xdc_runtime_System_Module__gateObj__C
c05a2e90   xdc_runtime_System_extendFxn__C
c05a2e94   xdc_runtime_System_maxAtexitHandlers__C
c05a2e98   xdc_runtime_Text_charTab__C
c05a2e9c   xdc_runtime_Text_nameEmpty__C
c05a2ea0   xdc_runtime_Text_nameStatic__C
c05a2ea4   xdc_runtime_Text_nameUnknown__C
c05a2ea8   xdc_runtime_Text_nodeTab__C
c05a2eac   xdc_runtime_Text_visitRopeFxn__C
c05a2eb0   xdc_runtime_knl_ISemaphore_Interface__BASE__C
c05a2eb4   xdc_runtime_knl_ISync_Interface__BASE__C
c05a2ebc   ti_sysbios_BIOS_Module__id__C
c05a2ec0   ti_sysbios_family_c64p_EventCombiner_Module__id__C
c05a2ec4   ti_sysbios_family_c64p_Exception_Module__id__C
c05a2ec8   ti_sysbios_family_c64p_Hwi_Module__id__C
c05a2ecc   ti_sysbios_family_c64p_Hwi_Module__loggerDefined__C
c05a2ed0   ti_sysbios_gates_GateMutex_Module__id__C
c05a2ed4   ti_sysbios_hal_Hwi_Module__id__C
c05a2ed8   ti_sysbios_heaps_HeapMem_Module__id__C
c05a2edc   ti_sysbios_io_DEV_Module__id__C
c05a2ee0   ti_sysbios_io_GIO_Module__id__C
c05a2ee4   ti_sysbios_knl_Clock_Module__id__C
c05a2ee8   ti_sysbios_knl_Clock_Module__loggerDefined__C
c05a2eec   ti_sysbios_knl_Semaphore_Module__id__C
c05a2ef0   ti_sysbios_knl_Semaphore_Module__loggerDefined__C
c05a2ef4   ti_sysbios_knl_Swi_Module__id__C
c05a2ef8   ti_sysbios_knl_Swi_Module__loggerDefined__C
c05a2efc   ti_sysbios_knl_Task_Module__id__C
c05a2f00   ti_sysbios_knl_Task_Module__loggerDefined__C
c05a2f04   ti_sysbios_knl_Task_deleteTerminatedTasks__C
c05a2f08   ti_sysbios_knl_Task_initStackFlag__C
c05a2f0c   ti_sysbios_timers_timer64_Timer_Module__id__C
c05a2f10   ti_sysbios_timers_timer64_Timer_startupNeeded__C
c05a2f14   xdc_runtime_Core_Module__id__C
c05a2f18   xdc_runtime_Error_Module__loggerDefined__C
c05a2f1c   xdc_runtime_Error_maxDepth__C
c05a2f20   xdc_runtime_Main_Module__id__C
c05a2f24   xdc_runtime_Main_Module__loggerDefined__C
c05a2f28   xdc_runtime_Memory_Module__id__C
c05a2f2c   xdc_runtime_SysMin_flushAtExit__C
c05a2f30   xdc_runtime_Text_charCnt__C
c05a2f34   xdc_runtime_Text_isLoaded__C
c05a2f38   xdc_runtime_Text_registryModsLastId__C
c05a2f3c   xdc_runtime_Text_unnamedModsLastId__C
c05a3000   ti_sysbios_family_c64p_Hwi0
c05a3000   ti_sysbios_family_c64p_Hwi_int0
c05a3020   ti_sysbios_family_c64p_Hwi_int1
c05a3040   ti_sysbios_family_c64p_Hwi_int2
c05a3060   ti_sysbios_family_c64p_Hwi_int3
c05a3080   ti_sysbios_family_c64p_Hwi_int4
c05a30a0   ti_sysbios_family_c64p_Hwi_int5
c05a30c0   ti_sysbios_family_c64p_Hwi_int6
c05a30e0   ti_sysbios_family_c64p_Hwi_int7
c05a3100   ti_sysbios_family_c64p_Hwi_int8
c05a3120   ti_sysbios_family_c64p_Hwi_int9
c05a3140   ti_sysbios_family_c64p_Hwi_int10
c05a3160   ti_sysbios_family_c64p_Hwi_int11
c05a3180   ti_sysbios_family_c64p_Hwi_int12
c05a31a0   ti_sysbios_family_c64p_Hwi_int13
c05a31c0   ti_sysbios_family_c64p_Hwi_int14
c05a31e0   ti_sysbios_family_c64p_Hwi_int15
c05a34e0   __TI_STATIC_BASE
c05a34e0   uppDevHandle
c05a34e4   tCount
c05a34e8   uppInHandle
c05a34ec   uppInHandleB
c05a34f0   i2c_outHandle
c05a34f4   i2c_inHandle
c05a34f8   ImageBuf
c05a3514   _IGMPInDiscard
c05a3518   _IGMPInQuery
c05a351c   _IGMPInQueryGroup
c05a3520   _IGMPInResponse
c05a3524   _IGMPOutResponse
c05a3528   hEdma
c05a352c   uartRxHandle
c05a3530   uartTxHandle
c05a3534   uartMaster1RxHandle
c05a3538   uartMaster1TxHandle
c05a353c   temp_command
c05a3540   dsp_num
c05a3544   region_id
c05a356c   tcpsend_count
c05a3588   CONTENT_TYPE_APPLET
c05a358c   CONTENT_TYPE_AU
c05a3590   CONTENT_TYPE_CSS
c05a3594   CONTENT_TYPE_DOC
c05a3598   CONTENT_TYPE_GIF
c05a359c   CONTENT_TYPE_HTML
c05a35a0   CONTENT_TYPE_JPG
c05a35a4   CONTENT_TYPE_MPEG
c05a35a8   CONTENT_TYPE_PDF
c05a35ac   CONTENT_TYPE_WAV
c05a35b0   CONTENT_TYPE_ZIP
c05a35b4   CONTENT_TYPE
c05a35b8   CONTENT_LENGTH
c05a35bc   CRLF
c05a35c0   DEFAULT_NAME
c05a35c4   HTTP_VER
c05a35c8   SPACE
c05a35d0   MainConfigSize
c05a35d8   MainConfigValid
c05a35e0   LocalIPAddr
c05a35e4   LocalIPMask
c05a35e8   GatewayIP
c05a35ec   ServerIPAddr
c05a35f0   HostName
c05a35f4   DomainName
c05a35fc   PITCount
c05a3600   PITUsed
c05a3604   PITHigh
c05a363c   memory_squeeze_error
c05a3688   Average_Gray_Tempo
c05a3690   Average_Gray
c05a3698   pktCount
c05a369c   resMgrInstance
c05a36a0   userInitConfig
c05a36a4   ptrRMIArray
c05a36a8   ptrInitCfgArray
c05a36d4   _IGMPForceVersion1
c05a36e0   TxChanEnable_all
c05a36e4   RxChanEnable_all
c05a36e8   corenum
c05a36fc   edma3NumPaRAMSets
c05a3704   Uart_edmaChanNum
c05a3708   Uart_dummyParamSetAddr
c05a3714   syscfgRegs
c05a3718   gpioRegs
c05a3724   _ICMPInErrors
c05a3728   _ICMPOutErrors
c05a372c   _IPExecuting
c05a373c   gFragQList
c05a375c   tcp_iss
c05a3760   ptTimeFirst
c05a3764   pt6TimeFirst
c05a3768   tcp6_iss
c05a3778   httpErrorResponseHook
c05a3784   _IPReasmPtr
c05a378c   gMLDNodeList
c05a37a4   IPV6_MAX_MULTICAST_SOLICIT
c05a37a8   IPV6_MAX_UNICAST_SOLICIT
c05a37ac   IPV6_RETRANS_TIME
c05a37b0   IPV6_DELAY_FIRST_PROBE_TIME
c05a37b4   IPV6_REACHABLE_TIME
c05a37b8   IPV6_MAX_RTR_SOLICITATION_DELAY
c05a37bc   IPV6_RTR_SOLICITATION_INTERVAL
c05a37c0   IPV6_MAX_RTR_SOLICITATIONS
c05a37c4   INFINITE_LT
c05a37c8   ti_ndk_config_Global_rawPageSize
c05a37cc   ti_ndk_config_Global_rawPageCount
c05a37d0   ti_ndk_config_Global_smallest
c05a37d4   ti_ndk_config_Global_largest
c05a37d8   numEdma3Instances
c05a37dc   numDsps
c05a37e0   ti_ndk_config_Global_numFrameBuf
c05a37e4   ti_ndk_config_Global_sizeFrameBuf
c05a37e8   EDMA3_MAX_RM_INSTANCES
c05a37ec   __CIOBUF_
c05a5158   __TI_Handler_Table_Base
c05a5164   __TI_Handler_Table_Limit
c05a5174   __TI_CINIT_Base
c05a519c   __TI_CINIT_Limit
c3000000   my_boot
ffffffff   __TI_pprof_out_hndl
ffffffff   __TI_prof_data_size
ffffffff   __TI_prof_data_start
ffffffff   __binit__
ffffffff   __c_args__
ffffffff   binit
UNDEFED    __TI_INITARRAY_Base
UNDEFED    __TI_INITARRAY_Limit

[1688 symbols]
