******************************************************************************
               TMS320C6x Linker PC v7.4.1                      
******************************************************************************
>> Linked Fri Sep 29 09:59:22 2017

OUTPUT FILE NAME:   <fr_cmos_c6748.out>
ENTRY POINT SYMBOL: "_c_int00"  address: c0f2cb20


MEMORY CONFIGURATION

         name            origin    length      used     unused   attr    fill
----------------------  --------  ---------  --------  --------  ----  --------
  IROM                  11700000   00100000  00000000  00100000  R  X
  IRAM                  11800000   00020000  00000000  00020000  RW X
  L3_CBA_RAM            80000000   00020000  00001000  0001f000  RW X
  SN_PAR                c0000000   00180000  00000000  00180000  RW  
  DDR2_SN_PAR4          c0180000   00080000  00000000  00080000  RW  
  DDR2_RAM              c0200000   02d00000  00d3d39e  01fc2c62  RW X
  App_Prog_START        c3000000   00000400  00000040  000003c0  RW X
  DDR                   c3000400   000ff000  00000000  000ff000  RW X
  DDR_EXT               c4000000   0c000000  00000000  0c000000  RW  


SEGMENT ALLOCATION MAP

run origin  load origin   length   init length attrs members
----------  ----------- ---------- ----------- ----- -------
80000000    80000000    00001000   00000000    rw-
  80000000    80000000    00001000   00000000    rw- .stack
c0200000    c0200000    008912e0   00000000    rw-
  c0200000    c0200000    008912e0   00000000    rw- .far
c0a912e0    c0a912e0    00468dbc   00468dbc    rw-
  c0a912e0    c0a912e0    00468dbc   00468dbc    rw- .fardata
c0efa0a0    c0efa0a0    00037420   00037420    rwx
  c0efa0a0    c0efa0a0    00037420   00037420    rwx .text
c0f314c0    c0f314c0    00009f3a   00009f3a    r--
  c0f314c0    c0f314c0    00009f3a   00009f3a    r-- .const
c0f3b400    c0f3b400    00000200   00000200    r-x
  c0f3b400    c0f3b400    00000200   00000200    r-x .vecs
c0f3b600    c0f3b600    00000060   00000000    rw-
  c0f3b600    c0f3b600    00000060   00000000    rw- .bss
c0f3b660    c0f3b660    000001d6   000001d6    rw-
  c0f3b660    c0f3b660    000001d6   000001d6    rw- .neardata
c0f3b838    c0f3b838    0000000c   0000000c    r--
  c0f3b838    c0f3b838    0000000c   0000000c    r-- .rodata
c0f3b844    c0f3b844    00000014   00000014    r--
  c0f3b844    c0f3b844    00000014   00000014    r-- .switch.1
c0f3b860    c0f3b860    000001b0   000001b0    rw-
  c0f3b860    c0f3b860    000001b0   000001b0    rw- .data
c0f3ba10    c0f3ba10    00000130   00000130    r--
  c0f3ba10    c0f3ba10    00000130   00000130    r-- .switch.2
c0f3bb40    c0f3bb40    00000120   00000000    rw-
  c0f3bb40    c0f3bb40    00000120   00000000    rw- .cio
c0f3bc60    c0f3bc60    00001750   00001750    r--
  c0f3bc60    c0f3bc60    00001750   00001750    r-- .cinit
c3000000    c3000000    00000040   00000040    r-x
  c3000000    c3000000    00000040   00000040    r-x my_boot_sect


SECTION ALLOCATION MAP

 output                                  attributes/
section   page    origin      length       input sections
--------  ----  ----------  ----------   ----------------
.init_array 
*          0    c0200000    00000000     UNINITIALIZED

.stack     0    80000000    00001000     UNINITIALIZED
                  80000000    00000008     boot.ae674 : boot.oe674 (.stack)
                  80000008    00000ff8     --HOLE--

xdc.meta   0    c0200000    000000f8     COPY SECTION
                  c0200000    000000f8     bk_fr_c6748_pe674.oe674 (xdc.meta)

.far       0    c0200000    008912e0     UNINITIALIZED
                  c0200000    00800038     bk_fr_c6748_pe674.oe674 (.far)
                  c0a00038    0006b7a0     taskImageInput.obj (.far)
                  c0a6b7d8    00008200     taskImageProcess.obj (.far)
                  c0a739d8    000079f0     edma3_lld_drv.ae674 : edma3_drv_init.oe674 (.far)
                  c0a7b3c8    00006c00     bk_fr_c6748_pe674.oe674 (.far:taskStackSection)
                  c0a81fc8    00005dc0     taskImageConnectDomain.obj (.far)
                  c0a87d88    00004970     edma3_lld_rm.ae674 : edma3resmgr.oe674 (.far)
                  c0a8c6f8    00002820                        : edma3_rm_gbl_data.oe674 (.far)
                  c0a8ef18    00000b2c     Gpio.obj (.far)
                  c0a8fa44    00000004     --HOLE--
                  c0a8fa48    000005d8     I2c.obj (.far)
                  c0a90020    00000580     Vpif.obj (.far)
                  c0a905a0    00000548     Spi.obj (.far)
                  c0a90ae8    000003d4     Uart.obj (.far)
                  c0a90ebc    00000004     --HOLE--
                  c0a90ec0    00000140     rts6740_elf.lib : defs.obj (.far)
                  c0a91000    00000100     Psc.obj (.far)
                  c0a91100    00000098     CodecInterface.obj (.far)
                  c0a91198    00000098     taskSpi.obj (.far)
                  c0a91230    00000048     taskUartMaster.obj (.far)
                  c0a91278    00000030     taskTimer.obj (.far)
                  c0a912a8    0000002c     fr6748_Init.obj (.far)
                  c0a912d4    00000004     --HOLE--
                  c0a912d8    00000008     rts6740_elf.lib : trgdrv.obj (.far)

.fardata   0    c0a912e0    00468dbc     
                  c0a912e0    001e8480     taskImageConnectDomain.obj (.fardata:Equivalence_Tab)
                  c0c79760    001e8480     taskImageConnectDomain.obj (.fardata:equaList)
                  c0e61be0    0002a300     taskImageProcess.obj (.fardata:histImage)
                  c0e8bee0    00015180     taskImageProcess.obj (.fardata:Basemap)
                  c0ea1060    00015180     taskImageProcess.obj (.fardata:Pattern_ConDomain)
                  c0eb61e0    00015180     taskImageProcess.obj (.fardata:SOBEL_Basemap)
                  c0ecb360    00015180     taskImageProcess.obj (.fardata:SOBEL_Newpattern)
                  c0ee04e0    00015180     taskImageProcess.obj (.fardata:new_pattern)
                  c0ef5660    00000a80     edma3_lld_drv_sample.ae674 : sample_c6748_cfg.oe674 (.fardata:sampleInstInitConfig)
                  c0ef60e0    00000888     edma3_lld_rm.ae674 : edma3_c6748_cfg.oe674 (.fardata:edma3GblCfgParams)
                  c0ef6968    000007e0                        : edma3_c6748_cfg.oe674 (.fardata:defInstInitConfig)
                  c0ef7148    000007d0     taskImageConnectDomain.obj (.fardata:labelCount)
                  c0ef7918    000007d0     taskImageConnectDomain.obj (.fardata:labelFlag)
                  c0ef80e8    000007d0     taskImageConnectDomain.obj (.fardata:tempList)
                  c0ef88b8    00000630     bk_fr_c6748_pe674.oe674 (.fardata)
                  c0ef8ee8    000005b0     edma3_lld_drv_sample.ae674 : sample_c6748_cfg.oe674 (.fardata:sampleEdma3GblCfgParams)
                  c0ef9498    00000214     bk_fr_c6748_pe674.oe674 (.fardata:ti_sysbios_knl_Task_Object__table__V)
                  c0ef96ac    00000004     Gpio.obj (.fardata)
                  c0ef96b0    000001e0     rts6740_elf.lib : defs.obj (.fardata:_ftable)
                  c0ef9890    000000a0     taskImageProcess.obj (.fardata:Moving_sequence_High)
                  c0ef9930    000000a0     rts6740_elf.lib : lowlev.obj (.fardata:_stream)
                  c0ef99d0    00000098     bk_fr_c6748_pe674.oe674 (.fardata:ti_sysbios_timers_timer64_Timer_Object__table__V)
                  c0ef9a68    00000090     bk_fr_c6748_pe674.oe674 (.fardata:ti_sysbios_family_c64p_Hwi_Object__table__V)
                  c0ef9af8    00000080     bk_fr_c6748_pe674.oe674 (.fardata:ti_sysbios_knl_Swi_Module_State_0_readyQ__A)
                  c0ef9b78    00000080     bk_fr_c6748_pe674.oe674 (.fardata:ti_sysbios_knl_Task_Module_State_0_readyQ__A)
                  c0ef9bf8    00000078     rts6740_elf.lib : lowlev.obj (.fardata:_device)
                  c0ef9c70    00000060     bk_fr_c6748_pe674.oe674 (.fardata:ti_sysbios_io_DEV_Object__table__V)
                  c0ef9cd0    00000060     bk_fr_c6748_pe674.oe674 (.fardata:ti_sysbios_timers_timer64_Timer_Module_State_0_device__A)
                  c0ef9d30    00000040     MT9V024.obj (.fardata)
                  c0ef9d70    00000040     edma3_lld_drv_sample.ae674 : sample_c6748_cfg.oe674 (.fardata:ccXferCompInt)
                  c0ef9db0    00000040                                : sample_c6748_cfg.oe674 (.fardata:hwIntTcErr)
                  c0ef9df0    00000040                                : sample_c6748_cfg.oe674 (.fardata:tcErrorInt)
                  c0ef9e30    00000040     bk_fr_c6748_pe674.oe674 (.fardata:ti_sysbios_gates_GateMutex_Object__table__V)
                  c0ef9e70    00000030     bk_fr_c6748_pe674.oe674 (.fardata:ti_sysbios_knl_Swi_Object__table__V)
                  c0ef9ea0    00000020     edma3_lld_drv_sample.ae674 : sample_c6748_int_reg.oe674 (.fardata:ptrEdma3TcIsrHandler)
                  c0ef9ec0    00000020     bk_fr_c6748_pe674.oe674 (.fardata:ti_sysbios_io_DEV_Module_State_0_table__A)
                  c0ef9ee0    00000020     bk_fr_c6748_pe674.oe674 (.fardata:ti_sysbios_timers_timer64_Timer_Module_State_0_gctrl__A)
                  c0ef9f00    00000020     bk_fr_c6748_pe674.oe674 (.fardata:ti_sysbios_timers_timer64_Timer_Module_State_0_handles__A)
                  c0ef9f20    00000020     bk_fr_c6748_pe674.oe674 (.fardata:ti_sysbios_timers_timer64_Timer_Module_State_0_intFreqs__A)
                  c0ef9f40    00000020     bk_fr_c6748_pe674.oe674 (.fardata:xdc_runtime_System_Module_State_0_atexitHandlers__A)
                  c0ef9f60    0000001c     Spi.obj (.fardata)
                  c0ef9f7c    0000001c     Uart.obj (.fardata)
                  c0ef9f98    0000001c     Vpif.obj (.fardata)
                  c0ef9fb4    00000004     I2c.obj (.fardata)
                  c0ef9fb8    00000018     edma3_lld_rm.ae674 : edma3resmgr.oe674 (.fardata:allocatedTCCs)
                  c0ef9fd0    00000018     bk_fr_c6748_pe674.oe674 (.fardata:ti_sysbios_heaps_HeapMem_Object__table__V)
                  c0ef9fe8    00000014     taskUartMaster.obj (.fardata:uart_Buffer)
                  c0ef9ffc    00000004     rts6740_elf.lib : defs.obj (.fardata)
                  c0efa000    00000010     bk_fr_c6748_pe674.oe674 (.fardata:ti_sysbios_hal_Hwi_Object__table__V)
                  c0efa010    00000010     bk_fr_c6748_pe674.oe674 (.fardata:ti_sysbios_hal_Timer_Object__table__V)
                  c0efa020    00000010     Vpif.obj (.fardata:vpifConfigParams)
                  c0efa030    0000000c     edma3_lld_rm.ae674 : edma3resmgr.oe674 (.fardata:masterExists)
                  c0efa03c    0000000c     rts6740_elf.lib : exit.obj (.fardata)
                  c0efa048    00000008     edma3_lld_drv_sample.ae674 : sample_c6748_cfg.oe674 (.fardata:ccErrorInt)
                  c0efa050    00000008                                : sample_c6748_cfg.oe674 (.fardata:hwIntCcErr)
                  c0efa058    00000008                                : sample_c6748_cfg.oe674 (.fardata:hwIntXferComp)
                  c0efa060    00000008                                : sample_c6748_cfg.oe674 (.fardata:numEdma3Tc)
                  c0efa068    00000008     rts6740_elf.lib : _lock.obj (.fardata)
                  c0efa070    00000008     edma3_lld_drv_sample.ae674 : sample_c6748_cfg.oe674 (.fardata:semHandle)
                  c0efa078    00000008     bk_fr_c6748_pe674.oe674 (.fardata:ti_sysbios_family_c64p_primus_TimerSupport_Module_State_0_suspSrc__A)
                  c0efa080    00000004     Vpif.obj (.fardata:channelFirstInt)
                  c0efa084    00000004     rts6740_elf.lib : dtor_list.obj (.fardata)
                  c0efa088    00000004                     : errno.obj (.fardata)
                  c0efa08c    00000004                     : rand.obj (.fardata)
                  c0efa090    00000004     bk_fr_c6748_pe674.oe674 (.fardata:ti_sysbios_gates_GateHwi_Object__table__V)
                  c0efa094    00000004     --HOLE--
                  c0efa098    00000004     bk_fr_c6748_pe674.oe674 (.fardata:ti_sysbios_knl_Task_Module_State_0_idleTask__A)

.text      0    c0efa0a0    00037420     
                  c0efa0a0    00006880     Vpif.obj (.text)
                  c0f00920    00003680     Spi.obj (.text)
                  c0f03fa0    000033c0     I2c.obj (.text)
                  c0f07360    000031a0     Uart.obj (.text)
                  c0f0a500    00001f60     taskImageProcess.obj (.text)
                  c0f0c460    00001460     algorithm.obj (.text)
                  c0f0d8c0    000013a0     Gpio.obj (.text)
                  c0f0ec60    00000ea0     Spi_edma.obj (.text)
                  c0f0fb00    00000e40     CodecInterface.obj (.text)
                  c0f10940    00000d00     edma3_lld_rm.ae674 : edma3resmgr.oe674 (.text:EDMA3_RM_allocResource)
                  c0f11640    00000c60     edma3_lld_drv.ae674 : edma3_drv_basic.oe674 (.text:EDMA3_DRV_requestChannel)
                  c0f122a0    00000c60     taskImageInput.obj (.text)
                  c0f12f00    00000aa0     MT9V024.obj (.text)
                  c0f139a0    00000a20     taskImageConnectDomain.obj (.text)
                  c0f143c0    000009a0     ti.targets.rts6000.ae674 : System.oe674 (.text:xdc_runtime_System_doPrint__I)
                  c0f14d60    000008c0     I2c_edma.obj (.text)
                  c0f15620    000007e0     edma3_lld_rm.ae674 : edma3resmgr.oe674 (.text:edma3CCErrHandler)
                  c0f15e00    000007a0     taskSpi.obj (.text)
                  c0f165a0    00000780     sysbios.ae674 : BIOS.obj (.text:ti_sysbios_family_c64p_Exception_handler__I)
                  c0f16d20    00000720     Uart_edma.obj (.text)
                  c0f17440    00000680     edma3_lld_rm.ae674 : edma3resmgr.oe674 (.text:EDMA3_RM_open)
                  c0f17ac0    00000680     sysbios.ae674 : BIOS.obj (.text:ti_sysbios_knl_Task_Instance_finalize__F)
                  c0f18140    00000600     edma3_lld_rm.ae674 : edma3resmgr.oe674 (.text:EDMA3_RM_create)
                  c0f18740    00000600     sysbios.ae674 : BIOS.obj (.text:ti_sysbios_heaps_HeapMem_alloc__E)
                  c0f18d40    00000600                   : BIOS.obj (.text:ti_sysbios_heaps_HeapMem_free__E)
                  c0f19340    000005c0     rts6740_elf.lib : _printfi.obj (.text:_getarg_diouxp)
                  c0f19900    000005c0     sysbios.ae674 : BIOS.obj (.text:ti_sysbios_timers_timer64_Timer_Module_startup__F)
                  c0f19ec0    000005a0     edma3_lld_rm.ae674 : edma3resmgr.oe674 (.text:EDMA3_RM_freeResource)
                  c0f1a460    000005a0     rts6740_elf.lib : divd.obj (.text:__c6xabi_divd)
                  c0f1aa00    000004e0     cslr_uart.obj (.text)
                  c0f1aee0    000004e0     sysbios.ae674 : BIOS.obj (.text:ti_sysbios_knl_Semaphore_pend__E)
                  c0f1b3c0    000004c0     edma3_lld_drv.ae674 : edma3_drv_basic.oe674 (.text:EDMA3_DRV_disableTransfer)
                  c0f1b880    000004a0     edma3_lld_rm.ae674 : edma3resmgr.oe674 (.text:edma3TCErrHandler)
                  c0f1bd20    00000480     sysbios.ae674 : BIOS.obj (.text:ti_sysbios_knl_Task_Module_startup__F)
                  c0f1c1a0    00000460     rts6740_elf.lib : _printfi.obj (.text:_printfi)
                  c0f1c600    00000460                     : _printfi.obj (.text:_setfield)
                  c0f1ca60    00000440     fr6748_Init.obj (.text)
                  c0f1cea0    000003c0     edma3_lld_drv.ae674 : edma3_drv_basic.oe674 (.text:EDMA3_DRV_freeChannel)
                  c0f1d260    000003c0     rts6740_elf.lib : strtol.obj (.text:strtol)
                  c0f1d620    000003c0     sysbios.ae674 : BIOS.obj (.text:ti_sysbios_knl_Task_Instance_init__F)
                  c0f1d9e0    000003a0     rts6740_elf.lib : fputs.obj (.text:fputs)
                  c0f1dd80    00000380     edma3_lld_drv.ae674 : edma3_drv_init.oe674 (.text:EDMA3_DRV_create)
                  c0f1e100    00000380                         : edma3_drv_basic.oe674 (.text:EDMA3_DRV_enableTransfer)
                  c0f1e480    00000380     edma3_lld_rm.ae674 : edma3resmgr.oe674 (.text:edma3ComplHandler)
                  c0f1e800    00000380     edma3_lld_drv.ae674 : edma3_drv_init.oe674 (.text:edma3OpenResMgr)
                  c0f1eb80    00000380     sysbios.ae674 : BIOS.obj (.text:ti_sysbios_io_GIO_Instance_init__F)
                  c0f1ef00    00000360     taskUartMaster.obj (.text)
                  c0f1f260    00000320     Psc.obj (.text)
                  c0f1f580    00000320     rts6740_elf.lib : _printfi.obj (.text:_pproc_fge)
                  c0f1f8a0    00000300     sysbios.ae674 : BIOS.obj (.text:ti_sysbios_family_c64p_Hwi_dispatchC__I)
                  c0f1fba0    000002e0     edma3_lld_drv.ae674 : edma3_drv_init.oe674 (.text:EDMA3_DRV_open)
                  c0f1fe80    000002e0                         : edma3_drv_basic.oe674 (.text:EDMA3_DRV_setOptField)
                  c0f20160    000002e0     rts6740_elf.lib : _printfi.obj (.text:_pproc_fwp)
                  c0f20440    000002e0     sysbios.ae674 : BIOS.obj (.text:ti_sysbios_heaps_HeapMem_Instance_init__F)
                  c0f20720    000002c0     edma3_lld_drv.ae674 : edma3_drv_basic.oe674 (.text:edma3RemoveMapping)
                  c0f209e0    000002c0     sysbios.ae674 : BIOS.obj (.text:ti_sysbios_knl_Task_exit__E)
                  c0f20ca0    000002a0     edma3_lld_drv.ae674 : edma3_drv_adv.oe674 (.text:EDMA3_DRV_linkChannel)
                  c0f20f40    000002a0     rts6740_elf.lib : _printfi.obj (.text:ecvt)
                  c0f211e0    000002a0                     : _printfi.obj (.text:fcvt)
                  c0f21480    000002a0     sysbios.ae674 : BIOS.obj (.text:ti_sysbios_knl_Clock_workFunc__E)
                  c0f21720    000002a0                   : BIOS.obj (.text:ti_sysbios_knl_Task_sleep__E)
                  c0f219c0    00000280                   : BIOS.obj (.text:deviceConfig$47)
                  c0f21c40    00000280     edma3_lld_rm.ae674 : edma3resmgr.oe674 (.text:edma3ShadowRegionInit)
                  c0f21ec0    00000280     sysbios.ae674 : BIOS.obj (.text:ti_sysbios_family_c64p_Cache_Module_startup__F)
                  c0f22140    00000280                   : BIOS.obj (.text:ti_sysbios_knl_Clock_Instance_init__F)
                  c0f223c0    00000280     ti.targets.rts6000.ae674 : Core-mem.oe674 (.text:xdc_runtime_Core_createObject__I)
                  c0f22640    00000280                              : Error.oe674 (.text:xdc_runtime_Error_raiseX__F)
                  c0f228c0    00000280     bk_fr_c6748_pe674.oe674 (.text:xdc_runtime_System_printfExtend__I)
                  c0f22b40    00000260     rts6740_elf.lib : imath64.obj (.text:__c6xabi_divull)
                  c0f22da0    00000260                     : _printfi.obj (.text:_pconv_e)
                  c0f23000    00000260     imglib.ae64P : IMG_sobel_3x3_8.obj (.text:optimized)
                  c0f23260    00000260     ti.targets.rts6000.ae674 : Startup.oe674 (.text:xdc_runtime_Startup_startMods__I)
                  c0f234c0    00000240     edma3_lld_rm.ae674 : edma3resmgr.oe674 (.text:EDMA3_RM_registerTccCb)
                  c0f23700    00000240                        : edma3resmgr.oe674 (.text:EDMA3_RM_unregisterTccCb)
                  c0f23940    00000240     rts6740_elf.lib : _printfi.obj (.text:_pproc_diouxp)
                  c0f23b80    00000240     sysbios.ae674 : BIOS.obj (.text:ti_sysbios_family_c64p_Exception_internalHandler__I)
                  c0f23dc0    00000240                   : BIOS.obj (.text:ti_sysbios_knl_Semaphore_post__E)
                  c0f24000    00000220     rts6740_elf.lib : _printfi.obj (.text:_pproc_str)
                  c0f24220    00000220                     : fputc.obj (.text:fputc)
                  c0f24440    00000220     scom.obj (.text)
                  c0f24660    00000220     sysbios.ae674 : BIOS.obj (.text:ti_sysbios_io_GIO_issue__E)
                  c0f24880    00000220                   : BIOS.obj (.text:ti_sysbios_knl_Swi_run__I)
                  c0f24aa0    00000220                   : BIOS.obj (.text:ti_sysbios_knl_Task_schedule__I)
                  c0f24cc0    00000220                   : BIOS.obj (.text:ti_sysbios_knl_Task_startCore__E)
                  c0f24ee0    00000200     rts6740_elf.lib : _printfi.obj (.text:_pconv_g)
                  c0f250e0    00000200     sysbios.ae674 : c64p_Hwi_disp_always.obj (.text:_ti_sysbios_family_c64p_Hwi_dispatchAlways)
                  c0f252e0    00000200                   : BIOS.obj (.text:block$58)
                  c0f254e0    00000200     rts6740_elf.lib : setvbuf.obj (.text:setvbuf)
                  c0f256e0    00000200     sysbios.ae674 : BIOS.obj (.text:ti_sysbios_io_DEV_Module_startup__F)
                  c0f258e0    000001e0     edma3_lld_drv.ae674 : edma3_drv_basic.oe674 (.text:EDMA3_DRV_clearErrorBits)
                  c0f25ac0    000001e0     edma3_lld_rm.ae674 : edma3resmgr.oe674 (.text:edma3GlobalRegionInit)
                  c0f25ca0    000001e0     sysbios.ae674 : BIOS.obj (.text:ti_sysbios_io_GIO_submit__E)
                  c0f25e80    000001e0                   : BIOS.obj (.text:ti_sysbios_knl_Task_postInit__I)
                  c0f26060    000001e0                   : BIOS.obj (.text:ti_sysbios_timers_timer64_Timer_getFreq__E)
                  c0f26240    000001c0     edma3_lld_drv.ae674 : edma3_drv_basic.oe674 (.text:EDMA3_DRV_disableLogicalChannel)
                  c0f26400    000001c0     rts6740_elf.lib : _printfi.obj (.text:_mcpy)
                  c0f265c0    000001c0     mathlib.ae674 : log10dp.oe674 (.text:optasm)
                  c0f26780    000001c0                   : logdp.oe674 (.text:optasm)
                  c0f26940    000001c0     sysbios.ae674 : BIOS.obj (.text:ti_sysbios_knl_Swi_Instance_init__F)
                  c0f26b00    000001c0                   : BIOS.obj (.text:ti_sysbios_knl_Task_checkStacks__E)
                  c0f26cc0    000001c0                   : BIOS.obj (.text:ti_sysbios_timers_timer64_Timer_setPeriodMicroSecs__E)
                  c0f26e80    000001a0     rts6740_elf.lib : imath40.obj (.text:__c6xabi_divul)
                  c0f27020    000001a0     edma3_lld_drv_sample.ae674 : sample_c6748_int_reg.oe674 (.text:registerEdma3Interrupts)
                  c0f271c0    000001a0     sysbios.ae674 : BIOS.obj (.text:ti_sysbios_gates_GateMutex_enter__E)
                  c0f27360    000001a0                   : BIOS.obj (.text:ti_sysbios_timers_timer64_Timer_start__E)
                  c0f27500    00000180     rts6740_elf.lib : trgdrv.obj (.text:HOSTrename)
                  c0f27680    00000180                     : copy_decompress_rle.obj (.text:__TI_decompress_rle_core)
                  c0f27800    00000180     mathlib.ae674 : expdp.oe674 (.text:optasm)
                  c0f27980    00000180     sysbios.ae674 : c64p_Exception_asm.obj (.text)
                  c0f27b00    00000180                   : BIOS.obj (.text:ti_sysbios_knl_Swi_schedule__I)
                  c0f27c80    00000180                   : BIOS.obj (.text:ti_sysbios_knl_Task_unblockI__E)
                  c0f27e00    00000180     ti.targets.rts6000.ae674 : Text.oe674 (.text:xdc_runtime_Text_putSite__F)
                  c0f27f80    00000160     sysbios.ae674 : BIOS.obj (.text:ti_sysbios_io_GIO_reclaim__E)
                  c0f280e0    00000140     edma3_lld_drv.ae674 : edma3_drv_adv.oe674 (.text:EDMA3_DRV_getPaRAM)
                  c0f28220    00000140                         : edma3_drv_adv.oe674 (.text:EDMA3_DRV_getPaRAMPhyAddr)
                  c0f28360    00000140                         : edma3_drv_adv.oe674 (.text:EDMA3_DRV_setPaRAM)
                  c0f284a0    00000140     boot.ae674 : autoinit.oe674 (.text:_auto_init_elf)
                  c0f285e0    00000140     rts6740_elf.lib : _printfi.obj (.text:_pproc_fflags)
                  c0f28720    00000140     edma3_lld_drv_sample.ae674 : sample_init.oe674 (.text:edma3init)
                  c0f28860    00000140     rts6740_elf.lib : lowlev.obj (.text:getdevice)
                  c0f289a0    00000140     mathlib.ae674 : powdp.oe674 (.text:optasm)
                  c0f28ae0    00000140     taskTimer.obj (.text)
                  c0f28c20    00000140     sysbios.ae674 : BIOS.obj (.text:ti_sysbios_family_c64p_Hwi_Module_startup__F)
                  c0f28d60    00000140                   : BIOS.obj (.text:ti_sysbios_knl_Clock_Instance_finalize__F)
                  c0f28ea0    00000140                   : BIOS.obj (.text:ti_sysbios_knl_Semaphore_Instance_init__F)
                  c0f28fe0    00000140                   : BIOS.obj (.text:ti_sysbios_knl_Swi_post__E)
                  c0f29120    00000140                   : BIOS.obj (.text:ti_sysbios_knl_Task_blockI__E)
                  c0f29260    00000120     rts6740_elf.lib : fclose.obj (.text:_closefile)
                  c0f29380    00000120                     : _printfi.obj (.text:_ltostr)
                  c0f294a0    00000120                     : fseek.obj (.text:fseek)
                  c0f295c0    00000120     sysbios.ae674 : BIOS.obj (.text:rtsUnlock$0)
                  c0f296e0    00000120                   : BIOS.obj (.text:ti_sysbios_io_GIO_Instance_finalize__F)
                  c0f29800    00000120     bk_fr_c6748_pe674.oe674 (.text:ti_sysbios_io_GIO_Object__create__S)
                  c0f29920    00000120     sysbios.ae674 : BIOS.obj (.text:ti_sysbios_io_GIO_write__E)
                  c0f29a40    00000120     bk_fr_c6748_pe674.oe674 (.text:ti_sysbios_knl_Swi_Object__create__S)
                  c0f29b60    00000120     bk_fr_c6748_pe674.oe674 (.text:ti_sysbios_knl_Task_Object__create__S)
                  c0f29c80    00000120     ti.targets.rts6000.ae674 : Text.oe674 (.text:xdc_runtime_Text_putLab__F)
                  c0f29da0    00000120     bk_fr_c6748_pe674.oe674 (.text:xdc_runtime_knl_SemThread_Object__create__S)
                  c0f29ec0    00000100     rts6740_elf.lib : trgdrv.obj (.text:HOSTlseek)
                  c0f29fc0    00000100                     : _io_perm.obj (.text:_wrt_ok)
                  c0f2a0c0    00000100     sysbios.ae674 : BIOS.obj (.text:callback$44)
                  c0f2a1c0    00000100     rts6740_elf.lib : fprintf.obj (.text:fprintf)
                  c0f2a2c0    00000100     fr_main.obj (.text)
                  c0f2a3c0    00000100     sysbios.ae674 : BIOS.obj (.text:initDevice$47)
                  c0f2a4c0    00000100                   : BIOS.obj (.text:ti_sysbios_family_c64p_EventCombiner_dispatch__F)
                  c0f2a5c0    00000100                   : BIOS.obj (.text:ti_sysbios_io_DEV_match__E)
                  c0f2a6c0    00000100                   : BIOS.obj (.text:ti_sysbios_knl_Clock_startI__E)
                  c0f2a7c0    00000100                   : BIOS.obj (.text:ti_sysbios_knl_Swi_restoreHwi__E)
                  c0f2a8c0    00000100     ti.targets.rts6000.ae674 : Core-mem.oe674 (.text:xdc_runtime_Core_deleteObject__I)
                  c0f2a9c0    00000100                              : Startup.oe674 (.text:xdc_runtime_Startup_exec__F)
                  c0f2aac0    00000100                              : Text.oe674 (.text:xdc_runtime_Text_putMod__F)
                  c0f2abc0    00000100                              : Text.oe674 (.text:xdc_runtime_Text_visitRope2__I)
                  c0f2acc0    00000100     bk_fr_c6748_pe674.oe674 (.text:xdc_runtime_knl_SyncSemThread_Object__create__S)
                  c0f2adc0    000000e0     rts6740_elf.lib : trgdrv.obj (.text:HOSTopen)
                  c0f2aea0    000000e0                     : divi.obj (.text:__divi)
                  c0f2af80    000000e0                     : atoi.obj (.text:atoi)
                  c0f2b060    000000e0                     : lowlev.obj (.text:close)
                  c0f2b140    000000e0                     : copy_zero_init.obj (.text:decompress:ZI:__TI_zero_init)
                  c0f2b220    000000e0     edma3_lld_drv_sample.ae674 : sample_cs.oe674 (.text:edma3OsProtectEntry)
                  c0f2b300    000000e0     rts6740_elf.lib : fflush.obj (.text:fflush)
                  c0f2b3e0    000000e0                     : ltoa.obj (.text:ltoa)
                  c0f2b4c0    000000e0                     : memset.obj (.text:memset)
                  c0f2b5a0    000000e0                     : printf.obj (.text:printf)
                  c0f2b680    000000e0     sysbios.ae674 : BIOS.obj (.text:ti_sysbios_knl_Clock_start__E)
                  c0f2b760    000000e0                   : BIOS.obj (.text:ti_sysbios_timers_timer64_Timer_startup__E)
                  c0f2b840    000000e0     edma3_lld_drv_sample.ae674 : sample_c6748_int_reg.oe674 (.text:unregisterEdma3Interrupts)
                  c0f2b920    000000e0     ti.targets.rts6000.ae674 : Error.oe674 (.text:xdc_runtime_Error_print__F)
                  c0f2ba00    000000e0                              : Memory.oe674 (.text:xdc_runtime_Memory_alloc__F)
                  c0f2bae0    000000c0     rts6740_elf.lib : trgdrv.obj (.text:HOSTread)
                  c0f2bba0    000000c0                     : trgdrv.obj (.text:HOSTunlink)
                  c0f2bc60    000000c0                     : trgdrv.obj (.text:HOSTwrite)
                  c0f2bd20    000000c0                     : dtor_list.obj (.text:_Z11__TI_atexitPFYvPvES_S_)
                  c0f2bde0    000000c0                     : dtor_list.obj (.text:__cxa_finalize)
                  c0f2bea0    000000c0                     : divu.obj (.text:__divu)
                  c0f2bf60    000000c0                     : remi.obj (.text:__remi)
                  c0f2c020    000000c0                     : _printfi.obj (.text:_div)
                  c0f2c0e0    000000c0                     : fflush.obj (.text:_doflush)
                  c0f2c1a0    000000c0     edma3_lld_rm.ae674 : edma3resmgr.oe674 (.text:edma3MemCpy)
                  c0f2c260    000000c0     edma3_lld_drv_sample.ae674 : sample_cs.oe674 (.text:edma3OsProtectExit)
                  c0f2c320    000000c0     rts6740_elf.lib : exit.obj (.text:exit)
                  c0f2c3e0    000000c0     sysbios.ae674 : BIOS.obj (.text:ti_sysbios_BIOS_errorRaiseHook__I)
                  c0f2c4a0    000000c0                   : BIOS.obj (.text:ti_sysbios_heaps_HeapMem_getStats__E)
                  c0f2c560    000000c0                   : BIOS.obj (.text:ti_sysbios_knl_Clock_logTick__E)
                  c0f2c620    000000c0                   : BIOS.obj (.text:ti_sysbios_knl_Swi_Instance_finalize__F)
                  c0f2c6e0    000000c0                   : BIOS.obj (.text:ti_sysbios_knl_Task_allBlockedFunction__I)
                  c0f2c7a0    000000c0                   : BIOS.obj (.text:ti_sysbios_timers_timer64_Timer_stop__E)
                  c0f2c860    000000c0                   : BIOS.obj (.text:ti_sysbios_xdcruntime_SemThreadSupport_pend__F)
                  c0f2c920    000000c0     ti.targets.rts6000.ae674 : System.oe674 (.text:xdc_runtime_System_formatNum__I)
                  c0f2c9e0    000000a0     rts6740_elf.lib : trgdrv.obj (.text:HOSTclose)
                  c0f2ca80    000000a0                     : remu.obj (.text:__remu)
                  c0f2cb20    000000a0     boot.ae674 : boot.oe674 (.text:_c_int00)
                  c0f2cbc0    000000a0     rts6740_elf.lib : fopen.obj (.text:_cleanup)
                  c0f2cc60    000000a0                     : _printfi.obj (.text:_ecpy)
                  c0f2cd00    000000a0                     : _printfi.obj (.text:_fcpy)
                  c0f2cda0    000000a0                     : _printfi.obj (.text:_pconv_f)
                  c0f2ce40    000000a0                     : lowlev.obj (.text:finddevice)
                  c0f2cee0    000000a0     hal_timer_bios.ae674 : lltimer.oe674 (.text:llTimerTick)
                  c0f2cf80    000000a0     rts6740_elf.lib : lowlev.obj (.text:lseek)
                  c0f2d020    000000a0     bk_fr_c6748_pe674.oe674 (.text:malloc)
                  c0f2d0c0    000000a0     rts6740_elf.lib : memcpy64.obj (.text:memcpy)
                  c0f2d160    000000a0     sysbios.ae674 : BIOS.obj (.text:ti_sysbios_heaps_HeapMem_init__I)
                  c0f2d200    000000a0     bk_fr_c6748_pe674.oe674 (.text:ti_sysbios_knl_Clock_Object__create__S)
                  c0f2d2a0    000000a0     sysbios.ae674 : BIOS.obj (.text:ti_sysbios_knl_Idle_run__E)
                  c0f2d340    000000a0     bk_fr_c6748_pe674.oe674 (.text:ti_sysbios_knl_Semaphore_Object__create__S)
                  c0f2d3e0    000000a0     sysbios.ae674 : BIOS.obj (.text:ti_sysbios_knl_Task_deleteTerminatedTasksFunc__I)
                  c0f2d480    000000a0     bk_fr_c6748_pe674.oe674 (.text:ti_sysbios_xdcruntime_SemThreadSupport_Object__create__S)
                  c0f2d520    000000a0     rts6740_elf.lib : lowlev.obj (.text:write)
                  c0f2d5c0    000000a0     ti.targets.rts6000.ae674 : Assert.oe674 (.text:xdc_runtime_Assert_raise__I)
                  c0f2d660    00000080     rts6740_elf.lib : fixdu.obj (.text:__c6xabi_fixdu)
                  c0f2d6e0    00000080                     : llshift.obj (.text:__c6xabi_llshl)
                  c0f2d760    00000080     sysbios.ae674 : c62_TaskSupport_asm.obj (.text:_ti_sysbios_family_c62_TaskSupport_swap__E)
                  c0f2d7e0    00000080     edma3_lld_rm.ae674 : edma3resmgr.oe674 (.text:edma3MemZero)
                  c0f2d860    00000080                        : edma3resmgr.oe674 (.text:edma3ParamCpy)
                  c0f2d8e0    00000080     fr_uart.obj (.text)
                  c0f2d960    00000080     mathlib.ae674 : divdp.oe674 (.text:optasm)
                  c0f2d9e0    00000080     rts6740_elf.lib : rand.obj (.text:rand)
                  c0f2da60    00000080                     : trgmsg.obj (.text:readmsg)
                  c0f2dae0    00000080     bk_fr_c6748_pe674.oe674 (.text:ti_sdo_utils_List_Object__create__S)
                  c0f2db60    00000080     bk_fr_c6748_pe674.oe674 (.text:ti_sysbios_BIOS_exitFunc__I)
                  c0f2dbe0    00000080     sysbios.ae674 : BIOS.obj (.text:ti_sysbios_family_c62_TaskSupport_start__E)
                  c0f2dc60    00000080     bk_fr_c6748_pe674.oe674 (.text:ti_sysbios_gates_GateHwi_Object__create__S)
                  c0f2dce0    00000080     bk_fr_c6748_pe674.oe674 (.text:ti_sysbios_gates_GateMutex_Object__create__S)
                  c0f2dd60    00000080     bk_fr_c6748_pe674.oe674 (.text:ti_sysbios_heaps_HeapMem_Object__create__S)
                  c0f2dde0    00000080     sysbios.ae674 : BIOS.obj (.text:ti_sysbios_knl_Clock_Module_startup__F)
                  c0f2de60    00000080     bk_fr_c6748_pe674.oe674 (.text:ti_sysbios_knl_Clock_doTick__I)
                  c0f2dee0    00000080     sysbios.ae674 : BIOS.obj (.text:ti_sysbios_knl_Clock_getTicks__E)
                  c0f2df60    00000080     bk_fr_c6748_pe674.oe674 (.text:ti_sysbios_knl_Queue_Object__create__S)
                  c0f2dfe0    00000080     sysbios.ae674 : BIOS.obj (.text:ti_sysbios_knl_Swi_startup__E)
                  c0f2e060    00000080                   : BIOS.obj (.text:ti_sysbios_knl_Task_restore__E)
                  c0f2e0e0    00000080                   : BIOS.obj (.text:ti_sysbios_timers_timer64_Timer_getCount__E)
                  c0f2e160    00000080                   : BIOS.obj (.text:ti_sysbios_timers_timer64_Timer_getPeriod__E)
                  c0f2e1e0    00000080                   : BIOS.obj (.text:ti_sysbios_xdcruntime_SemThreadSupport_Instance_init__F)
                  c0f2e260    00000080     rts6740_elf.lib : lowlev.obj (.text:unlink)
                  c0f2e2e0    00000080     ti.targets.rts6000.ae674 : Core-label.oe674 (.text:xdc_runtime_Core_assignLabel__I)
                  c0f2e360    00000080                              : Core-params.oe674 (.text:xdc_runtime_Core_assignParams__I)
                  c0f2e3e0    00000080                              : System.oe674 (.text:xdc_runtime_System_atexit__F)
                  c0f2e460    00000080                              : System.oe674 (.text:xdc_runtime_System_rtsExit__I)
                  c0f2e4e0    00000080                              : Text.oe674 (.text:xdc_runtime_Text_printVisFxn__I)
                  c0f2e560    00000080                              : Text.oe674 (.text:xdc_runtime_Text_xprintf__I)
                  c0f2e5e0    00000080                              : SemThread.oe674 (.text:xdc_runtime_knl_SemThread_Instance_init__F)
                  c0f2e660    00000060     rts6740_elf.lib : assert.obj (.text:__c6xabi_abort_msg)
                  c0f2e6c0    00000060                     : imath64.obj (.text:_subcull)
                  c0f2e720    00000060     edma3_lld_drv_sample.ae674 : sample_cs.oe674 (.text:edma3OsSemCreate)
                  c0f2e780    00000060                                : sample_cs.oe674 (.text:edma3OsSemTake)
                  c0f2e7e0    00000060     rts6740_elf.lib : memccpy.obj (.text:memccpy)
                  c0f2e840    00000060     bk_fr_c6748_pe674.oe674 (.text:ti_ndk_config_Global_stackThread)
                  c0f2e8a0    00000060     bk_fr_c6748_pe674.oe674 (.text:ti_sdo_utils_List_Object__delete__S)
                  c0f2e900    00000060     sysbios.ae674 : BIOS.obj (.text:ti_sysbios_BIOS_registerRTSLock__I)
                  c0f2e960    00000060                   : BIOS.obj (.text:ti_sysbios_family_c64p_Cache_setMar__E)
                  c0f2e9c0    00000060                   : BIOS.obj (.text:ti_sysbios_family_c64p_Cache_setSize__E)
                  c0f2ea20    00000060                   : BIOS.obj (.text:ti_sysbios_family_c64p_EventCombiner_Module_startup__F)
                  c0f2ea80    00000060                   : BIOS.obj (.text:ti_sysbios_family_c64p_EventCombiner_dispatchPlug__F)
                  c0f2eae0    00000060                   : BIOS.obj (.text:ti_sysbios_family_c64p_Exception_Module_startup__F)
                  c0f2eb40    00000060                   : BIOS.obj (.text:ti_sysbios_family_c64p_primus_TimerSupport_enable__E)
                  c0f2eba0    00000060     bk_fr_c6748_pe674.oe674 (.text:ti_sysbios_gates_GateHwi_Handle__label__S)
                  c0f2ec00    00000060     bk_fr_c6748_pe674.oe674 (.text:ti_sysbios_gates_GateHwi_Object__delete__S)
                  c0f2ec60    00000060     bk_fr_c6748_pe674.oe674 (.text:ti_sysbios_gates_GateMutex_Handle__label__S)
                  c0f2ecc0    00000060     sysbios.ae674 : BIOS.obj (.text:ti_sysbios_gates_GateMutex_Instance_init__F)
                  c0f2ed20    00000060     bk_fr_c6748_pe674.oe674 (.text:ti_sysbios_gates_GateMutex_Object__delete__S)
                  c0f2ed80    00000060     sysbios.ae674 : BIOS.obj (.text:ti_sysbios_hal_Hwi_checkStack:ti_sysbios_hal_Hwi_checkStack)
                  c0f2ede0    00000060                   : BIOS.obj (.text:ti_sysbios_hal_Hwi_initStack:ti_sysbios_hal_Hwi_initStack)
                  c0f2ee40    00000060     bk_fr_c6748_pe674.oe674 (.text:ti_sysbios_heaps_HeapMem_Handle__label__S)
                  c0f2eea0    00000060     bk_fr_c6748_pe674.oe674 (.text:ti_sysbios_heaps_HeapMem_Object__delete__S)
                  c0f2ef00    00000060     bk_fr_c6748_pe674.oe674 (.text:ti_sysbios_knl_Queue_Object__delete__S)
                  c0f2ef60    00000060     bk_fr_c6748_pe674.oe674 (.text:ti_sysbios_knl_Semaphore_Object__delete__S)
                  c0f2efc0    00000060     sysbios.ae674 : BIOS.obj (.text:ti_sysbios_knl_Semaphore_pendTimeout__I)
                  c0f2f020    00000060                   : BIOS.obj (.text:ti_sysbios_knl_Swi_Module_startup__F)
                  c0f2f080    00000060     bk_fr_c6748_pe674.oe674 (.text:ti_sysbios_knl_Swi_Object__delete__S)
                  c0f2f0e0    00000060     bk_fr_c6748_pe674.oe674 (.text:ti_sysbios_knl_Task_Object__delete__S)
                  c0f2f140    00000060     sysbios.ae674 : BIOS.obj (.text:ti_sysbios_knl_Task_enter__I)
                  c0f2f1a0    00000060                   : BIOS.obj (.text:ti_sysbios_knl_Task_getMode__E)
                  c0f2f200    00000060     bk_fr_c6748_pe674.oe674 (.text:ti_sysbios_xdcruntime_SemThreadSupport_Object__delete__S)
                  c0f2f260    00000060     rts6740_elf.lib : trgmsg.obj (.text:writemsg)
                  c0f2f2c0    00000060     ti.targets.rts6000.ae674 : Memory.oe674 (.text:xdc_runtime_Memory_calloc__F)
                  c0f2f320    00000060                              : SysStd.oe674 (.text:xdc_runtime_SysStd_abort__F)
                  c0f2f380    00000060                              : System.oe674 (.text:xdc_runtime_System_avprintf__F)
                  c0f2f3e0    00000060                              : System.oe674 (.text:xdc_runtime_System_vprintf__F)
                  c0f2f440    00000060                              : Text.oe674 (.text:xdc_runtime_Text_cordText__F)
                  c0f2f4a0    00000060     bk_fr_c6748_pe674.oe674 (.text:xdc_runtime_knl_SemThread_Handle__label__S)
                  c0f2f500    00000060     bk_fr_c6748_pe674.oe674 (.text:xdc_runtime_knl_SemThread_Object__delete__S)
                  c0f2f560    00000060     bk_fr_c6748_pe674.oe674 (.text:xdc_runtime_knl_SyncSemThread_Handle__label__S)
                  c0f2f5c0    00000060     ti.targets.rts6000.ae674 : SyncSemThread.oe674 (.text:xdc_runtime_knl_SyncSemThread_Instance_init__F)
                  c0f2f620    00000060     bk_fr_c6748_pe674.oe674 (.text:xdc_runtime_knl_SyncSemThread_Object__delete__S)
                  c0f2f680    00000040     os.ae674 : task.oe674 (.text:NDK_hookCreate)
                  c0f2f6c0    00000040     rts6740_elf.lib : frcmpyd_div.obj (.text:__c6xabi_frcmpyd_div)
                  c0f2f700    00000040                     : isinf.obj (.text:__c6xabi_isinf)
                  c0f2f740    00000040                     : _printfi.obj (.text:__c6xabi_isnan)
                  c0f2f780    00000040                     : llshift.obj (.text:__c6xabi_llshru)
                  c0f2f7c0    00000040                     : strasg.obj (.text:__strasgi_64plus)
                  c0f2f800    00000040                     : args_main.obj (.text:_args_main)
                  c0f2f840    00000040     sysbios.ae674 : c62_TaskSupport_asm.obj (.text:_ti_sysbios_family_c62_TaskSupport_buildTaskStack)
                  c0f2f880    00000040                   : c64p_Hwi_asm_switch.obj (.text:_ti_sysbios_family_xxx_Hwi_switchToIsrStack)
                  c0f2f8c0    00000040     edma3_lld_drv_sample.ae674 : sample_cs.oe674 (.text:edma3OsSemGive)
                  c0f2f900    00000040     bk_fr_c6748_pe674.oe674 (.text:free)
                  c0f2f940    00000040     edma3_lld_rm.ae674 : edma3resmgr.oe674 (.text:lisrEdma3CCErrHandler0)
                  c0f2f980    00000040                        : edma3resmgr.oe674 (.text:lisrEdma3ComplHandler0)
                  c0f2f9c0    00000040                        : edma3resmgr.oe674 (.text:lisrEdma3TC0ErrHandler0)
                  c0f2fa00    00000040                        : edma3resmgr.oe674 (.text:lisrEdma3TC1ErrHandler0)
                  c0f2fa40    00000040                        : edma3resmgr.oe674 (.text:lisrEdma3TC2ErrHandler0)
                  c0f2fa80    00000040                        : edma3resmgr.oe674 (.text:lisrEdma3TC3ErrHandler0)
                  c0f2fac0    00000040                        : edma3resmgr.oe674 (.text:lisrEdma3TC4ErrHandler0)
                  c0f2fb00    00000040                        : edma3resmgr.oe674 (.text:lisrEdma3TC5ErrHandler0)
                  c0f2fb40    00000040                        : edma3resmgr.oe674 (.text:lisrEdma3TC6ErrHandler0)
                  c0f2fb80    00000040                        : edma3resmgr.oe674 (.text:lisrEdma3TC7ErrHandler0)
                  c0f2fbc0    00000040     sysbios.ae674 : BIOS.obj (.text:rtsLock$0)
                  c0f2fc00    00000040     utils.ae674 : UTILS.obj (.text:ti_sdo_utils_List_get__E)
                  c0f2fc40    00000040                 : UTILS.obj (.text:ti_sdo_utils_List_put__E)
                  c0f2fc80    00000040     bk_fr_c6748_pe674.oe674 (.text:ti_sysbios_BIOS_startFunc__I)
                  c0f2fcc0    00000040     sysbios.ae674 : BIOS.obj (.text:ti_sysbios_family_c64p_EventCombiner_disableEvent__F)
                  c0f2fd00    00000040                   : BIOS.obj (.text:ti_sysbios_family_c64p_EventCombiner_enableEvent__F)
                  c0f2fd40    00000040                   : BIOS.obj (.text:ti_sysbios_family_c64p_EventCombiner_unused__F)
                  c0f2fd80    00000040     bk_fr_c6748_pe674.oe674 (.text:ti_sysbios_family_c64p_Hwi_Module__startupDone__F)
                  c0f2fdc0    00000040     sysbios.ae674 : BIOS.obj (.text:ti_sysbios_family_c64p_Hwi_disableInterrupt__E)
                  c0f2fe00    00000040                   : BIOS.obj (.text:ti_sysbios_family_c64p_Hwi_enableIER__E)
                  c0f2fe40    00000040                   : BIOS.obj (.text:ti_sysbios_family_c64p_Hwi_enableInterrupt__E)
                  c0f2fe80    00000040                   : BIOS.obj (.text:ti_sysbios_gates_GateMutex_leave__E)
                  c0f2fec0    00000040     bk_fr_c6748_pe674.oe674 (.text:ti_sysbios_hal_Timer_Module__startupDone__F)
                  c0f2ff00    00000040     bk_fr_c6748_pe674.oe674 (.text:ti_sysbios_heaps_HeapMem_Object__get__S)
                  c0f2ff40    00000040     bk_fr_c6748_pe674.oe674 (.text:ti_sysbios_io_DEV_Object__get__S)
                  c0f2ff80    00000040     sysbios.ae674 : BIOS.obj (.text:ti_sysbios_io_GIO_control__E)
                  c0f2ffc0    00000040     bk_fr_c6748_pe674.oe674 (.text:ti_sysbios_knl_Clock_Object__destruct__S)
                  c0f30000    00000040     sysbios.ae674 : BIOS.obj (.text:ti_sysbios_knl_Queue_get__E)
                  c0f30040    00000040                   : BIOS.obj (.text:ti_sysbios_knl_Queue_put__E)
                  c0f30080    00000040     bk_fr_c6748_pe674.oe674 (.text:ti_sysbios_knl_Semaphore_Object__destruct__S)
                  c0f300c0    00000040     edma3_lld_drv_sample.ae674 : sample_cs.oe674 (.text:ti_sysbios_knl_Semaphore_create)
                  c0f30100    00000040     bk_fr_c6748_pe674.oe674 (.text:ti_sysbios_knl_Swi_Object__get__S)
                  c0f30140    00000040     bk_fr_c6748_pe674.oe674 (.text:ti_sysbios_knl_Task_Object__get__S)
                  c0f30180    00000040     sysbios.ae674 : BIOS.obj (.text:ti_sysbios_knl_Task_sleepTimeout__I)
                  c0f301c0    00000040     bk_fr_c6748_pe674.oe674 (.text:ti_sysbios_timers_timer64_Timer_Module__startupDone__F)
                  c0f30200    00000040     sysbios.ae674 : BIOS.obj (.text:ti_sysbios_xdcruntime_SemThreadSupport_post__F)
                  c0f30240    00000040     ti.targets.rts6000.ae674 : Error.oe674 (.text:xdc_runtime_Error_check__F)
                  c0f30280    00000040                              : Error.oe674 (.text:xdc_runtime_Error_init__F)
                  c0f302c0    00000040                              : Memory.oe674 (.text:xdc_runtime_Memory_free__F)
                  c0f30300    00000040                              : Registry.oe674 (.text:xdc_runtime_Registry_findById__F)
                  c0f30340    00000040                              : System.oe674 (.text:xdc_runtime_System_abort__F)
                  c0f30380    00000040     bk_fr_c6748_pe674.oe674 (.text:xdc_runtime_System_aprintf__E)
                  c0f303c0    00000040     bk_fr_c6748_pe674.oe674 (.text:xdc_runtime_System_printf__E)
                  c0f30400    00000040     ti.targets.rts6000.ae674 : Text.oe674 (.text:xdc_runtime_Text_ropeText__F)
                  c0f30440    00000040                              : SemThread.oe674 (.text:xdc_runtime_knl_SemThread_Instance_finalize__F)
                  c0f30480    00000040                              : SyncSemThread.oe674 (.text:xdc_runtime_knl_SyncSemThread_Instance_finalize__F)
                  c0f304c0    00000040                              : SyncSemThread.oe674 (.text:xdc_runtime_knl_SyncSemThread_wait__F)
                  c0f30500    00000020     hal_userled_stub.ae674 : llled.oe674 (.text:LED_TOGGLE)
                  c0f30520    00000020     os.ae674 : task.oe674 (.text:NDK_hookInit)
                  c0f30540    00000020              : semaphore.oe674 (.text:SemPost)
                  c0f30560    00000020     rts6740_elf.lib : errno.obj (.text:__c6xabi_errno_addr)
                  c0f30580    00000020                     : negll.obj (.text:__c6xabi_negll)
                  c0f305a0    00000020                     : dtor_list.obj (.text:__cxa_atexit)
                  c0f305c0    00000020                     : dtor_list.obj (.text:__cxa_ia64_exit)
                  c0f305e0    00000020     ti.targets.rts6000.ae674 : xdc_noinit.oe674 (.text:__xdc__init)
                  c0f30600    00000020     rts6740_elf.lib : _lock.obj (.text:_nop)
                  c0f30620    00000020                     : fprintf.obj (.text:_outc)
                  c0f30640    00000020                     : printf.obj (.text:_outc)
                  c0f30660    00000020                     : fprintf.obj (.text:_outs)
                  c0f30680    00000020                     : printf.obj (.text:_outs)
                  c0f306a0    00000020                     : _lock.obj (.text:_register_lock)
                  c0f306c0    00000020                     : _lock.obj (.text:_register_unlock)
                  c0f306e0    00000020     sysbios.ae674 : c62_TaskSupport_asm.obj (.text:_ti_sysbios_family_c62_TaskSupport_glue)
                  c0f30700    00000020                   : c64p_Hwi_asm_switch.obj (.text:_ti_sysbios_family_xxx_Hwi_switchToTaskStack)
                  c0f30720    00000020     rts6740_elf.lib : exit.obj (.text:abort)
                  c0f30740    00000020                     : dtor_list.obj (.text:atexit)
                  c0f30760    00000020                     : copy_decompress_none.obj (.text:decompress:none:__TI_decompress_none)
                  c0f30780    00000020                     : copy_decompress_rle.obj (.text:decompress:rle24:__TI_decompress_rle24)
                  c0f307a0    00000020     edma3_lld_drv_sample.ae674 : sample_c6748_cfg.oe674 (.text:determineProcId)
                  c0f307c0    00000020     evminit.obj (.text)
                  c0f307e0    00000020     edma3_lld_drv_sample.ae674 : sample_c6748_cfg.oe674 (.text:isGblConfigRequired)
                  c0f30800    00000020     mathlib.ae674 : powdp.oe674 (.text)
                  c0f30820    00000020     sysbios.ae674 : BIOS.obj (.text:nullFunc$0)
                  c0f30840    00000020     rts6740_elf.lib : fputc.obj (.text:putc)
                  c0f30860    00000020                     : fputc.obj (.text:putchar)
                  c0f30880    00000020     utils.ae674 : UTILS.obj (.text:ti_sdo_utils_List_Instance_init__F)
                  c0f308a0    00000020     bk_fr_c6748_pe674.oe674 (.text:ti_sdo_utils_List_Params__init__S)
                  c0f308c0    00000020     utils.ae674 : UTILS.obj (.text:ti_sdo_utils_List_empty__E)
                  c0f308e0    00000020                 : UTILS.obj (.text:ti_sdo_utils_List_next__E)
                  c0f30900    00000020     bk_fr_c6748_pe674.oe674 (.text:ti_sysbios_BIOS_RtsGateProxy_enter__E)
                  c0f30920    00000020     bk_fr_c6748_pe674.oe674 (.text:ti_sysbios_BIOS_RtsGateProxy_leave__E)
                  c0f30940    00000020     sysbios.ae674 : BIOS.obj (.text:ti_sysbios_BIOS_getThreadType__E)
                  c0f30960    00000020                   : BIOS.obj (.text:ti_sysbios_BIOS_setThreadType__E)
                  c0f30980    00000020                   : BIOS.obj (.text:ti_sysbios_BIOS_start__E)
                  c0f309a0    00000020     bk_fr_c6748_pe674.oe674 (.text:ti_sysbios_family_c62_TaskSupport_Module__startupDone__S)
                  c0f309c0    00000020     sysbios.ae674 : BIOS.obj (.text:ti_sysbios_family_c62_TaskSupport_checkStack__E)
                  c0f309e0    00000020                   : BIOS.obj (.text:ti_sysbios_family_c62_TaskSupport_getStackAlignment__E)
                  c0f30a00    00000020                   : BIOS.obj (.text:ti_sysbios_family_c64p_Cache_inv__E)
                  c0f30a20    00000020                   : BIOS.obj (.text:ti_sysbios_family_c64p_Cache_wbInv__E)
                  c0f30a40    00000020                   : BIOS.obj (.text:ti_sysbios_family_c64p_Cache_wb__E)
                  c0f30a60    00000020                   : BIOS.obj (.text:ti_sysbios_family_c64p_Hwi_clearInterrupt__E)
                  c0f30a80    00000020                   : BIOS.obj (.text:ti_sysbios_family_c64p_Hwi_startup__E)
                  c0f30aa0    00000020                   : BIOS.obj (.text:ti_sysbios_family_c64p_Hwi_switchFromBootStack__E)
                  c0f30ac0    00000020                   : BIOS.obj (.text:ti_sysbios_family_c64p_TimestampProvider_Module_startup__F)
                  c0f30ae0    00000020                   : BIOS.obj (.text:ti_sysbios_family_c64p_TimestampProvider_get32__E)
                  c0f30b00    00000020                   : BIOS.obj (.text:ti_sysbios_gates_GateHwi_Instance_init__F)
                  c0f30b20    00000020                   : BIOS.obj (.text:ti_sysbios_gates_GateHwi_enter__E)
                  c0f30b40    00000020                   : BIOS.obj (.text:ti_sysbios_gates_GateHwi_leave__E)
                  c0f30b60    00000020                   : BIOS.obj (.text:ti_sysbios_gates_GateHwi_query__F)
                  c0f30b80    00000020                   : BIOS.obj (.text:ti_sysbios_gates_GateMutex_Instance_finalize__F)
                  c0f30ba0    00000020                   : BIOS.obj (.text:ti_sysbios_gates_GateMutex_query__F)
                  c0f30bc0    00000020     bk_fr_c6748_pe674.oe674 (.text:ti_sysbios_hal_Hwi_HwiProxy_Module__startupDone__S)
                  c0f30be0    00000020     sysbios.ae674 : BIOS.obj (.text:ti_sysbios_hal_Hwi_Module_startup__F)
                  c0f30c00    00000020                   : BIOS.obj (.text:ti_sysbios_hal_Timer_Module_startup__F)
                  c0f30c20    00000020     bk_fr_c6748_pe674.oe674 (.text:ti_sysbios_hal_Timer_TimerProxy_Module__startupDone__S)
                  c0f30c40    00000020     bk_fr_c6748_pe674.oe674 (.text:ti_sysbios_hal_Timer_TimerProxy_getExpiredCounts__E)
                  c0f30c60    00000020     bk_fr_c6748_pe674.oe674 (.text:ti_sysbios_hal_Timer_TimerProxy_getPeriod__E)
                  c0f30c80    00000020     bk_fr_c6748_pe674.oe674 (.text:ti_sysbios_hal_Timer_TimerProxy_setNextTick__E)
                  c0f30ca0    00000020     bk_fr_c6748_pe674.oe674 (.text:ti_sysbios_heaps_HeapMem_Module_GateProxy_enter__E)
                  c0f30cc0    00000020     bk_fr_c6748_pe674.oe674 (.text:ti_sysbios_heaps_HeapMem_Module_GateProxy_leave__E)
                  c0f30ce0    00000020     sysbios.ae674 : BIOS.obj (.text:ti_sysbios_heaps_HeapMem_isBlocking__E)
                  c0f30d00    00000020                   : BIOS.obj (.text:ti_sysbios_io_DEV_getDevp__E)
                  c0f30d20    00000020                   : BIOS.obj (.text:ti_sysbios_io_DEV_getFxns__E)
                  c0f30d40    00000020     bk_fr_c6748_pe674.oe674 (.text:ti_sysbios_io_GIO_Params__init__S)
                  c0f30d60    00000020     bk_fr_c6748_pe674.oe674 (.text:ti_sysbios_knl_Clock_Params__init__S)
                  c0f30d80    00000020     sysbios.ae674 : BIOS.obj (.text:ti_sysbios_knl_Idle_loop__E)
                  c0f30da0    00000020                   : BIOS.obj (.text:ti_sysbios_knl_Queue_Instance_init__F)
                  c0f30dc0    00000020     bk_fr_c6748_pe674.oe674 (.text:ti_sysbios_knl_Queue_Object__destruct__S)
                  c0f30de0    00000020     bk_fr_c6748_pe674.oe674 (.text:ti_sysbios_knl_Queue_Object__get__S)
                  c0f30e00    00000020     sysbios.ae674 : BIOS.obj (.text:ti_sysbios_knl_Queue_empty__E)
                  c0f30e20    00000020                   : BIOS.obj (.text:ti_sysbios_knl_Queue_head__E)
                  c0f30e40    00000020                   : BIOS.obj (.text:ti_sysbios_knl_Queue_next__E)
                  c0f30e60    00000020                   : BIOS.obj (.text:ti_sysbios_knl_Queue_remove__E)
                  c0f30e80    00000020                   : BIOS.obj (.text:ti_sysbios_knl_Semaphore_Instance_finalize__F)
                  c0f30ea0    00000020     bk_fr_c6748_pe674.oe674 (.text:ti_sysbios_knl_Semaphore_Params__init__S)
                  c0f30ec0    00000020     edma3_lld_drv_sample.ae674 : sample_init.oe674 (.text:ti_sysbios_knl_Semaphore_Params_init)
                  c0f30ee0    00000020     bk_fr_c6748_pe674.oe674 (.text:ti_sysbios_knl_Swi_Params__init__S)
                  c0f30f00    00000020     sysbios.ae674 : BIOS.obj (.text:ti_sysbios_knl_Swi_disable__E)
                  c0f30f20    00000020     bk_fr_c6748_pe674.oe674 (.text:ti_sysbios_knl_Task_Object__first__S)
                  c0f30f40    00000020     bk_fr_c6748_pe674.oe674 (.text:ti_sysbios_knl_Task_Object__next__S)
                  c0f30f60    00000020     bk_fr_c6748_pe674.oe674 (.text:ti_sysbios_knl_Task_Params__init__S)
                  c0f30f80    00000020     bk_fr_c6748_pe674.oe674 (.text:ti_sysbios_knl_Task_SupportProxy_Module__startupDone__S)
                  c0f30fa0    00000020     sysbios.ae674 : BIOS.obj (.text:ti_sysbios_knl_Task_disable__E)
                  c0f30fc0    00000020                   : BIOS.obj (.text:ti_sysbios_knl_Task_enable__E)
                  c0f30fe0    00000020                   : BIOS.obj (.text:ti_sysbios_knl_Task_getPri__E)
                  c0f31000    00000020                   : BIOS.obj (.text:ti_sysbios_knl_Task_self__E)
                  c0f31020    00000020                   : BIOS.obj (.text:ti_sysbios_knl_Task_setHookContext__E)
                  c0f31040    00000020                   : BIOS.obj (.text:ti_sysbios_knl_Task_startup__E)
                  c0f31060    00000020                   : BIOS.obj (.text:ti_sysbios_timers_timer64_Timer_setNextTick__E)
                  c0f31080    00000020                   : BIOS.obj (.text:ti_sysbios_xdcruntime_SemThreadSupport_Instance_finalize__F)
                  c0f310a0    00000020     bk_fr_c6748_pe674.oe674 (.text:ti_sysbios_xdcruntime_SemThreadSupport_Params__init__S)
                  c0f310c0    00000020     ti.targets.rts6000.ae674 : Gate.oe674 (.text:xdc_runtime_Gate_enterSystem__F)
                  c0f310e0    00000020                              : Gate.oe674 (.text:xdc_runtime_Gate_leaveSystem__F)
                  c0f31100    00000020     bk_fr_c6748_pe674.oe674 (.text:xdc_runtime_IHeap_alloc)
                  c0f31120    00000020     bk_fr_c6748_pe674.oe674 (.text:xdc_runtime_IHeap_free)
                  c0f31140    00000020     bk_fr_c6748_pe674.oe674 (.text:xdc_runtime_Memory_HeapProxy_alloc__E)
                  c0f31160    00000020     bk_fr_c6748_pe674.oe674 (.text:xdc_runtime_Memory_HeapProxy_free__E)
                  c0f31180    00000020     bk_fr_c6748_pe674.oe674 (.text:xdc_runtime_Startup_exec__I)
                  c0f311a0    00000020     bk_fr_c6748_pe674.oe674 (.text:xdc_runtime_Startup_reset__I)
                  c0f311c0    00000020     ti.targets.rts6000.ae674 : SysStd.oe674 (.text:xdc_runtime_SysStd_exit__F)
                  c0f311e0    00000020                              : SysStd.oe674 (.text:xdc_runtime_SysStd_putch__F)
                  c0f31200    00000020                              : SysStd.oe674 (.text:xdc_runtime_SysStd_ready__F)
                  c0f31220    00000020     bk_fr_c6748_pe674.oe674 (.text:xdc_runtime_System_Module_GateProxy_enter__E)
                  c0f31240    00000020     bk_fr_c6748_pe674.oe674 (.text:xdc_runtime_System_Module_GateProxy_leave__E)
                  c0f31260    00000020     ti.targets.rts6000.ae674 : System.oe674 (.text:xdc_runtime_System_Module_startup__F)
                  c0f31280    00000020                              : System.oe674 (.text:xdc_runtime_System_exit__F)
                  c0f312a0    00000020                              : System.oe674 (.text:xdc_runtime_System_lastFxn__I)
                  c0f312c0    00000020                              : System.oe674 (.text:xdc_runtime_System_vsprintf__F)
                  c0f312e0    00000020     bk_fr_c6748_pe674.oe674 (.text:xdc_runtime_Text_visitRope__I)
                  c0f31300    00000020     bk_fr_c6748_pe674.oe674 (.text:xdc_runtime_knl_ISync_signal)
                  c0f31320    00000020     bk_fr_c6748_pe674.oe674 (.text:xdc_runtime_knl_ISync_wait)
                  c0f31340    00000020     bk_fr_c6748_pe674.oe674 (.text:xdc_runtime_knl_SemThread_Params__init__S)
                  c0f31360    00000020     bk_fr_c6748_pe674.oe674 (.text:xdc_runtime_knl_SemThread_Proxy_Object__create__S)
                  c0f31380    00000020     bk_fr_c6748_pe674.oe674 (.text:xdc_runtime_knl_SemThread_Proxy_Object__delete__S)
                  c0f313a0    00000020     bk_fr_c6748_pe674.oe674 (.text:xdc_runtime_knl_SemThread_Proxy_Params__init__S)
                  c0f313c0    00000020     bk_fr_c6748_pe674.oe674 (.text:xdc_runtime_knl_SemThread_Proxy_pend__E)
                  c0f313e0    00000020     bk_fr_c6748_pe674.oe674 (.text:xdc_runtime_knl_SemThread_Proxy_post__E)
                  c0f31400    00000020     ti.targets.rts6000.ae674 : SemThread.oe674 (.text:xdc_runtime_knl_SemThread_pend__F)
                  c0f31420    00000020                              : SemThread.oe674 (.text:xdc_runtime_knl_SemThread_post__F)
                  c0f31440    00000020                              : SyncSemThread.oe674 (.text:xdc_runtime_knl_SyncSemThread_query__F)
                  c0f31460    00000020                              : SyncSemThread.oe674 (.text:xdc_runtime_knl_SyncSemThread_signal__F)
                  c0f31480    00000020     bk_fr_c6748_pe674.oe674 (.text:xdc_runtime_knl_Sync_Proxy_signal__E)
                  c0f314a0    00000020     bk_fr_c6748_pe674.oe674 (.text:xdc_runtime_knl_Sync_Proxy_wait__E)

.const     0    c0f314c0    00009f3a     
                  c0f314c0    00002b6c     Vpif.obj (.const:.string)
                  c0f3402c    00000004     ti.targets.rts6000.ae674 : Assert.oe674 (.const:.string)
                  c0f34030    0000166a     bk_fr_c6748_pe674.oe674 (.const:xdc_runtime_Text_charTab__A)
                  c0f3569a    00000002     --HOLE-- [fill = 0]
                  c0f3569c    00000d6c     Uart.obj (.const:.string)
                  c0f36408    00000b48     I2c.obj (.const:.string)
                  c0f36f50    000009c4     Spi.obj (.const:.string)
                  c0f37914    00000740     MT9V024.obj (.const:.string)
                  c0f38054    00000540     Spi_edma.obj (.const:.string)
                  c0f38594    00000530     CodecInterface.obj (.const:.string)
                  c0f38ac4    00000500     sysbios.ae674 : BIOS.obj (.const:.string)
                  c0f38fc4    00000004     bk_fr_c6748_pe674.oe674 (.const:ti_sysbios_BIOS_Module__diagsEnabled__C)
                  c0f38fc8    00000390     Vpif.obj (.const:ch0Params)
                  c0f39358    00000380     edma3_lld_rm.ae674 : edma3resmgr.oe674 (.const)
                  c0f396d8    00000378     I2c_edma.obj (.const:.string)
                  c0f39a50    000002a8     Uart_edma.obj (.const:.string)
                  c0f39cf8    00000260     taskImageInput.obj (.const:.string)
                  c0f39f58    00000110     bk_fr_c6748_pe674.oe674 (.const:xdc_runtime_Text_nodeTab__A)
                  c0f3a068    00000101     rts6740_elf.lib : ctype.obj (.const:.string:_ctypes_)
                  c0f3a169    00000003                     : assert.obj (.const:.string)
                  c0f3a16c    000000e8     Gpio.obj (.const:.string)
                  c0f3a254    000000d8     Spi.obj (.const)
                  c0f3a32c    000000b0     edma3_lld_drv.ae674 : edma3_drv_basic.oe674 (.const)
                  c0f3a3dc    00000004     bk_fr_c6748_pe674.oe674 (.const:ti_sysbios_BIOS_Module__diagsIncluded__C)
                  c0f3a3e0    00000098     Vpif.obj (.const:ch1Params)
                  c0f3a478    00000098     Vpif.obj (.const:ch2Params)
                  c0f3a510    0000008c     Uart.obj (.const)
                  c0f3a59c    00000084     taskSpi.obj (.const:.string)
                  c0f3a620    00000084     edma3_lld_drv.ae674 : edma3_drv_init.oe674 (.const)
                  c0f3a6a4    00000074     taskImageProcess.obj (.const:.string)
                  c0f3a718    00000068     fr_main.obj (.const:.string)
                  c0f3a780    00000067     bk_fr_c6748_pe674.oe674 (.const:.string)
                  c0f3a7e7    00000001     --HOLE-- [fill = 0]
                  c0f3a7e8    00000058     ti.targets.rts6000.ae674 : Error.oe674 (.const:.string)
                  c0f3a840    00000054     I2c.obj (.const)
                  c0f3a894    00000050     Vpif.obj (.const)
                  c0f3a8e4    0000004c     taskUartMaster.obj (.const:.string)
                  c0f3a930    00000048     Psc.obj (.const:.string)
                  c0f3a978    00000044     CodecInterface.obj (.const)
                  c0f3a9bc    00000040     ti.targets.rts6000.ae674 : Text.oe674 (.const:.string)
                  c0f3a9fc    00000040     I2c_edma.obj (.const)
                  c0f3aa3c    00000040     Spi_edma.obj (.const)
                  c0f3aa7c    00000040     Uart_edma.obj (.const)
                  c0f3aabc    0000003c     bk_fr_c6748_pe674.oe674 (.const:ti_sysbios_knl_Task_Object__PARAMS__C)
                  c0f3aaf8    00000034     bk_fr_c6748_pe674.oe674 (.const:xdc_runtime_Startup_sfxnTab__A)
                  c0f3ab2c    00000004     bk_fr_c6748_pe674.oe674 (.const:ti_sysbios_BIOS_Module__diagsMask__C)
                  c0f3ab30    00000030     bk_fr_c6748_pe674.oe674 (.const:ti_sysbios_knl_Task_hooks__A)
                  c0f3ab60    0000002c     ti.targets.rts6000.ae674 : Startup.oe674 (.const:.string)
                  c0f3ab8c    0000002c     taskImageInput.obj (.const)
                  c0f3abb8    0000002c     bk_fr_c6748_pe674.oe674 (.const:ti_sysbios_io_GIO_Object__PARAMS__C)
                  c0f3abe4    00000028     bk_fr_c6748_pe674.oe674 (.const:ti_sysbios_heaps_HeapMem_Module__FXNS__C)
                  c0f3ac0c    00000028     bk_fr_c6748_pe674.oe674 (.const:ti_sysbios_knl_Swi_Object__PARAMS__C)
                  c0f3ac34    00000024     bk_fr_c6748_pe674.oe674 (.const:ti_sysbios_gates_GateHwi_Module__FXNS__C)
                  c0f3ac58    00000024     bk_fr_c6748_pe674.oe674 (.const:ti_sysbios_gates_GateMutex_Module__FXNS__C)
                  c0f3ac7c    00000024     bk_fr_c6748_pe674.oe674 (.const:ti_sysbios_heaps_HeapMem_Object__PARAMS__C)
                  c0f3aca0    00000024     bk_fr_c6748_pe674.oe674 (.const:ti_sysbios_knl_Clock_Object__PARAMS__C)
                  c0f3acc4    00000024     bk_fr_c6748_pe674.oe674 (.const:ti_sysbios_knl_Semaphore_Object__PARAMS__C)
                  c0f3ace8    00000024     bk_fr_c6748_pe674.oe674 (.const:xdc_runtime_knl_SyncSemThread_Module__FXNS__C)
                  c0f3ad0c    00000023     rts6740_elf.lib : _printfi.obj (.const:.string)
                  c0f3ad2f    00000001     --HOLE-- [fill = 0]
                  c0f3ad30    00000020     ti.targets.rts6000.ae674 : Core-mem.oe674 (.const:.string)
                  c0f3ad50    00000020     bk_fr_c6748_pe674.oe674 (.const:ti_sdo_utils_List_Object__DESC__C)
                  c0f3ad70    00000020     bk_fr_c6748_pe674.oe674 (.const:ti_sysbios_gates_GateHwi_Object__DESC__C)
                  c0f3ad90    00000020     bk_fr_c6748_pe674.oe674 (.const:ti_sysbios_gates_GateMutex_Object__DESC__C)
                  c0f3adb0    00000020     bk_fr_c6748_pe674.oe674 (.const:ti_sysbios_heaps_HeapMem_Object__DESC__C)
                  c0f3add0    00000020     bk_fr_c6748_pe674.oe674 (.const:ti_sysbios_io_GIO_Object__DESC__C)
                  c0f3adf0    00000020     bk_fr_c6748_pe674.oe674 (.const:ti_sysbios_knl_Clock_Object__DESC__C)
                  c0f3ae10    00000020     bk_fr_c6748_pe674.oe674 (.const:ti_sysbios_knl_Queue_Object__DESC__C)
                  c0f3ae30    00000020     bk_fr_c6748_pe674.oe674 (.const:ti_sysbios_knl_Semaphore_Object__DESC__C)
                  c0f3ae50    00000020     bk_fr_c6748_pe674.oe674 (.const:ti_sysbios_knl_Swi_Object__DESC__C)
                  c0f3ae70    00000020     bk_fr_c6748_pe674.oe674 (.const:ti_sysbios_knl_Task_Object__DESC__C)
                  c0f3ae90    00000020     bk_fr_c6748_pe674.oe674 (.const:ti_sysbios_xdcruntime_SemThreadSupport_Object__DESC__C)
                  c0f3aeb0    00000020     bk_fr_c6748_pe674.oe674 (.const:xdc_runtime_knl_SemThread_Module__FXNS__C)
                  c0f3aed0    00000020     bk_fr_c6748_pe674.oe674 (.const:xdc_runtime_knl_SemThread_Object__DESC__C)
                  c0f3aef0    00000020     bk_fr_c6748_pe674.oe674 (.const:xdc_runtime_knl_SyncSemThread_Object__DESC__C)
                  c0f3af10    0000001c     bk_fr_c6748_pe674.oe674 (.const:ti_sysbios_xdcruntime_SemThreadSupport_Object__PARAMS__C)
                  c0f3af2c    0000001c     bk_fr_c6748_pe674.oe674 (.const:xdc_runtime_knl_SemThread_Object__PARAMS__C)
                  c0f3af48    0000001a     bk_fr_c6748_pe674.oe674 (.const:xdc_runtime_Startup_sfxnRts__A)
                  c0f3af62    00000002     --HOLE-- [fill = 0]
                  c0f3af64    00000018     taskImageConnectDomain.obj (.const:.string)
                  c0f3af7c    00000018     taskImageConnectDomain.obj (.const)
                  c0f3af94    00000018     bk_fr_c6748_pe674.oe674 (.const:ti_sdo_utils_List_Object__PARAMS__C)
                  c0f3afac    00000018     bk_fr_c6748_pe674.oe674 (.const:ti_sysbios_gates_GateHwi_Object__PARAMS__C)
                  c0f3afc4    00000018     bk_fr_c6748_pe674.oe674 (.const:ti_sysbios_gates_GateMutex_Object__PARAMS__C)
                  c0f3afdc    00000018     bk_fr_c6748_pe674.oe674 (.const:ti_sysbios_knl_Queue_Object__PARAMS__C)
                  c0f3aff4    00000018     bk_fr_c6748_pe674.oe674 (.const:xdc_runtime_knl_SyncSemThread_Object__PARAMS__C)
                  c0f3b00c    00000004     bk_fr_c6748_pe674.oe674 (.const:ti_sysbios_BIOS_installedErrorHook__C)
                  c0f3b010    00000015     MT9V024.obj (.const:$P$T0$1)
                  c0f3b025    00000003     --HOLE-- [fill = 0]
                  c0f3b028    00000014     MT9V024.obj (.const:.string:$P$T1$3)
                  c0f3b03c    00000004     bk_fr_c6748_pe674.oe674 (.const:ti_sysbios_family_c62_TaskSupport_stackAlignment__C)
                  c0f3b040    00000011     ti.targets.rts6000.ae674 : System.oe674 (.const:digtohex)
                  c0f3b051    00000003     --HOLE-- [fill = 0]
                  c0f3b054    00000004     bk_fr_c6748_pe674.oe674 (.const:ti_sysbios_family_c64p_Cache_EMIFA_BASE__C)
                  c0f3b058    00000010     bk_fr_c6748_pe674.oe674 (.const:ti_sysbios_family_c64p_EventCombiner_EVTMASK__C)
                  c0f3b068    0000000c     bk_fr_c6748_pe674.oe674 (.const:ti_sysbios_family_c64p_Cache_initSize__C)
                  c0f3b074    00000008     taskTimer.obj (.const:.string)
                  c0f3b07c    00000008     ti.targets.rts6000.ae674 : System.oe674 (.const:.string)
                  c0f3b084    00000004     bk_fr_c6748_pe674.oe674 (.const:ti_sysbios_family_c64p_Cache_EMIFA_CFG__C)
                  c0f3b088    00000008     bk_fr_c6748_pe674.oe674 (.const:ti_sysbios_knl_Idle_coreList__A)
                  c0f3b090    00000008     bk_fr_c6748_pe674.oe674 (.const:ti_sysbios_knl_Idle_coreList__C)
                  c0f3b098    00000008     bk_fr_c6748_pe674.oe674 (.const:ti_sysbios_knl_Idle_funcList__A)
                  c0f3b0a0    00000008     bk_fr_c6748_pe674.oe674 (.const:ti_sysbios_knl_Idle_funcList__C)
                  c0f3b0a8    00000008     bk_fr_c6748_pe674.oe674 (.const:ti_sysbios_knl_Task_hooks__C)
                  c0f3b0b0    00000008     bk_fr_c6748_pe674.oe674 (.const:xdc_runtime_Startup_firstFxns__A)
                  c0f3b0b8    00000008     bk_fr_c6748_pe674.oe674 (.const:xdc_runtime_Startup_firstFxns__C)
                  c0f3b0c0    00000008     bk_fr_c6748_pe674.oe674 (.const:xdc_runtime_Startup_lastFxns__C)
                  c0f3b0c8    00000004     bk_fr_c6748_pe674.oe674 (.const:ti_sysbios_family_c64p_Cache_EMIFA_LENGTH__C)
                  c0f3b0cc    00000004     bk_fr_c6748_pe674.oe674 (.const:ti_sysbios_family_c64p_Cache_EMIFB_BASE__C)
                  c0f3b0d0    00000004     bk_fr_c6748_pe674.oe674 (.const:ti_sysbios_family_c64p_Cache_EMIFB_CFG__C)
                  c0f3b0d4    00000004     bk_fr_c6748_pe674.oe674 (.const:ti_sysbios_family_c64p_Cache_EMIFB_LENGTH__C)
                  c0f3b0d8    00000004     bk_fr_c6748_pe674.oe674 (.const:ti_sysbios_family_c64p_Cache_EMIFC_BASE__C)
                  c0f3b0dc    00000004     bk_fr_c6748_pe674.oe674 (.const:ti_sysbios_family_c64p_Cache_EMIFC_CFG__C)
                  c0f3b0e0    00000004     bk_fr_c6748_pe674.oe674 (.const:ti_sysbios_family_c64p_Cache_EMIFC_LENGTH__C)
                  c0f3b0e4    00000004     bk_fr_c6748_pe674.oe674 (.const:ti_sysbios_family_c64p_Cache_MAR0_31__C)
                  c0f3b0e8    00000004     bk_fr_c6748_pe674.oe674 (.const:ti_sysbios_family_c64p_Cache_MAR128_159__C)
                  c0f3b0ec    00000004     bk_fr_c6748_pe674.oe674 (.const:ti_sysbios_family_c64p_Cache_MAR160_191__C)
                  c0f3b0f0    00000004     bk_fr_c6748_pe674.oe674 (.const:ti_sysbios_family_c64p_Cache_MAR192_223__C)
                  c0f3b0f4    00000004     bk_fr_c6748_pe674.oe674 (.const:ti_sysbios_family_c64p_Cache_MAR224_255__C)
                  c0f3b0f8    00000004     bk_fr_c6748_pe674.oe674 (.const:ti_sysbios_family_c64p_Cache_MAR32_63__C)
                  c0f3b0fc    00000004     bk_fr_c6748_pe674.oe674 (.const:ti_sysbios_family_c64p_Cache_MAR64_95__C)
                  c0f3b100    00000004     bk_fr_c6748_pe674.oe674 (.const:ti_sysbios_family_c64p_Cache_MAR96_127__C)
                  c0f3b104    00000004     bk_fr_c6748_pe674.oe674 (.const:ti_sysbios_family_c64p_EventCombiner_E_unpluggedEvent__C)
                  c0f3b108    00000004     bk_fr_c6748_pe674.oe674 (.const:ti_sysbios_family_c64p_Exception_E_exceptionMin__C)
                  c0f3b10c    00000004     bk_fr_c6748_pe674.oe674 (.const:ti_sysbios_family_c64p_Exception_exceptionHook__C)
                  c0f3b110    00000004     bk_fr_c6748_pe674.oe674 (.const:ti_sysbios_family_c64p_Exception_externalHook__C)
                  c0f3b114    00000004     bk_fr_c6748_pe674.oe674 (.const:ti_sysbios_family_c64p_Exception_internalHook__C)
                  c0f3b118    00000004     bk_fr_c6748_pe674.oe674 (.const:ti_sysbios_family_c64p_Exception_nmiHook__C)
                  c0f3b11c    00000004     bk_fr_c6748_pe674.oe674 (.const:ti_sysbios_family_c64p_Hwi_LD_end__C)
                  c0f3b120    00000004     bk_fr_c6748_pe674.oe674 (.const:ti_sysbios_family_c64p_Hwi_LM_begin__C)
                  c0f3b124    00000004     bk_fr_c6748_pe674.oe674 (.const:ti_sysbios_family_c64p_Hwi_Module__diagsEnabled__C)
                  c0f3b128    00000004     bk_fr_c6748_pe674.oe674 (.const:ti_sysbios_family_c64p_Hwi_Module__diagsIncluded__C)
                  c0f3b12c    00000004     bk_fr_c6748_pe674.oe674 (.const:ti_sysbios_family_c64p_Hwi_Module__diagsMask__C)
                  c0f3b130    00000004     bk_fr_c6748_pe674.oe674 (.const:ti_sysbios_family_c64p_Hwi_Module__loggerFxn1__C)
                  c0f3b134    00000004     bk_fr_c6748_pe674.oe674 (.const:ti_sysbios_family_c64p_Hwi_Module__loggerFxn8__C)
                  c0f3b138    00000004     bk_fr_c6748_pe674.oe674 (.const:ti_sysbios_family_c64p_Hwi_Module__loggerObj__C)
                  c0f3b13c    00000004     bk_fr_c6748_pe674.oe674 (.const:ti_sysbios_gates_GateMutex_A_badContext__C)
                  c0f3b140    00000004     bk_fr_c6748_pe674.oe674 (.const:ti_sysbios_gates_GateMutex_Instance_State_sem__O)
                  c0f3b144    00000004     bk_fr_c6748_pe674.oe674 (.const:ti_sysbios_gates_GateMutex_Module__diagsEnabled__C)
                  c0f3b148    00000004     bk_fr_c6748_pe674.oe674 (.const:ti_sysbios_gates_GateMutex_Module__diagsIncluded__C)
                  c0f3b14c    00000004     bk_fr_c6748_pe674.oe674 (.const:ti_sysbios_gates_GateMutex_Module__diagsMask__C)
                  c0f3b150    00000004     bk_fr_c6748_pe674.oe674 (.const:ti_sysbios_hal_Hwi_E_stackOverflow__C)
                  c0f3b154    00000004     bk_fr_c6748_pe674.oe674 (.const:ti_sysbios_heaps_HeapMem_A_align__C)
                  c0f3b158    00000004     bk_fr_c6748_pe674.oe674 (.const:ti_sysbios_heaps_HeapMem_A_heapSize__C)
                  c0f3b15c    00000004     bk_fr_c6748_pe674.oe674 (.const:ti_sysbios_heaps_HeapMem_A_invalidFree__C)
                  c0f3b160    00000004     bk_fr_c6748_pe674.oe674 (.const:ti_sysbios_heaps_HeapMem_A_zeroBlock__C)
                  c0f3b164    00000004     bk_fr_c6748_pe674.oe674 (.const:ti_sysbios_heaps_HeapMem_E_memory__C)
                  c0f3b168    00000004     bk_fr_c6748_pe674.oe674 (.const:ti_sysbios_heaps_HeapMem_Module__diagsEnabled__C)
                  c0f3b16c    00000004     bk_fr_c6748_pe674.oe674 (.const:ti_sysbios_heaps_HeapMem_Module__diagsIncluded__C)
                  c0f3b170    00000004     bk_fr_c6748_pe674.oe674 (.const:ti_sysbios_heaps_HeapMem_Module__diagsMask__C)
                  c0f3b174    00000004     bk_fr_c6748_pe674.oe674 (.const:ti_sysbios_heaps_HeapMem_Module__gateObj__C)
                  c0f3b178    00000004     bk_fr_c6748_pe674.oe674 (.const:ti_sysbios_heaps_HeapMem_Object__count__C)
                  c0f3b17c    00000004     bk_fr_c6748_pe674.oe674 (.const:ti_sysbios_heaps_HeapMem_reqAlign__C)
                  c0f3b180    00000004     bk_fr_c6748_pe674.oe674 (.const:ti_sysbios_io_DEV_Object__count__C)
                  c0f3b184    00000004     bk_fr_c6748_pe674.oe674 (.const:ti_sysbios_io_DEV_tableSize__C)
                  c0f3b188    00000004     bk_fr_c6748_pe674.oe674 (.const:ti_sysbios_io_GIO_A_badModel__C)
                  c0f3b18c    00000004     bk_fr_c6748_pe674.oe674 (.const:ti_sysbios_io_GIO_E_createFailed__C)
                  c0f3b190    00000004     bk_fr_c6748_pe674.oe674 (.const:ti_sysbios_io_GIO_E_notFound__C)
                  c0f3b194    00000004     bk_fr_c6748_pe674.oe674 (.const:ti_sysbios_io_GIO_Instance_State_doneList__O)
                  c0f3b198    00000004     bk_fr_c6748_pe674.oe674 (.const:ti_sysbios_io_GIO_Instance_State_freeList__O)
                  c0f3b19c    00000004     bk_fr_c6748_pe674.oe674 (.const:ti_sysbios_io_GIO_Module__diagsEnabled__C)
[...]
c0f30e80   ti_sysbios_knl_Semaphore_Instance_finalize__F
c0f30ea0   ti_sysbios_knl_Semaphore_Params__init__S
c0f30ee0   ti_sysbios_knl_Swi_Params__init__S
c0f30f00   ti_sysbios_knl_Swi_disable__E
c0f30f20   ti_sysbios_knl_Task_Object__first__S
c0f30f40   ti_sysbios_knl_Task_Object__next__S
c0f30f60   ti_sysbios_knl_Task_Params__init__S
c0f30f80   ti_sysbios_knl_Task_SupportProxy_Module__startupDone__S
c0f30fa0   ti_sysbios_knl_Task_disable__E
c0f30fc0   ti_sysbios_knl_Task_enable__E
c0f30fe0   ti_sysbios_knl_Task_getPri__E
c0f31000   ti_sysbios_knl_Task_self__E
c0f31020   ti_sysbios_knl_Task_setHookContext__E
c0f31040   ti_sysbios_knl_Task_startup__E
c0f31060   ti_sysbios_timers_timer64_Timer_setNextTick__E
c0f31080   ti_sysbios_xdcruntime_SemThreadSupport_Instance_finalize__F
c0f310a0   ti_sysbios_xdcruntime_SemThreadSupport_Params__init__S
c0f310c0   xdc_runtime_Gate_enterSystem__E
c0f310c0   xdc_runtime_Gate_enterSystem__F
c0f310e0   xdc_runtime_Gate_leaveSystem__E
c0f310e0   xdc_runtime_Gate_leaveSystem__F
c0f31140   xdc_runtime_Memory_HeapProxy_alloc__E
c0f31160   xdc_runtime_Memory_HeapProxy_free__E
c0f31180   xdc_runtime_Startup_exec__I
c0f311a0   xdc_runtime_Startup_reset__I
c0f311c0   xdc_runtime_SysStd_exit__E
c0f311c0   xdc_runtime_SysStd_exit__F
c0f311c0   xdc_runtime_System_SupportProxy_exit__E
c0f311e0   xdc_runtime_SysStd_putch__E
c0f311e0   xdc_runtime_SysStd_putch__F
c0f311e0   xdc_runtime_System_SupportProxy_putch__E
c0f31200   xdc_runtime_SysStd_ready__E
c0f31200   xdc_runtime_SysStd_ready__F
c0f31200   xdc_runtime_System_SupportProxy_ready__E
c0f31220   xdc_runtime_System_Module_GateProxy_enter__E
c0f31240   xdc_runtime_System_Module_GateProxy_leave__E
c0f31260   xdc_runtime_System_Module_startup__E
c0f31260   xdc_runtime_System_Module_startup__F
c0f31280   xdc_runtime_System_exit__E
c0f31280   xdc_runtime_System_exit__F
c0f312a0   xdc_runtime_System_lastFxn__I
c0f312c0   NDK_vsprintf
c0f312c0   xdc_runtime_System_sprintf_va__E
c0f312c0   xdc_runtime_System_sprintf_va__F
c0f312c0   xdc_runtime_System_vsprintf__E
c0f312c0   xdc_runtime_System_vsprintf__F
c0f312e0   xdc_runtime_Text_visitRope__I
c0f31340   xdc_runtime_knl_SemThread_Params__init__S
c0f31360   xdc_runtime_knl_SemThread_Proxy_Object__create__S
c0f31380   xdc_runtime_knl_SemThread_Proxy_Object__delete__S
c0f313a0   xdc_runtime_knl_SemThread_Proxy_Params__init__S
c0f313c0   xdc_runtime_knl_SemThread_Proxy_pend__E
c0f313e0   xdc_runtime_knl_SemThread_Proxy_post__E
c0f31400   xdc_runtime_knl_SemThread_pend__E
c0f31400   xdc_runtime_knl_SemThread_pend__F
c0f31420   xdc_runtime_knl_SemThread_post__E
c0f31420   xdc_runtime_knl_SemThread_post__F
c0f31440   xdc_runtime_knl_SyncSemThread_query__E
c0f31440   xdc_runtime_knl_SyncSemThread_query__F
c0f31460   xdc_runtime_knl_SyncSemThread_signal__E
c0f31460   xdc_runtime_knl_SyncSemThread_signal__F
c0f31480   xdc_runtime_knl_Sync_Proxy_signal__E
c0f31480   xdc_runtime_knl_Sync_signal__E
c0f31480   xdc_runtime_knl_Sync_signal__F
c0f314a0   xdc_runtime_knl_Sync_Proxy_wait__E
c0f314a0   xdc_runtime_knl_Sync_wait__E
c0f314a0   xdc_runtime_knl_Sync_wait__F
c0f34030   xdc_runtime_Text_charTab__A
c0f38fc4   ti_sysbios_BIOS_Module__diagsEnabled__C
c0f39f58   xdc_runtime_Text_nodeTab__A
c0f3a068   _ctypes_
c0f3a254   Spi_PARAMS
c0f3a3dc   ti_sysbios_BIOS_Module__diagsIncluded__C
c0f3a510   Uart_PARAMS
c0f3a54c   Uart_defaultRxChanParams
c0f3a550   Uart_defaultTxChanParams
c0f3a840   I2c_PARAMS
c0f3a86c   I2c_defaultRxIoParams
c0f3a874   I2c_defaultTxIoParams
c0f3a87c   I2c_IOMFXNS
c0f3a894   Vpif_PARAMS
c0f3aabc   ti_sysbios_knl_Task_Object__PARAMS__C
c0f3aaf8   xdc_runtime_Startup_sfxnTab__A
c0f3ab2c   ti_sysbios_BIOS_Module__diagsMask__C
c0f3ab30   ti_sysbios_knl_Task_hooks__A
c0f3abb8   ti_sysbios_io_GIO_Object__PARAMS__C
c0f3abe4   ti_sysbios_heaps_HeapMem_Module__FXNS__C
c0f3ac0c   ti_sysbios_knl_Swi_Object__PARAMS__C
c0f3ac34   ti_sysbios_gates_GateHwi_Module__FXNS__C
c0f3ac58   ti_sysbios_gates_GateMutex_Module__FXNS__C
c0f3ac7c   ti_sysbios_heaps_HeapMem_Object__PARAMS__C
c0f3aca0   ti_sysbios_knl_Clock_Object__PARAMS__C
c0f3acc4   ti_sysbios_knl_Semaphore_Object__PARAMS__C
c0f3ace8   xdc_runtime_knl_SyncSemThread_Module__FXNS__C
c0f3ad50   ti_sdo_utils_List_Object__DESC__C
c0f3ad70   ti_sysbios_gates_GateHwi_Object__DESC__C
c0f3ad90   ti_sysbios_gates_GateMutex_Object__DESC__C
c0f3adb0   ti_sysbios_heaps_HeapMem_Object__DESC__C
c0f3add0   ti_sysbios_io_GIO_Object__DESC__C
c0f3adf0   ti_sysbios_knl_Clock_Object__DESC__C
c0f3ae10   ti_sysbios_knl_Queue_Object__DESC__C
c0f3ae30   ti_sysbios_knl_Semaphore_Object__DESC__C
c0f3ae50   ti_sysbios_knl_Swi_Object__DESC__C
c0f3ae70   ti_sysbios_knl_Task_Object__DESC__C
c0f3ae90   ti_sysbios_xdcruntime_SemThreadSupport_Object__DESC__C
c0f3aeb0   xdc_runtime_knl_SemThread_Module__FXNS__C
c0f3aed0   xdc_runtime_knl_SemThread_Object__DESC__C
c0f3aef0   xdc_runtime_knl_SyncSemThread_Object__DESC__C
c0f3af10   ti_sysbios_xdcruntime_SemThreadSupport_Object__PARAMS__C
c0f3af2c   xdc_runtime_knl_SemThread_Object__PARAMS__C
c0f3af48   xdc_runtime_Startup_sfxnRts__A
c0f3af94   ti_sdo_utils_List_Object__PARAMS__C
c0f3afac   ti_sysbios_gates_GateHwi_Object__PARAMS__C
c0f3afc4   ti_sysbios_gates_GateMutex_Object__PARAMS__C
c0f3afdc   ti_sysbios_knl_Queue_Object__PARAMS__C
c0f3aff4   xdc_runtime_knl_SyncSemThread_Object__PARAMS__C
c0f3b00c   ti_sysbios_BIOS_installedErrorHook__C
c0f3b03c   ti_sysbios_family_c62_TaskSupport_stackAlignment__C
c0f3b054   ti_sysbios_family_c64p_Cache_EMIFA_BASE__C
c0f3b058   ti_sysbios_family_c64p_EventCombiner_EVTMASK__C
c0f3b068   ti_sysbios_family_c64p_Cache_initSize__C
c0f3b084   ti_sysbios_family_c64p_Cache_EMIFA_CFG__C
c0f3b088   ti_sysbios_knl_Idle_coreList__A
c0f3b090   ti_sysbios_knl_Idle_coreList__C
c0f3b098   ti_sysbios_knl_Idle_funcList__A
c0f3b0a0   ti_sysbios_knl_Idle_funcList__C
c0f3b0a8   ti_sysbios_knl_Task_hooks__C
c0f3b0b0   xdc_runtime_Startup_firstFxns__A
c0f3b0b8   xdc_runtime_Startup_firstFxns__C
c0f3b0c0   xdc_runtime_Startup_lastFxns__C
c0f3b0c8   ti_sysbios_family_c64p_Cache_EMIFA_LENGTH__C
c0f3b0cc   ti_sysbios_family_c64p_Cache_EMIFB_BASE__C
c0f3b0d0   ti_sysbios_family_c64p_Cache_EMIFB_CFG__C
c0f3b0d4   ti_sysbios_family_c64p_Cache_EMIFB_LENGTH__C
c0f3b0d8   ti_sysbios_family_c64p_Cache_EMIFC_BASE__C
c0f3b0dc   ti_sysbios_family_c64p_Cache_EMIFC_CFG__C
c0f3b0e0   ti_sysbios_family_c64p_Cache_EMIFC_LENGTH__C
c0f3b0e4   ti_sysbios_family_c64p_Cache_MAR0_31__C
c0f3b0e8   ti_sysbios_family_c64p_Cache_MAR128_159__C
c0f3b0ec   ti_sysbios_family_c64p_Cache_MAR160_191__C
c0f3b0f0   ti_sysbios_family_c64p_Cache_MAR192_223__C
c0f3b0f4   ti_sysbios_family_c64p_Cache_MAR224_255__C
c0f3b0f8   ti_sysbios_family_c64p_Cache_MAR32_63__C
c0f3b0fc   ti_sysbios_family_c64p_Cache_MAR64_95__C
c0f3b100   ti_sysbios_family_c64p_Cache_MAR96_127__C
c0f3b104   ti_sysbios_family_c64p_EventCombiner_E_unpluggedEvent__C
c0f3b108   ti_sysbios_family_c64p_Exception_E_exceptionMin__C
c0f3b10c   ti_sysbios_family_c64p_Exception_exceptionHook__C
c0f3b110   ti_sysbios_family_c64p_Exception_externalHook__C
c0f3b114   ti_sysbios_family_c64p_Exception_internalHook__C
c0f3b118   ti_sysbios_family_c64p_Exception_nmiHook__C
c0f3b11c   ti_sysbios_family_c64p_Hwi_LD_end__C
c0f3b120   ti_sysbios_family_c64p_Hwi_LM_begin__C
c0f3b124   ti_sysbios_family_c64p_Hwi_Module__diagsEnabled__C
c0f3b128   ti_sysbios_family_c64p_Hwi_Module__diagsIncluded__C
c0f3b12c   ti_sysbios_family_c64p_Hwi_Module__diagsMask__C
c0f3b130   ti_sysbios_family_c64p_Hwi_Module__loggerFxn1__C
c0f3b134   ti_sysbios_family_c64p_Hwi_Module__loggerFxn8__C
c0f3b138   ti_sysbios_family_c64p_Hwi_Module__loggerObj__C
c0f3b13c   ti_sysbios_gates_GateMutex_A_badContext__C
c0f3b140   ti_sysbios_gates_GateMutex_Instance_State_sem__O
c0f3b144   ti_sysbios_gates_GateMutex_Module__diagsEnabled__C
c0f3b148   ti_sysbios_gates_GateMutex_Module__diagsIncluded__C
c0f3b14c   ti_sysbios_gates_GateMutex_Module__diagsMask__C
c0f3b150   ti_sysbios_hal_Hwi_E_stackOverflow__C
c0f3b154   ti_sysbios_heaps_HeapMem_A_align__C
c0f3b158   ti_sysbios_heaps_HeapMem_A_heapSize__C
c0f3b15c   ti_sysbios_heaps_HeapMem_A_invalidFree__C
c0f3b160   ti_sysbios_heaps_HeapMem_A_zeroBlock__C
c0f3b164   ti_sysbios_heaps_HeapMem_E_memory__C
c0f3b168   ti_sysbios_heaps_HeapMem_Module__diagsEnabled__C
c0f3b16c   ti_sysbios_heaps_HeapMem_Module__diagsIncluded__C
c0f3b170   ti_sysbios_heaps_HeapMem_Module__diagsMask__C
c0f3b174   ti_sysbios_heaps_HeapMem_Module__gateObj__C
c0f3b178   ti_sysbios_heaps_HeapMem_Object__count__C
c0f3b17c   ti_sysbios_heaps_HeapMem_reqAlign__C
c0f3b180   ti_sysbios_io_DEV_Object__count__C
c0f3b184   ti_sysbios_io_DEV_tableSize__C
c0f3b188   ti_sysbios_io_GIO_A_badModel__C
c0f3b18c   ti_sysbios_io_GIO_E_createFailed__C
c0f3b190   ti_sysbios_io_GIO_E_notFound__C
c0f3b194   ti_sysbios_io_GIO_Instance_State_doneList__O
c0f3b198   ti_sysbios_io_GIO_Instance_State_freeList__O
c0f3b19c   ti_sysbios_io_GIO_Module__diagsEnabled__C
c0f3b1a0   ti_sysbios_io_GIO_Module__diagsIncluded__C
c0f3b1a4   ti_sysbios_io_GIO_Module__diagsMask__C
c0f3b1a8   ti_sysbios_knl_Clock_A_badThreadType__C
c0f3b1ac   ti_sysbios_knl_Clock_LM_begin__C
c0f3b1b0   ti_sysbios_knl_Clock_LM_tick__C
c0f3b1b4   ti_sysbios_knl_Clock_LW_delayed__C
c0f3b1b8   ti_sysbios_knl_Clock_Module_State_clockQ__O
c0f3b1bc   ti_sysbios_knl_Clock_Module__diagsEnabled__C
c0f3b1c0   ti_sysbios_knl_Clock_Module__diagsIncluded__C
c0f3b1c4   ti_sysbios_knl_Clock_Module__diagsMask__C
c0f3b1c8   ti_sysbios_knl_Clock_Module__loggerFxn1__C
c0f3b1cc   ti_sysbios_knl_Clock_Module__loggerFxn2__C
c0f3b1d0   ti_sysbios_knl_Clock_Module__loggerObj__C
c0f3b1d4   ti_sysbios_knl_Clock_tickMode__C
c0f3b1d8   ti_sysbios_knl_Clock_tickPeriod__C
c0f3b1dc   ti_sysbios_knl_Clock_tickSource__C
c0f3b1e0   ti_sysbios_knl_Semaphore_A_badContext__C
c0f3b1e4   ti_sysbios_knl_Semaphore_A_noEvents__C
c0f3b1e8   ti_sysbios_knl_Semaphore_A_overflow__C
c0f3b1ec   ti_sysbios_knl_Semaphore_Instance_State_pendQ__O
c0f3b1f0   ti_sysbios_knl_Semaphore_LM_pend__C
c0f3b1f4   ti_sysbios_knl_Semaphore_LM_post__C
c0f3b1f8   ti_sysbios_knl_Semaphore_Module__diagsEnabled__C
c0f3b1fc   ti_sysbios_knl_Semaphore_Module__diagsIncluded__C
c0f3b200   ti_sysbios_knl_Semaphore_Module__diagsMask__C
c0f3b204   ti_sysbios_knl_Semaphore_Module__loggerFxn2__C
c0f3b208   ti_sysbios_knl_Semaphore_Module__loggerFxn4__C
c0f3b20c   ti_sysbios_knl_Semaphore_Module__loggerObj__C
c0f3b210   ti_sysbios_knl_Swi_A_badPriority__C
c0f3b214   ti_sysbios_knl_Swi_LD_end__C
c0f3b218   ti_sysbios_knl_Swi_LM_begin__C
c0f3b21c   ti_sysbios_knl_Swi_LM_post__C
c0f3b220   ti_sysbios_knl_Swi_Module__diagsEnabled__C
c0f3b224   ti_sysbios_knl_Swi_Module__diagsIncluded__C
c0f3b228   ti_sysbios_knl_Swi_Module__diagsMask__C
c0f3b22c   ti_sysbios_knl_Swi_Module__loggerFxn1__C
c0f3b230   ti_sysbios_knl_Swi_Module__loggerFxn4__C
c0f3b234   ti_sysbios_knl_Swi_Module__loggerObj__C
c0f3b238   ti_sysbios_knl_Swi_Object__count__C
c0f3b23c   ti_sysbios_knl_Task_A_badPriority__C
c0f3b240   ti_sysbios_knl_Task_A_badTaskState__C
c0f3b244   ti_sysbios_knl_Task_A_badThreadType__C
c0f3b248   ti_sysbios_knl_Task_A_badTimeout__C
c0f3b24c   ti_sysbios_knl_Task_A_noPendElem__C
c0f3b250   ti_sysbios_knl_Task_E_deleteNotAllowed__C
c0f3b254   ti_sysbios_knl_Task_E_spOutOfBounds__C
c0f3b258   ti_sysbios_knl_Task_E_stackOverflow__C
c0f3b25c   ti_sysbios_knl_Task_LD_block__C
c0f3b260   ti_sysbios_knl_Task_LD_exit__C
c0f3b264   ti_sysbios_knl_Task_LD_ready__C
c0f3b268   ti_sysbios_knl_Task_LM_sleep__C
c0f3b26c   ti_sysbios_knl_Task_LM_switch__C
c0f3b270   ti_sysbios_knl_Task_Module_State_inactiveQ__O
c0f3b274   ti_sysbios_knl_Task_Module_State_terminatedQ__O
c0f3b278   ti_sysbios_knl_Task_Module__diagsEnabled__C
c0f3b27c   ti_sysbios_knl_Task_Module__diagsIncluded__C
c0f3b280   ti_sysbios_knl_Task_Module__diagsMask__C
c0f3b284   ti_sysbios_knl_Task_Module__loggerFxn2__C
c0f3b288   ti_sysbios_knl_Task_Module__loggerFxn4__C
c0f3b28c   ti_sysbios_knl_Task_Module__loggerObj__C
c0f3b290   ti_sysbios_knl_Task_Object__count__C
c0f3b294   ti_sysbios_knl_Task_Object__heap__C
c0f3b298   ti_sysbios_knl_Task_allBlockedFunc__C
c0f3b29c   ti_sysbios_knl_Task_defaultStackHeap__C
c0f3b2a0   ti_sysbios_knl_Task_defaultStackSize__C
c0f3b2a4   ti_sysbios_knl_Task_numConstructedTasks__C
c0f3b2a8   ti_sysbios_knl_Task_numPriorities__C
c0f3b2ac   ti_sysbios_timers_timer64_Timer_A_notAvailable__C
c0f3b2b0   ti_sysbios_timers_timer64_Timer_E_cannotSupport__C
c0f3b2b4   ti_sysbios_timers_timer64_Timer_Module__diagsEnabled__C
c0f3b2b8   ti_sysbios_timers_timer64_Timer_Module__diagsIncluded__C
c0f3b2bc   ti_sysbios_timers_timer64_Timer_Module__diagsMask__C
c0f3b2c0   ti_sysbios_timers_timer64_Timer_anyMask__C
c0f3b2c4   ti_sysbios_timers_timer64_Timer_freqDivisor__C
c0f3b2c8   ti_sysbios_timers_timer64_Timer_numLocalTimers__C
c0f3b2cc   ti_sysbios_timers_timer64_Timer_numTimerDevices__C
c0f3b2d0   ti_sysbios_xdcruntime_SemThreadSupport_Instance_State_sem__O
c0f3b2d4   xdc_runtime_Assert_E_assertFailed__C
c0f3b2d8   xdc_runtime_Core_A_initializedParams__C
c0f3b2dc   xdc_runtime_Core_Module__diagsEnabled__C
c0f3b2e0   xdc_runtime_Core_Module__diagsIncluded__C
c0f3b2e4   xdc_runtime_Core_Module__diagsMask__C
c0f3b2e8   xdc_runtime_Error_E_generic__C
c0f3b2ec   xdc_runtime_Error_E_memory__C
c0f3b2f0   xdc_runtime_Error_Module__diagsEnabled__C
c0f3b2f4   xdc_runtime_Error_Module__diagsIncluded__C
c0f3b2f8   xdc_runtime_Error_Module__diagsMask__C
c0f3b2fc   xdc_runtime_Error_Module__loggerFxn8__C
c0f3b300   xdc_runtime_Error_Module__loggerObj__C
c0f3b304   xdc_runtime_Error_policy__C
c0f3b308   xdc_runtime_Error_raiseHook__C
c0f3b30c   xdc_runtime_IGateProvider_Interface__BASE__C
c0f3b310   xdc_runtime_IHeap_Interface__BASE__C
c0f3b314   xdc_runtime_IModule_Interface__BASE__C
c0f3b318   xdc_runtime_Log_L_error__C
c0f3b31c   xdc_runtime_Main_Module__diagsEnabled__C
c0f3b320   xdc_runtime_Main_Module__diagsIncluded__C
c0f3b324   xdc_runtime_Main_Module__diagsMask__C
c0f3b328   xdc_runtime_Main_Module__loggerFxn4__C
c0f3b32c   xdc_runtime_Main_Module__loggerObj__C
c0f3b330   xdc_runtime_Memory_defaultHeapInstance__C
c0f3b334   xdc_runtime_Startup_execImpl__C
c0f3b338   xdc_runtime_Startup_lastFxns__A
c0f3b33c   xdc_runtime_Startup_maxPasses__C
c0f3b340   xdc_runtime_Startup_sfxnRts__C
c0f3b344   xdc_runtime_Startup_sfxnTab__C
c0f3b348   xdc_runtime_System_Module__gateObj__C
c0f3b34c   xdc_runtime_System_extendFxn__C
c0f3b350   xdc_runtime_System_maxAtexitHandlers__C
c0f3b354   xdc_runtime_Text_charTab__C
c0f3b358   xdc_runtime_Text_nameEmpty__C
c0f3b35c   xdc_runtime_Text_nameStatic__C
c0f3b360   xdc_runtime_Text_nameUnknown__C
c0f3b364   xdc_runtime_Text_nodeTab__C
c0f3b368   xdc_runtime_Text_visitRopeFxn__C
c0f3b36c   xdc_runtime_knl_ISemaphore_Interface__BASE__C
c0f3b370   xdc_runtime_knl_ISync_Interface__BASE__C
c0f3b374   ti_sysbios_BIOS_Module__id__C
c0f3b37c   ti_sysbios_family_c64p_EventCombiner_Module__id__C
c0f3b384   ti_sysbios_family_c64p_Exception_Module__id__C
c0f3b388   ti_sysbios_family_c64p_Hwi_Module__id__C
c0f3b38c   ti_sysbios_family_c64p_Hwi_Module__loggerDefined__C
c0f3b390   ti_sysbios_gates_GateMutex_Module__id__C
c0f3b394   ti_sysbios_hal_Hwi_Module__id__C
c0f3b398   ti_sysbios_heaps_HeapMem_Module__id__C
c0f3b39c   ti_sysbios_io_DEV_Module__id__C
c0f3b3a0   ti_sysbios_io_GIO_Module__id__C
c0f3b3a4   ti_sysbios_knl_Clock_Module__id__C
c0f3b3a8   ti_sysbios_knl_Clock_Module__loggerDefined__C
c0f3b3ac   ti_sysbios_knl_Semaphore_Module__id__C
c0f3b3b0   ti_sysbios_knl_Semaphore_Module__loggerDefined__C
c0f3b3b4   ti_sysbios_knl_Swi_Module__id__C
c0f3b3b8   ti_sysbios_knl_Swi_Module__loggerDefined__C
c0f3b3bc   ti_sysbios_knl_Task_Module__id__C
c0f3b3c0   ti_sysbios_knl_Task_Module__loggerDefined__C
c0f3b3c4   ti_sysbios_knl_Task_deleteTerminatedTasks__C
c0f3b3c8   ti_sysbios_knl_Task_initStackFlag__C
c0f3b3cc   ti_sysbios_timers_timer64_Timer_Module__id__C
c0f3b3d0   ti_sysbios_timers_timer64_Timer_startupNeeded__C
c0f3b3d4   xdc_runtime_Core_Module__id__C
c0f3b3d8   xdc_runtime_Error_Module__loggerDefined__C
c0f3b3dc   xdc_runtime_Error_maxDepth__C
c0f3b3e0   xdc_runtime_Main_Module__id__C
c0f3b3e4   xdc_runtime_Main_Module__loggerDefined__C
c0f3b3e8   xdc_runtime_Memory_Module__id__C
c0f3b3ec   xdc_runtime_Text_charCnt__C
c0f3b3f0   xdc_runtime_Text_isLoaded__C
c0f3b3f4   xdc_runtime_Text_registryModsLastId__C
c0f3b3f8   xdc_runtime_Text_unnamedModsLastId__C
c0f3b400   ti_sysbios_family_c64p_Hwi0
c0f3b400   ti_sysbios_family_c64p_Hwi_int0
c0f3b420   ti_sysbios_family_c64p_Hwi_int1
c0f3b440   ti_sysbios_family_c64p_Hwi_int2
c0f3b460   ti_sysbios_family_c64p_Hwi_int3
c0f3b480   ti_sysbios_family_c64p_Hwi_int4
c0f3b4a0   ti_sysbios_family_c64p_Hwi_int5
c0f3b4c0   ti_sysbios_family_c64p_Hwi_int6
c0f3b4e0   ti_sysbios_family_c64p_Hwi_int7
c0f3b500   ti_sysbios_family_c64p_Hwi_int8
c0f3b520   ti_sysbios_family_c64p_Hwi_int9
c0f3b540   ti_sysbios_family_c64p_Hwi_int10
c0f3b560   ti_sysbios_family_c64p_Hwi_int11
c0f3b580   ti_sysbios_family_c64p_Hwi_int12
c0f3b5a0   ti_sysbios_family_c64p_Hwi_int13
c0f3b5c0   ti_sysbios_family_c64p_Hwi_int14
c0f3b5e0   ti_sysbios_family_c64p_Hwi_int15
c0f3b600   __TI_STATIC_BASE
c0f3b618   txFreeQ
c0f3b61c   txPendingQ
c0f3b63c   HwiUart1
c0f3b640   HwiUart2
c0f3b644   hEdma
c0f3b648   dsp_num
c0f3b64c   region_id
c0f3b650   uartMasterRxHandle
c0f3b654   uartMasterTxHandle
c0f3b65c   hs_Timer2In
c0f3b660   tempo_count3
c0f3b668   tempo_count1
c0f3b670   tempo_count2
c0f3b678   high_level_count
c0f3b680   high_level_ini
c0f3b688   high_level_buf
c0f3b690   Difference_AG_Tempo
c0f3b698   GLAM_Distance
c0f3b69a   ConnectDomain_Flag
c0f3b69c   mutex
c0f3b6a0   PWM_Control_Buf
c0f3b6a8   last_PWM_Control_Buf
c0f3b6b0   Heat_Control_Buf
c0f3b6b8   ntc_buf
c0f3b6c0   KD_Control_Buf
c0f3b6c8   pt100_buf
c0f3b6d0   KP
c0f3b6d8   KI
c0f3b6e0   KD
c0f3b6e8   Slope_High
c0f3b6f0   Slope_Low
c0f3b6f8   mul
c0f3b700   connect_domain_value
c0f3b708   equaList_count
c0f3b710   tempList_count
c0f3b718   Grahp_pair_count
c0f3b720   thread
c0f3b728   Run_Number
c0f3b730   label
c0f3b738   curRowIdx
c0f3b740   max_count
c0f3b748   connect_domain_tempo
c0f3b750   connect_domain_noise
c0f3b758   uartRegs1
c0f3b75c   uartRegs2
c0f3b760   c018_flag
c0f3b764   UART1_CmdStartChar_flag
c0f3b768   UART1_CmdReady_Flag
c0f3b76c   UART1_CmdCount
c0f3b770   tuichao1
c0f3b771   tuichao2
c0f3b774   UART2_CmdStartChar_flag
c0f3b778   UART2_CmdReady_Flag
c0f3b77c   UART2_CmdCount
c0f3b780   UART1_CmdReady_Flag_tim
c0f3b788   pktCount
c0f3b790   k
c0f3b798   Average_Gray
c0f3b7a0   Average_Gray_Tempo
c0f3b7c0   spiHandle
c0f3b7c8   tempo_temper
c0f3b7d0   ntc_for_control
c0f3b7d8   resMgrInstance
c0f3b7dc   userInitConfig
c0f3b7e0   ptrRMIArray
c0f3b7e4   ptrInitCfgArray
c0f3b7e8   syscfgRegs
c0f3b7ec   gpioRegs
c0f3b7f0   pwmRegs
c0f3b7f4   wathdogRegs
c0f3b7fc   edma3NumPaRAMSets
c0f3b80c   Uart_edmaChanNum
c0f3b810   Uart_dummyParamSetAddr
c0f3b820   count
c0f3b828   uart_count
c0f3b838   numEdma3Instances
c0f3b83c   numDsps
c0f3b840   EDMA3_MAX_RM_INSTANCES
c0f3bb40   __CIOBUF_
c0f3d364   __TI_Handler_Table_Base
c0f3d370   __TI_Handler_Table_Limit
c0f3d380   __TI_CINIT_Base
c0f3d3b0   __TI_CINIT_Limit
c3000000   my_boot
ffffffff   __TI_pprof_out_hndl
ffffffff   __TI_prof_data_size
ffffffff   __TI_prof_data_start
ffffffff   __binit__
ffffffff   __c_args__
ffffffff   binit
UNDEFED    __TI_INITARRAY_Base
UNDEFED    __TI_INITARRAY_Limit

[1173 symbols]
