******************************************************************************
               TMS320C6x Linker PC v7.4.1                      
******************************************************************************
>> Linked Thu Aug 07 15:52:07 2014

OUTPUT FILE NAME:   <gooao_fr_c6748.out>
ENTRY POINT SYMBOL: "_c_int00"  address: c080ec20


MEMORY CONFIGURATION

         name            origin    length      used     unused   attr    fill
----------------------  --------  ---------  --------  --------  ----  --------
  IROM                  11700000   00100000  00000000  00100000  R  X
  IRAM                  11800000   00020000  00000000  00020000  RW X
  E_RAM_CS2             60000000   01000000  00000000  01000000  RW  
  E_RAM_CS3             62000000   01000000  00000000  01000000  RW  
  E_RAM_CS4             64000000   01000000  00000000  01000000  RW  
  E_RAM_CS5             66000000   01000000  00000000  01000000  RW  
  L3_CBA_RAM            80000000   00020000  00001000  0001f000  RW X
  SN_PAR                c0000000   00180000  00000000  00180000  RW  
  DDR2_SN_PAR4          c0180000   00080000  00000000  00080000  RW  
  DDR2_RAM              c0200000   02d00000  0062007e  026dff82  RW X
  DDR2_USB              c2f00000   00100000  00000000  00100000  RW  
  App_Prog_START        c3000000   00000400  00000040  000003c0  RW X
  DDR                   c3000400   000ff000  00000000  000ff000  RW X
  Inf1                  c30ff400   00000100  00000000  00000100  RW  
  Inf2                  c30ff500   00000100  00000000  00000100  RW  
  Inf3                  c30ff600   00000100  00000000  00000100  RW  
  Inf4                  c30ff700   00000100  00000000  00000100  RW  
  Inf5                  c30ff800   00000800  00000000  00000800  RW  
  USBHOST_SRAM          c3280000   00080000  00000000  00080000  RW  
  DDR_EXT               c4000000   0c000000  00000000  0c000000  RW  


SEGMENT ALLOCATION MAP

run origin  load origin   length   init length attrs members
----------  ----------- ---------- ----------- ----- -------
80000000    80000000    00001000   00000000    rw-
  80000000    80000000    00001000   00000000    rw- .stack
c0200000    c0200000    005bb230   00000000    rw-
  c0200000    c0200000    005bb230   00000000    rw- .far
c07bb230    c07bb230    00000010   00000010    r--
  c07bb230    c07bb230    00000010   00000010    r-- .const.1
c07bb240    c07bb240    000622da   000622da    r-x
  c07bb240    c07bb240    0005cae0   0005cae0    r-x .text
  c0817d20    c0817d20    000057fa   000057fa    r-- .const.2
c081d520    c081d520    000013c4   000013c4    rw-
  c081d520    c081d520    000013c4   000013c4    rw- .fardata
c081e8e4    c081e8e4    00000318   00000318    r--
  c081e8e4    c081e8e4    00000318   00000318    r-- .switch.1
c081ec00    c081ec00    00000240   00000240    r-x
  c081ec00    c081ec00    00000200   00000200    r-x .vecs
  c081ee00    c081ee00    00000040   00000040    r-- .switch.2
c081ee40    c081ee40    000000c0   00000000    rw-
  c081ee40    c081ee40    000000c0   00000000    rw- .bss
c081ef00    c081ef00    00000240   00000240    rw-
  c081ef00    c081ef00    00000240   00000240    rw- .neardata
c081f140    c081f140    0000003c   0000003c    r--
  c081f140    c081f140    0000003c   0000003c    r-- .rodata
c081f17c    c081f17c    00000120   00000000    rw-
  c081f17c    c081f17c    00000120   00000000    rw- .cio
c081f29c    c081f29c    00000dec   00000dec    r--
  c081f29c    c081f29c    00000dec   00000dec    r-- .cinit
c3000000    c3000000    00000040   00000040    r-x
  c3000000    c3000000    00000040   00000040    r-x my_boot_sect


SECTION ALLOCATION MAP

 output                                  attributes/
section   page    origin      length       input sections
--------  ----  ----------  ----------   ----------------
.init_array 
*          0    c0200000    00000000     UNINITIALIZED

.stack     0    80000000    00001000     UNINITIALIZED
                  80000000    00000008     boot.ae674 : boot.oe674 (.stack)
                  80000008    00000ff8     --HOLE--

xdc.meta   0    c0200000    00000118     COPY SECTION
                  c0200000    00000118     gooao_fr_c6748_pe674.oe674 (xdc.meta)

.far       0    c0200000    005bb230     UNINITIALIZED
                  c0200000    004fdc40     taskImageInput.obj (.far)
                  c06fdc40    00000030     stk6_ppp_pppoe.ae674 : udp.oe674 (.far)
                  c06fdc70    00000010     netctrl.ae674 : netctrl.oe674 (.far)
                  c06fdc80    00052b00     stk6_ppp_pppoe.ae674 : pbm_data.oe674 (.far:NDK_PACKETMEM)
                  c0750780    00035a20     cppi41dma.obj (.far)
                  c07861a0    00020428     gooao_fr_c6748_pe674.oe674 (.far)
                  c07a65c8    0000c1c0     os.ae674 : mem_data.oe674 (.far:NDK_MMBUFFER)
                  c07b2788    00005800     gooao_fr_c6748_pe674.oe674 (.far:taskStackSection)
                  c07b7f88    00001618     ti.drv.omapl138.ae674 : ethdriver.oe674 (.far)
                  c07b95a0    00000660     nettool.ae674 : daemon.oe674 (.far)
                  c07b9c00    0000047c     ti.drv.omapl138.ae674 : csl_emac.oe674 (.far)
                  c07ba07c    00000004     stk6_ppp_pppoe.ae674 : rawethsock_pcb.oe674 (.far)
                  c07ba080    00000440     usbhostenum.obj (.far)
                  c07ba4c0    00000200     networkmain.obj (.far)
                  c07ba6c0    00000180     Upp.obj (.far)
                  c07ba840    00000140     rts6740_elf.lib : defs.obj (.far)
                  c07ba980    00000110     stk6_ppp_pppoe.ae674 : igmp.oe674 (.far)
                  c07baa90    00000100     Psc.obj (.far)
                  c07bab90    000000d8     netctrl.ae674 : netsrv.oe674 (.far)
                  c07bac68    000000c8     stk6_ppp_pppoe.ae674 : ipv6.oe674 (.far)
                  c07bad30    000000c4                          : tcp.oe674 (.far)
                  c07badf4    000000b8                          : tcp6in.oe674 (.far)
                  c07baeac    00000004     --HOLE--
                  c07baeb0    0000009c                          : icmp.oe674 (.far)
                  c07baf4c    00000004     --HOLE--
                  c07baf50    0000007c     os.ae674 : mem.oe674 (.far)
                  c07bafcc    00000068     stk6_ppp_pppoe.ae674 : ip.oe674 (.far)
                  c07bb034    00000064                          : nimu.oe674 (.far)
                  c07bb098    00000060     HT82V46A.obj (.far)
                  c07bb0f8    00000058     ti.drv.omapl138.ae674 : csl_mdio.oe674 (.far)
                  c07bb150    00000028     stk6_ppp_pppoe.ae674 : vlan.oe674 (.far)
                  c07bb178    00000024                          : udp6.oe674 (.far)
                  c07bb19c    00000004     --HOLE--
                  c07bb1a0    0000001c     usbtick.obj (.far)
                  c07bb1bc    00000018     stk6_ppp_pppoe.ae674 : icmpv6.oe674 (.far)
                  c07bb1d4    00000004     --HOLE--
                  c07bb1d8    00000014                          : rtc.oe674 (.far)
                  c07bb1ec    00000010                          : raw.oe674 (.far)
                  c07bb1fc    00000010                          : raw6.oe674 (.far)
                  c07bb20c    00000010                          : raweth.oe674 (.far)
                  c07bb21c    0000000c                          : pbm.oe674 (.far)
                  c07bb228    00000008     rts6740_elf.lib : trgdrv.obj (.far)

.const.1   0    c07bb230    00000010     
                  c07bb230    00000010     gooao_fr_c6748_pe674.oe674 (.const:ti_sysbios_family_c64p_EventCombiner_EVTMASK__C)

.text      0    c07bb240    0005cae0     
                  c07bb240    00002ba0     Upp.obj (.text)
                  c07bdde0    00002880     usbhostenum.obj (.text)
                  c07c0660    00001bc0     cppi41dma.obj (.text)
                  c07c2220    00001a00     stk6_ppp_pppoe.ae674 : tcpin.oe674 (.text:TcpInput)
                  c07c3c20    00001980                          : tcp6in.oe674 (.text:TCP6Input)
                  c07c55a0    00001920     usb.obj (.text)
                  c07c6ec0    00001240     stk6_ppp_pppoe.ae674 : tcpout.oe674 (.text:TcpOutput)
                  c07c8100    00001180                          : tcp6out.oe674 (.text:TCP6Output)
                  c07c9280    00000c60     ti.drv.omapl138.ae674 : csl_emac.oe674 (.text:EMAC_open)
                  c07c9ee0    00000c00     nettool.ae674 : httpclie.oe674 (.text:httpClientProcess)
                  c07caae0    00000b80     stk6_ppp_pppoe.ae674 : ipin.oe674 (.text:IPRxPacket)
                  c07cb660    00000b00     Upp_ioctl.obj (.text)
                  c07cc160    00000aa0     stk6_ppp_pppoe.ae674 : md5.oe674 (.text:MD5Transform)
                  c07ccc00    000009c0                          : ipout.oe674 (.text:IPTxPacket)
                  c07cd5c0    000009a0                          : lcp.oe674 (.text:lcpInput)
                  c07cdf60    000009a0     ti.targets.rts6000.ae674 : System.oe674 (.text:xdc_runtime_System_doPrint__I)
                  c07ce900    00000900     nettool.ae674 : httpsend.oe674 (.text:SetContentType)
                  c07cf200    000007e0     stk6_ppp_pppoe.ae674 : ipcp.oe674 (.text:ipcpInput)
                  c07cf9e0    000007c0                          : sock.oe674 (.text:SockSet)
                  c07d01a0    000007a0     cslr_uart.obj (.text)
                  c07d0940    000007a0     stk6_ppp_pppoe.ae674 : fileuser.oe674 (.text:fdPoll)
                  c07d10e0    00000780     sysbios.ae674 : BIOS.obj (.text:ti_sysbios_family_c64p_Exception_handler__I)
                  c07d1860    00000760     ti.drv.omapl138.ae674 : csl_mdio.oe674 (.text:MDIO_timerTick)
                  c07d1fc0    00000720     HT82V46A.obj (.text)
                  c07d26e0    000006c0     nettool.ae674 : telnetd.oe674 (.text:telnet_netdata)
                  c07d2da0    00000680     stk6_ppp_pppoe.ae674 : icmpv6_ndisc.oe674 (.text:ICMPv6RecvRA)
                  c07d3420    00000680     sysbios.ae674 : BIOS.obj (.text:ti_sysbios_knl_Task_Instance_finalize__F)
                  c07d3aa0    00000660     taskImageInput.obj (.text)
                  c07d4100    00000600     stk6_ppp_pppoe.ae674 : route6.oe674 (.text:Rt6Create)
                  c07d4700    00000600     guao6748_Init.obj (.text)
                  c07d4d00    00000600     sysbios.ae674 : BIOS.obj (.text:ti_sysbios_heaps_HeapMem_alloc__E)
                  c07d5300    00000600                   : BIOS.obj (.text:ti_sysbios_heaps_HeapMem_free__E)
                  c07d5900    000005c0     stk6_ppp_pppoe.ae674 : ipfrag.oe674 (.text:IPReasm)
                  c07d5ec0    000005c0     rts6740_elf.lib : _printfi.obj (.text:_getarg_diouxp)
                  c07d6480    000005c0     sysbios.ae674 : BIOS.obj (.text:ti_sysbios_timers_timer64_Timer_Module_startup__F)
                  c07d6a40    000005a0     stk6_ppp_pppoe.ae674 : icmpin.oe674 (.text:ICMPInput)
                  c07d6fe0    000005a0     rts6740_elf.lib : divd.obj (.text:__c6xabi_divd)
                  c07d7580    00000580     stk6_ppp_pppoe.ae674 : nimuppp.oe674 (.text:pppEvent)
                  c07d7b00    00000560                          : ipv6.oe674 (.text:IPv6IPAddressToString)
                  c07d8060    00000520                          : sock.oe674 (.text:SockNew)
                  c07d8580    00000520     nettool.ae674 : httpsend.oe674 (.text:httpSendStatusLine)
                  c07d8aa0    000004e0     stk6_ppp_pppoe.ae674 : lliin.oe674 (.text:LLIRxPacket)
                  c07d8f80    000004e0                          : udp.oe674 (.text:UdpInput)
                  c07d9460    000004e0                          : nimupppoe.oe674 (.text:pppoeInputS)
                  c07d9940    000004e0     sysbios.ae674 : BIOS.obj (.text:ti_sysbios_knl_Semaphore_pend__E)
                  c07d9e20    000004c0     stk6_ppp_pppoe.ae674 : sock6.oe674 (.text:Sock6Connect)
                  c07da2e0    000004c0                          : sock6.oe674 (.text:Sock6Set)
                  c07da7a0    000004a0                          : sock6.oe674 (.text:Sock6Recv)
                  c07dac40    000004a0                          : sock.oe674 (.text:SockRecv)
                  c07db0e0    00000480                          : bind6.oe674 (.text:Bind6New)
                  c07db560    00000480     sysbios.ae674 : BIOS.obj (.text:ti_sysbios_knl_Task_Module_startup__F)
                  c07db9e0    00000460     rts6740_elf.lib : _printfi.obj (.text:_printfi)
                  c07dbe40    00000460                     : _printfi.obj (.text:_setfield)
                  c07dc2a0    00000460     stk6_ppp_pppoe.ae674 : nimuppp.oe674 (.text:pppNew)
                  c07dc700    00000440                          : sock6.oe674 (.text:Sock6New)
                  c07dcb40    00000440                          : fileuser.oe674 (.text:fdSelect)
                  c07dcf80    00000440                          : nimupppoe.oe674 (.text:pppoeInputC)
                  c07dd3c0    00000440     taskNet.obj (.text)
                  c07dd800    00000420     ti.drv.omapl138.ae674 : csl_mdio.oe674 (.text:MDIO_initContinue)
                  c07ddc20    00000420     stk6_ppp_pppoe.ae674 : auth.oe674 (.text:chapInput)
                  c07de040    00000420     nettool.ae674 : daemon.oe674 (.text:daemon)
                  c07de460    00000400     stk6_ppp_pppoe.ae674 : sock6.oe674 (.text:Sock6Send)
                  c07de860    00000400     os.ae674 : efs.oe674 (.text:efs_filecheck)
                  c07dec60    000003e0     stk6_ppp_pppoe.ae674 : ipv6_frag.oe674 (.text:IPv6TxFragPacket)
                  c07df040    000003c0     ti.drv.omapl138.ae674 : csl_emac.oe674 (.text:EMAC_close)
                  c07df400    000003c0     stk6_ppp_pppoe.ae674 : ipv6out.oe674 (.text:IPv6TxPacket)
                  c07df7c0    000003c0                          : lli6.oe674 (.text:LLI6TimerCheck)
                  c07dfb80    000003c0                          : sock.oe674 (.text:SockSend)
                  c07dff40    000003c0                          : tcp6.oe674 (.text:TCP6TimeoutCheck)
                  c07e0300    000003c0                          : tcp.oe674 (.text:TcpTimeoutCheck)
                  c07e06c0    000003c0     networkmain.obj (.text)
                  c07e0a80    000003c0     sysbios.ae674 : BIOS.obj (.text:ti_sysbios_knl_Task_Instance_init__F)
                  c07e0e40    000003c0                   : BIOS.obj (.text:ti_sysbios_knl_Task_setPri__E)
                  c07e1200    000003a0     stk6_ppp_pppoe.ae674 : nimu.oe674 (.text:NIMUIoctl)
                  c07e15a0    000003a0                          : route.oe674 (.text:RtCreate)
                  c07e1940    000003a0                          : sb.oe674 (.text:SBRead)
                  c07e1ce0    000003a0     rts6740_elf.lib : fputs.obj (.text:fputs)
                  c07e2080    000003a0     stk6_ppp_pppoe.ae674 : auth.oe674 (.text:papInput)
                  c07e2420    00000380                          : icmpv6in.oe674 (.text:ICMPv6RxPacket)
                  c07e27a0    00000380                          : igmp.oe674 (.text:IGMPInput)
                  c07e2b20    00000380     Psc.obj (.text)
                  c07e2ea0    00000380     stk6_ppp_pppoe.ae674 : sock.oe674 (.text:SockConnect)
                  c07e3220    00000380     nettool.ae674 : dhcppkt.oe674 (.text:dhcpPacketProcess)
                  c07e35a0    00000380     sysbios.ae674 : BIOS.obj (.text:ti_sysbios_io_GIO_Instance_init__F)
                  c07e3920    00000360     stk6_ppp_pppoe.ae674 : ipv6_frag.oe674 (.text:IPv6FragReasm)
                  c07e3c80    00000360                          : lliout.oe674 (.text:LLITxIpPacket)
                  c07e3fe0    00000360                          : sock6int.oe674 (.text:Sock6Notify)
                  c07e4340    00000360                          : sockint.oe674 (.text:SockNotify)
                  c07e46a0    00000340                          : icmpv6out.oe674 (.text:ICMPv6SendParameterProblem)
                  c07e49e0    00000340     os.ae674 : mem.oe674 (.text:mmAlloc)
                  c07e4d20    00000340     stk6_ppp_pppoe.ae674 : nimupppoe.oe674 (.text:pppoeSI)
                  c07e5060    00000320     nettool.ae674 : config.oe674 (.text:CfgAddEntry)
                  c07e5380    00000320     stk6_ppp_pppoe.ae674 : icmpv6_ndisc.oe674 (.text:ICMPv6RecvRedirect)
                  c07e56a0    00000320                          : nimupppoe.oe674 (.text:SendServerMsg)
                  c07e59c0    00000320     rts6740_elf.lib : _printfi.obj (.text:_pproc_fge)
                  c07e5ce0    00000320     nettool.ae674 : telnetd.oe674 (.text:telnet_engine)
                  c07e6000    00000320     usbdesc.obj (.text)
                  c07e6320    00000300     stk6_ppp_pppoe.ae674 : icmpv6out.oe674 (.text:ICMPv6SendDstUnreachable)
                  c07e6620    00000300                          : icmpv6out.oe674 (.text:ICMPv6SendTimeExceeded)
                  c07e6920    00000300     netctrl.ae674 : netctrl.oe674 (.text:NetScheduler)
                  c07e6c20    00000300     stk6_ppp_pppoe.ae674 : sock6pcb.oe674 (.text:Sock6PcbBind)
                  c07e6f20    00000300                          : udp6.oe674 (.text:Udp6Input)
                  c07e7220    00000300     nettool.ae674 : inetaddr.oe674 (.text:inet_aton)
                  c07e7520    00000300     sysbios.ae674 : BIOS.obj (.text:ti_sysbios_family_c64p_Hwi_dispatchC__I)
                  c07e7820    000002e0     ti.drv.omapl138.ae674 : ethdriver.oe674 (.text:HwPktOpen)
                  c07e7b00    000002e0     stk6_ppp_pppoe.ae674 : icmpv6_ndisc.oe674 (.text:ICMPv6RecvNS)
                  c07e7de0    000002e0                          : route6.oe674 (.text:Rt6Find)
                  c07e80c0    000002e0                          : nimupppoe.oe674 (.text:SendClientMsg)
                  c07e83a0    000002e0                          : udp.oe674 (.text:UdpOutput)
                  c07e8680    000002e0     rts6740_elf.lib : _printfi.obj (.text:_pproc_fwp)
                  c07e8960    000002e0     fr_main.obj (.text)
                  c07e8c40    000002e0     stk6_ppp_pppoe.ae674 : nimuppp.oe674 (.text:pppInput)
                  c07e8f20    000002e0     sysbios.ae674 : BIOS.obj (.text:ti_sysbios_heaps_HeapMem_Instance_init__F)
                  c07e9200    000002c0     stk6_ppp_pppoe.ae674 : bind.oe674 (.text:BindNew)
                  c07e94c0    000002c0                          : ipv6_frag.oe674 (.text:IPv6FragQEnqueueFrag)
                  c07e9780    000002c0                          : rtable.oe674 (.text:RtFind)
                  c07e9a40    000002c0                          : sb6.oe674 (.text:SB6Read)
                  c07e9d00    000002c0                          : sock6pcb.oe674 (.text:Sock6PcbResolve)
                  c07e9fc0    000002c0                          : udp6.oe674 (.text:Udp6Output)
                  c07ea280    000002c0     sysbios.ae674 : BIOS.obj (.text:ti_sysbios_knl_Task_exit__E)
                  c07ea540    000002a0     nettool.ae674 : dhcpmain.oe674 (.text:DHCPOpen)
                  c07ea7e0    000002a0     stk6_ppp_pppoe.ae674 : ipv6_exthdrs.oe674 (.text:IPv6ParseExtnHeaders)
                  c07eaa80    000002a0                          : node.oe674 (.text:NodeAdd)
                  c07ead20    000002a0                          : sock6pcb.oe674 (.text:Sock6PcbFind)
                  c07eafc0    000002a0                          : sock.oe674 (.text:SockClose)
                  c07eb260    000002a0                          : tcp6prot.oe674 (.text:TCP6PrSetOption)
                  c07eb500    000002a0                          : tcpprot.oe674 (.text:TcpPrSetOption)
                  c07eb7a0    000002a0     rts6740_elf.lib : _printfi.obj (.text:ecvt)
                  c07eba40    000002a0                     : _printfi.obj (.text:fcvt)
                  c07ebce0    000002a0     sysbios.ae674 : BIOS.obj (.text:ti_sysbios_knl_Clock_workFunc__E)
                  c07ebf80    000002a0                   : BIOS.obj (.text:ti_sysbios_knl_Task_sleep__E)
                  c07ec220    00000280     nettool.ae674 : config.oe674 (.text:CfgSave)
                  c07ec4a0    00000280     stk6_ppp_pppoe.ae674 : icmp.oe674 (.text:ICMPGenPacket)
                  c07ec720    00000280                          : icmpv6in.oe674 (.text:ICMPv6RecvEchoRequest)
                  c07ec9a0    00000280                          : lli6.oe674 (.text:LLI6NeighUnreachStateMachine)
                  c07ecc20    00000280                          : route6.oe674 (.text:Rt6Free)
                  c07ecea0    00000280                          : sockpcb.oe674 (.text:SockPcbResolve)
                  c07ed120    00000280                          : sock.oe674 (.text:SockRecvNC)
                  c07ed3a0    00000280                          : tcp6out.oe674 (.text:TCP6GenPacket)
                  c07ed620    00000280     sysbios.ae674 : BIOS.obj (.text:deviceConfig$47)
                  c07ed8a0    00000280     stk6_ppp_pppoe.ae674 : ipcp.oe674 (.text:ipcpSendCfg)
                  c07edb20    00000280     sysbios.ae674 : BIOS.obj (.text:ti_sysbios_family_c64p_Cache_Module_startup__F)
                  c07edda0    00000280                   : BIOS.obj (.text:ti_sysbios_knl_Clock_Instance_init__F)
                  c07ee020    00000280     ti.targets.rts6000.ae674 : Core-mem.oe674 (.text:xdc_runtime_Core_createObject__I)
                  c07ee2a0    00000280                              : Error.oe674 (.text:xdc_runtime_Error_raiseX__F)
                  c07ee520    00000280     gooao_fr_c6748_pe674.oe674 (.text:xdc_runtime_System_printfExtend__I)
                  c07ee7a0    00000260     stk6_ppp_pppoe.ae674 : icmpv6_ndisc.oe674 (.text:ICMPv6SendNS)
                  c07eea00    00000260     os.ae674 : intmgmt.oe674 (.text:Interrupt_add)
                  c07eec60    00000260     stk6_ppp_pppoe.ae674 : lli6.oe674 (.text:LLI6TxIPPacket)
                  c07eeec0    00000260                          : nimu.oe674 (.text:NIMUReceivePacket)
                  c07ef120    00000260                          : rawethsock.oe674 (.text:RawEthSockSet)
                  c07ef380    00000260                          : sb6.oe674 (.text:SB6Write)
                  c07ef5e0    00000260                          : sb.oe674 (.text:SBWrite)
                  c07ef840    00000260                          : sock6.oe674 (.text:Sock6Close)
                  c07efaa0    00000260                          : sockpcb.oe674 (.text:SockPcbBind)
                  c07efd00    00000260     rts6740_elf.lib : imath64.obj (.text:__c6xabi_divull)
                  c07eff60    00000260                     : _printfi.obj (.text:_pconv_e)
                  c07f01c0    00000260     nettool.ae674 : httppars.oe674 (.text:httpParseRecv)
                  c07f0420    00000260                   : httpsend.oe674 (.text:httpSendErrorHTML)
                  c07f0680    00000260     stk6_ppp_pppoe.ae674 : lcp.oe674 (.text:lcpSendCfg)
                  c07f08e0    00000260     ti.targets.rts6000.ae674 : Startup.oe674 (.text:xdc_runtime_Startup_startMods__I)
                  c07f0b40    00000240     stk6_ppp_pppoe.ae674 : bind6.oe674 (.text:Bind6RunDAD)
                  c07f0d80    00000240     nettool.ae674 : daemon.oe674 (.text:DaemonNew)
                  c07f0fc0    00000240     ti.drv.omapl138.ae674 : nimu_eth.oe674 (.text:Emacioctl)
                  c07f1200    00000240     stk6_ppp_pppoe.ae674 : icmpv6_ndisc.oe674 (.text:ICMPv6RecvNA)
                  c07f1440    00000240                          : icmpv6_ndisc.oe674 (.text:ICMPv6SendNA)
                  c07f1680    00000240                          : pipe.oe674 (.text:PipeRecv)
                  c07f18c0    00000240                          : raw.oe674 (.text:RawInput)
                  c07f1b00    00000240     rts6740_elf.lib : _printfi.obj (.text:_pproc_diouxp)
                  c07f1d40    00000240     nettool.ae674 : dhcpsm.oe674 (.text:dhcpIPAdd)
                  c07f1f80    00000240                   : dhcpsm.oe674 (.text:dhcpState)
                  c07f21c0    00000240                   : dhcppkt.oe674 (.text:dhcpVerifyMessage)
                  c07f2400    00000240     sysbios.ae674 : BIOS.obj (.text:ti_sysbios_family_c64p_Exception_internalHandler__I)
                  c07f2640    00000240                   : BIOS.obj (.text:ti_sysbios_knl_Semaphore_post__E)
                  c07f2880    00000220     stk6_ppp_pppoe.ae674 : igmp.oe674 (.text:IGMPJoinHostGroup)
                  c07f2aa0    00000220                          : ipv6in.oe674 (.text:IPv6RxPacket)
                  c07f2cc0    00000220                          : rawethsock.oe674 (.text:RawEthSockNew)
                  c07f2ee0    00000220                          : sockpcb.oe674 (.text:SockPcbFind)
                  c07f3100    00000220     rts6740_elf.lib : _printfi.obj (.text:_pproc_str)
                  c07f3320    00000220                     : fputc.obj (.text:fputc)
                  c07f3540    00000220     nettool.ae674 : httpclie.oe674 (.text:httpGetAuthParams)
                  c07f3760    00000220     sysbios.ae674 : BIOS.obj (.text:ti_sysbios_io_GIO_issue__E)
                  c07f3980    00000220                   : BIOS.obj (.text:ti_sysbios_knl_Swi_run__I)
                  c07f3ba0    00000220                   : BIOS.obj (.text:ti_sysbios_knl_Task_schedule__I)
                  c07f3dc0    00000220                   : BIOS.obj (.text:ti_sysbios_knl_Task_startCore__E)
                  c07f3fe0    00000200     stk6_ppp_pppoe.ae674 : ipv6_frag.oe674 (.text:IPv6ParseFragHdr)
                  c07f41e0    00000200                          : lli6.oe674 (.text:LLI6New)
                  c07f43e0    00000200                          : rtc.oe674 (.text:RTCReport)
                  c07f45e0    00000200                          : raw6.oe674 (.text:Raw6Output)
                  c07f47e0    00000200     rts6740_elf.lib : _printfi.obj (.text:_pconv_g)
                  c07f49e0    00000200     sysbios.ae674 : c64p_Hwi_disp_always.obj (.text:_ti_sysbios_family_c64p_Hwi_dispatchAlways)
                  c07f4be0    00000200     stk6_ppp_pppoe.ae674 : socket.oe674 (.text:accept)
                  c07f4de0    00000200     sysbios.ae674 : BIOS.obj (.text:block$58)
                  c07f4fe0    00000200     ti.drv.omapl138.ae674 : csl_emac.oe674 (.text:emacDequeueRx)
                  c07f51e0    00000200     rts6740_elf.lib : setvbuf.obj (.text:setvbuf)
                  c07f53e0    00000200     sysbios.ae674 : BIOS.obj (.text:ti_sysbios_family_c64p_Hwi_reconfig__E)
                  c07f55e0    00000200                   : BIOS.obj (.text:ti_sysbios_io_DEV_Module_startup__F)
                  c07f57e0    000001e0     ti.drv.omapl138.ae674 : csl_emac.oe674 (.text:EMAC_setReceiveFilter)
                  c07f59c0    000001e0                           : nimu_eth.oe674 (.text:EmacInit)
                  c07f5ba0    000001e0     stk6_ppp_pppoe.ae674 : igmp.oe674 (.text:IGMPSendReply)
                  c07f5d80    000001e0                          : route6.oe674 (.text:Rt6Modify)
                  c07f5f60    000001e0                          : sock6pcb.oe674 (.text:Sock6PcbFindRaw)
                  c07f6140    000001e0                          : tcpout.oe674 (.text:TcpGenPacket)
                  c07f6320    000001e0                          : tcptime.oe674 (.text:TcpTimeoutRexmt)
                  c07f6500    000001e0                          : auth.oe674 (.text:chapSendMsg)
                  c07f66e0    000001e0     nettool.ae674 : dhcpsock.oe674 (.text:dhcpSocketOpen)
                  c07f68c0    000001e0     emacHooks.obj (.text)
                  c07f6aa0    000001e0     stk6_ppp_pppoe.ae674 : nimupppoe.oe674 (.text:pppoeCtrlMsg)
                  c07f6c80    000001e0                          : socket.oe674 (.text:recvnc)
                  c07f6e60    000001e0     scom.obj (.text)
                  c07f7040    000001e0     stk6_ppp_pppoe.ae674 : socket.oe674 (.text:sendto)
                  c07f7220    000001e0     sysbios.ae674 : BIOS.obj (.text:ti_sysbios_io_GIO_submit__E)
                  c07f7400    000001e0                   : BIOS.obj (.text:ti_sysbios_knl_Task_postInit__I)
                  c07f75e0    000001e0                   : BIOS.obj (.text:ti_sysbios_timers_timer64_Timer_getFreq__E)
                  c07f77c0    000001c0     nettool.ae674 : config.oe674 (.text:CfgExecute)
                  c07f7980    000001c0     ti.drv.omapl138.ae674 : csl_emac.oe674 (.text:EMAC_sendPacket)
                  c07f7b40    000001c0     stk6_ppp_pppoe.ae674 : ip.oe674 (.text:IPGetRoute)
                  c07f7d00    000001c0                          : ipv6_exthdrs.oe674 (.text:IPv6ParseHopOptions)
                  c07f7ec0    000001c0                          : lliout.oe674 (.text:LLIGenArpPacket)
                  c07f8080    000001c0     netctrl.ae674 : netsrv.oe674 (.text:SPIpNet)
                  c07f8240    000001c0     stk6_ppp_pppoe.ae674 : lli.oe674 (.text:_LLITimeoutCheck)
                  c07f8400    000001c0     rts6740_elf.lib : _printfi.obj (.text:_mcpy)
                  c07f85c0    000001c0     nettool.ae674 : dhcpbild.oe674 (.text:dhcpBuildHeader)
                  c07f8780    000001c0     ti.drv.omapl138.ae674 : csl_emac.oe674 (.text:emacEnqueueTx)
                  c07f8940    000001c0     stk6_ppp_pppoe.ae674 : fileuser.oe674 (.text:fdClose)
                  c07f8b00    000001c0     sysbios.ae674 : BIOS.obj (.text:ti_sysbios_knl_Task_checkStacks__E)
                  c07f8cc0    000001c0                   : BIOS.obj (.text:ti_sysbios_timers_timer64_Timer_setPeriodMicroSecs__E)
                  c07f8e80    000001a0     stk6_ppp_pppoe.ae674 : bind6.oe674 (.text:Bind6Msg)
                  c07f9020    000001a0     nettool.ae674 : config.oe674 (.text:CfgRemoveEntry)
                  c07f91c0    000001a0     stk6_ppp_pppoe.ae674 : icmpin.oe674 (.text:ICMPRevSrcRoute)
                  c07f9360    000001a0                          : ipv6_frag.oe674 (.text:IPv6FragMsg)
                  c07f9500    000001a0                          : ipv6_exthdrs.oe674 (.text:IPv6ParseRoutingHdr)
                  c07f96a0    000001a0     netctrl.ae674 : netctrl.oe674 (.text:NC_NetStart)
                  c07f9840    000001a0     stk6_ppp_pppoe.ae674 : node.oe674 (.text:NodeTreeFree)
                  c07f99e0    000001a0                          : raw6.oe674 (.text:Raw6Input)
                  c07f9b80    000001a0                          : route6.oe674 (.text:Route6LifetimeMgmt)
                  c07f9d20    000001a0                          : sockint.oe674 (.text:SockCreatePacket)
                  c07f9ec0    000001a0     nettool.ae674 : dhcpsm.oe674 (.text:StateRenewRebind)
                  c07fa060    000001a0     stk6_ppp_pppoe.ae674 : tcp6time.oe674 (.text:TCP6TimeoutRexmt)
                  c07fa200    000001a0     rts6740_elf.lib : imath40.obj (.text:__c6xabi_divul)
                  c07fa3a0    000001a0     nettool.ae674 : dhcptags.oe674 (.text:dhcpBuildOptions)
                  c07fa540    000001a0     stk6_ppp_pppoe.ae674 : socket.oe674 (.text:getpeername)
                  c07fa6e0    000001a0     nettool.ae674 : telnetd.oe674 (.text:telnet_termdata)
                  c07fa880    000001a0     sysbios.ae674 : BIOS.obj (.text:ti_sysbios_gates_GateMutex_enter__E)
                  c07faa20    000001a0                   : BIOS.obj (.text:ti_sysbios_io_DEV_postInit__I)
                  c07fabc0    000001a0                   : BIOS.obj (.text:ti_sysbios_timers_timer64_Timer_start__E)
                  c07fad60    00000180     stk6_ppp_pppoe.ae674 : bind6.oe674 (.text:Bind6GetGlobalAddress)
                  c07faee0    00000180     ti.drv.omapl138.ae674 : csl_emac.oe674 (.text:EMAC_RxServiceCheck)
                  c07fb060    00000180     rts6740_elf.lib : trgdrv.obj (.text:HOSTrename)
                  c07fb1e0    00000180     stk6_ppp_pppoe.ae674 : igmp.oe674 (.text:IGMPMsg)
                  c07fb360    00000180                          : nimu.oe674 (.text:NIMURegister)
                  c07fb4e0    00000180                          : nimuppp.oe674 (.text:PPPStop)
                  c07fb660    00000180     netctrl.ae674 : netsrv.oe674 (.text:ServiceScan)
                  c07fb7e0    00000180                   : netsrv.oe674 (.text:ServiceSpawn)
                  c07fb960    00000180     nettool.ae674 : dhcpsm.oe674 (.text:StateBound)
                  c07fbae0    00000180     rts6740_elf.lib : copy_decompress_rle.obj (.text:__TI_decompress_rle_core)
                  c07fbc60    00000180     stk6_ppp_pppoe.ae674 : socket.oe674 (.text:bind)
                  c07fbde0    00000180                          : socket.oe674 (.text:connect)
                  c07fbf60    00000180     nettool.ae674 : dhcpbild.oe674 (.text:dhcpBuildRequest)
                  c07fc0e0    00000180     os.ae674 : task.oe674 (.text:llEnter)
                  c07fc260    00000180     stk6_ppp_pppoe.ae674 : auth.oe674 (.text:papSendCfg)
                  c07fc3e0    00000180     sysbios.ae674 : c64p_Exception_asm.obj (.text)
                  c07fc560    00000180                   : BIOS.obj (.text:ti_sysbios_knl_Swi_schedule__I)
                  c07fc6e0    00000180                   : BIOS.obj (.text:ti_sysbios_knl_Task_unblockI__E)
                  c07fc860    00000180     ti.targets.rts6000.ae674 : Text.oe674 (.text:xdc_runtime_Text_putSite__F)
                  c07fc9e0    00000160     nettool.ae674 : config.oe674 (.text:CfgGetEntry)
                  c07fcb40    00000160                   : config.oe674 (.text:CfgGetNextEntry)
                  c07fcca0    00000160                   : config.oe674 (.text:CfgLoad)
                  c07fce00    00000160     ti.drv.omapl138.ae674 : csl_emac.oe674 (.text:EMAC_TxServiceCheck)
                  c07fcf60    00000160                           : ethdriver.oe674 (.text:HwPktSetRx)
                  c07fd0c0    00000160                           : ethdriver.oe674 (.text:HwPktTxNext)
                  c07fd220    00000160     stk6_ppp_pppoe.ae674 : igmp.oe674 (.text:IGMPDoMCast)
                  c07fd380    00000160                          : nimu.oe674 (.text:NIMUIoctlSpecialCmd)
                  c07fd4e0    00000160                          : pipe.oe674 (.text:PipeSend)
                  c07fd640    00000160                          : raw.oe674 (.text:RawOutput)
                  c07fd7a0    00000160                          : rtable.oe674 (.text:RtTimeoutCheck)
                  c07fd900    00000160                          : rtable.oe674 (.text:RtWalkNext)
                  c07fda60    00000160     netctrl.ae674 : netsrv.oe674 (.text:SPRoute)
                  c07fdbc0    00000160     stk6_ppp_pppoe.ae674 : sock6.oe674 (.text:Sock6Check)
                  c07fdd20    00000160                          : sock6int.oe674 (.text:Sock6CreatePacket)
                  c07fde80    00000160                          : sock6pcb.oe674 (.text:Sock6PcbConnect)
                  c07fdfe0    00000160                          : sock.oe674 (.text:SockCheck)
                  c07fe140    00000160                          : sockpcb.oe674 (.text:SockPcbConnect)
                  c07fe2a0    00000160     nettool.ae674 : dhcpsm.oe674 (.text:StateRequesting)
                  c07fe400    00000160     stk6_ppp_pppoe.ae674 : tcp6time.oe674 (.text:TCP6TimeoutKeep)
                  c07fe560    00000160                          : tcptime.oe674 (.text:TcpTimeoutKeep)
                  c07fe6c0    00000160     ti.drv.omapl138.ae674 : ethdriver.oe674 (.text:_HwPktPoll)
                  c07fe820    00000160     stk6_ppp_pppoe.ae674 : auth.oe674 (.text:authInit)
                  c07fe980    00000160     nettool.ae674 : httpclie.oe674 (.text:httpExtractTag)
                  c07feae0    00000160     stk6_ppp_pppoe.ae674 : socket.oe674 (.text:setsockopt)
                  c07fec40    00000160     nettool.ae674 : telnetd.oe674 (.text:telnetClientProcess)
                  c07feda0    00000160     sysbios.ae674 : BIOS.obj (.text:ti_sysbios_io_GIO_reclaim__E)
                  c07fef00    00000140     stk6_ppp_pppoe.ae674 : bind6.oe674 (.text:Bind6Free)
                  c07ff040    00000140                          : exec.oe674 (.text:ExecOpen)
                  c07ff180    00000140                          : icmp.oe674 (.text:ICMPSendRtAdv)
                  c07ff2c0    00000140                          : igmp.oe674 (.text:IGMPJoin)
                  c07ff400    00000140                          : ipv6.oe674 (.text:IPv6DisplayIPAddress)
                  c07ff540    00000140                          : lli6.oe674 (.text:LLI6Find)
                  c07ff680    00000140                          : lli.oe674 (.text:LLINew)
                  c07ff7c0    00000140                          : node.oe674 (.text:NodeFind)
                  c07ff900    00000140                          : node.oe674 (.text:NodeWalk)
                  c07ffa40    00000140                          : pbm.oe674 (.text:PBM_alloc)
                  c07ffb80    00000140                          : pbm.oe674 (.text:PBM_free)
                  c07ffcc0    00000140                          : rtable.oe674 (.text:RtFlush)
                  c07ffe00    00000140                          : sb6.oe674 (.text:SB6New)
                  c07fff40    00000140     netctrl.ae674 : netsrv.oe674 (.text:ServiceKill)
                  c0800080    00000140     stk6_ppp_pppoe.ae674 : sock6.oe674 (.text:Sock6Accept)
                  c08001c0    00000140                          : sock6.oe674 (.text:Sock6Listen)
                  c0800300    00000140                          : sock.oe674 (.text:SockAccept)
                  c0800440    00000140                          : sock.oe674 (.text:SockListen)
                  c0800580    00000140                          : sockpcb.oe674 (.text:SockPcbCtlError)
                  c08006c0    00000140     boot.ae674 : autoinit.oe674 (.text:_auto_init_elf)
                  c0800800    00000140     rts6740_elf.lib : _printfi.obj (.text:_pproc_fflags)
                  c0800940    00000140     stk6_ppp_pppoe.ae674 : auth.oe674 (.text:authGetPassword)
                  c0800a80    00000140     nettool.ae674 : dhcptags.oe674 (.text:dhcpDecodeType)
                  c0800bc0    00000140     ti.drv.omapl138.ae674 : csl_emac.oe674 (.text:emacDequeueTx)
                  c0800d00    00000140                           : csl_emac.oe674 (.text:emacEnqueueRx)
                  c0800e40    00000140     rts6740_elf.lib : lowlev.obj (.text:getdevice)
                  c0800f80    00000140     nettool.ae674 : httpsend.oe674 (.text:httpAuthenticationReq)
                  c08010c0    00000140     os.ae674 : mem.oe674 (.text:mmCopy)
                  c0801200    00000140     stk6_ppp_pppoe.ae674 : nimuppp.oe674 (.text:pppAddClient)
                  c0801340    00000140                          : socket.oe674 (.text:recv)
                  c0801480    00000140                          : socket.oe674 (.text:send)
                  c08015c0    00000140     sysbios.ae674 : BIOS.obj (.text:ti_sysbios_family_c64p_Hwi_Module_startup__F)
                  c0801700    00000140                   : BIOS.obj (.text:ti_sysbios_knl_Clock_Instance_finalize__F)
                  c0801840    00000140                   : BIOS.obj (.text:ti_sysbios_knl_Semaphore_Instance_init__F)
                  c0801980    00000140                   : BIOS.obj (.text:ti_sysbios_knl_Swi_post__E)
                  c0801ac0    00000140                   : BIOS.obj (.text:ti_sysbios_knl_Task_blockI__E)
                  c0801c00    00000120     stk6_ppp_pppoe.ae674 : bind6.oe674 (.text:Bind6DADCheck)
                  c0801d20    00000120                          : bind6.oe674 (.text:Bind6LifetimeMgmt)
                  c0801e40    00000120                          : bind.oe674 (.text:BindFree)
                  c0801f60    00000120     nettool.ae674 : config.oe674 (.text:CfgFree)
                  c0802080    00000120                   : daemon.oe674 (.text:DaemonFree)
                  c08021a0    00000120     stk6_ppp_pppoe.ae674 : file.oe674 (.text:FdWaitEvent)
                  c08022c0    00000120                          : igmp.oe674 (.text:IGMPLeaveHostGroup)
                  c08023e0    00000120                          : ip.oe674 (.text:IPMsg)
                  c0802500    00000120                          : ipin.oe674 (.text:IPRouteIP)
                  c0802620    00000120                          : ipv6_frag.oe674 (.text:IPv6CreateFragQ)
                  c0802740    00000120                          : ipv6.oe674 (.text:IPv6Init)
                  c0802860    00000120                          : icmpv6out.oe674 (.text:IsICMPv6ErrorPkt)
                  c0802980    00000120                          : md5.oe674 (.text:MD5Update)
                  c0802aa0    00000120                          : mld.oe674 (.text:MLDJoinGroup)
                  c0802bc0    00000120     netctrl.ae674 : netctrl.oe674 (.text:NC_SystemOpen)
                  c0802ce0    00000120     stk6_ppp_pppoe.ae674 : nimu.oe674 (.text:NIMUAddEthernetHeader)
                  c0802e00    00000120                          : raweth.oe674 (.text:RawEthRxPacket)
                  c0802f20    00000120                          : rawethsock.oe674 (.text:RawEthSockRecvNC)
                  c0803040    00000120                          : raweth.oe674 (.text:RawEthTxPacket)
                  c0803160    00000120     ti.drv.omapl138.ae674 : ethdriver.oe674 (.text:RxPacket)
                  c0803280    00000120     stk6_ppp_pppoe.ae674 : sb.oe674 (.text:SBNew)
                  c08033a0    00000120     netctrl.ae674 : netsrv.oe674 (.text:SPConfig)
                  c08034c0    00000120                   : netsrv.oe674 (.text:SPService)
                  c08035e0    00000120     stk6_ppp_pppoe.ae674 : sock6.oe674 (.text:Sock6Shutdown)
                  c0803700    00000120                          : sockpcb.oe674 (.text:SockPcbFindRaw)
                  c0803820    00000120                          : sock.oe674 (.text:SockShutdown)
                  c0803940    00000120                          : tcp6prot.oe674 (.text:TCP6PrAttach)
                  c0803a60    00000120                          : tcpprot.oe674 (.text:TcpPrAttach)
                  c0803b80    00000120     nettool.ae674 : telnetd.oe674 (.text:TelnetOpen)
                  c0803ca0    00000120     stk6_ppp_pppoe.ae674 : rtable.oe674 (.text:_RtNodeInsert)
                  c0803dc0    00000120     rts6740_elf.lib : fclose.obj (.text:_closefile)
                  c0803ee0    00000120                     : _printfi.obj (.text:_ltostr)
                  c0804000    00000120     os.ae674 : mem.oe674 (.text:_mmInit)
                  c0804120    00000120     nettool.ae674 : daemon.oe674 (.text:dchild)
                  c0804240    00000120     stk6_ppp_pppoe.ae674 : fileuser.oe674 (.text:fdOpenSession)
                  c0804360    00000120     rts6740_elf.lib : fseek.obj (.text:fseek)
                  c0804480    00000120     nettool.ae674 : http.oe674 (.text:httpOpen)
                  c08045a0    00000120     stk6_ppp_pppoe.ae674 : lcp.oe674 (.text:lcpReject)
                  c08046c0    00000120     sysbios.ae674 : BIOS.obj (.text:rtsUnlock$0)
                  c08047e0    00000120     stk6_ppp_pppoe.ae674 : socket.oe674 (.text:socket)
                  c0804900    00000120     gooao_fr_c6748_pe674.oe674 (.text:ti_sysbios_family_c64p_Hwi_Object__create__S)
                  c0804a20    00000120     gooao_fr_c6748_pe674.oe674 (.text:ti_sysbios_hal_Hwi_Object__create__S)
                  c0804b40    00000120     gooao_fr_c6748_pe674.oe674 (.text:ti_sysbios_io_DEV_Object__create__S)
                  c0804c60    00000120     sysbios.ae674 : BIOS.obj (.text:ti_sysbios_io_GIO_Instance_finalize__F)
                  c0804d80    00000120     gooao_fr_c6748_pe674.oe674 (.text:ti_sysbios_io_GIO_Object__create__S)
                  c0804ea0    00000120     gooao_fr_c6748_pe674.oe674 (.text:ti_sysbios_knl_Task_Object__create__S)
                  c0804fc0    00000120     usbtick.obj (.text)
                  c08050e0    00000120     ti.targets.rts6000.ae674 : Text.oe674 (.text:xdc_runtime_Text_putLab__F)
                  c0805200    00000120     gooao_fr_c6748_pe674.oe674 (.text:xdc_runtime_knl_SemThread_Object__create__S)
                  c0805320    00000100     nettool.ae674 : config.oe674 (.text:CfgGetEntryCnt)
                  c0805420    00000100                   : config.oe674 (.text:CfgNew)
                  c0805520    00000100                   : config.oe674 (.text:CfgSetExecuteOrder)
                  c0805620    00000100     os.ae674 : ossys.oe674 (.text:DbgPrintf)
                  c0805720    00000100     rts6740_elf.lib : trgdrv.obj (.text:HOSTlseek)
                  c0805820    00000100     stk6_ppp_pppoe.ae674 : igmp.oe674 (.text:IGMPTimer)
                  c0805920    00000100                          : ipv6.oe674 (.text:IPv6GetSubnetMaskFromBits)
                  c0805a20    00000100                          : ipv6_frag.oe674 (.text:IPv6ReasmTimeout)
                  c0805b20    00000100                          : rtc.oe674 (.text:RTCMsg)
                  c0805c20    00000100                          : rawethsock.oe674 (.text:RawEthSockCheck)
                  c0805d20    00000100                          : route.oe674 (.text:RtRedirect)
                  c0805e20    00000100                          : sock6.oe674 (.text:Sock6Disconnect)
                  c0805f20    00000100                          : sockint.oe674 (.text:SockValidateRoute)
                  c0806020    00000100     nettool.ae674 : dhcpsm.oe674 (.text:StateSelecting)
                  c0806120    00000100     stk6_ppp_pppoe.ae674 : tcp6prot.oe674 (.text:TCP6PrInherit)
                  c0806220    00000100                          : tcp6time.oe674 (.text:TCP6XmitTimer)
                  c0806320    00000100                          : tcpprot.oe674 (.text:TcpPrInherit)
                  c0806420    00000100                          : tcptime.oe674 (.text:TcpXmitTimer)
                  c0806520    00000100     rts6740_elf.lib : _io_perm.obj (.text:_wrt_ok)
                  c0806620    00000100     sysbios.ae674 : BIOS.obj (.text:callback$44)
                  c0806720    00000100     rts6740_elf.lib : fprintf.obj (.text:fprintf)
                  c0806820    00000100     sysbios.ae674 : BIOS.obj (.text:initDevice$47)
                  c0806920    00000100     stk6_ppp_pppoe.ae674 : lcp.oe674 (.text:lcpOpen)
                  c0806a20    00000100                          : socket.oe674 (.text:listen)
                  c0806b20    00000100     os.ae674 : mem.oe674 (.text:mmFree)
                  c0806c20    00000100     sysbios.ae674 : BIOS.obj (.text:ti_sysbios_family_c64p_EventCombiner_dispatch__F)
                  c0806d20    00000100                   : BIOS.obj (.text:ti_sysbios_knl_Clock_startI__E)
                  c0806e20    00000100                   : BIOS.obj (.text:ti_sysbios_knl_Swi_restoreHwi__E)
                  c0806f20    00000100     stk6_ppp_pppoe.ae674 : lliin.oe674 (.text:updateRtTable)
                  c0807020    00000100     ti.targets.rts6000.ae674 : Core-mem.oe674 (.text:xdc_runtime_Core_deleteObject__I)
                  c0807120    00000100                              : Startup.oe674 (.text:xdc_runtime_Startup_exec__F)
                  c0807220    00000100                              : Text.oe674 (.text:xdc_runtime_Text_putMod__F)
                  c0807320    00000100                              : Text.oe674 (.text:xdc_runtime_Text_visitRope2__I)
                  c0807420    00000100     gooao_fr_c6748_pe674.oe674 (.text:xdc_runtime_knl_SyncSemThread_Object__create__S)
                  c0807520    000000e0     stk6_ppp_pppoe.ae674 : bind6.oe674 (.text:Bind6GetLinkLocalAddress)
                  c0807600    000000e0     rts6740_elf.lib : trgdrv.obj (.text:HOSTopen)
                  c08076e0    000000e0     stk6_ppp_pppoe.ae674 : igmp.oe674 (.text:IGMPLeave)
                  c08077c0    000000e0                          : ipv6_frag.oe674 (.text:IPv6FindFragQ)
                  c08078a0    000000e0     ti.drv.omapl138.ae674 : ethdriver.oe674 (.text:Interrupt_init)
                  c0807980    000000e0     stk6_ppp_pppoe.ae674 : lli6.oe674 (.text:LLI6Msg)
                  c0807a60    000000e0                          : lli6.oe674 (.text:LLI6Update)
                  c0807b40    000000e0                          : mld.oe674 (.text:MLDFindMulticastNode)
                  c0807c20    000000e0                          : nimu.oe674 (.text:NIMUAllocateIndex)
                  c0807d00    000000e0                          : nimu.oe674 (.text:NIMUAllocateName)
                  c0807de0    000000e0                          : node.oe674 (.text:NodeDeRef)
                  c0807ec0    000000e0                          : node.oe674 (.text:NodeNew)
                  c0807fa0    000000e0                          : node.oe674 (.text:NodeTreeNew)
                  c0808080    000000e0                          : pbm.oe674 (.text:PBMQ_enq)
                  c0808160    000000e0                          : pbm.oe674 (.text:PBM_copy)
                  c0808240    000000e0                          : rawethsock.oe674 (.text:RawEthSockNotify)
                  c0808320    000000e0                          : rawethsock_pcb.oe674 (.text:RawEthSockPcbAttach)
                  c0808400    000000e0                          : rawethsock.oe674 (.text:RawEthSockSend)
                  c08084e0    000000e0                          : route6.oe674 (.text:Route6Msg)
                  c08085c0    000000e0                          : route.oe674 (.text:RtRemove)
                  c08086a0    000000e0                          : sb.oe674 (.text:SBReadNC)
                  c0808780    000000e0                          : sb.oe674 (.text:SBSetMax)
                  c0808860    000000e0                          : sock6.oe674 (.text:Sock6IntAbort)
                  c0808940    000000e0                          : sock6int.oe674 (.text:Sock6SpawnAbort)
                  c0808a20    000000e0                          : sock6int.oe674 (.text:Sock6ValidateRoute)
                  c0808b00    000000e0                          : sock.oe674 (.text:SockDisconnect)
                  c0808be0    000000e0                          : sockint.oe674 (.text:SockSpawnAbort)
                  c0808cc0    000000e0                          : tcp6prot.oe674 (.text:TCP6PrDetach)
                  c0808da0    000000e0                          : tcp6prot.oe674 (.text:TCP6PrDisconnect)
                  c0808e80    000000e0                          : tcp6time.oe674 (.text:TCP6TimeoutSackRexmt)
                  c0808f60    000000e0                          : tcp6prot.oe674 (.text:TCP6ValidateMetrics)
                  c0809040    000000e0                          : tcpprot.oe674 (.text:TcpPrDetach)
                  c0809120    000000e0                          : tcpprot.oe674 (.text:TcpPrDisconnect)
                  c0809200    000000e0                          : tcptime.oe674 (.text:TcpTimeoutSackRexmt)
                  c08092e0    000000e0                          : tcpprot.oe674 (.text:TcpValidateMetrics)
                  c08093c0    000000e0                          : timer.oe674 (.text:TimerListInsert)
                  c08094a0    000000e0                          : udp.oe674 (.text:UdpChecksum)
                  c0809580    000000e0                          : vlan.oe674 (.text:VLANDeinit)
                  c0809660    000000e0                          : vlan.oe674 (.text:VLANReceivePacket)
                  c0809740    000000e0     nettool.ae674 : config.oe674 (.text:_CfgEntryScan)
                  c0809820    000000e0     stk6_ppp_pppoe.ae674 : lli.oe674 (.text:_LLIExpListInsert)
                  c0809900    000000e0                          : rtable.oe674 (.text:_RtExpListInsert)
                  c08099e0    000000e0                          : rtable.oe674 (.text:_RtNodeRemove)
                  c0809ac0    000000e0     rts6740_elf.lib : atoi.obj (.text:atoi)
                  c0809ba0    000000e0                     : lowlev.obj (.text:close)
                  c0809c80    000000e0                     : copy_zero_init.obj (.text:decompress:ZI:__TI_zero_init)
                  c0809d60    000000e0     stk6_ppp_pppoe.ae674 : file.oe674 (.text:fdint_lockfd)
                  c0809e40    000000e0                          : file.oe674 (.text:fdint_unlockfd)
                  c0809f20    000000e0     rts6740_elf.lib : fflush.obj (.text:fflush)
                  c080a000    000000e0     nettool.ae674 : httpclie.oe674 (.text:httpGetMimeBits)
                  c080a0e0    000000e0     os.ae674 : task.oe674 (.text:llExit)
                  c080a1c0    000000e0     rts6740_elf.lib : ltoa.obj (.text:ltoa)
                  c080a2a0    000000e0                     : memset.obj (.text:memset)
                  c080a380    000000e0     os.ae674 : mem.oe674 (.text:mmBulkAlloc)
                  c080a460    000000e0     stk6_ppp_pppoe.ae674 : nimuppp.oe674 (.text:pppFree)
                  c080a540    000000e0     rts6740_elf.lib : printf.obj (.text:printf)
                  c080a620    000000e0     sysbios.ae674 : BIOS.obj (.text:ti_sysbios_family_c64p_Hwi_Instance_finalize__F)
                  c080a700    000000e0                   : BIOS.obj (.text:ti_sysbios_family_c64p_Hwi_Instance_init__F)
                  c080a7e0    000000e0                   : BIOS.obj (.text:ti_sysbios_knl_Clock_start__E)
                  c080a8c0    000000e0                   : BIOS.obj (.text:ti_sysbios_timers_timer64_Timer_startup__E)
                  c080a9a0    000000e0     ti.targets.rts6000.ae674 : Error.oe674 (.text:xdc_runtime_Error_print__F)
                  c080aa80    000000e0                              : Memory.oe674 (.text:xdc_runtime_Memory_alloc__F)
                  c080ab60    000000c0     nettool.ae674 : dhcpmain.oe674 (.text:DHCPClose)
                  c080ac20    000000c0     rts6740_elf.lib : trgdrv.obj (.text:HOSTread)
                  c080ace0    000000c0                     : trgdrv.obj (.text:HOSTunlink)
                  c080ada0    000000c0                     : trgdrv.obj (.text:HOSTwrite)
                  c080ae60    000000c0     stk6_ppp_pppoe.ae674 : icmpv6in.oe674 (.text:ICMPv6SocketErrorInterface)
                  c080af20    000000c0                          : ipv6.oe674 (.text:IPv6Layer4ComputeChecksum)
                  c080afe0    000000c0                          : lli.oe674 (.text:LLIGetValidTime)
                  c080b0a0    000000c0                          : lli.oe674 (.text:LLIMsg)
                  c080b160    000000c0     ti.drv.omapl138.ae674 : csl_mdio.oe674 (.text:MDIO_initPHY)
                  c080b220    000000c0     stk6_ppp_pppoe.ae674 : mld.oe674 (.text:MLDCreateMulticastNode)
                  c080b2e0    000000c0                          : mld.oe674 (.text:MLDLeaveGroup)
                  c080b3a0    000000c0                          : nimu.oe674 (.text:NIMUFindByName)
                  c080b460    000000c0     netctrl.ae674 : netsrv.oe674 (.text:NS_BootTask)
                  c080b520    000000c0     stk6_ppp_pppoe.ae674 : node.oe674 (.text:NodeUpdatePL)
                  c080b5e0    000000c0     nettool.ae674 : ipaddr.oe674 (.text:NtIfIdx2Ip)
                  c080b6a0    000000c0     stk6_ppp_pppoe.ae674 : route6.oe674 (.text:Rt6FindDefaultRouter)
                  c080b760    000000c0                          : route.oe674 (.text:RtDeRef)
                  c080b820    000000c0                          : rtable.oe674 (.text:RtWalkBegin)
                  c080b8e0    000000c0                          : sb6.oe674 (.text:SB6Flush)
                  c080b9a0    000000c0                          : sb6.oe674 (.text:SB6SetMax)
                  c080ba60    000000c0                          : sb.oe674 (.text:SBFlush)
                  c080bb20    000000c0                          : sock6pcb.oe674 (.text:Sock6PcbResolveChain)
                  c080bbe0    000000c0                          : sock6pcb.oe674 (.text:Sock6PcbRtChange)
                  c080bca0    000000c0                          : sock.oe674 (.text:SockIntAbort)
                  c080bd60    000000c0                          : sockpcb.oe674 (.text:SockPcbRtChange)
                  c080be20    000000c0                          : tcp6prot.oe674 (.text:TCP6Close)
                  c080bee0    000000c0     os.ae674 : task.oe674 (.text:TaskGetEnv)
                  c080bfa0    000000c0     stk6_ppp_pppoe.ae674 : tcp.oe674 (.text:TcpChecksum)
                  c080c060    000000c0                          : tcpprot.oe674 (.text:TcpClose)
                  c080c120    000000c0                          : bind6.oe674 (.text:_Bind6FindByHostInList)
                  c080c1e0    000000c0                          : bind6.oe674 (.text:_Bind6FindByNetInList)
                  c080c2a0    000000c0     rts6740_elf.lib : dtor_list.obj (.text:_Z11__TI_atexitPFYvPvES_S_)
                  c080c360    000000c0                     : dtor_list.obj (.text:__cxa_finalize)
                  c080c420    000000c0                     : divu.obj (.text:__divu)
                  c080c4e0    000000c0                     : remi.obj (.text:__remi)
                  c080c5a0    000000c0                     : _printfi.obj (.text:_div)
                  c080c660    000000c0                     : fflush.obj (.text:_doflush)
                  c080c720    000000c0     nettool.ae674 : dhcptags.oe674 (.text:dhcpOptionsClear)
                  c080c7e0    000000c0     os.ae674 : efs.oe674 (.text:efs_fopen)
                  c080c8a0    000000c0              : efs.oe674 (.text:efs_internal_remove)
                  c080c960    000000c0     rts6740_elf.lib : exit.obj (.text:exit)
                  c080ca20    000000c0     nettool.ae674 : httpsend.oe674 (.text:httpSendFullResponse)
                  c080cae0    000000c0     os.ae674 : mem.oe674 (.text:mmZeroInit)
                  c080cba0    000000c0     stk6_ppp_pppoe.ae674 : nimuppp.oe674 (.text:pppAddIP)
                  c080cc60    000000c0     sysbios.ae674 : BIOS.obj (.text:ti_sysbios_BIOS_errorRaiseHook__I)
                  c080cd20    000000c0                   : BIOS.obj (.text:ti_sysbios_heaps_HeapMem_getStats__E)
                  c080cde0    000000c0                   : BIOS.obj (.text:ti_sysbios_io_DEV_Instance_finalize__F)
                  c080cea0    000000c0                   : BIOS.obj (.text:ti_sysbios_knl_Clock_logTick__E)
                  c080cf60    000000c0                   : BIOS.obj (.text:ti_sysbios_knl_Task_allBlockedFunction__I)
                  c080d020    000000c0                   : BIOS.obj (.text:ti_sysbios_timers_timer64_Timer_stop__E)
                  c080d0e0    000000c0                   : BIOS.obj (.text:ti_sysbios_xdcruntime_SemThreadSupport_pend__F)
                  c080d1a0    000000c0     usbphyGS60.obj (.text)
                  c080d260    000000c0     ti.targets.rts6000.ae674 : System.oe674 (.text:xdc_runtime_System_formatNum__I)
                  c080d320    000000a0     nettool.ae674 : config.oe674 (.text:CfgEntryDeRef)
                  c080d3c0    000000a0                   : config.oe674 (.text:CfgEntryGetData)
                  c080d460    000000a0                   : config.oe674 (.text:CfgGetImmediate)
                  c080d500    000000a0                   : telnetd.oe674 (.text:CmdWriteBytes)
                  c080d5a0    000000a0                   : telnetd.oe674 (.text:CmdWriteCmd)
                  c080d640    000000a0     stk6_ppp_pppoe.ae674 : file.oe674 (.text:FdSignalEvent)
                  c080d6e0    000000a0     rts6740_elf.lib : trgdrv.obj (.text:HOSTclose)
                  c080d780    000000a0     ti.drv.omapl138.ae674 : ethdriver.oe674 (.text:HwPktClose)
                  c080d820    000000a0     stk6_ppp_pppoe.ae674 : icmpv6in.oe674 (.text:ICMPv6RecvDstUnreachable)
                  c080d8c0    000000a0                          : ipfrag.oe674 (.text:IPReasmFree)
                  c080d960    000000a0                          : ipfrag.oe674 (.text:IPReasmTimeout)
                  c080da00    000000a0                          : ipv6.oe674 (.text:IPv6CompareAddress)
                  c080daa0    000000a0                          : lliin.oe674 (.text:LLIValidateRoute)
                  c080db40    000000a0                          : md5.oe674 (.text:MD5Final)
                  c080dbe0    000000a0                          : nimu.oe674 (.text:NIMUShutdown)
                  c080dc80    000000a0                          : nimu.oe674 (.text:NIMUUnregister)
                  c080dd20    000000a0     nettool.ae674 : ipaddr.oe674 (.text:NtAddNetwork)
                  c080ddc0    000000a0     stk6_ppp_pppoe.ae674 : pbm.oe674 (.text:PBM_open)
                  c080de60    000000a0                          : pipe.oe674 (.text:PipeCheck)
                  c080df00    000000a0                          : rtable.oe674 (.text:RouteMsg)
                  c080dfa0    000000a0                          : route.oe674 (.text:RtNew)
                  c080e040    000000a0                          : sb6.oe674 (.text:SB6Free)
                  c080e0e0    000000a0                          : sb.oe674 (.text:SBFree)
                  c080e180    000000a0     os.ae674 : semaphore.oe674 (.text:SemCreate)
                  c080e220    000000a0     stk6_ppp_pppoe.ae674 : sock6pcb.oe674 (.text:Sock6CleanPcb)
                  c080e2c0    000000a0                          : sock6.oe674 (.text:Sock6GetName)
                  c080e360    000000a0                          : sock.oe674 (.text:SockBind)
                  c080e400    000000a0                          : sockpcb.oe674 (.text:SockCleanPcb)
                  c080e4a0    000000a0                          : tcp6prot.oe674 (.text:TCP6Drop)
                  c080e540    000000a0                          : tcp6prot.oe674 (.text:TCP6PrCtlError)
                  c080e5e0    000000a0                          : tcp6prot.oe674 (.text:TCP6PrSend)
                  c080e680    000000a0                          : tcp6prot.oe674 (.text:TCP6PrSendOOB)
                  c080e720    000000a0     os.ae674 : task.oe674 (.text:TaskCreate)
                  c080e7c0    000000a0     stk6_ppp_pppoe.ae674 : tcpprot.oe674 (.text:TcpDrop)
                  c080e860    000000a0                          : tcpprot.oe674 (.text:TcpPrCtlError)
                  c080e900    000000a0                          : tcpprot.oe674 (.text:TcpPrSend)
                  c080e9a0    000000a0                          : tcpprot.oe674 (.text:TcpPrSendOOB)
                  c080ea40    000000a0                          : timer.oe674 (.text:TimerNew)
                  c080eae0    000000a0                          : lli.oe674 (.text:_LLITimeoutFlush)
                  c080eb80    000000a0     rts6740_elf.lib : remu.obj (.text:__remu)
                  c080ec20    000000a0     boot.ae674 : boot.oe674 (.text:_c_int00)
                  c080ecc0    000000a0     rts6740_elf.lib : fopen.obj (.text:_cleanup)
                  c080ed60    000000a0                     : _printfi.obj (.text:_ecpy)
                  c080ee00    000000a0                     : _printfi.obj (.text:_fcpy)
                  c080eea0    000000a0                     : _printfi.obj (.text:_pconv_f)
                  c080ef40    000000a0     sysbios.ae674 : c64p_Hwi_asm.obj (.text:_ti_sysbios_family_c64p_Hwi_plug__E)
                  c080efe0    000000a0     stk6_ppp_pppoe.ae674 : auth.oe674 (.text:authStart)
                  c080f080    000000a0     nettool.ae674 : dhcpbild.oe674 (.text:dhcpBuildDecline)
                  c080f120    000000a0                   : dhcpsm.oe674 (.text:dhcpIPRemove)
                  c080f1c0    000000a0     stk6_ppp_pppoe.ae674 : fileuser.oe674 (.text:fdCloseSession)
                  c080f260    000000a0     rts6740_elf.lib : lowlev.obj (.text:finddevice)
                  c080f300    000000a0     stk6_ppp_pppoe.ae674 : lcp.oe674 (.text:lcpInit)
                  c080f3a0    000000a0                          : lcp.oe674 (.text:lcpSendTerm)
                  c080f440    000000a0     hal_timer_bios.ae674 : lltimer.oe674 (.text:llTimerTick)
                  c080f4e0    000000a0     rts6740_elf.lib : lowlev.obj (.text:lseek)
                  c080f580    000000a0     gooao_fr_c6748_pe674.oe674 (.text:malloc)
                  c080f620    000000a0     rts6740_elf.lib : memcpy64.obj (.text:memcpy)
                  c080f6c0    000000a0     os.ae674 : mem.oe674 (.text:mmBulkFree)
                  c080f760    000000a0              : mem.oe674 (.text:mmInitPage)
                  c080f800    000000a0              : ossys.oe674 (.text:stricmp)
                  c080f8a0    000000a0     rts6740_elf.lib : strstr.obj (.text:strstr)
                  c080f940    000000a0     taskImageProcess.obj (.text)
                  c080f9e0    000000a0     sysbios.ae674 : BIOS.obj (.text:ti_sysbios_heaps_HeapMem_init__I)
                  c080fa80    000000a0     gooao_fr_c6748_pe674.oe674 (.text:ti_sysbios_knl_Clock_Object__create__S)
                  c080fb20    000000a0     sysbios.ae674 : BIOS.obj (.text:ti_sysbios_knl_Idle_run__E)
                  c080fbc0    000000a0     gooao_fr_c6748_pe674.oe674 (.text:ti_sysbios_knl_Semaphore_Object__create__S)
                  c080fc60    000000a0     sysbios.ae674 : BIOS.obj (.text:ti_sysbios_knl_Task_deleteTerminatedTasksFunc__I)
                  c080fd00    000000a0     gooao_fr_c6748_pe674.oe674 (.text:ti_sysbios_xdcruntime_SemThreadSupport_Object__create__S)
                  c080fda0    000000a0     rts6740_elf.lib : lowlev.obj (.text:write)
                  c080fe40    000000a0     ti.targets.rts6000.ae674 : Assert.oe674 (.text:xdc_runtime_Assert_raise__I)
                  c080fee0    000000a0                              : LoggerBuf.oe674 (.text:xdc_runtime_LoggerBuf_Module_startup__F)
                  c080ff80    000000a0                              : SysMin.oe674 (.text:xdc_runtime_SysMin_abort__F)
                  c0810020    000000a0                              : SysMin.oe674 (.text:xdc_runtime_SysMin_flush__F)
                  c08100c0    000000a0                              : SysMin.oe674 (.text:xdc_runtime_SysMin_putch__F)
                  c0810160    00000080     stk6_ppp_pppoe.ae674 : md5.oe674 (.text:Decode)
                  c08101e0    00000080     ti.drv.omapl138.ae674 : nimu_eth.oe674 (.text:EmacStart)
                  c0810260    00000080                           : ethdriver.oe674 (.text:GetPacket)
                  c08102e0    00000080                           : ethdriver.oe674 (.text:HwRxInt)
                  c0810360    00000080                           : ethdriver.oe674 (.text:HwTxInt)
                  c08103e0    00000080     stk6_ppp_pppoe.ae674 : icmp.oe674 (.text:ICMPChecksum)
                  c0810460    00000080                          : icmpv6in.oe674 (.text:ICMPv6RecvParamProblem)
                  c08104e0    00000080                          : icmpv6_ndisc.oe674 (.text:ICMPv6RecvRS)
                  c0810560    00000080                          : icmpv6in.oe674 (.text:ICMPv6RecvTimeExceeded)
                  c08105e0    00000080                          : ipv6out.oe674 (.text:IPv6GetRoute)
                  c0810660    00000080                          : lli6.oe674 (.text:LLI6Free)
                  c08106e0    00000080                          : lli6.oe674 (.text:LLI6IsRouterStatMachine)
                  c0810760    00000080     ti.drv.omapl138.ae674 : csl_mdio.oe674 (.text:MDIO_close)
                  c08107e0    00000080     stk6_ppp_pppoe.ae674 : nimu.oe674 (.text:NIMUInit)
                  c0810860    00000080                          : pbm.oe674 (.text:PBMQ_deq)
                  c08108e0    00000080                          : nimuppp.oe674 (.text:PPPSend)
                  c0810960    00000080                          : pipe.oe674 (.text:PipeClose)
                  c08109e0    00000080                          : rawethsock.oe674 (.text:RawEthSockClose)
                  c0810a60    00000080                          : rawethsock_pcb.oe674 (.text:RawEthSockPcbDetach)
                  c0810ae0    00000080                          : route6.oe674 (.text:Rt6Update)
                  c0810b60    00000080                          : route.oe674 (.text:RtSetFailure)
                  c0810be0    00000080                          : route.oe674 (.text:RtSetTimeout)
                  c0810c60    00000080                          : sock6.oe674 (.text:Sock6Bind)
                  c0810ce0    00000080                          : sock6pcb.oe674 (.text:Sock6PcbCleanup)
                  c0810d60    00000080                          : sock.oe674 (.text:SockGetName)
                  c0810de0    00000080                          : sockpcb.oe674 (.text:SockPcbCleanup)
                  c0810e60    00000080                          : sockpcb.oe674 (.text:SockPcbDetach)
                  c0810ee0    00000080                          : sockpcb.oe674 (.text:SockPcbResolveChain)
                  c0810f60    00000080                          : tcp6prot.oe674 (.text:TCP6PrListen)
                  c0810fe0    00000080     os.ae674 : task.oe674 (.text:TaskSetEnv)
                  c0811060    00000080     stk6_ppp_pppoe.ae674 : tcpprot.oe674 (.text:TcpPrListen)
                  c08110e0    00000080                          : timer.oe674 (.text:TimerHSTick)
                  c0811160    00000080                          : timer.oe674 (.text:TimerListRemove)
                  c08111e0    00000080     nettool.ae674 : config.oe674 (.text:_CfgAcquire)
                  c0811260    00000080                   : config.oe674 (.text:_CfgRelease)
                  c08112e0    00000080     stk6_ppp_pppoe.ae674 : lli.oe674 (.text:_LLIExpListRemove)
                  c0811360    00000080                          : rtc.oe674 (.text:_RTCSendRtAdv)
                  c08113e0    00000080                          : rtable.oe674 (.text:_RtExpListRemove)
                  c0811460    00000080     rts6740_elf.lib : llshift.obj (.text:__c6xabi_llshl)
                  c08114e0    00000080     sysbios.ae674 : c62_TaskSupport_asm.obj (.text:_ti_sysbios_family_c62_TaskSupport_swap__E)
                  c0811560    00000080     os.ae674 : efs.oe674 (.text:efs_fclose)
                  c08115e0    00000080              : efs.oe674 (.text:efs_filesend)
                  c0811660    00000080              : efs.oe674 (.text:efs_findfile)
                  c08116e0    00000080     stk6_ppp_pppoe.ae674 : file.oe674 (.text:fdint_waitevent)
                  c0811760    00000080     fr_uart.obj (.text)
                  c08117e0    00000080     nettool.ae674 : httpsend.oe674 (.text:httpSendEntityLength)
                  c0811860    00000080                   : httpsend.oe674 (.text:httpSendErrorResponse)
                  c08118e0    00000080     hal_timer_bios.ae674 : lltimer.oe674 (.text:llTimerGetTime)
                  c0811960    00000080     rts6740_elf.lib : trgmsg.obj (.text:readmsg)
                  c08119e0    00000080     nettool.ae674 : httpsend.oe674 (.text:strcat)
                  c0811a60    00000080     gooao_fr_c6748_pe674.oe674 (.text:ti_sysbios_BIOS_exitFunc__I)
                  c0811ae0    00000080     sysbios.ae674 : BIOS.obj (.text:ti_sysbios_family_c62_TaskSupport_start__E)
                  c0811b60    00000080                   : BIOS.obj (.text:ti_sysbios_family_c64p_Cache_invL1pAll__E)
                  c0811be0    00000080                   : BIOS.obj (.text:ti_sysbios_family_c64p_Hwi_eventMap__E)
                  c0811c60    00000080     gooao_fr_c6748_pe674.oe674 (.text:ti_sysbios_gates_GateHwi_Object__create__S)
                  c0811ce0    00000080     gooao_fr_c6748_pe674.oe674 (.text:ti_sysbios_gates_GateMutex_Object__create__S)
                  c0811d60    00000080     gooao_fr_c6748_pe674.oe674 (.text:ti_sysbios_heaps_HeapMem_Object__create__S)
                  c0811de0    00000080     sysbios.ae674 : BIOS.obj (.text:ti_sysbios_knl_Clock_Module_startup__F)
                  c0811e60    00000080     gooao_fr_c6748_pe674.oe674 (.text:ti_sysbios_knl_Clock_doTick__I)
                  c0811ee0    00000080     sysbios.ae674 : BIOS.obj (.text:ti_sysbios_knl_Clock_getTicks__E)
                  c0811f60    00000080     gooao_fr_c6748_pe674.oe674 (.text:ti_sysbios_knl_Queue_Object__create__S)
                  c0811fe0    00000080     sysbios.ae674 : BIOS.obj (.text:ti_sysbios_knl_Swi_startup__E)
                  c0812060    00000080                   : BIOS.obj (.text:ti_sysbios_knl_Task_restore__E)
                  c08120e0    00000080                   : BIOS.obj (.text:ti_sysbios_timers_timer64_Timer_getCount__E)
                  c0812160    00000080                   : BIOS.obj (.text:ti_sysbios_timers_timer64_Timer_getPeriod__E)
                  c08121e0    00000080                   : BIOS.obj (.text:ti_sysbios_xdcruntime_SemThreadSupport_Instance_init__F)
                  c0812260    00000080     rts6740_elf.lib : lowlev.obj (.text:unlink)
                  c08122e0    00000080     ti.targets.rts6000.ae674 : Core-label.oe674 (.text:xdc_runtime_Core_assignLabel__I)
                  c0812360    00000080                              : Core-params.oe674 (.text:xdc_runtime_Core_assignParams__I)
                  c08123e0    00000080     gooao_fr_c6748_pe674.oe674 (.text:xdc_runtime_SysMin_output__I)
                  c0812460    00000080     ti.targets.rts6000.ae674 : System.oe674 (.text:xdc_runtime_System_atexit__F)
                  c08124e0    00000080                              : System.oe674 (.text:xdc_runtime_System_rtsExit__I)
                  c0812560    00000080                              : Text.oe674 (.text:xdc_runtime_Text_printVisFxn__I)
                  c08125e0    00000080                              : Text.oe674 (.text:xdc_runtime_Text_xprintf__I)
                  c0812660    00000080                              : SemThread.oe674 (.text:xdc_runtime_knl_SemThread_Instance_init__F)
                  c08126e0    00000060     stk6_ppp_pppoe.ae674 : bind6.oe674 (.text:Bind6FindByIF)
                  c0812740    00000060                          : bind6.oe674 (.text:Bind6IF2IPHost)
                  c08127a0    00000060                          : bind.oe674 (.text:BindFindByHost)
                  c0812800    00000060                          : bind.oe674 (.text:BindFindByIF)
                  c0812860    00000060                          : bind.oe674 (.text:BindFindByNet)
                  c08128c0    00000060                          : bind.oe674 (.text:BindGetIFByDBCast)
                  c0812920    00000060                          : bind.oe674 (.text:BindIF2IPHost)
                  c0812980    00000060     nettool.ae674 : config.oe674 (.text:CfgEntryInfo)
                  c08129e0    00000060                   : config.oe674 (.text:CfgSetService)
                  c0812a40    00000060     ti.drv.omapl138.ae674 : nimu_eth.oe674 (.text:EmacPktService)
                  c0812aa0    00000060                           : nimu_eth.oe674 (.text:EmacSend)
                  c0812b00    00000060                           : nimu_eth.oe674 (.text:EmacStop)
                  c0812b60    00000060     stk6_ppp_pppoe.ae674 : md5.oe674 (.text:Encode)
                  c0812bc0    00000060                          : exec.oe674 (.text:ExecBroadcast)
                  c0812c20    00000060                          : igmp.oe674 (.text:IGMPTestGroup)
                  c0812c80    00000060                          : ip.oe674 (.text:IPChecksum)
                  c0812ce0    00000060                          : lli.oe674 (.text:LLIFree)
                  c0812d40    00000060     ti.drv.omapl138.ae674 : csl_mdio.oe674 (.text:MDIO_open)
                  c0812da0    00000060     netctrl.ae674 : netctrl.oe674 (.text:NC_SystemClose)
                  c0812e00    00000060     stk6_ppp_pppoe.ae674 : nimu.oe674 (.text:NIMUAddHeader)
                  c0812e60    00000060                          : nimu.oe674 (.text:NIMUCreatePacket)
                  c0812ec0    00000060                          : nimu.oe674 (.text:NIMUFindByIndex)
                  c0812f20    00000060                          : nimu.oe674 (.text:NIMUPacketService)
                  c0812f80    00000060                          : nimu.oe674 (.text:NIMUPacketServiceCheck)
                  c0812fe0    00000060                          : nimu.oe674 (.text:NIMUSendPacket)
                  c0813040    00000060     netctrl.ae674 : netsrv.oe674 (.text:NS_PreBoot)
                  c08130a0    00000060     stk6_ppp_pppoe.ae674 : node.oe674 (.text:NodeGetRt)
                  c0813100    00000060                          : rtc.oe674 (.text:RTCAddHook)
                  c0813160    00000060                          : rtc.oe674 (.text:RTCRemoveHook)
                  c08131c0    00000060                          : rawethsock_pcb.oe674 (.text:RawEthSockPcbCleanup)
                  c0813220    00000060                          : rawethsock_pcb.oe674 (.text:RawEthSockPcbFind)
                  c0813280    00000060                          : route6.oe674 (.text:Rt6GetNetworkAddr)
                  c08132e0    00000060                          : rtable.oe674 (.text:RtWalkEnd)
                  c0813340    00000060     netctrl.ae674 : netsrv.oe674 (.text:ServiceCallback)
                  c08133a0    00000060     stk6_ppp_pppoe.ae674 : sock6pcb.oe674 (.text:Sock6PcbDetach)
                  c0813400    00000060                          : sock6prot.oe674 (.text:Sock6PrCtlError)
                  c0813460    00000060                          : sock6prot.oe674 (.text:Sock6PrDetach)
                  c08134c0    00000060                          : sockprot.oe674 (.text:SockPrCtlError)
                  c0813520    00000060                          : sockprot.oe674 (.text:SockPrDetach)
                  c0813580    00000060                          : tcp6prot.oe674 (.text:TCP6PrConnect)
                  c08135e0    00000060                          : tcp6time.oe674 (.text:TCP6SetPersist)
[...]
c081ce9c   ti_sysbios_io_GIO_Object__DESC__C
c081cebc   ti_sysbios_knl_Clock_Object__DESC__C
c081cedc   ti_sysbios_knl_Queue_Object__DESC__C
c081cefc   ti_sysbios_knl_Semaphore_Object__DESC__C
c081cf1c   ti_sysbios_knl_Task_Object__DESC__C
c081cf3c   ti_sysbios_xdcruntime_SemThreadSupport_Object__DESC__C
c081cf5c   xdc_runtime_knl_SemThread_Module__FXNS__C
c081cf7c   xdc_runtime_knl_SemThread_Object__DESC__C
c081cf9c   xdc_runtime_knl_SyncSemThread_Object__DESC__C
c081cfdc   ti_sysbios_BIOS_Module__diagsIncluded__C
c081cfe0   xdc_runtime_Startup_sfxnRts__A
c081d01c   ti_sysbios_xdcruntime_SemThreadSupport_Object__PARAMS__C
c081d038   xdc_runtime_knl_SemThread_Object__PARAMS__C
c081d084   ti_sysbios_gates_GateHwi_Object__PARAMS__C
c081d09c   ti_sysbios_gates_GateMutex_Object__PARAMS__C
c081d0b4   ti_sysbios_knl_Queue_Object__PARAMS__C
c081d0cc   xdc_runtime_knl_SyncSemThread_Object__PARAMS__C
c081d180   ti_sysbios_family_c64p_Cache_initSize__C
c081d1a0   ti_sysbios_knl_Idle_coreList__A
c081d1a8   ti_sysbios_knl_Idle_coreList__C
c081d1b0   ti_sysbios_knl_Idle_funcList__A
c081d1b8   ti_sysbios_knl_Idle_funcList__C
c081d1c0   ti_sysbios_knl_Task_hooks__C
c081d1c8   xdc_runtime_Startup_firstFxns__A
c081d1d0   xdc_runtime_Startup_firstFxns__C
c081d1d8   xdc_runtime_Startup_lastFxns__C
c081d1e0   ti_sysbios_BIOS_Module__diagsMask__C
c081d1e4   ti_sysbios_BIOS_installedErrorHook__C
c081d1e8   ti_sysbios_family_c62_TaskSupport_stackAlignment__C
c081d1ec   ti_sysbios_family_c64p_Cache_EMIFA_BASE__C
c081d1f0   ti_sysbios_family_c64p_Cache_EMIFA_CFG__C
c081d1f4   ti_sysbios_family_c64p_Cache_EMIFA_LENGTH__C
c081d1f8   ti_sysbios_family_c64p_Cache_EMIFB_BASE__C
c081d1fc   ti_sysbios_family_c64p_Cache_EMIFB_CFG__C
c081d200   ti_sysbios_family_c64p_Cache_EMIFB_LENGTH__C
c081d204   ti_sysbios_family_c64p_Cache_EMIFC_BASE__C
c081d208   ti_sysbios_family_c64p_Cache_EMIFC_CFG__C
c081d20c   ti_sysbios_family_c64p_Cache_EMIFC_LENGTH__C
c081d210   ti_sysbios_family_c64p_Cache_MAR0_31__C
c081d214   ti_sysbios_family_c64p_Cache_MAR128_159__C
c081d218   ti_sysbios_family_c64p_Cache_MAR160_191__C
c081d21c   ti_sysbios_family_c64p_Cache_MAR192_223__C
c081d220   ti_sysbios_family_c64p_Cache_MAR224_255__C
c081d224   ti_sysbios_family_c64p_Cache_MAR32_63__C
c081d228   ti_sysbios_family_c64p_Cache_MAR64_95__C
c081d22c   ti_sysbios_family_c64p_Cache_MAR96_127__C
c081d230   ti_sysbios_family_c64p_EventCombiner_E_unpluggedEvent__C
c081d234   ti_sysbios_family_c64p_Exception_E_exceptionMin__C
c081d238   ti_sysbios_family_c64p_Exception_exceptionHook__C
c081d23c   ti_sysbios_family_c64p_Exception_externalHook__C
c081d240   ti_sysbios_family_c64p_Exception_internalHook__C
c081d244   ti_sysbios_family_c64p_Exception_nmiHook__C
c081d248   ti_sysbios_family_c64p_Hwi_E_alreadyDefined__C
c081d24c   ti_sysbios_family_c64p_Hwi_E_handleNotFound__C
c081d250   ti_sysbios_family_c64p_Hwi_LD_end__C
c081d254   ti_sysbios_family_c64p_Hwi_LM_begin__C
c081d258   ti_sysbios_family_c64p_Hwi_Module__diagsEnabled__C
c081d25c   ti_sysbios_family_c64p_Hwi_Module__diagsIncluded__C
c081d260   ti_sysbios_family_c64p_Hwi_Module__diagsMask__C
c081d264   ti_sysbios_family_c64p_Hwi_Module__loggerFxn1__C
c081d268   ti_sysbios_family_c64p_Hwi_Module__loggerFxn8__C
c081d26c   ti_sysbios_family_c64p_Hwi_Module__loggerObj__C
c081d270   ti_sysbios_gates_GateMutex_A_badContext__C
c081d274   ti_sysbios_gates_GateMutex_Instance_State_sem__O
c081d278   ti_sysbios_gates_GateMutex_Module__diagsEnabled__C
c081d27c   ti_sysbios_gates_GateMutex_Module__diagsIncluded__C
c081d280   ti_sysbios_gates_GateMutex_Module__diagsMask__C
c081d284   ti_sysbios_hal_Hwi_E_stackOverflow__C
c081d288   ti_sysbios_heaps_HeapMem_A_align__C
c081d28c   ti_sysbios_heaps_HeapMem_A_heapSize__C
c081d290   ti_sysbios_heaps_HeapMem_A_invalidFree__C
c081d294   ti_sysbios_heaps_HeapMem_A_zeroBlock__C
c081d298   ti_sysbios_heaps_HeapMem_E_memory__C
c081d29c   ti_sysbios_heaps_HeapMem_Module__diagsEnabled__C
c081d2a0   ti_sysbios_heaps_HeapMem_Module__diagsIncluded__C
c081d2a4   ti_sysbios_heaps_HeapMem_Module__diagsMask__C
c081d2a8   ti_sysbios_heaps_HeapMem_Module__gateObj__C
c081d2ac   ti_sysbios_heaps_HeapMem_Object__count__C
c081d2b0   ti_sysbios_heaps_HeapMem_reqAlign__C
c081d2b4   ti_sysbios_io_DEV_Object__count__C
c081d2b8   ti_sysbios_io_DEV_tableSize__C
c081d2bc   ti_sysbios_io_GIO_A_badModel__C
c081d2c0   ti_sysbios_io_GIO_E_createFailed__C
c081d2c4   ti_sysbios_io_GIO_E_notFound__C
c081d2c8   ti_sysbios_io_GIO_Instance_State_doneList__O
c081d2cc   ti_sysbios_io_GIO_Instance_State_freeList__O
c081d2d0   ti_sysbios_io_GIO_Module__diagsEnabled__C
c081d2d4   ti_sysbios_io_GIO_Module__diagsIncluded__C
c081d2d8   ti_sysbios_io_GIO_Module__diagsMask__C
c081d2dc   ti_sysbios_knl_Clock_A_badThreadType__C
c081d2e0   ti_sysbios_knl_Clock_LM_begin__C
c081d2e4   ti_sysbios_knl_Clock_LM_tick__C
c081d2e8   ti_sysbios_knl_Clock_LW_delayed__C
c081d2ec   ti_sysbios_knl_Clock_Module_State_clockQ__O
c081d2f0   ti_sysbios_knl_Clock_Module__diagsEnabled__C
c081d2f4   ti_sysbios_knl_Clock_Module__diagsIncluded__C
c081d2f8   ti_sysbios_knl_Clock_Module__diagsMask__C
c081d2fc   ti_sysbios_knl_Clock_Module__loggerFxn1__C
c081d300   ti_sysbios_knl_Clock_Module__loggerFxn2__C
c081d304   ti_sysbios_knl_Clock_Module__loggerObj__C
c081d308   ti_sysbios_knl_Clock_tickMode__C
c081d30c   ti_sysbios_knl_Clock_tickPeriod__C
c081d310   ti_sysbios_knl_Clock_tickSource__C
c081d314   ti_sysbios_knl_Semaphore_A_badContext__C
c081d318   ti_sysbios_knl_Semaphore_A_noEvents__C
c081d31c   ti_sysbios_knl_Semaphore_A_overflow__C
c081d320   ti_sysbios_knl_Semaphore_Instance_State_pendQ__O
c081d324   ti_sysbios_knl_Semaphore_LM_pend__C
c081d328   ti_sysbios_knl_Semaphore_LM_post__C
c081d32c   ti_sysbios_knl_Semaphore_Module__diagsEnabled__C
c081d330   ti_sysbios_knl_Semaphore_Module__diagsIncluded__C
c081d334   ti_sysbios_knl_Semaphore_Module__diagsMask__C
c081d338   ti_sysbios_knl_Semaphore_Module__loggerFxn2__C
c081d33c   ti_sysbios_knl_Semaphore_Module__loggerFxn4__C
c081d340   ti_sysbios_knl_Semaphore_Module__loggerObj__C
c081d344   ti_sysbios_knl_Swi_LD_end__C
c081d348   ti_sysbios_knl_Swi_LM_begin__C
c081d34c   ti_sysbios_knl_Swi_LM_post__C
c081d350   ti_sysbios_knl_Swi_Module__diagsEnabled__C
c081d354   ti_sysbios_knl_Swi_Module__diagsIncluded__C
c081d358   ti_sysbios_knl_Swi_Module__diagsMask__C
c081d35c   ti_sysbios_knl_Swi_Module__loggerFxn1__C
c081d360   ti_sysbios_knl_Swi_Module__loggerFxn4__C
c081d364   ti_sysbios_knl_Swi_Module__loggerObj__C
c081d368   ti_sysbios_knl_Swi_Object__count__C
c081d36c   ti_sysbios_knl_Task_A_badPriority__C
c081d370   ti_sysbios_knl_Task_A_badTaskState__C
c081d374   ti_sysbios_knl_Task_A_badThreadType__C
c081d378   ti_sysbios_knl_Task_A_badTimeout__C
c081d37c   ti_sysbios_knl_Task_A_noPendElem__C
c081d380   ti_sysbios_knl_Task_E_deleteNotAllowed__C
c081d384   ti_sysbios_knl_Task_E_spOutOfBounds__C
c081d388   ti_sysbios_knl_Task_E_stackOverflow__C
c081d38c   ti_sysbios_knl_Task_LD_block__C
c081d390   ti_sysbios_knl_Task_LD_exit__C
c081d394   ti_sysbios_knl_Task_LD_ready__C
c081d398   ti_sysbios_knl_Task_LM_setPri__C
c081d39c   ti_sysbios_knl_Task_LM_sleep__C
c081d3a0   ti_sysbios_knl_Task_LM_switch__C
c081d3a4   ti_sysbios_knl_Task_Module_State_inactiveQ__O
c081d3a8   ti_sysbios_knl_Task_Module_State_terminatedQ__O
c081d3ac   ti_sysbios_knl_Task_Module__diagsEnabled__C
c081d3b0   ti_sysbios_knl_Task_Module__diagsIncluded__C
c081d3b4   ti_sysbios_knl_Task_Module__diagsMask__C
c081d3b8   ti_sysbios_knl_Task_Module__loggerFxn2__C
c081d3bc   ti_sysbios_knl_Task_Module__loggerFxn4__C
c081d3c0   ti_sysbios_knl_Task_Module__loggerObj__C
c081d3c4   ti_sysbios_knl_Task_Object__count__C
c081d3c8   ti_sysbios_knl_Task_Object__heap__C
c081d3cc   ti_sysbios_knl_Task_allBlockedFunc__C
c081d3d0   ti_sysbios_knl_Task_defaultStackHeap__C
c081d3d4   ti_sysbios_knl_Task_defaultStackSize__C
c081d3d8   ti_sysbios_knl_Task_numConstructedTasks__C
c081d3dc   ti_sysbios_knl_Task_numPriorities__C
c081d3e0   ti_sysbios_timers_timer64_Timer_A_notAvailable__C
c081d3e4   ti_sysbios_timers_timer64_Timer_E_cannotSupport__C
c081d3e8   ti_sysbios_timers_timer64_Timer_Module__diagsEnabled__C
c081d3ec   ti_sysbios_timers_timer64_Timer_Module__diagsIncluded__C
c081d3f0   ti_sysbios_timers_timer64_Timer_Module__diagsMask__C
c081d3f4   ti_sysbios_timers_timer64_Timer_anyMask__C
c081d3f8   ti_sysbios_timers_timer64_Timer_freqDivisor__C
c081d3fc   ti_sysbios_timers_timer64_Timer_numLocalTimers__C
c081d400   ti_sysbios_timers_timer64_Timer_numTimerDevices__C
c081d404   ti_sysbios_xdcruntime_SemThreadSupport_Instance_State_sem__O
c081d408   xdc_runtime_Assert_E_assertFailed__C
c081d40c   xdc_runtime_Core_A_initializedParams__C
c081d410   xdc_runtime_Core_Module__diagsEnabled__C
c081d414   xdc_runtime_Core_Module__diagsIncluded__C
c081d418   xdc_runtime_Core_Module__diagsMask__C
c081d41c   xdc_runtime_Error_E_generic__C
c081d420   xdc_runtime_Error_E_memory__C
c081d424   xdc_runtime_Error_Module__diagsEnabled__C
c081d428   xdc_runtime_Error_Module__diagsIncluded__C
c081d42c   xdc_runtime_Error_Module__diagsMask__C
c081d430   xdc_runtime_Error_Module__loggerFxn8__C
c081d434   xdc_runtime_Error_Module__loggerObj__C
c081d438   xdc_runtime_Error_policy__C
c081d43c   xdc_runtime_Error_raiseHook__C
c081d440   xdc_runtime_IGateProvider_Interface__BASE__C
c081d444   xdc_runtime_IHeap_Interface__BASE__C
c081d448   xdc_runtime_IModule_Interface__BASE__C
c081d44c   xdc_runtime_Log_L_error__C
c081d450   xdc_runtime_LoggerBuf_Object__count__C
c081d454   xdc_runtime_Memory_defaultHeapInstance__C
c081d458   xdc_runtime_Startup_execImpl__C
c081d45c   xdc_runtime_Startup_maxPasses__C
c081d460   xdc_runtime_Startup_lastFxns__A
c081d464   xdc_runtime_Startup_sfxnRts__C
c081d468   xdc_runtime_Startup_sfxnTab__C
c081d46c   xdc_runtime_SysMin_bufSize__C
c081d470   xdc_runtime_SysMin_outputFunc__C
c081d474   xdc_runtime_System_Module__gateObj__C
c081d478   xdc_runtime_System_extendFxn__C
c081d47c   xdc_runtime_System_maxAtexitHandlers__C
c081d480   xdc_runtime_Text_charTab__C
c081d484   xdc_runtime_Text_nameEmpty__C
c081d488   xdc_runtime_Text_nameStatic__C
c081d48c   xdc_runtime_Text_nameUnknown__C
c081d490   xdc_runtime_Text_nodeTab__C
c081d494   xdc_runtime_Text_visitRopeFxn__C
c081d498   xdc_runtime_knl_ISemaphore_Interface__BASE__C
c081d49c   xdc_runtime_knl_ISync_Interface__BASE__C
c081d4a0   ti_sysbios_BIOS_Module__id__C
c081d4a4   ti_sysbios_family_c64p_EventCombiner_Module__id__C
c081d4a8   ti_sysbios_family_c64p_Exception_Module__id__C
c081d4ac   ti_sysbios_family_c64p_Hwi_Module__id__C
c081d4b0   ti_sysbios_family_c64p_Hwi_Module__loggerDefined__C
c081d4b4   ti_sysbios_gates_GateMutex_Module__id__C
c081d4b8   ti_sysbios_hal_Hwi_Module__id__C
c081d4bc   ti_sysbios_heaps_HeapMem_Module__id__C
c081d4c0   ti_sysbios_io_DEV_Module__id__C
c081d4c4   ti_sysbios_io_GIO_Module__id__C
c081d4c8   ti_sysbios_knl_Clock_Module__id__C
c081d4cc   ti_sysbios_knl_Clock_Module__loggerDefined__C
c081d4d0   ti_sysbios_knl_Semaphore_Module__id__C
c081d4d4   ti_sysbios_knl_Semaphore_Module__loggerDefined__C
c081d4d8   ti_sysbios_knl_Swi_Module__id__C
c081d4dc   ti_sysbios_knl_Swi_Module__loggerDefined__C
c081d4e0   ti_sysbios_knl_Task_Module__id__C
c081d4e4   ti_sysbios_knl_Task_Module__loggerDefined__C
c081d4e8   ti_sysbios_knl_Task_deleteTerminatedTasks__C
c081d4ec   ti_sysbios_knl_Task_initStackFlag__C
c081d4f0   ti_sysbios_timers_timer64_Timer_Module__id__C
c081d4f4   ti_sysbios_timers_timer64_Timer_startupNeeded__C
c081d4f8   xdc_runtime_Core_Module__id__C
c081d4fc   xdc_runtime_Error_Module__loggerDefined__C
c081d500   xdc_runtime_Error_maxDepth__C
c081d504   xdc_runtime_Memory_Module__id__C
c081d508   xdc_runtime_SysMin_flushAtExit__C
c081d50c   xdc_runtime_Text_charCnt__C
c081d510   xdc_runtime_Text_isLoaded__C
c081d514   xdc_runtime_Text_registryModsLastId__C
c081d518   xdc_runtime_Text_unnamedModsLastId__C
c081d520   ti_sysbios_BIOS_Module__state__V
c081d540   ti_sysbios_family_c64p_Cache_Module__state__V
c081d544   ti_sysbios_family_c64p_EventCombiner_Module__state__V
c081d944   ti_sysbios_family_c64p_Exception_Module__state__V
c081d970   ti_sysbios_family_c64p_Hwi_Module__root__V
c081d978   ti_sysbios_family_c64p_Hwi_Module__state__V
c081d9e0   ti_sysbios_family_c64p_primus_TimerSupport_Module__state__V
c081d9e4   ti_sysbios_gates_GateHwi_Module__root__V
c081d9ec   ti_sysbios_gates_GateMutex_Module__root__V
c081d9f4   ti_sysbios_hal_Hwi_Module__root__V
c081d9fc   ti_sysbios_hal_Timer_Module__root__V
c081da04   ti_sysbios_heaps_HeapMem_Module__root__V
c081da0c   ti_sysbios_io_DEV_Module__root__V
c081da14   ti_sysbios_io_DEV_Module__state__V
c081da18   ti_sysbios_io_GIO_Module__root__V
c081da20   ti_sysbios_knl_Clock_Module__root__V
c081da28   ti_sysbios_knl_Clock_Module__state__V
c081da50   ti_sysbios_knl_Queue_Module__root__V
c081da58   ti_sysbios_knl_Semaphore_Module__root__V
c081da60   ti_sysbios_knl_Swi_Module__root__V
c081da68   ti_sysbios_knl_Swi_Module__state__V
c081da84   ti_sysbios_knl_Task_Module__root__V
c081da8c   ti_sysbios_knl_Task_Module__state__V
c081dad4   ti_sysbios_timers_timer64_Timer_Module__root__V
c081dadc   ti_sysbios_timers_timer64_Timer_Module__state__V
c081daf0   ti_sysbios_xdcruntime_SemThreadSupport_Module__root__V
c081daf8   xdc_runtime_Error_Module__state__V
c081dafc   xdc_runtime_LoggerBuf_Module__root__V
c081db04   xdc_runtime_LoggerBuf_Module__state__V
c081db0c   xdc_runtime_Memory_Module__state__V
c081db10   xdc_runtime_Registry_Module__state__V
c081db18   xdc_runtime_Startup_Module__state__V
c081db20   xdc_runtime_SysMin_Module__state__V
c081db2c   xdc_runtime_System_Module__state__V
c081db38   xdc_runtime_Text_Module__state__V
c081db40   xdc_runtime_knl_SemThread_Module__root__V
c081db48   xdc_runtime_knl_SyncNull_Module__root__V
c081db50   xdc_runtime_knl_SyncSemThread_Module__root__V
c081db58   __xdc__init__addr
c081db5c   _ft_end
c081db60   _ftable
c081dd40   ti_sysbios_knl_Task_Object__table__V
c081de70   TSK_idle
c081debc   uppChanparamARcv
c081df10   uppChanparamA
c081df64   uppChanparamB
c081dfb8   _ipcfg
c081e110   ti_sysbios_knl_Swi_Module_State_0_readyQ__A
c081e190   ti_sysbios_knl_Task_Module_State_0_readyQ__A
c081e288   ti_sysbios_family_c64p_Hwi_Object__table__V
c081e300   ti_sysbios_timers_timer64_Timer_Module_State_0_device__A
c081e400   ti_sysbios_timers_timer64_Timer_Object__table__V
c081e450   ADCPAR_Reset
c081e5d0   ti_sysbios_gates_GateMutex_Object__table__V
c081e680   ti_sysbios_knl_Swi_Object__table__V
c081e6b0   _oscfg
c081e6d8   pstrMsgName
c081e6f8   ti_sysbios_io_DEV_Module_State_0_table__A
c081e718   ti_sysbios_timers_timer64_Timer_Module_State_0_gctrl__A
c081e738   ti_sysbios_timers_timer64_Timer_Module_State_0_handles__A
c081e758   ti_sysbios_timers_timer64_Timer_Module_State_0_intFreqs__A
c081e778   xdc_runtime_System_Module_State_0_atexitHandlers__A
c081e79c   Upp_IOMFXNS
c081e7b8   ti_ndk_config_Global_Id2Size
c081e7f0   ti_sysbios_heaps_HeapMem_Object__table__V
c081e864   _cleanup_ptr
c081e868   _dtors_ptr
c081e86c   __TI_enable_exit_profile_output
c081e890   NIMUDeviceTable
c081e8a0   _lock
c081e8a4   _unlock
c081e8a8   ti_sysbios_family_c64p_primus_TimerSupport_Module_State_0_suspSrc__A
c081e8b0   ti_sysbios_hal_Hwi_Object__table__V
c081e8b8   ti_sysbios_hal_Timer_Object__table__V
c081e8d8   ti_sysbios_gates_GateHwi_Object__table__V
c081e8e0   ti_sysbios_knl_Task_Module_State_0_idleTask__A
c081ec00   ti_sysbios_family_c64p_Hwi0
c081ec00   ti_sysbios_family_c64p_Hwi_int0
c081ec20   ti_sysbios_family_c64p_Hwi_int1
c081ec40   ti_sysbios_family_c64p_Hwi_int2
c081ec60   ti_sysbios_family_c64p_Hwi_int3
c081ec80   ti_sysbios_family_c64p_Hwi_int4
c081eca0   ti_sysbios_family_c64p_Hwi_int5
c081ecc0   ti_sysbios_family_c64p_Hwi_int6
c081ece0   ti_sysbios_family_c64p_Hwi_int7
c081ed00   ti_sysbios_family_c64p_Hwi_int8
c081ed20   ti_sysbios_family_c64p_Hwi_int9
c081ed40   ti_sysbios_family_c64p_Hwi_int10
c081ed60   ti_sysbios_family_c64p_Hwi_int11
c081ed80   ti_sysbios_family_c64p_Hwi_int12
c081eda0   ti_sysbios_family_c64p_Hwi_int13
c081edc0   ti_sysbios_family_c64p_Hwi_int14
c081ede0   ti_sysbios_family_c64p_Hwi_int15
c081ee40   __TI_STATIC_BASE
c081ee40   semIn2P
c081ee44   semP2In
c081ee48   semP2Net
c081ee4c   semNet2P
c081ee50   semP2Usb
c081ee54   semUsb2P
c081ee58   semUM2P
c081ee5c   semP2UM
c081ee60   semUD2P
c081ee64   semP2UD
c081ee68   semUM2Net
c081ee6c   semNet2UM
c081ee70   semUD2Net
c081ee74   semNet2UD
c081ee78   HwiUart1
c081ee7c   HwiUart2
c081ee80   HwiUsb2
c081ee9c   _IGMPInDiscard
c081eea0   _IGMPInQuery
c081eea4   _IGMPInQueryGroup
c081eea8   _IGMPInResponse
c081eeac   _IGMPOutResponse
c081eeb0   uppDevHandle
c081eeb4   tCount
c081eeb8   uppInHandle
c081eebc   uppOutHandle
c081eee0   rxBuffer
c081eee4   g_ulUSBHIntEvents
c081ef00   CONTENT_TYPE_APPLET
c081ef04   CONTENT_TYPE_AU
c081ef08   CONTENT_TYPE_CSS
c081ef0c   CONTENT_TYPE_DOC
c081ef10   CONTENT_TYPE_GIF
c081ef14   CONTENT_TYPE_HTML
c081ef18   CONTENT_TYPE_JPG
c081ef1c   CONTENT_TYPE_MPEG
c081ef20   CONTENT_TYPE_PDF
c081ef24   CONTENT_TYPE_WAV
c081ef28   CONTENT_TYPE_ZIP
c081ef2c   CONTENT_TYPE
c081ef30   CONTENT_LENGTH
c081ef34   CRLF
c081ef38   DEFAULT_NAME
c081ef3c   HTTP_VER
c081ef40   SPACE
c081ef44   uartRegs1
c081ef48   uartRegs2
c081ef4c   c018_flag
c081ef50   UART1_CmdStartChar_flag
c081ef54   UART1_CmdReady_Flag
c081ef58   UART1_CmdCount
c081ef5c   tuichao1
c081ef5d   tuichao2
c081ef60   UART2_CmdStartChar_flag
c081ef64   UART2_CmdReady_Flag
c081ef68   UART2_CmdCount
c081ef6c   UART1_CmdReady_Flag_tim
c081ef70   MainConfigSize
c081ef74   MainConfigValid
c081ef78   LocalIPAddr
c081ef7c   LocalIPMask
c081ef80   GatewayIP
c081ef84   ServerIPAddr
c081ef88   HostName
c081ef8c   DomainName
c081ef98   PITCount
c081ef9c   PITUsed
c081efa0   PITHigh
c081efd8   memory_squeeze_error
c081efe0   g_ulDMAPending
c081f064   _IGMPForceVersion1
c081f070   TxChanEnable_all
c081f074   RxChanEnable_all
c081f078   corenum
c081f07c   PreTime
c081f080   NowTime
c081f084   TimeOutCNT
c081f088   USBOTGTimeOutFlage
c081f098   g_bUSBTimerInitialized
c081f09c   g_ulCurrentUSBTick
c081f0a0   g_ulUSBSOFCount
c081f0ac   _ICMPInErrors
c081f0b0   _ICMPOutErrors
c081f0b4   _IPExecuting
c081f0c4   gFragQList
c081f0e4   tcp_iss
c081f0e8   ptTimeFirst
c081f0ec   pt6TimeFirst
c081f0f0   tcp6_iss
c081f0fc   extio_ptr
c081f100   pktCount
c081f104   gpioRegs
c081f114   httpErrorResponseHook
c081f120   _IPReasmPtr
c081f128   gMLDNodeList
c081f140   IPV6_MAX_MULTICAST_SOLICIT
c081f144   IPV6_MAX_UNICAST_SOLICIT
c081f148   IPV6_RETRANS_TIME
c081f14c   IPV6_DELAY_FIRST_PROBE_TIME
c081f150   IPV6_REACHABLE_TIME
c081f154   IPV6_MAX_RTR_SOLICITATION_DELAY
c081f158   IPV6_RTR_SOLICITATION_INTERVAL
c081f15c   IPV6_MAX_RTR_SOLICITATIONS
c081f160   INFINITE_LT
c081f164   ti_ndk_config_Global_rawPageSize
c081f168   ti_ndk_config_Global_rawPageCount
c081f16c   ti_ndk_config_Global_smallest
c081f170   ti_ndk_config_Global_largest
c081f174   ti_ndk_config_Global_numFrameBuf
c081f178   ti_ndk_config_Global_sizeFrameBuf
c081f17c   __CIOBUF_
c0820044   __TI_Handler_Table_Base
c0820050   __TI_Handler_Table_Limit
c0820060   __TI_CINIT_Base
c0820088   __TI_CINIT_Limit
c3000000   my_boot
ffffffff   __TI_pprof_out_hndl
ffffffff   __TI_prof_data_size
ffffffff   __TI_prof_data_start
ffffffff   __binit__
ffffffff   __c_args__
ffffffff   binit
UNDEFED    __TI_INITARRAY_Base
UNDEFED    __TI_INITARRAY_Limit

[1734 symbols]
