******************************************************************************
               TMS320C6x Linker PC v7.4.1                      
******************************************************************************
>> Linked Sat Jan 17 23:41:45 2015

OUTPUT FILE NAME:   <bk_fr_c6748.out>
ENTRY POINT SYMBOL: "_c_int00"  address: c0ad5860


MEMORY CONFIGURATION

         name            origin    length      used     unused   attr    fill
----------------------  --------  ---------  --------  --------  ----  --------
  IROM                  11700000   00100000  00000000  00100000  R  X
  IRAM                  11800000   00020000  00000000  00020000  RW X
  L3_CBA_RAM            80000000   00020000  00001000  0001f000  RW X
  SN_PAR                c0000000   00180000  00000000  00180000  RW  
  DDR2_SN_PAR4          c0180000   00080000  00000000  00080000  RW  
  DDR2_RAM              c0200000   02d00000  008ed16a  02412e96  RW X
  App_Prog_START        c3000000   00000400  00000040  000003c0  RW X
  DDR                   c3000400   000ff000  00000000  000ff000  RW X
  DDR_EXT               c4000000   0c000000  00000000  0c000000  RW  


SEGMENT ALLOCATION MAP

run origin  load origin   length   init length attrs members
----------  ----------- ---------- ----------- ----- -------
80000000    80000000    00001000   00000000    rw-
  80000000    80000000    00001000   00000000    rw- .stack
c0200000    c0200000    00876950   00000000    rw-
  c0200000    c0200000    00876950   00000000    rw- .far
c0a76950    c0a76950    00000010   00000010    r--
  c0a76950    c0a76950    00000010   00000010    r-- .const.1
c0a76960    c0a76960    00072e2a   00072e2a    r-x
  c0a76960    c0a76960    00068360   00068360    r-x .text
  c0adecc0    c0adecc0    0000aaca   0000aaca    r-- .const.2
c0ae9790    c0ae9790    00001cec   00001cec    rw-
  c0ae9790    c0ae9790    00001cec   00001cec    rw- .fardata
c0aeb47c    c0aeb47c    0000037c   0000037c    r--
  c0aeb47c    c0aeb47c    0000037c   0000037c    r-- .switch.1
c0aeb800    c0aeb800    000002a0   000002a0    r-x
  c0aeb800    c0aeb800    00000200   00000200    r-x .vecs
  c0aeba00    c0aeba00    000000a0   000000a0    r-- .switch.2
c0aebaa0    c0aebaa0    000000b8   00000000    rw-
  c0aebaa0    c0aebaa0    000000b8   00000000    rw- .bss
c0aebb58    c0aebb58    00000224   00000224    rw-
  c0aebb58    c0aebb58    00000224   00000224    rw- .neardata
c0aebd7c    c0aebd7c    00000040   00000040    r--
  c0aebd7c    c0aebd7c    00000040   00000040    r-- .rodata
c0aebdbc    c0aebdbc    00000120   00000000    rw-
  c0aebdbc    c0aebdbc    00000120   00000000    rw- .cio
c0aebedc    c0aebedc    0000129c   0000129c    r--
  c0aebedc    c0aebedc    0000129c   0000129c    r-- .cinit
c3000000    c3000000    00000040   00000040    r-x
  c3000000    c3000000    00000040   00000040    r-x my_boot_sect


SECTION ALLOCATION MAP

 output                                  attributes/
section   page    origin      length       input sections
--------  ----  ----------  ----------   ----------------
.init_array 
*          0    c0200000    00000000     UNINITIALIZED

.stack     0    80000000    00001000     UNINITIALIZED
                  80000000    00000008     boot.ae674 : boot.oe674 (.stack)
                  80000008    00000ff8     --HOLE--

xdc.meta   0    c0200000    000000f8     COPY SECTION
                  c0200000    000000f8     bk_fr_c6748_pe674.oe674 (xdc.meta)

.far       0    c0200000    00876950     UNINITIALIZED
                  c0200000    00800028     bk_fr_c6748_pe674.oe674 (.far)
                  c0a00028    00000058     ti.drv.omapl138.ae674 : csl_mdio.oe674 (.far)
                  c0a00080    00052b00     stk6_ppp_pppoe.ae674 : pbm_data.oe674 (.far:NDK_PACKETMEM)
                  c0a52b80    0000c1c0     os.ae674 : mem_data.oe674 (.far:NDK_MMBUFFER)
                  c0a5ed40    000079f0     edma3_lld_drv.ae674 : edma3_drv_init.oe674 (.far)
                  c0a66730    00005800     bk_fr_c6748_pe674.oe674 (.far:taskStackSection)
                  c0a6bf30    00004970     edma3_lld_rm.ae674 : edma3resmgr.oe674 (.far)
                  c0a708a0    00002820                        : edma3_rm_gbl_data.oe674 (.far)
                  c0a730c0    00001618     ti.drv.omapl138.ae674 : ethdriver.oe674 (.far)
                  c0a746d8    00000660     nettool.ae674 : daemon.oe674 (.far)
                  c0a74d38    000005d8     I2c.obj (.far)
                  c0a75310    00000580     Vpif.obj (.far)
                  c0a75890    0000047c     ti.drv.omapl138.ae674 : csl_emac.oe674 (.far)
                  c0a75d0c    00000004     stk6_ppp_pppoe.ae674 : rawethsock_pcb.oe674 (.far)
                  c0a75d10    00000200     networkmain.obj (.far)
                  c0a75f10    00000140     rts6740_elf.lib : defs.obj (.far)
                  c0a76050    00000110     stk6_ppp_pppoe.ae674 : igmp.oe674 (.far)
                  c0a76160    00000100     Psc.obj (.far)
                  c0a76260    000000d8     netctrl.ae674 : netsrv.oe674 (.far)
                  c0a76338    000000c8     stk6_ppp_pppoe.ae674 : ipv6.oe674 (.far)
                  c0a76400    000000c4                          : tcp.oe674 (.far)
                  c0a764c4    000000b8                          : tcp6in.oe674 (.far)
                  c0a7657c    00000004     --HOLE--
                  c0a76580    0000009c                          : icmp.oe674 (.far)
                  c0a7661c    00000004     --HOLE--
                  c0a76620    00000098     CodecInterface.obj (.far)
                  c0a766b8    0000007c     os.ae674 : mem.oe674 (.far)
                  c0a76734    00000068     stk6_ppp_pppoe.ae674 : ip.oe674 (.far)
                  c0a7679c    00000064                          : nimu.oe674 (.far)
                  c0a76800    00000030                          : udp.oe674 (.far)
                  c0a76830    0000002c     fr6748_Init.obj (.far)
                  c0a7685c    00000028     stk6_ppp_pppoe.ae674 : vlan.oe674 (.far)
                  c0a76884    00000024                          : udp6.oe674 (.far)
                  c0a768a8    00000018                          : icmpv6.oe674 (.far)
                  c0a768c0    00000014                          : rtc.oe674 (.far)
                  c0a768d4    00000004     --HOLE--
                  c0a768d8    00000013     Adv7391.obj (.far)
                  c0a768eb    00000001     --HOLE--
                  c0a768ec    00000010     back_taskImageInput.obj (.far)
                  c0a768fc    00000010     netctrl.ae674 : netctrl.oe674 (.far)
                  c0a7690c    00000010     stk6_ppp_pppoe.ae674 : raw.oe674 (.far)
                  c0a7691c    00000010                          : raw6.oe674 (.far)
                  c0a7692c    00000010                          : raweth.oe674 (.far)
                  c0a7693c    0000000c                          : pbm.oe674 (.far)
                  c0a76948    00000008     rts6740_elf.lib : trgdrv.obj (.far)

.const.1   0    c0a76950    00000010     
                  c0a76950    00000010     Adv7391.obj (.const:$P$T2$3)

.text      0    c0a76960    00068360     
                  c0a76960    000081c0     Vpif.obj (.text)
                  c0a7eb20    00003d60     I2c.obj (.text)
                  c0a82880    00002060     Adv7391.obj (.text)
                  c0a848e0    00001a00     stk6_ppp_pppoe.ae674 : tcpin.oe674 (.text:TcpInput)
                  c0a862e0    00001980                          : tcp6in.oe674 (.text:TCP6Input)
                  c0a87c60    00001880     Tvp5150.obj (.text)
                  c0a894e0    00001240     stk6_ppp_pppoe.ae674 : tcpout.oe674 (.text:TcpOutput)
                  c0a8a720    00001180                          : tcp6out.oe674 (.text:TCP6Output)
                  c0a8b8a0    00000e00     CodecInterface.obj (.text)
                  c0a8c6a0    00000d00     edma3_lld_rm.ae674 : edma3resmgr.oe674 (.text:EDMA3_RM_allocResource)
                  c0a8d3a0    00000c60     edma3_lld_drv.ae674 : edma3_drv_basic.oe674 (.text:EDMA3_DRV_requestChannel)
                  c0a8e000    00000c60     ti.drv.omapl138.ae674 : csl_emac.oe674 (.text:EMAC_open)
                  c0a8ec60    00000c00     nettool.ae674 : httpclie.oe674 (.text:httpClientProcess)
                  c0a8f860    00000b80     stk6_ppp_pppoe.ae674 : ipin.oe674 (.text:IPRxPacket)
                  c0a903e0    00000aa0                          : md5.oe674 (.text:MD5Transform)
                  c0a90e80    000009e0     I2c_edma.obj (.text)
                  c0a91860    000009c0     stk6_ppp_pppoe.ae674 : ipout.oe674 (.text:IPTxPacket)
                  c0a92220    000009a0                          : lcp.oe674 (.text:lcpInput)
                  c0a92bc0    000009a0     ti.targets.rts6000.ae674 : System.oe674 (.text:xdc_runtime_System_doPrint__I)
                  c0a93560    00000900     nettool.ae674 : httpsend.oe674 (.text:SetContentType)
                  c0a93e60    000007e0     stk6_ppp_pppoe.ae674 : ipcp.oe674 (.text:ipcpInput)
                  c0a94640    000007c0                          : sock.oe674 (.text:SockSet)
                  c0a94e00    000007a0     cslr_uart.obj (.text)
                  c0a955a0    000007a0     stk6_ppp_pppoe.ae674 : fileuser.oe674 (.text:fdPoll)
                  c0a95d40    00000780     sysbios.ae674 : BIOS.obj (.text:ti_sysbios_family_c64p_Exception_handler__I)
                  c0a964c0    00000760     ti.drv.omapl138.ae674 : csl_mdio.oe674 (.text:MDIO_timerTick)
                  c0a96c20    00000760     back_taskImageInput.obj (.text)
                  c0a97380    000006c0     nettool.ae674 : telnetd.oe674 (.text:telnet_netdata)
                  c0a97a40    00000680     stk6_ppp_pppoe.ae674 : icmpv6_ndisc.oe674 (.text:ICMPv6RecvRA)
                  c0a980c0    00000680     sysbios.ae674 : BIOS.obj (.text:ti_sysbios_knl_Task_Instance_finalize__F)
                  c0a98740    00000600     edma3_lld_rm.ae674 : edma3resmgr.oe674 (.text:EDMA3_RM_create)
                  c0a98d40    00000600     stk6_ppp_pppoe.ae674 : route6.oe674 (.text:Rt6Create)
                  c0a99340    00000600     sysbios.ae674 : BIOS.obj (.text:ti_sysbios_heaps_HeapMem_alloc__E)
                  c0a99940    00000600                   : BIOS.obj (.text:ti_sysbios_heaps_HeapMem_free__E)
                  c0a99f40    000005c0     stk6_ppp_pppoe.ae674 : ipfrag.oe674 (.text:IPReasm)
                  c0a9a500    000005c0     rts6740_elf.lib : _printfi.obj (.text:_getarg_diouxp)
                  c0a9aac0    000005c0     sysbios.ae674 : BIOS.obj (.text:ti_sysbios_timers_timer64_Timer_Module_startup__F)
                  c0a9b080    000005a0     edma3_lld_rm.ae674 : edma3resmgr.oe674 (.text:EDMA3_RM_freeResource)
                  c0a9b620    000005a0     stk6_ppp_pppoe.ae674 : icmpin.oe674 (.text:ICMPInput)
                  c0a9bbc0    000005a0     rts6740_elf.lib : divd.obj (.text:__c6xabi_divd)
                  c0a9c160    00000580     stk6_ppp_pppoe.ae674 : nimuppp.oe674 (.text:pppEvent)
                  c0a9c6e0    00000560                          : ipv6.oe674 (.text:IPv6IPAddressToString)
                  c0a9cc40    00000520                          : sock.oe674 (.text:SockNew)
                  c0a9d160    00000520     nettool.ae674 : httpsend.oe674 (.text:httpSendStatusLine)
                  c0a9d680    000004e0     stk6_ppp_pppoe.ae674 : lliin.oe674 (.text:LLIRxPacket)
                  c0a9db60    000004e0                          : udp.oe674 (.text:UdpInput)
                  c0a9e040    000004e0                          : nimupppoe.oe674 (.text:pppoeInputS)
                  c0a9e520    000004e0     sysbios.ae674 : BIOS.obj (.text:ti_sysbios_knl_Semaphore_pend__E)
                  c0a9ea00    000004c0     edma3_lld_drv.ae674 : edma3_drv_basic.oe674 (.text:EDMA3_DRV_disableTransfer)
                  c0a9eec0    000004c0     stk6_ppp_pppoe.ae674 : sock6.oe674 (.text:Sock6Connect)
                  c0a9f380    000004c0                          : sock6.oe674 (.text:Sock6Set)
                  c0a9f840    000004a0                          : sock6.oe674 (.text:Sock6Recv)
                  c0a9fce0    000004a0                          : sock.oe674 (.text:SockRecv)
                  c0aa0180    00000480                          : bind6.oe674 (.text:Bind6New)
                  c0aa0600    00000480     sysbios.ae674 : BIOS.obj (.text:ti_sysbios_knl_Task_Module_startup__F)
                  c0aa0a80    00000460     rts6740_elf.lib : _printfi.obj (.text:_printfi)
                  c0aa0ee0    00000460                     : _printfi.obj (.text:_setfield)
                  c0aa1340    00000460     stk6_ppp_pppoe.ae674 : nimuppp.oe674 (.text:pppNew)
                  c0aa17a0    00000460     taskNet.obj (.text)
                  c0aa1c00    00000440     stk6_ppp_pppoe.ae674 : sock6.oe674 (.text:Sock6New)
                  c0aa2040    00000440                          : fileuser.oe674 (.text:fdSelect)
                  c0aa2480    00000440                          : nimupppoe.oe674 (.text:pppoeInputC)
                  c0aa28c0    00000420     ti.drv.omapl138.ae674 : csl_mdio.oe674 (.text:MDIO_initContinue)
                  c0aa2ce0    00000420     stk6_ppp_pppoe.ae674 : auth.oe674 (.text:chapInput)
                  c0aa3100    00000420     nettool.ae674 : daemon.oe674 (.text:daemon)
                  c0aa3520    00000400     stk6_ppp_pppoe.ae674 : sock6.oe674 (.text:Sock6Send)
                  c0aa3920    00000400     os.ae674 : efs.oe674 (.text:efs_filecheck)
                  c0aa3d20    000003e0     stk6_ppp_pppoe.ae674 : ipv6_frag.oe674 (.text:IPv6TxFragPacket)
                  c0aa4100    000003c0     edma3_lld_drv.ae674 : edma3_drv_basic.oe674 (.text:EDMA3_DRV_freeChannel)
                  c0aa44c0    000003c0     ti.drv.omapl138.ae674 : csl_emac.oe674 (.text:EMAC_close)
                  c0aa4880    000003c0     stk6_ppp_pppoe.ae674 : ipv6out.oe674 (.text:IPv6TxPacket)
                  c0aa4c40    000003c0                          : lli6.oe674 (.text:LLI6TimerCheck)
                  c0aa5000    000003c0                          : sock.oe674 (.text:SockSend)
                  c0aa53c0    000003c0                          : tcp6.oe674 (.text:TCP6TimeoutCheck)
                  c0aa5780    000003c0                          : tcp.oe674 (.text:TcpTimeoutCheck)
                  c0aa5b40    000003c0     fr6748_Init.obj (.text)
                  c0aa5f00    000003c0     networkmain.obj (.text)
                  c0aa62c0    000003c0     rts6740_elf.lib : strtol.obj (.text:strtol)
                  c0aa6680    000003c0     sysbios.ae674 : BIOS.obj (.text:ti_sysbios_knl_Task_Instance_init__F)
                  c0aa6a40    000003c0                   : BIOS.obj (.text:ti_sysbios_knl_Task_setPri__E)
                  c0aa6e00    000003a0     stk6_ppp_pppoe.ae674 : nimu.oe674 (.text:NIMUIoctl)
                  c0aa71a0    000003a0                          : route.oe674 (.text:RtCreate)
                  c0aa7540    000003a0                          : sb.oe674 (.text:SBRead)
                  c0aa78e0    000003a0     rts6740_elf.lib : fputs.obj (.text:fputs)
                  c0aa7c80    000003a0     stk6_ppp_pppoe.ae674 : auth.oe674 (.text:papInput)
                  c0aa8020    00000380     edma3_lld_drv.ae674 : edma3_drv_basic.oe674 (.text:EDMA3_DRV_enableTransfer)
                  c0aa83a0    00000380     stk6_ppp_pppoe.ae674 : icmpv6in.oe674 (.text:ICMPv6RxPacket)
                  c0aa8720    00000380                          : igmp.oe674 (.text:IGMPInput)
                  c0aa8aa0    00000380     Psc.obj (.text)
                  c0aa8e20    00000380     stk6_ppp_pppoe.ae674 : sock.oe674 (.text:SockConnect)
                  c0aa91a0    00000380     nettool.ae674 : dhcppkt.oe674 (.text:dhcpPacketProcess)
                  c0aa9520    00000380     sysbios.ae674 : BIOS.obj (.text:ti_sysbios_io_GIO_Instance_init__F)
                  c0aa98a0    00000360     stk6_ppp_pppoe.ae674 : ipv6_frag.oe674 (.text:IPv6FragReasm)
                  c0aa9c00    00000360                          : lliout.oe674 (.text:LLITxIpPacket)
                  c0aa9f60    00000360                          : sock6int.oe674 (.text:Sock6Notify)
                  c0aaa2c0    00000360                          : sockint.oe674 (.text:SockNotify)
                  c0aaa620    00000340                          : icmpv6out.oe674 (.text:ICMPv6SendParameterProblem)
                  c0aaa960    00000340     os.ae674 : mem.oe674 (.text:mmAlloc)
                  c0aaaca0    00000340     stk6_ppp_pppoe.ae674 : nimupppoe.oe674 (.text:pppoeSI)
                  c0aaafe0    00000320     nettool.ae674 : config.oe674 (.text:CfgAddEntry)
                  c0aab300    00000320     stk6_ppp_pppoe.ae674 : icmpv6_ndisc.oe674 (.text:ICMPv6RecvRedirect)
                  c0aab620    00000320                          : nimupppoe.oe674 (.text:SendServerMsg)
                  c0aab940    00000320     rts6740_elf.lib : _printfi.obj (.text:_pproc_fge)
                  c0aabc60    00000320     nettool.ae674 : telnetd.oe674 (.text:telnet_engine)
                  c0aabf80    00000300     stk6_ppp_pppoe.ae674 : icmpv6out.oe674 (.text:ICMPv6SendDstUnreachable)
                  c0aac280    00000300                          : icmpv6out.oe674 (.text:ICMPv6SendTimeExceeded)
                  c0aac580    00000300     netctrl.ae674 : netctrl.oe674 (.text:NetScheduler)
                  c0aac880    00000300     stk6_ppp_pppoe.ae674 : sock6pcb.oe674 (.text:Sock6PcbBind)
                  c0aacb80    00000300                          : udp6.oe674 (.text:Udp6Input)
                  c0aace80    00000300     nettool.ae674 : inetaddr.oe674 (.text:inet_aton)
                  c0aad180    00000300     sysbios.ae674 : BIOS.obj (.text:ti_sysbios_family_c64p_Hwi_dispatchC__I)
                  c0aad480    000002e0     ti.drv.omapl138.ae674 : ethdriver.oe674 (.text:HwPktOpen)
                  c0aad760    000002e0     stk6_ppp_pppoe.ae674 : icmpv6_ndisc.oe674 (.text:ICMPv6RecvNS)
                  c0aada40    000002e0                          : route6.oe674 (.text:Rt6Find)
                  c0aadd20    000002e0                          : nimupppoe.oe674 (.text:SendClientMsg)
                  c0aae000    000002e0                          : udp.oe674 (.text:UdpOutput)
                  c0aae2e0    000002e0     rts6740_elf.lib : _printfi.obj (.text:_pproc_fwp)
                  c0aae5c0    000002e0     stk6_ppp_pppoe.ae674 : nimuppp.oe674 (.text:pppInput)
                  c0aae8a0    000002e0     sysbios.ae674 : BIOS.obj (.text:ti_sysbios_heaps_HeapMem_Instance_init__F)
                  c0aaeb80    000002c0     stk6_ppp_pppoe.ae674 : bind.oe674 (.text:BindNew)
                  c0aaee40    000002c0                          : ipv6_frag.oe674 (.text:IPv6FragQEnqueueFrag)
                  c0aaf100    000002c0                          : rtable.oe674 (.text:RtFind)
                  c0aaf3c0    000002c0                          : sb6.oe674 (.text:SB6Read)
                  c0aaf680    000002c0                          : sock6pcb.oe674 (.text:Sock6PcbResolve)
                  c0aaf940    000002c0                          : udp6.oe674 (.text:Udp6Output)
                  c0aafc00    000002c0     edma3_lld_drv.ae674 : edma3_drv_basic.oe674 (.text:edma3RemoveMapping)
                  c0aafec0    000002c0     sysbios.ae674 : BIOS.obj (.text:ti_sysbios_knl_Task_exit__E)
                  c0ab0180    000002a0     nettool.ae674 : dhcpmain.oe674 (.text:DHCPOpen)
                  c0ab0420    000002a0     stk6_ppp_pppoe.ae674 : ipv6_exthdrs.oe674 (.text:IPv6ParseExtnHeaders)
                  c0ab06c0    000002a0                          : node.oe674 (.text:NodeAdd)
                  c0ab0960    000002a0                          : sock6pcb.oe674 (.text:Sock6PcbFind)
                  c0ab0c00    000002a0                          : sock.oe674 (.text:SockClose)
                  c0ab0ea0    000002a0                          : tcp6prot.oe674 (.text:TCP6PrSetOption)
                  c0ab1140    000002a0                          : tcpprot.oe674 (.text:TcpPrSetOption)
                  c0ab13e0    000002a0     rts6740_elf.lib : _printfi.obj (.text:ecvt)
                  c0ab1680    000002a0                     : _printfi.obj (.text:fcvt)
                  c0ab1920    000002a0     sysbios.ae674 : BIOS.obj (.text:ti_sysbios_knl_Clock_workFunc__E)
                  c0ab1bc0    000002a0                   : BIOS.obj (.text:ti_sysbios_knl_Task_sleep__E)
                  c0ab1e60    00000280     nettool.ae674 : config.oe674 (.text:CfgSave)
                  c0ab20e0    00000280     stk6_ppp_pppoe.ae674 : icmp.oe674 (.text:ICMPGenPacket)
                  c0ab2360    00000280                          : icmpv6in.oe674 (.text:ICMPv6RecvEchoRequest)
                  c0ab25e0    00000280                          : lli6.oe674 (.text:LLI6NeighUnreachStateMachine)
                  c0ab2860    00000280                          : route6.oe674 (.text:Rt6Free)
                  c0ab2ae0    00000280                          : sockpcb.oe674 (.text:SockPcbResolve)
                  c0ab2d60    00000280                          : sock.oe674 (.text:SockRecvNC)
                  c0ab2fe0    00000280                          : tcp6out.oe674 (.text:TCP6GenPacket)
                  c0ab3260    00000280     sysbios.ae674 : BIOS.obj (.text:deviceConfig$47)
                  c0ab34e0    00000280     stk6_ppp_pppoe.ae674 : ipcp.oe674 (.text:ipcpSendCfg)
                  c0ab3760    00000280     sysbios.ae674 : BIOS.obj (.text:ti_sysbios_family_c64p_Cache_Module_startup__F)
                  c0ab39e0    00000280                   : BIOS.obj (.text:ti_sysbios_knl_Clock_Instance_init__F)
                  c0ab3c60    00000280     ti.targets.rts6000.ae674 : Core-mem.oe674 (.text:xdc_runtime_Core_createObject__I)
                  c0ab3ee0    00000280                              : Error.oe674 (.text:xdc_runtime_Error_raiseX__F)
                  c0ab4160    00000280     bk_fr_c6748_pe674.oe674 (.text:xdc_runtime_System_printfExtend__I)
                  c0ab43e0    00000260     stk6_ppp_pppoe.ae674 : icmpv6_ndisc.oe674 (.text:ICMPv6SendNS)
                  c0ab4640    00000260     os.ae674 : intmgmt.oe674 (.text:Interrupt_add)
                  c0ab48a0    00000260     stk6_ppp_pppoe.ae674 : lli6.oe674 (.text:LLI6TxIPPacket)
                  c0ab4b00    00000260                          : nimu.oe674 (.text:NIMUReceivePacket)
                  c0ab4d60    00000260                          : rawethsock.oe674 (.text:RawEthSockSet)
                  c0ab4fc0    00000260                          : sb6.oe674 (.text:SB6Write)
                  c0ab5220    00000260                          : sb.oe674 (.text:SBWrite)
                  c0ab5480    00000260                          : sock6.oe674 (.text:Sock6Close)
                  c0ab56e0    00000260                          : sockpcb.oe674 (.text:SockPcbBind)
                  c0ab5940    00000260     rts6740_elf.lib : imath64.obj (.text:__c6xabi_divull)
                  c0ab5ba0    00000260                     : _printfi.obj (.text:_pconv_e)
                  c0ab5e00    00000260     nettool.ae674 : httppars.oe674 (.text:httpParseRecv)
                  c0ab6060    00000260                   : httpsend.oe674 (.text:httpSendErrorHTML)
                  c0ab62c0    00000260     stk6_ppp_pppoe.ae674 : lcp.oe674 (.text:lcpSendCfg)
                  c0ab6520    00000260     ti.targets.rts6000.ae674 : Startup.oe674 (.text:xdc_runtime_Startup_startMods__I)
                  c0ab6780    00000240     stk6_ppp_pppoe.ae674 : bind6.oe674 (.text:Bind6RunDAD)
                  c0ab69c0    00000240     nettool.ae674 : daemon.oe674 (.text:DaemonNew)
                  c0ab6c00    00000240     edma3_lld_rm.ae674 : edma3resmgr.oe674 (.text:EDMA3_RM_registerTccCb)
                  c0ab6e40    00000240                        : edma3resmgr.oe674 (.text:EDMA3_RM_unregisterTccCb)
                  c0ab7080    00000240     ti.drv.omapl138.ae674 : nimu_eth.oe674 (.text:Emacioctl)
                  c0ab72c0    00000240     stk6_ppp_pppoe.ae674 : icmpv6_ndisc.oe674 (.text:ICMPv6RecvNA)
                  c0ab7500    00000240                          : icmpv6_ndisc.oe674 (.text:ICMPv6SendNA)
                  c0ab7740    00000240                          : pipe.oe674 (.text:PipeRecv)
                  c0ab7980    00000240                          : raw.oe674 (.text:RawInput)
                  c0ab7bc0    00000240     rts6740_elf.lib : _printfi.obj (.text:_pproc_diouxp)
                  c0ab7e00    00000240     nettool.ae674 : dhcpsm.oe674 (.text:dhcpIPAdd)
                  c0ab8040    00000240                   : dhcpsm.oe674 (.text:dhcpState)
                  c0ab8280    00000240                   : dhcppkt.oe674 (.text:dhcpVerifyMessage)
                  c0ab84c0    00000240     sysbios.ae674 : BIOS.obj (.text:ti_sysbios_family_c64p_Exception_internalHandler__I)
                  c0ab8700    00000240                   : BIOS.obj (.text:ti_sysbios_knl_Semaphore_post__E)
                  c0ab8940    00000220     stk6_ppp_pppoe.ae674 : igmp.oe674 (.text:IGMPJoinHostGroup)
                  c0ab8b60    00000220                          : ipv6in.oe674 (.text:IPv6RxPacket)
                  c0ab8d80    00000220                          : rawethsock.oe674 (.text:RawEthSockNew)
                  c0ab8fa0    00000220                          : sockpcb.oe674 (.text:SockPcbFind)
                  c0ab91c0    00000220     rts6740_elf.lib : _printfi.obj (.text:_pproc_str)
                  c0ab93e0    00000220                     : fputc.obj (.text:fputc)
                  c0ab9600    00000220     nettool.ae674 : httpclie.oe674 (.text:httpGetAuthParams)
                  c0ab9820    00000220     sysbios.ae674 : BIOS.obj (.text:ti_sysbios_io_GIO_issue__E)
                  c0ab9a40    00000220                   : BIOS.obj (.text:ti_sysbios_knl_Swi_run__I)
                  c0ab9c60    00000220                   : BIOS.obj (.text:ti_sysbios_knl_Task_schedule__I)
                  c0ab9e80    00000220                   : BIOS.obj (.text:ti_sysbios_knl_Task_startCore__E)
                  c0aba0a0    00000200     stk6_ppp_pppoe.ae674 : ipv6_frag.oe674 (.text:IPv6ParseFragHdr)
                  c0aba2a0    00000200                          : lli6.oe674 (.text:LLI6New)
                  c0aba4a0    00000200                          : rtc.oe674 (.text:RTCReport)
                  c0aba6a0    00000200                          : raw6.oe674 (.text:Raw6Output)
                  c0aba8a0    00000200     rts6740_elf.lib : _printfi.obj (.text:_pconv_g)
                  c0abaaa0    00000200     sysbios.ae674 : c64p_Hwi_disp_always.obj (.text:_ti_sysbios_family_c64p_Hwi_dispatchAlways)
                  c0abaca0    00000200     stk6_ppp_pppoe.ae674 : socket.oe674 (.text:accept)
                  c0abaea0    00000200     sysbios.ae674 : BIOS.obj (.text:block$58)
                  c0abb0a0    00000200     ti.drv.omapl138.ae674 : csl_emac.oe674 (.text:emacDequeueRx)
                  c0abb2a0    00000200     rts6740_elf.lib : setvbuf.obj (.text:setvbuf)
                  c0abb4a0    00000200     sysbios.ae674 : BIOS.obj (.text:ti_sysbios_family_c64p_Hwi_reconfig__E)
                  c0abb6a0    00000200                   : BIOS.obj (.text:ti_sysbios_io_DEV_Module_startup__F)
                  c0abb8a0    000001e0     edma3_lld_drv.ae674 : edma3_drv_basic.oe674 (.text:EDMA3_DRV_clearErrorBits)
                  c0abba80    000001e0     ti.drv.omapl138.ae674 : csl_emac.oe674 (.text:EMAC_setReceiveFilter)
                  c0abbc60    000001e0                           : nimu_eth.oe674 (.text:EmacInit)
                  c0abbe40    000001e0     stk6_ppp_pppoe.ae674 : igmp.oe674 (.text:IGMPSendReply)
                  c0abc020    000001e0                          : route6.oe674 (.text:Rt6Modify)
                  c0abc200    000001e0                          : sock6pcb.oe674 (.text:Sock6PcbFindRaw)
                  c0abc3e0    000001e0                          : tcpout.oe674 (.text:TcpGenPacket)
                  c0abc5c0    000001e0                          : tcptime.oe674 (.text:TcpTimeoutRexmt)
                  c0abc7a0    000001e0                          : auth.oe674 (.text:chapSendMsg)
                  c0abc980    000001e0     nettool.ae674 : dhcpsock.oe674 (.text:dhcpSocketOpen)
                  c0abcb60    000001e0     edma3_lld_rm.ae674 : edma3resmgr.oe674 (.text:edma3GlobalRegionInit)
                  c0abcd40    000001e0     emacHooks.obj (.text)
                  c0abcf20    000001e0     fr_main.obj (.text)
                  c0abd100    000001e0     stk6_ppp_pppoe.ae674 : nimupppoe.oe674 (.text:pppoeCtrlMsg)
                  c0abd2e0    000001e0                          : socket.oe674 (.text:recvnc)
                  c0abd4c0    000001e0     scom.obj (.text)
                  c0abd6a0    000001e0     stk6_ppp_pppoe.ae674 : socket.oe674 (.text:sendto)
                  c0abd880    000001e0     sysbios.ae674 : BIOS.obj (.text:ti_sysbios_io_GIO_submit__E)
                  c0abda60    000001e0                   : BIOS.obj (.text:ti_sysbios_knl_Task_postInit__I)
                  c0abdc40    000001e0                   : BIOS.obj (.text:ti_sysbios_timers_timer64_Timer_getFreq__E)
                  c0abde20    000001c0     nettool.ae674 : config.oe674 (.text:CfgExecute)
                  c0abdfe0    000001c0     edma3_lld_drv.ae674 : edma3_drv_basic.oe674 (.text:EDMA3_DRV_disableLogicalChannel)
                  c0abe1a0    000001c0     ti.drv.omapl138.ae674 : csl_emac.oe674 (.text:EMAC_sendPacket)
                  c0abe360    000001c0     stk6_ppp_pppoe.ae674 : ip.oe674 (.text:IPGetRoute)
                  c0abe520    000001c0                          : ipv6_exthdrs.oe674 (.text:IPv6ParseHopOptions)
                  c0abe6e0    000001c0                          : lliout.oe674 (.text:LLIGenArpPacket)
                  c0abe8a0    000001c0     netctrl.ae674 : netsrv.oe674 (.text:SPIpNet)
                  c0abea60    000001c0     stk6_ppp_pppoe.ae674 : lli.oe674 (.text:_LLITimeoutCheck)
                  c0abec20    000001c0     rts6740_elf.lib : _printfi.obj (.text:_mcpy)
                  c0abede0    000001c0     nettool.ae674 : dhcpbild.oe674 (.text:dhcpBuildHeader)
                  c0abefa0    000001c0     ti.drv.omapl138.ae674 : csl_emac.oe674 (.text:emacEnqueueTx)
                  c0abf160    000001c0     stk6_ppp_pppoe.ae674 : fileuser.oe674 (.text:fdClose)
                  c0abf320    000001c0     sysbios.ae674 : BIOS.obj (.text:ti_sysbios_knl_Swi_Instance_init__F)
                  c0abf4e0    000001c0                   : BIOS.obj (.text:ti_sysbios_knl_Task_checkStacks__E)
                  c0abf6a0    000001c0                   : BIOS.obj (.text:ti_sysbios_timers_timer64_Timer_setPeriodMicroSecs__E)
                  c0abf860    000001a0     stk6_ppp_pppoe.ae674 : bind6.oe674 (.text:Bind6Msg)
                  c0abfa00    000001a0     nettool.ae674 : config.oe674 (.text:CfgRemoveEntry)
                  c0abfba0    000001a0     stk6_ppp_pppoe.ae674 : icmpin.oe674 (.text:ICMPRevSrcRoute)
                  c0abfd40    000001a0                          : ipv6_frag.oe674 (.text:IPv6FragMsg)
                  c0abfee0    000001a0                          : ipv6_exthdrs.oe674 (.text:IPv6ParseRoutingHdr)
                  c0ac0080    000001a0     netctrl.ae674 : netctrl.oe674 (.text:NC_NetStart)
                  c0ac0220    000001a0     stk6_ppp_pppoe.ae674 : node.oe674 (.text:NodeTreeFree)
                  c0ac03c0    000001a0                          : raw6.oe674 (.text:Raw6Input)
                  c0ac0560    000001a0                          : route6.oe674 (.text:Route6LifetimeMgmt)
                  c0ac0700    000001a0                          : sockint.oe674 (.text:SockCreatePacket)
                  c0ac08a0    000001a0     nettool.ae674 : dhcpsm.oe674 (.text:StateRenewRebind)
                  c0ac0a40    000001a0     stk6_ppp_pppoe.ae674 : tcp6time.oe674 (.text:TCP6TimeoutRexmt)
                  c0ac0be0    000001a0     rts6740_elf.lib : imath40.obj (.text:__c6xabi_divul)
                  c0ac0d80    000001a0     nettool.ae674 : dhcptags.oe674 (.text:dhcpBuildOptions)
                  c0ac0f20    000001a0     stk6_ppp_pppoe.ae674 : socket.oe674 (.text:getpeername)
                  c0ac10c0    000001a0     nettool.ae674 : telnetd.oe674 (.text:telnet_termdata)
                  c0ac1260    000001a0     sysbios.ae674 : BIOS.obj (.text:ti_sysbios_gates_GateMutex_enter__E)
                  c0ac1400    000001a0                   : BIOS.obj (.text:ti_sysbios_timers_timer64_Timer_start__E)
                  c0ac15a0    00000180     stk6_ppp_pppoe.ae674 : bind6.oe674 (.text:Bind6GetGlobalAddress)
                  c0ac1720    00000180     ti.drv.omapl138.ae674 : csl_emac.oe674 (.text:EMAC_RxServiceCheck)
                  c0ac18a0    00000180     rts6740_elf.lib : trgdrv.obj (.text:HOSTrename)
                  c0ac1a20    00000180     stk6_ppp_pppoe.ae674 : igmp.oe674 (.text:IGMPMsg)
                  c0ac1ba0    00000180                          : nimu.oe674 (.text:NIMURegister)
                  c0ac1d20    00000180                          : nimuppp.oe674 (.text:PPPStop)
                  c0ac1ea0    00000180     netctrl.ae674 : netsrv.oe674 (.text:ServiceScan)
                  c0ac2020    00000180                   : netsrv.oe674 (.text:ServiceSpawn)
                  c0ac21a0    00000180     nettool.ae674 : dhcpsm.oe674 (.text:StateBound)
                  c0ac2320    00000180     rts6740_elf.lib : copy_decompress_rle.obj (.text:__TI_decompress_rle_core)
                  c0ac24a0    00000180     stk6_ppp_pppoe.ae674 : socket.oe674 (.text:bind)
                  c0ac2620    00000180                          : socket.oe674 (.text:connect)
                  c0ac27a0    00000180     nettool.ae674 : dhcpbild.oe674 (.text:dhcpBuildRequest)
                  c0ac2920    00000180     os.ae674 : task.oe674 (.text:llEnter)
                  c0ac2aa0    00000180     stk6_ppp_pppoe.ae674 : auth.oe674 (.text:papSendCfg)
                  c0ac2c20    00000180     sysbios.ae674 : c64p_Exception_asm.obj (.text)
                  c0ac2da0    00000180                   : BIOS.obj (.text:ti_sysbios_knl_Swi_schedule__I)
                  c0ac2f20    00000180                   : BIOS.obj (.text:ti_sysbios_knl_Task_unblockI__E)
                  c0ac30a0    00000180     ti.targets.rts6000.ae674 : Text.oe674 (.text:xdc_runtime_Text_putSite__F)
                  c0ac3220    00000160     nettool.ae674 : config.oe674 (.text:CfgGetEntry)
                  c0ac3380    00000160                   : config.oe674 (.text:CfgGetNextEntry)
                  c0ac34e0    00000160                   : config.oe674 (.text:CfgLoad)
                  c0ac3640    00000160     ti.drv.omapl138.ae674 : csl_emac.oe674 (.text:EMAC_TxServiceCheck)
                  c0ac37a0    00000160                           : ethdriver.oe674 (.text:HwPktSetRx)
                  c0ac3900    00000160                           : ethdriver.oe674 (.text:HwPktTxNext)
                  c0ac3a60    00000160     stk6_ppp_pppoe.ae674 : igmp.oe674 (.text:IGMPDoMCast)
                  c0ac3bc0    00000160                          : nimu.oe674 (.text:NIMUIoctlSpecialCmd)
                  c0ac3d20    00000160                          : pipe.oe674 (.text:PipeSend)
                  c0ac3e80    00000160                          : raw.oe674 (.text:RawOutput)
                  c0ac3fe0    00000160                          : rtable.oe674 (.text:RtTimeoutCheck)
                  c0ac4140    00000160                          : rtable.oe674 (.text:RtWalkNext)
                  c0ac42a0    00000160     netctrl.ae674 : netsrv.oe674 (.text:SPRoute)
                  c0ac4400    00000160     stk6_ppp_pppoe.ae674 : sock6.oe674 (.text:Sock6Check)
                  c0ac4560    00000160                          : sock6int.oe674 (.text:Sock6CreatePacket)
                  c0ac46c0    00000160                          : sock6pcb.oe674 (.text:Sock6PcbConnect)
                  c0ac4820    00000160                          : sock.oe674 (.text:SockCheck)
                  c0ac4980    00000160                          : sockpcb.oe674 (.text:SockPcbConnect)
                  c0ac4ae0    00000160     nettool.ae674 : dhcpsm.oe674 (.text:StateRequesting)
                  c0ac4c40    00000160     stk6_ppp_pppoe.ae674 : tcp6time.oe674 (.text:TCP6TimeoutKeep)
                  c0ac4da0    00000160                          : tcptime.oe674 (.text:TcpTimeoutKeep)
                  c0ac4f00    00000160     ti.drv.omapl138.ae674 : ethdriver.oe674 (.text:_HwPktPoll)
                  c0ac5060    00000160     stk6_ppp_pppoe.ae674 : auth.oe674 (.text:authInit)
                  c0ac51c0    00000160     nettool.ae674 : httpclie.oe674 (.text:httpExtractTag)
                  c0ac5320    00000160     stk6_ppp_pppoe.ae674 : socket.oe674 (.text:setsockopt)
                  c0ac5480    00000160     nettool.ae674 : telnetd.oe674 (.text:telnetClientProcess)
                  c0ac55e0    00000160     sysbios.ae674 : BIOS.obj (.text:ti_sysbios_io_GIO_reclaim__E)
                  c0ac5740    00000140     stk6_ppp_pppoe.ae674 : bind6.oe674 (.text:Bind6Free)
                  c0ac5880    00000140     edma3_lld_drv.ae674 : edma3_drv_adv.oe674 (.text:EDMA3_DRV_getPaRAM)
                  c0ac59c0    00000140                         : edma3_drv_adv.oe674 (.text:EDMA3_DRV_setPaRAM)
                  c0ac5b00    00000140     stk6_ppp_pppoe.ae674 : exec.oe674 (.text:ExecOpen)
                  c0ac5c40    00000140                          : icmp.oe674 (.text:ICMPSendRtAdv)
                  c0ac5d80    00000140                          : igmp.oe674 (.text:IGMPJoin)
                  c0ac5ec0    00000140                          : ipv6.oe674 (.text:IPv6DisplayIPAddress)
                  c0ac6000    00000140                          : lli6.oe674 (.text:LLI6Find)
                  c0ac6140    00000140                          : lli.oe674 (.text:LLINew)
                  c0ac6280    00000140                          : node.oe674 (.text:NodeFind)
                  c0ac63c0    00000140                          : node.oe674 (.text:NodeWalk)
                  c0ac6500    00000140                          : pbm.oe674 (.text:PBM_alloc)
                  c0ac6640    00000140                          : pbm.oe674 (.text:PBM_free)
                  c0ac6780    00000140                          : rtable.oe674 (.text:RtFlush)
                  c0ac68c0    00000140                          : sb6.oe674 (.text:SB6New)
                  c0ac6a00    00000140     netctrl.ae674 : netsrv.oe674 (.text:ServiceKill)
                  c0ac6b40    00000140     stk6_ppp_pppoe.ae674 : sock6.oe674 (.text:Sock6Accept)
                  c0ac6c80    00000140                          : sock6.oe674 (.text:Sock6Listen)
                  c0ac6dc0    00000140                          : sock.oe674 (.text:SockAccept)
                  c0ac6f00    00000140                          : sock.oe674 (.text:SockListen)
                  c0ac7040    00000140                          : sockpcb.oe674 (.text:SockPcbCtlError)
                  c0ac7180    00000140     boot.ae674 : autoinit.oe674 (.text:_auto_init_elf)
                  c0ac72c0    00000140     rts6740_elf.lib : _printfi.obj (.text:_pproc_fflags)
                  c0ac7400    00000140     stk6_ppp_pppoe.ae674 : auth.oe674 (.text:authGetPassword)
                  c0ac7540    00000140     nettool.ae674 : dhcptags.oe674 (.text:dhcpDecodeType)
                  c0ac7680    00000140     ti.drv.omapl138.ae674 : csl_emac.oe674 (.text:emacDequeueTx)
                  c0ac77c0    00000140                           : csl_emac.oe674 (.text:emacEnqueueRx)
                  c0ac7900    00000140     rts6740_elf.lib : lowlev.obj (.text:getdevice)
                  c0ac7a40    00000140     nettool.ae674 : httpsend.oe674 (.text:httpAuthenticationReq)
                  c0ac7b80    00000140     os.ae674 : mem.oe674 (.text:mmCopy)
                  c0ac7cc0    00000140     stk6_ppp_pppoe.ae674 : nimuppp.oe674 (.text:pppAddClient)
                  c0ac7e00    00000140                          : socket.oe674 (.text:recv)
                  c0ac7f40    00000140                          : socket.oe674 (.text:send)
                  c0ac8080    00000140     sysbios.ae674 : BIOS.obj (.text:ti_sysbios_family_c64p_Hwi_Module_startup__F)
                  c0ac81c0    00000140                   : BIOS.obj (.text:ti_sysbios_knl_Clock_Instance_finalize__F)
                  c0ac8300    00000140                   : BIOS.obj (.text:ti_sysbios_knl_Semaphore_Instance_init__F)
                  c0ac8440    00000140                   : BIOS.obj (.text:ti_sysbios_knl_Swi_post__E)
                  c0ac8580    00000140                   : BIOS.obj (.text:ti_sysbios_knl_Task_blockI__E)
                  c0ac86c0    00000120     stk6_ppp_pppoe.ae674 : bind6.oe674 (.text:Bind6DADCheck)
                  c0ac87e0    00000120                          : bind6.oe674 (.text:Bind6LifetimeMgmt)
                  c0ac8900    00000120                          : bind.oe674 (.text:BindFree)
                  c0ac8a20    00000120     nettool.ae674 : config.oe674 (.text:CfgFree)
                  c0ac8b40    00000120                   : daemon.oe674 (.text:DaemonFree)
                  c0ac8c60    00000120     stk6_ppp_pppoe.ae674 : file.oe674 (.text:FdWaitEvent)
                  c0ac8d80    00000120                          : igmp.oe674 (.text:IGMPLeaveHostGroup)
                  c0ac8ea0    00000120                          : ip.oe674 (.text:IPMsg)
                  c0ac8fc0    00000120                          : ipin.oe674 (.text:IPRouteIP)
                  c0ac90e0    00000120                          : ipv6_frag.oe674 (.text:IPv6CreateFragQ)
                  c0ac9200    00000120                          : ipv6.oe674 (.text:IPv6Init)
                  c0ac9320    00000120                          : icmpv6out.oe674 (.text:IsICMPv6ErrorPkt)
                  c0ac9440    00000120                          : md5.oe674 (.text:MD5Update)
                  c0ac9560    00000120                          : mld.oe674 (.text:MLDJoinGroup)
                  c0ac9680    00000120     netctrl.ae674 : netctrl.oe674 (.text:NC_SystemOpen)
                  c0ac97a0    00000120     stk6_ppp_pppoe.ae674 : nimu.oe674 (.text:NIMUAddEthernetHeader)
                  c0ac98c0    00000120                          : raweth.oe674 (.text:RawEthRxPacket)
                  c0ac99e0    00000120                          : rawethsock.oe674 (.text:RawEthSockRecvNC)
                  c0ac9b00    00000120                          : raweth.oe674 (.text:RawEthTxPacket)
                  c0ac9c20    00000120     ti.drv.omapl138.ae674 : ethdriver.oe674 (.text:RxPacket)
                  c0ac9d40    00000120     stk6_ppp_pppoe.ae674 : sb.oe674 (.text:SBNew)
                  c0ac9e60    00000120     netctrl.ae674 : netsrv.oe674 (.text:SPConfig)
                  c0ac9f80    00000120                   : netsrv.oe674 (.text:SPService)
                  c0aca0a0    00000120     stk6_ppp_pppoe.ae674 : sock6.oe674 (.text:Sock6Shutdown)
                  c0aca1c0    00000120                          : sockpcb.oe674 (.text:SockPcbFindRaw)
                  c0aca2e0    00000120                          : sock.oe674 (.text:SockShutdown)
                  c0aca400    00000120                          : tcp6prot.oe674 (.text:TCP6PrAttach)
                  c0aca520    00000120                          : tcpprot.oe674 (.text:TcpPrAttach)
                  c0aca640    00000120     nettool.ae674 : telnetd.oe674 (.text:TelnetOpen)
                  c0aca760    00000120     stk6_ppp_pppoe.ae674 : rtable.oe674 (.text:_RtNodeInsert)
                  c0aca880    00000120     rts6740_elf.lib : fclose.obj (.text:_closefile)
                  c0aca9a0    00000120                     : _printfi.obj (.text:_ltostr)
                  c0acaac0    00000120     os.ae674 : mem.oe674 (.text:_mmInit)
                  c0acabe0    00000120     nettool.ae674 : daemon.oe674 (.text:dchild)
                  c0acad00    00000120     stk6_ppp_pppoe.ae674 : fileuser.oe674 (.text:fdOpenSession)
                  c0acae20    00000120     rts6740_elf.lib : fseek.obj (.text:fseek)
                  c0acaf40    00000120     nettool.ae674 : http.oe674 (.text:httpOpen)
                  c0acb060    00000120     stk6_ppp_pppoe.ae674 : lcp.oe674 (.text:lcpReject)
                  c0acb180    00000120     sysbios.ae674 : BIOS.obj (.text:rtsUnlock$0)
                  c0acb2a0    00000120     stk6_ppp_pppoe.ae674 : socket.oe674 (.text:socket)
                  c0acb3c0    00000120     bk_fr_c6748_pe674.oe674 (.text:ti_sysbios_family_c64p_Hwi_Object__create__S)
                  c0acb4e0    00000120     bk_fr_c6748_pe674.oe674 (.text:ti_sysbios_hal_Hwi_Object__create__S)
                  c0acb600    00000120     sysbios.ae674 : BIOS.obj (.text:ti_sysbios_io_GIO_Instance_finalize__F)
                  c0acb720    00000120     bk_fr_c6748_pe674.oe674 (.text:ti_sysbios_io_GIO_Object__create__S)
                  c0acb840    00000120     bk_fr_c6748_pe674.oe674 (.text:ti_sysbios_knl_Swi_Object__create__S)
                  c0acb960    00000120     bk_fr_c6748_pe674.oe674 (.text:ti_sysbios_knl_Task_Object__create__S)
                  c0acba80    00000120     ti.targets.rts6000.ae674 : Text.oe674 (.text:xdc_runtime_Text_putLab__F)
                  c0acbba0    00000120     bk_fr_c6748_pe674.oe674 (.text:xdc_runtime_knl_SemThread_Object__create__S)
                  c0acbcc0    00000100     nettool.ae674 : config.oe674 (.text:CfgGetEntryCnt)
                  c0acbdc0    00000100                   : config.oe674 (.text:CfgNew)
                  c0acbec0    00000100                   : config.oe674 (.text:CfgSetExecuteOrder)
                  c0acbfc0    00000100     os.ae674 : ossys.oe674 (.text:DbgPrintf)
                  c0acc0c0    00000100     rts6740_elf.lib : trgdrv.obj (.text:HOSTlseek)
                  c0acc1c0    00000100     stk6_ppp_pppoe.ae674 : igmp.oe674 (.text:IGMPTimer)
                  c0acc2c0    00000100                          : ipv6.oe674 (.text:IPv6GetSubnetMaskFromBits)
                  c0acc3c0    00000100                          : ipv6_frag.oe674 (.text:IPv6ReasmTimeout)
                  c0acc4c0    00000100                          : rtc.oe674 (.text:RTCMsg)
                  c0acc5c0    00000100                          : rawethsock.oe674 (.text:RawEthSockCheck)
                  c0acc6c0    00000100                          : route.oe674 (.text:RtRedirect)
                  c0acc7c0    00000100                          : sock6.oe674 (.text:Sock6Disconnect)
                  c0acc8c0    00000100                          : sockint.oe674 (.text:SockValidateRoute)
                  c0acc9c0    00000100     nettool.ae674 : dhcpsm.oe674 (.text:StateSelecting)
                  c0accac0    00000100     stk6_ppp_pppoe.ae674 : tcp6prot.oe674 (.text:TCP6PrInherit)
                  c0accbc0    00000100                          : tcp6time.oe674 (.text:TCP6XmitTimer)
                  c0acccc0    00000100                          : tcpprot.oe674 (.text:TcpPrInherit)
                  c0accdc0    00000100                          : tcptime.oe674 (.text:TcpXmitTimer)
                  c0accec0    00000100     rts6740_elf.lib : _io_perm.obj (.text:_wrt_ok)
                  c0accfc0    00000100     sysbios.ae674 : BIOS.obj (.text:callback$44)
                  c0acd0c0    00000100     rts6740_elf.lib : fprintf.obj (.text:fprintf)
                  c0acd1c0    00000100     sysbios.ae674 : BIOS.obj (.text:initDevice$47)
                  c0acd2c0    00000100     stk6_ppp_pppoe.ae674 : lcp.oe674 (.text:lcpOpen)
                  c0acd3c0    00000100                          : socket.oe674 (.text:listen)
                  c0acd4c0    00000100     os.ae674 : mem.oe674 (.text:mmFree)
                  c0acd5c0    00000100     sysbios.ae674 : BIOS.obj (.text:ti_sysbios_family_c64p_EventCombiner_dispatch__F)
                  c0acd6c0    00000100                   : BIOS.obj (.text:ti_sysbios_io_DEV_match__E)
                  c0acd7c0    00000100                   : BIOS.obj (.text:ti_sysbios_knl_Clock_startI__E)
                  c0acd8c0    00000100                   : BIOS.obj (.text:ti_sysbios_knl_Swi_restoreHwi__E)
                  c0acd9c0    00000100     stk6_ppp_pppoe.ae674 : lliin.oe674 (.text:updateRtTable)
                  c0acdac0    00000100     ti.targets.rts6000.ae674 : Core-mem.oe674 (.text:xdc_runtime_Core_deleteObject__I)
                  c0acdbc0    00000100                              : Startup.oe674 (.text:xdc_runtime_Startup_exec__F)
                  c0acdcc0    00000100                              : Text.oe674 (.text:xdc_runtime_Text_putMod__F)
                  c0acddc0    00000100                              : Text.oe674 (.text:xdc_runtime_Text_visitRope2__I)
                  c0acdec0    00000100     bk_fr_c6748_pe674.oe674 (.text:xdc_runtime_knl_SyncSemThread_Object__create__S)
                  c0acdfc0    000000e0     stk6_ppp_pppoe.ae674 : bind6.oe674 (.text:Bind6GetLinkLocalAddress)
                  c0ace0a0    000000e0     rts6740_elf.lib : trgdrv.obj (.text:HOSTopen)
                  c0ace180    000000e0     stk6_ppp_pppoe.ae674 : igmp.oe674 (.text:IGMPLeave)
                  c0ace260    000000e0                          : ipv6_frag.oe674 (.text:IPv6FindFragQ)
                  c0ace340    000000e0     ti.drv.omapl138.ae674 : ethdriver.oe674 (.text:Interrupt_init)
                  c0ace420    000000e0     stk6_ppp_pppoe.ae674 : lli6.oe674 (.text:LLI6Msg)
                  c0ace500    000000e0                          : lli6.oe674 (.text:LLI6Update)
                  c0ace5e0    000000e0                          : mld.oe674 (.text:MLDFindMulticastNode)
                  c0ace6c0    000000e0                          : nimu.oe674 (.text:NIMUAllocateIndex)
                  c0ace7a0    000000e0                          : nimu.oe674 (.text:NIMUAllocateName)
                  c0ace880    000000e0                          : node.oe674 (.text:NodeDeRef)
                  c0ace960    000000e0                          : node.oe674 (.text:NodeNew)
                  c0acea40    000000e0                          : node.oe674 (.text:NodeTreeNew)
                  c0aceb20    000000e0                          : pbm.oe674 (.text:PBMQ_enq)
                  c0acec00    000000e0                          : pbm.oe674 (.text:PBM_copy)
                  c0acece0    000000e0                          : rawethsock.oe674 (.text:RawEthSockNotify)
                  c0acedc0    000000e0                          : rawethsock_pcb.oe674 (.text:RawEthSockPcbAttach)
                  c0aceea0    000000e0                          : rawethsock.oe674 (.text:RawEthSockSend)
                  c0acef80    000000e0                          : route6.oe674 (.text:Route6Msg)
                  c0acf060    000000e0                          : route.oe674 (.text:RtRemove)
                  c0acf140    000000e0                          : sb.oe674 (.text:SBReadNC)
                  c0acf220    000000e0                          : sb.oe674 (.text:SBSetMax)
                  c0acf300    000000e0                          : sock6.oe674 (.text:Sock6IntAbort)
                  c0acf3e0    000000e0                          : sock6int.oe674 (.text:Sock6SpawnAbort)
                  c0acf4c0    000000e0                          : sock6int.oe674 (.text:Sock6ValidateRoute)
                  c0acf5a0    000000e0                          : sock.oe674 (.text:SockDisconnect)
                  c0acf680    000000e0                          : sockint.oe674 (.text:SockSpawnAbort)
                  c0acf760    000000e0                          : tcp6prot.oe674 (.text:TCP6PrDetach)
                  c0acf840    000000e0                          : tcp6prot.oe674 (.text:TCP6PrDisconnect)
                  c0acf920    000000e0                          : tcp6time.oe674 (.text:TCP6TimeoutSackRexmt)
                  c0acfa00    000000e0                          : tcp6prot.oe674 (.text:TCP6ValidateMetrics)
                  c0acfae0    000000e0                          : tcpprot.oe674 (.text:TcpPrDetach)
                  c0acfbc0    000000e0                          : tcpprot.oe674 (.text:TcpPrDisconnect)
                  c0acfca0    000000e0                          : tcptime.oe674 (.text:TcpTimeoutSackRexmt)
                  c0acfd80    000000e0                          : tcpprot.oe674 (.text:TcpValidateMetrics)
                  c0acfe60    000000e0                          : timer.oe674 (.text:TimerListInsert)
                  c0acff40    000000e0                          : udp.oe674 (.text:UdpChecksum)
                  c0ad0020    000000e0                          : vlan.oe674 (.text:VLANDeinit)
                  c0ad0100    000000e0                          : vlan.oe674 (.text:VLANReceivePacket)
                  c0ad01e0    000000e0     nettool.ae674 : config.oe674 (.text:_CfgEntryScan)
                  c0ad02c0    000000e0     stk6_ppp_pppoe.ae674 : lli.oe674 (.text:_LLIExpListInsert)
                  c0ad03a0    000000e0                          : rtable.oe674 (.text:_RtExpListInsert)
                  c0ad0480    000000e0                          : rtable.oe674 (.text:_RtNodeRemove)
                  c0ad0560    000000e0     rts6740_elf.lib : atoi.obj (.text:atoi)
                  c0ad0640    000000e0                     : lowlev.obj (.text:close)
                  c0ad0720    000000e0                     : copy_zero_init.obj (.text:decompress:ZI:__TI_zero_init)
                  c0ad0800    000000e0     edma3_lld_drv_sample.ae674 : sample_cs.oe674 (.text:edma3OsProtectEntry)
                  c0ad08e0    000000e0     stk6_ppp_pppoe.ae674 : file.oe674 (.text:fdint_lockfd)
                  c0ad09c0    000000e0                          : file.oe674 (.text:fdint_unlockfd)
                  c0ad0aa0    000000e0     rts6740_elf.lib : fflush.obj (.text:fflush)
                  c0ad0b80    000000e0     nettool.ae674 : httpclie.oe674 (.text:httpGetMimeBits)
                  c0ad0c60    000000e0     os.ae674 : task.oe674 (.text:llExit)
                  c0ad0d40    000000e0     rts6740_elf.lib : ltoa.obj (.text:ltoa)
                  c0ad0e20    000000e0                     : memset.obj (.text:memset)
                  c0ad0f00    000000e0     os.ae674 : mem.oe674 (.text:mmBulkAlloc)
                  c0ad0fe0    000000e0     stk6_ppp_pppoe.ae674 : nimuppp.oe674 (.text:pppFree)
                  c0ad10c0    000000e0     rts6740_elf.lib : printf.obj (.text:printf)
                  c0ad11a0    000000e0     sysbios.ae674 : BIOS.obj (.text:ti_sysbios_family_c64p_Hwi_Instance_finalize__F)
                  c0ad1280    000000e0                   : BIOS.obj (.text:ti_sysbios_family_c64p_Hwi_Instance_init__F)
                  c0ad1360    000000e0                   : BIOS.obj (.text:ti_sysbios_knl_Clock_start__E)
                  c0ad1440    000000e0                   : BIOS.obj (.text:ti_sysbios_timers_timer64_Timer_startup__E)
                  c0ad1520    000000e0     ti.targets.rts6000.ae674 : Error.oe674 (.text:xdc_runtime_Error_print__F)
                  c0ad1600    000000e0                              : Memory.oe674 (.text:xdc_runtime_Memory_alloc__F)
                  c0ad16e0    000000c0     nettool.ae674 : dhcpmain.oe674 (.text:DHCPClose)
                  c0ad17a0    000000c0     rts6740_elf.lib : trgdrv.obj (.text:HOSTread)
                  c0ad1860    000000c0                     : trgdrv.obj (.text:HOSTunlink)
                  c0ad1920    000000c0                     : trgdrv.obj (.text:HOSTwrite)
                  c0ad19e0    000000c0     stk6_ppp_pppoe.ae674 : icmpv6in.oe674 (.text:ICMPv6SocketErrorInterface)
                  c0ad1aa0    000000c0                          : ipv6.oe674 (.text:IPv6Layer4ComputeChecksum)
                  c0ad1b60    000000c0                          : lli.oe674 (.text:LLIGetValidTime)
                  c0ad1c20    000000c0                          : lli.oe674 (.text:LLIMsg)
                  c0ad1ce0    000000c0     ti.drv.omapl138.ae674 : csl_mdio.oe674 (.text:MDIO_initPHY)
                  c0ad1da0    000000c0     stk6_ppp_pppoe.ae674 : mld.oe674 (.text:MLDCreateMulticastNode)
                  c0ad1e60    000000c0                          : mld.oe674 (.text:MLDLeaveGroup)
                  c0ad1f20    000000c0                          : nimu.oe674 (.text:NIMUFindByName)
                  c0ad1fe0    000000c0     netctrl.ae674 : netsrv.oe674 (.text:NS_BootTask)
                  c0ad20a0    000000c0     stk6_ppp_pppoe.ae674 : node.oe674 (.text:NodeUpdatePL)
                  c0ad2160    000000c0     nettool.ae674 : ipaddr.oe674 (.text:NtIfIdx2Ip)
                  c0ad2220    000000c0     stk6_ppp_pppoe.ae674 : route6.oe674 (.text:Rt6FindDefaultRouter)
                  c0ad22e0    000000c0                          : route.oe674 (.text:RtDeRef)
                  c0ad23a0    000000c0                          : rtable.oe674 (.text:RtWalkBegin)
                  c0ad2460    000000c0                          : sb6.oe674 (.text:SB6Flush)
                  c0ad2520    000000c0                          : sb6.oe674 (.text:SB6SetMax)
                  c0ad25e0    000000c0                          : sb.oe674 (.text:SBFlush)
                  c0ad26a0    000000c0                          : sock6pcb.oe674 (.text:Sock6PcbResolveChain)
                  c0ad2760    000000c0                          : sock6pcb.oe674 (.text:Sock6PcbRtChange)
                  c0ad2820    000000c0                          : sock.oe674 (.text:SockIntAbort)
                  c0ad28e0    000000c0                          : sockpcb.oe674 (.text:SockPcbRtChange)
                  c0ad29a0    000000c0                          : tcp6prot.oe674 (.text:TCP6Close)
                  c0ad2a60    000000c0     os.ae674 : task.oe674 (.text:TaskGetEnv)
                  c0ad2b20    000000c0     stk6_ppp_pppoe.ae674 : tcp.oe674 (.text:TcpChecksum)
                  c0ad2be0    000000c0                          : tcpprot.oe674 (.text:TcpClose)
                  c0ad2ca0    000000c0                          : bind6.oe674 (.text:_Bind6FindByHostInList)
                  c0ad2d60    000000c0                          : bind6.oe674 (.text:_Bind6FindByNetInList)
                  c0ad2e20    000000c0     rts6740_elf.lib : dtor_list.obj (.text:_Z11__TI_atexitPFYvPvES_S_)
                  c0ad2ee0    000000c0                     : dtor_list.obj (.text:__cxa_finalize)
                  c0ad2fa0    000000c0                     : divu.obj (.text:__divu)
                  c0ad3060    000000c0                     : remi.obj (.text:__remi)
                  c0ad3120    000000c0                     : _printfi.obj (.text:_div)
                  c0ad31e0    000000c0                     : fflush.obj (.text:_doflush)
                  c0ad32a0    000000c0     nettool.ae674 : dhcptags.oe674 (.text:dhcpOptionsClear)
                  c0ad3360    000000c0     edma3_lld_rm.ae674 : edma3resmgr.oe674 (.text:edma3MemCpy)
                  c0ad3420    000000c0     edma3_lld_drv_sample.ae674 : sample_cs.oe674 (.text:edma3OsProtectExit)
                  c0ad34e0    000000c0     os.ae674 : efs.oe674 (.text:efs_fopen)
                  c0ad35a0    000000c0              : efs.oe674 (.text:efs_internal_remove)
                  c0ad3660    000000c0     rts6740_elf.lib : exit.obj (.text:exit)
                  c0ad3720    000000c0     nettool.ae674 : httpsend.oe674 (.text:httpSendFullResponse)
                  c0ad37e0    000000c0     os.ae674 : mem.oe674 (.text:mmZeroInit)
                  c0ad38a0    000000c0     stk6_ppp_pppoe.ae674 : nimuppp.oe674 (.text:pppAddIP)
                  c0ad3960    000000c0     sysbios.ae674 : BIOS.obj (.text:ti_sysbios_BIOS_errorRaiseHook__I)
                  c0ad3a20    000000c0                   : BIOS.obj (.text:ti_sysbios_heaps_HeapMem_getStats__E)
                  c0ad3ae0    000000c0                   : BIOS.obj (.text:ti_sysbios_knl_Clock_logTick__E)
                  c0ad3ba0    000000c0                   : BIOS.obj (.text:ti_sysbios_knl_Swi_Instance_finalize__F)
                  c0ad3c60    000000c0                   : BIOS.obj (.text:ti_sysbios_knl_Task_allBlockedFunction__I)
                  c0ad3d20    000000c0                   : BIOS.obj (.text:ti_sysbios_timers_timer64_Timer_stop__E)
                  c0ad3de0    000000c0                   : BIOS.obj (.text:ti_sysbios_xdcruntime_SemThreadSupport_pend__F)
                  c0ad3ea0    000000c0     ti.targets.rts6000.ae674 : System.oe674 (.text:xdc_runtime_System_formatNum__I)
                  c0ad3f60    000000a0     nettool.ae674 : config.oe674 (.text:CfgEntryDeRef)
                  c0ad4000    000000a0                   : config.oe674 (.text:CfgEntryGetData)
                  c0ad40a0    000000a0                   : config.oe674 (.text:CfgGetImmediate)
                  c0ad4140    000000a0                   : telnetd.oe674 (.text:CmdWriteBytes)
                  c0ad41e0    000000a0                   : telnetd.oe674 (.text:CmdWriteCmd)
                  c0ad4280    000000a0     stk6_ppp_pppoe.ae674 : file.oe674 (.text:FdSignalEvent)
                  c0ad4320    000000a0     rts6740_elf.lib : trgdrv.obj (.text:HOSTclose)
                  c0ad43c0    000000a0     ti.drv.omapl138.ae674 : ethdriver.oe674 (.text:HwPktClose)
                  c0ad4460    000000a0     stk6_ppp_pppoe.ae674 : icmpv6in.oe674 (.text:ICMPv6RecvDstUnreachable)
                  c0ad4500    000000a0                          : ipfrag.oe674 (.text:IPReasmFree)
                  c0ad45a0    000000a0                          : ipfrag.oe674 (.text:IPReasmTimeout)
                  c0ad4640    000000a0                          : ipv6.oe674 (.text:IPv6CompareAddress)
                  c0ad46e0    000000a0                          : lliin.oe674 (.text:LLIValidateRoute)
                  c0ad4780    000000a0                          : md5.oe674 (.text:MD5Final)
                  c0ad4820    000000a0                          : nimu.oe674 (.text:NIMUShutdown)
                  c0ad48c0    000000a0                          : nimu.oe674 (.text:NIMUUnregister)
                  c0ad4960    000000a0     nettool.ae674 : ipaddr.oe674 (.text:NtAddNetwork)
                  c0ad4a00    000000a0     stk6_ppp_pppoe.ae674 : pbm.oe674 (.text:PBM_open)
                  c0ad4aa0    000000a0                          : pipe.oe674 (.text:PipeCheck)
                  c0ad4b40    000000a0                          : rtable.oe674 (.text:RouteMsg)
                  c0ad4be0    000000a0                          : route.oe674 (.text:RtNew)
                  c0ad4c80    000000a0                          : sb6.oe674 (.text:SB6Free)
                  c0ad4d20    000000a0                          : sb.oe674 (.text:SBFree)
                  c0ad4dc0    000000a0     os.ae674 : semaphore.oe674 (.text:SemCreate)
                  c0ad4e60    000000a0     stk6_ppp_pppoe.ae674 : sock6pcb.oe674 (.text:Sock6CleanPcb)
                  c0ad4f00    000000a0                          : sock6.oe674 (.text:Sock6GetName)
                  c0ad4fa0    000000a0                          : sock.oe674 (.text:SockBind)
                  c0ad5040    000000a0                          : sockpcb.oe674 (.text:SockCleanPcb)
                  c0ad50e0    000000a0                          : tcp6prot.oe674 (.text:TCP6Drop)
                  c0ad5180    000000a0                          : tcp6prot.oe674 (.text:TCP6PrCtlError)
                  c0ad5220    000000a0                          : tcp6prot.oe674 (.text:TCP6PrSend)
                  c0ad52c0    000000a0                          : tcp6prot.oe674 (.text:TCP6PrSendOOB)
                  c0ad5360    000000a0     os.ae674 : task.oe674 (.text:TaskCreate)
                  c0ad5400    000000a0     stk6_ppp_pppoe.ae674 : tcpprot.oe674 (.text:TcpDrop)
                  c0ad54a0    000000a0                          : tcpprot.oe674 (.text:TcpPrCtlError)
                  c0ad5540    000000a0                          : tcpprot.oe674 (.text:TcpPrSend)
                  c0ad55e0    000000a0                          : tcpprot.oe674 (.text:TcpPrSendOOB)
                  c0ad5680    000000a0                          : timer.oe674 (.text:TimerNew)
                  c0ad5720    000000a0                          : lli.oe674 (.text:_LLITimeoutFlush)
                  c0ad57c0    000000a0     rts6740_elf.lib : remu.obj (.text:__remu)
                  c0ad5860    000000a0     boot.ae674 : boot.oe674 (.text:_c_int00)
                  c0ad5900    000000a0     rts6740_elf.lib : fopen.obj (.text:_cleanup)
                  c0ad59a0    000000a0                     : _printfi.obj (.text:_ecpy)
                  c0ad5a40    000000a0                     : _printfi.obj (.text:_fcpy)
                  c0ad5ae0    000000a0                     : _printfi.obj (.text:_pconv_f)
                  c0ad5b80    000000a0     sysbios.ae674 : c64p_Hwi_asm.obj (.text:_ti_sysbios_family_c64p_Hwi_plug__E)
                  c0ad5c20    000000a0     stk6_ppp_pppoe.ae674 : auth.oe674 (.text:authStart)
                  c0ad5cc0    000000a0     nettool.ae674 : dhcpbild.oe674 (.text:dhcpBuildDecline)
                  c0ad5d60    000000a0                   : dhcpsm.oe674 (.text:dhcpIPRemove)
                  c0ad5e00    000000a0     stk6_ppp_pppoe.ae674 : fileuser.oe674 (.text:fdCloseSession)
                  c0ad5ea0    000000a0     rts6740_elf.lib : lowlev.obj (.text:finddevice)
                  c0ad5f40    000000a0     stk6_ppp_pppoe.ae674 : lcp.oe674 (.text:lcpInit)
                  c0ad5fe0    000000a0                          : lcp.oe674 (.text:lcpSendTerm)
                  c0ad6080    000000a0     hal_timer_bios.ae674 : lltimer.oe674 (.text:llTimerTick)
                  c0ad6120    000000a0     rts6740_elf.lib : lowlev.obj (.text:lseek)
                  c0ad61c0    000000a0     bk_fr_c6748_pe674.oe674 (.text:malloc)
                  c0ad6260    000000a0     rts6740_elf.lib : memcpy64.obj (.text:memcpy)
                  c0ad6300    000000a0     os.ae674 : mem.oe674 (.text:mmBulkFree)
                  c0ad63a0    000000a0              : mem.oe674 (.text:mmInitPage)
                  c0ad6440    000000a0              : ossys.oe674 (.text:stricmp)
                  c0ad64e0    000000a0     rts6740_elf.lib : strstr.obj (.text:strstr)
                  c0ad6580    000000a0     taskImageProcess.obj (.text)
                  c0ad6620    000000a0     sysbios.ae674 : BIOS.obj (.text:ti_sysbios_heaps_HeapMem_init__I)
                  c0ad66c0    000000a0     bk_fr_c6748_pe674.oe674 (.text:ti_sysbios_knl_Clock_Object__create__S)
                  c0ad6760    000000a0     sysbios.ae674 : BIOS.obj (.text:ti_sysbios_knl_Idle_run__E)
                  c0ad6800    000000a0     bk_fr_c6748_pe674.oe674 (.text:ti_sysbios_knl_Semaphore_Object__create__S)
                  c0ad68a0    000000a0     sysbios.ae674 : BIOS.obj (.text:ti_sysbios_knl_Task_deleteTerminatedTasksFunc__I)
                  c0ad6940    000000a0     bk_fr_c6748_pe674.oe674 (.text:ti_sysbios_xdcruntime_SemThreadSupport_Object__create__S)
                  c0ad69e0    000000a0     rts6740_elf.lib : lowlev.obj (.text:write)
                  c0ad6a80    000000a0     ti.targets.rts6000.ae674 : Assert.oe674 (.text:xdc_runtime_Assert_raise__I)
                  c0ad6b20    000000a0                              : LoggerBuf.oe674 (.text:xdc_runtime_LoggerBuf_Module_startup__F)
                  c0ad6bc0    00000080     stk6_ppp_pppoe.ae674 : md5.oe674 (.text:Decode)
                  c0ad6c40    00000080     ti.drv.omapl138.ae674 : nimu_eth.oe674 (.text:EmacStart)
                  c0ad6cc0    00000080                           : ethdriver.oe674 (.text:GetPacket)
                  c0ad6d40    00000080                           : ethdriver.oe674 (.text:HwRxInt)
                  c0ad6dc0    00000080                           : ethdriver.oe674 (.text:HwTxInt)
                  c0ad6e40    00000080     stk6_ppp_pppoe.ae674 : icmp.oe674 (.text:ICMPChecksum)
                  c0ad6ec0    00000080                          : icmpv6in.oe674 (.text:ICMPv6RecvParamProblem)
                  c0ad6f40    00000080                          : icmpv6_ndisc.oe674 (.text:ICMPv6RecvRS)
                  c0ad6fc0    00000080                          : icmpv6in.oe674 (.text:ICMPv6RecvTimeExceeded)
                  c0ad7040    00000080                          : ipv6out.oe674 (.text:IPv6GetRoute)
                  c0ad70c0    00000080                          : lli6.oe674 (.text:LLI6Free)
                  c0ad7140    00000080                          : lli6.oe674 (.text:LLI6IsRouterStatMachine)
                  c0ad71c0    00000080     ti.drv.omapl138.ae674 : csl_mdio.oe674 (.text:MDIO_close)
                  c0ad7240    00000080     stk6_ppp_pppoe.ae674 : nimu.oe674 (.text:NIMUInit)
                  c0ad72c0    00000080                          : pbm.oe674 (.text:PBMQ_deq)
                  c0ad7340    00000080                          : nimuppp.oe674 (.text:PPPSend)
                  c0ad73c0    00000080                          : pipe.oe674 (.text:PipeClose)
                  c0ad7440    00000080                          : rawethsock.oe674 (.text:RawEthSockClose)
                  c0ad74c0    00000080                          : rawethsock_pcb.oe674 (.text:RawEthSockPcbDetach)
                  c0ad7540    00000080                          : route6.oe674 (.text:Rt6Update)
                  c0ad75c0    00000080                          : route.oe674 (.text:RtSetFailure)
                  c0ad7640    00000080                          : route.oe674 (.text:RtSetTimeout)
                  c0ad76c0    00000080                          : sock6.oe674 (.text:Sock6Bind)
                  c0ad7740    00000080                          : sock6pcb.oe674 (.text:Sock6PcbCleanup)
                  c0ad77c0    00000080                          : sock.oe674 (.text:SockGetName)
                  c0ad7840    00000080                          : sockpcb.oe674 (.text:SockPcbCleanup)
                  c0ad78c0    00000080                          : sockpcb.oe674 (.text:SockPcbDetach)
                  c0ad7940    00000080                          : sockpcb.oe674 (.text:SockPcbResolveChain)
                  c0ad79c0    00000080                          : tcp6prot.oe674 (.text:TCP6PrListen)
                  c0ad7a40    00000080     os.ae674 : task.oe674 (.text:TaskSetEnv)
                  c0ad7ac0    00000080     stk6_ppp_pppoe.ae674 : tcpprot.oe674 (.text:TcpPrListen)
                  c0ad7b40    00000080                          : timer.oe674 (.text:TimerHSTick)
                  c0ad7bc0    00000080                          : timer.oe674 (.text:TimerListRemove)
                  c0ad7c40    00000080     nettool.ae674 : config.oe674 (.text:_CfgAcquire)
                  c0ad7cc0    00000080                   : config.oe674 (.text:_CfgRelease)
                  c0ad7d40    00000080     stk6_ppp_pppoe.ae674 : lli.oe674 (.text:_LLIExpListRemove)
                  c0ad7dc0    00000080                          : rtc.oe674 (.text:_RTCSendRtAdv)
                  c0ad7e40    00000080                          : rtable.oe674 (.text:_RtExpListRemove)
                  c0ad7ec0    00000080     rts6740_elf.lib : llshift.obj (.text:__c6xabi_llshl)
                  c0ad7f40    00000080     sysbios.ae674 : c62_TaskSupport_asm.obj (.text:_ti_sysbios_family_c62_TaskSupport_swap__E)
                  c0ad7fc0    00000080     edma3_lld_rm.ae674 : edma3resmgr.oe674 (.text:edma3MemZero)
                  c0ad8040    00000080                        : edma3resmgr.oe674 (.text:edma3ParamCpy)
                  c0ad80c0    00000080     os.ae674 : efs.oe674 (.text:efs_fclose)
                  c0ad8140    00000080              : efs.oe674 (.text:efs_filesend)
                  c0ad81c0    00000080              : efs.oe674 (.text:efs_findfile)
                  c0ad8240    00000080     stk6_ppp_pppoe.ae674 : file.oe674 (.text:fdint_waitevent)
                  c0ad82c0    00000080     fr_uart.obj (.text)
                  c0ad8340    00000080     nettool.ae674 : httpsend.oe674 (.text:httpSendEntityLength)
                  c0ad83c0    00000080                   : httpsend.oe674 (.text:httpSendErrorResponse)
                  c0ad8440    00000080     hal_timer_bios.ae674 : lltimer.oe674 (.text:llTimerGetTime)
                  c0ad84c0    00000080     rts6740_elf.lib : trgmsg.obj (.text:readmsg)
                  c0ad8540    00000080     nettool.ae674 : httpsend.oe674 (.text:strcat)
                  c0ad85c0    00000080     rts6740_elf.lib : strncpy.obj (.text:strncpy)
                  c0ad8640    00000080     bk_fr_c6748_pe674.oe674 (.text:ti_sdo_utils_List_Object__create__S)
                  c0ad86c0    00000080     bk_fr_c6748_pe674.oe674 (.text:ti_sysbios_BIOS_exitFunc__I)
                  c0ad8740    00000080     sysbios.ae674 : BIOS.obj (.text:ti_sysbios_family_c62_TaskSupport_start__E)
                  c0ad87c0    00000080                   : BIOS.obj (.text:ti_sysbios_family_c64p_Cache_invL1pAll__E)
                  c0ad8840    00000080                   : BIOS.obj (.text:ti_sysbios_family_c64p_Hwi_eventMap__E)
                  c0ad88c0    00000080     bk_fr_c6748_pe674.oe674 (.text:ti_sysbios_gates_GateHwi_Object__create__S)
                  c0ad8940    00000080     bk_fr_c6748_pe674.oe674 (.text:ti_sysbios_gates_GateMutex_Object__create__S)
                  c0ad89c0    00000080     bk_fr_c6748_pe674.oe674 (.text:ti_sysbios_heaps_HeapMem_Object__create__S)
                  c0ad8a40    00000080     sysbios.ae674 : BIOS.obj (.text:ti_sysbios_knl_Clock_Module_startup__F)
                  c0ad8ac0    00000080     bk_fr_c6748_pe674.oe674 (.text:ti_sysbios_knl_Clock_doTick__I)
                  c0ad8b40    00000080     sysbios.ae674 : BIOS.obj (.text:ti_sysbios_knl_Clock_getTicks__E)
                  c0ad8bc0    00000080     bk_fr_c6748_pe674.oe674 (.text:ti_sysbios_knl_Queue_Object__create__S)
                  c0ad8c40    00000080     sysbios.ae674 : BIOS.obj (.text:ti_sysbios_knl_Swi_startup__E)
                  c0ad8cc0    00000080                   : BIOS.obj (.text:ti_sysbios_knl_Task_restore__E)
                  c0ad8d40    00000080                   : BIOS.obj (.text:ti_sysbios_timers_timer64_Timer_getCount__E)
                  c0ad8dc0    00000080                   : BIOS.obj (.text:ti_sysbios_timers_timer64_Timer_getPeriod__E)
                  c0ad8e40    00000080                   : BIOS.obj (.text:ti_sysbios_xdcruntime_SemThreadSupport_Instance_init__F)
                  c0ad8ec0    00000080     rts6740_elf.lib : lowlev.obj (.text:unlink)
                  c0ad8f40    00000080     ti.targets.rts6000.ae674 : Core-label.oe674 (.text:xdc_runtime_Core_assignLabel__I)
                  c0ad8fc0    00000080                              : Core-params.oe674 (.text:xdc_runtime_Core_assignParams__I)
                  c0ad9040    00000080                              : System.oe674 (.text:xdc_runtime_System_atexit__F)
                  c0ad90c0    00000080                              : System.oe674 (.text:xdc_runtime_System_rtsExit__I)
                  c0ad9140    00000080                              : Text.oe674 (.text:xdc_runtime_Text_printVisFxn__I)
                  c0ad91c0    00000080                              : Text.oe674 (.text:xdc_runtime_Text_xprintf__I)
                  c0ad9240    00000080                              : SemThread.oe674 (.text:xdc_runtime_knl_SemThread_Instance_init__F)
                  c0ad92c0    00000060     stk6_ppp_pppoe.ae674 : bind6.oe674 (.text:Bind6FindByIF)
                  c0ad9320    00000060                          : bind6.oe674 (.text:Bind6IF2IPHost)
                  c0ad9380    00000060                          : bind.oe674 (.text:BindFindByHost)
                  c0ad93e0    00000060                          : bind.oe674 (.text:BindFindByIF)
                  c0ad9440    00000060                          : bind.oe674 (.text:BindFindByNet)
                  c0ad94a0    00000060                          : bind.oe674 (.text:BindGetIFByDBCast)
                  c0ad9500    00000060                          : bind.oe674 (.text:BindIF2IPHost)
                  c0ad9560    00000060     nettool.ae674 : config.oe674 (.text:CfgEntryInfo)
                  c0ad95c0    00000060                   : config.oe674 (.text:CfgSetService)
                  c0ad9620    00000060     ti.drv.omapl138.ae674 : nimu_eth.oe674 (.text:EmacPktService)
                  c0ad9680    00000060                           : nimu_eth.oe674 (.text:EmacSend)
                  c0ad96e0    00000060                           : nimu_eth.oe674 (.text:EmacStop)
                  c0ad9740    00000060     stk6_ppp_pppoe.ae674 : md5.oe674 (.text:Encode)
                  c0ad97a0    00000060                          : exec.oe674 (.text:ExecBroadcast)
                  c0ad9800    00000060                          : igmp.oe674 (.text:IGMPTestGroup)
                  c0ad9860    00000060                          : ip.oe674 (.text:IPChecksum)
                  c0ad98c0    00000060                          : lli.oe674 (.text:LLIFree)
                  c0ad9920    00000060     ti.drv.omapl138.ae674 : csl_mdio.oe674 (.text:MDIO_open)
                  c0ad9980    00000060     netctrl.ae674 : netctrl.oe674 (.text:NC_SystemClose)
                  c0ad99e0    00000060     stk6_ppp_pppoe.ae674 : nimu.oe674 (.text:NIMUAddHeader)
                  c0ad9a40    00000060                          : nimu.oe674 (.text:NIMUCreatePacket)
                  c0ad9aa0    00000060                          : nimu.oe674 (.text:NIMUFindByIndex)
                  c0ad9b00    00000060                          : nimu.oe674 (.text:NIMUPacketService)
                  c0ad9b60    00000060                          : nimu.oe674 (.text:NIMUPacketServiceCheck)
                  c0ad9bc0    00000060                          : nimu.oe674 (.text:NIMUSendPacket)
                  c0ad9c20    00000060     netctrl.ae674 : netsrv.oe674 (.text:NS_PreBoot)
                  c0ad9c80    00000060     stk6_ppp_pppoe.ae674 : node.oe674 (.text:NodeGetRt)
                  c0ad9ce0    00000060                          : rtc.oe674 (.text:RTCAddHook)
[...]
c0ae9108   ti_sysbios_knl_Task_Object__DESC__C
c0ae9128   ti_sysbios_xdcruntime_SemThreadSupport_Object__DESC__C
c0ae9148   xdc_runtime_knl_SemThread_Module__FXNS__C
c0ae9168   xdc_runtime_knl_SemThread_Object__DESC__C
c0ae9188   xdc_runtime_knl_SyncSemThread_Object__DESC__C
c0ae91e4   ti_sysbios_xdcruntime_SemThreadSupport_Object__PARAMS__C
c0ae9200   xdc_runtime_Startup_sfxnRts__A
c0ae921c   xdc_runtime_knl_SemThread_Object__PARAMS__C
c0ae9268   ti_sdo_utils_List_Object__PARAMS__C
c0ae9280   ti_sysbios_gates_GateHwi_Object__PARAMS__C
c0ae9298   ti_sysbios_gates_GateMutex_Object__PARAMS__C
c0ae92b0   ti_sysbios_knl_Queue_Object__PARAMS__C
c0ae92c8   xdc_runtime_knl_SyncSemThread_Object__PARAMS__C
c0ae9324   ti_sysbios_BIOS_Module__diagsMask__C
c0ae933c   ti_sysbios_BIOS_installedErrorHook__C
c0ae938c   ti_sysbios_family_c62_TaskSupport_stackAlignment__C
c0ae93a4   ti_sysbios_family_c64p_Cache_EMIFA_BASE__C
c0ae93a8   ti_sysbios_family_c64p_EventCombiner_EVTMASK__C
c0ae93e0   ti_sysbios_family_c64p_Cache_initSize__C
c0ae940c   ti_sysbios_family_c64p_Cache_EMIFA_CFG__C
c0ae9410   ti_sysbios_knl_Idle_coreList__A
c0ae9418   ti_sysbios_knl_Idle_coreList__C
c0ae9420   ti_sysbios_knl_Idle_funcList__A
c0ae9428   ti_sysbios_knl_Idle_funcList__C
c0ae9430   ti_sysbios_knl_Task_hooks__C
c0ae9438   xdc_runtime_Startup_firstFxns__A
c0ae9440   xdc_runtime_Startup_firstFxns__C
c0ae9448   xdc_runtime_Startup_lastFxns__C
c0ae9450   ti_sysbios_family_c64p_Cache_EMIFA_LENGTH__C
c0ae9454   ti_sysbios_family_c64p_Cache_EMIFB_BASE__C
c0ae9458   ti_sysbios_family_c64p_Cache_EMIFB_CFG__C
c0ae945c   ti_sysbios_family_c64p_Cache_EMIFB_LENGTH__C
c0ae9460   ti_sysbios_family_c64p_Cache_EMIFC_BASE__C
c0ae9464   ti_sysbios_family_c64p_Cache_EMIFC_CFG__C
c0ae9468   ti_sysbios_family_c64p_Cache_EMIFC_LENGTH__C
c0ae946c   ti_sysbios_family_c64p_Cache_MAR0_31__C
c0ae9470   ti_sysbios_family_c64p_Cache_MAR128_159__C
c0ae9474   ti_sysbios_family_c64p_Cache_MAR160_191__C
c0ae9478   ti_sysbios_family_c64p_Cache_MAR192_223__C
c0ae947c   ti_sysbios_family_c64p_Cache_MAR224_255__C
c0ae9480   ti_sysbios_family_c64p_Cache_MAR32_63__C
c0ae9484   ti_sysbios_family_c64p_Cache_MAR64_95__C
c0ae9488   ti_sysbios_family_c64p_Cache_MAR96_127__C
c0ae948c   ti_sysbios_family_c64p_EventCombiner_E_unpluggedEvent__C
c0ae9490   ti_sysbios_family_c64p_Exception_E_exceptionMin__C
c0ae9494   ti_sysbios_family_c64p_Exception_exceptionHook__C
c0ae9498   ti_sysbios_family_c64p_Exception_externalHook__C
c0ae949c   ti_sysbios_family_c64p_Exception_internalHook__C
c0ae94a0   ti_sysbios_family_c64p_Exception_nmiHook__C
c0ae94a4   ti_sysbios_family_c64p_Hwi_E_alreadyDefined__C
c0ae94a8   ti_sysbios_family_c64p_Hwi_E_handleNotFound__C
c0ae94ac   ti_sysbios_family_c64p_Hwi_LD_end__C
c0ae94b0   ti_sysbios_family_c64p_Hwi_LM_begin__C
c0ae94b4   ti_sysbios_family_c64p_Hwi_Module__diagsEnabled__C
c0ae94b8   ti_sysbios_family_c64p_Hwi_Module__diagsIncluded__C
c0ae94bc   ti_sysbios_family_c64p_Hwi_Module__diagsMask__C
c0ae94c0   ti_sysbios_family_c64p_Hwi_Module__loggerFxn1__C
c0ae94c4   ti_sysbios_family_c64p_Hwi_Module__loggerFxn8__C
c0ae94c8   ti_sysbios_family_c64p_Hwi_Module__loggerObj__C
c0ae94cc   ti_sysbios_gates_GateMutex_A_badContext__C
c0ae94d0   ti_sysbios_gates_GateMutex_Instance_State_sem__O
c0ae94d4   ti_sysbios_gates_GateMutex_Module__diagsEnabled__C
c0ae94d8   ti_sysbios_gates_GateMutex_Module__diagsIncluded__C
c0ae94dc   ti_sysbios_gates_GateMutex_Module__diagsMask__C
c0ae94e0   ti_sysbios_hal_Hwi_E_stackOverflow__C
c0ae94e4   ti_sysbios_heaps_HeapMem_A_align__C
c0ae94e8   ti_sysbios_heaps_HeapMem_A_heapSize__C
c0ae94ec   ti_sysbios_heaps_HeapMem_A_invalidFree__C
c0ae94f0   ti_sysbios_heaps_HeapMem_A_zeroBlock__C
c0ae94f4   ti_sysbios_heaps_HeapMem_E_memory__C
c0ae94f8   ti_sysbios_heaps_HeapMem_Module__diagsEnabled__C
c0ae94fc   ti_sysbios_heaps_HeapMem_Module__diagsIncluded__C
c0ae9500   ti_sysbios_heaps_HeapMem_Module__diagsMask__C
c0ae9504   ti_sysbios_heaps_HeapMem_Module__gateObj__C
c0ae9508   ti_sysbios_heaps_HeapMem_Object__count__C
c0ae950c   ti_sysbios_heaps_HeapMem_reqAlign__C
c0ae9510   ti_sysbios_io_DEV_Object__count__C
c0ae9514   ti_sysbios_io_DEV_tableSize__C
c0ae9518   ti_sysbios_io_GIO_A_badModel__C
c0ae951c   ti_sysbios_io_GIO_E_createFailed__C
c0ae9520   ti_sysbios_io_GIO_E_notFound__C
c0ae9524   ti_sysbios_io_GIO_Instance_State_doneList__O
c0ae9528   ti_sysbios_io_GIO_Instance_State_freeList__O
c0ae952c   ti_sysbios_io_GIO_Module__diagsEnabled__C
c0ae9530   ti_sysbios_io_GIO_Module__diagsIncluded__C
c0ae9534   ti_sysbios_io_GIO_Module__diagsMask__C
c0ae9538   ti_sysbios_knl_Clock_A_badThreadType__C
c0ae953c   ti_sysbios_knl_Clock_LM_begin__C
c0ae9540   ti_sysbios_knl_Clock_LM_tick__C
c0ae9544   ti_sysbios_knl_Clock_LW_delayed__C
c0ae9548   ti_sysbios_knl_Clock_Module_State_clockQ__O
c0ae954c   ti_sysbios_knl_Clock_Module__diagsEnabled__C
c0ae9550   ti_sysbios_knl_Clock_Module__diagsIncluded__C
c0ae9554   ti_sysbios_knl_Clock_Module__diagsMask__C
c0ae9558   ti_sysbios_knl_Clock_Module__loggerFxn1__C
c0ae955c   ti_sysbios_knl_Clock_Module__loggerFxn2__C
c0ae9560   ti_sysbios_knl_Clock_Module__loggerObj__C
c0ae9564   ti_sysbios_knl_Clock_tickMode__C
c0ae9568   ti_sysbios_knl_Clock_tickPeriod__C
c0ae956c   ti_sysbios_knl_Clock_tickSource__C
c0ae9570   ti_sysbios_knl_Semaphore_A_badContext__C
c0ae9574   ti_sysbios_knl_Semaphore_A_noEvents__C
c0ae9578   ti_sysbios_knl_Semaphore_A_overflow__C
c0ae957c   ti_sysbios_knl_Semaphore_Instance_State_pendQ__O
c0ae9580   ti_sysbios_knl_Semaphore_LM_pend__C
c0ae9584   ti_sysbios_knl_Semaphore_LM_post__C
c0ae9588   ti_sysbios_knl_Semaphore_Module__diagsEnabled__C
c0ae958c   ti_sysbios_knl_Semaphore_Module__diagsIncluded__C
c0ae9590   ti_sysbios_knl_Semaphore_Module__diagsMask__C
c0ae9594   ti_sysbios_knl_Semaphore_Module__loggerFxn2__C
c0ae9598   ti_sysbios_knl_Semaphore_Module__loggerFxn4__C
c0ae959c   ti_sysbios_knl_Semaphore_Module__loggerObj__C
c0ae95a0   ti_sysbios_knl_Swi_A_badPriority__C
c0ae95a4   ti_sysbios_knl_Swi_LD_end__C
c0ae95a8   ti_sysbios_knl_Swi_LM_begin__C
c0ae95ac   ti_sysbios_knl_Swi_LM_post__C
c0ae95b0   ti_sysbios_knl_Swi_Module__diagsEnabled__C
c0ae95b4   ti_sysbios_knl_Swi_Module__diagsIncluded__C
c0ae95b8   ti_sysbios_knl_Swi_Module__diagsMask__C
c0ae95bc   ti_sysbios_knl_Swi_Module__loggerFxn1__C
c0ae95c0   ti_sysbios_knl_Swi_Module__loggerFxn4__C
c0ae95c4   ti_sysbios_knl_Swi_Module__loggerObj__C
c0ae95c8   ti_sysbios_knl_Swi_Object__count__C
c0ae95cc   ti_sysbios_knl_Task_A_badPriority__C
c0ae95d0   ti_sysbios_knl_Task_A_badTaskState__C
c0ae95d4   ti_sysbios_knl_Task_A_badThreadType__C
c0ae95d8   ti_sysbios_knl_Task_A_badTimeout__C
c0ae95dc   ti_sysbios_knl_Task_A_noPendElem__C
c0ae95e0   ti_sysbios_knl_Task_E_deleteNotAllowed__C
c0ae95e4   ti_sysbios_knl_Task_E_spOutOfBounds__C
c0ae95e8   ti_sysbios_knl_Task_E_stackOverflow__C
c0ae95ec   ti_sysbios_knl_Task_LD_block__C
c0ae95f0   ti_sysbios_knl_Task_LD_exit__C
c0ae95f4   ti_sysbios_knl_Task_LD_ready__C
c0ae95f8   ti_sysbios_knl_Task_LM_setPri__C
c0ae95fc   ti_sysbios_knl_Task_LM_sleep__C
c0ae9600   ti_sysbios_knl_Task_LM_switch__C
c0ae9604   ti_sysbios_knl_Task_Module_State_inactiveQ__O
c0ae9608   ti_sysbios_knl_Task_Module_State_terminatedQ__O
c0ae960c   ti_sysbios_knl_Task_Module__diagsEnabled__C
c0ae9610   ti_sysbios_knl_Task_Module__diagsIncluded__C
c0ae9614   ti_sysbios_knl_Task_Module__diagsMask__C
c0ae9618   ti_sysbios_knl_Task_Module__loggerFxn2__C
c0ae961c   ti_sysbios_knl_Task_Module__loggerFxn4__C
c0ae9620   ti_sysbios_knl_Task_Module__loggerObj__C
c0ae9624   ti_sysbios_knl_Task_Object__count__C
c0ae9628   ti_sysbios_knl_Task_Object__heap__C
c0ae962c   ti_sysbios_knl_Task_allBlockedFunc__C
c0ae9630   ti_sysbios_knl_Task_defaultStackHeap__C
c0ae9634   ti_sysbios_knl_Task_defaultStackSize__C
c0ae9638   ti_sysbios_knl_Task_numConstructedTasks__C
c0ae963c   ti_sysbios_knl_Task_numPriorities__C
c0ae9640   ti_sysbios_timers_timer64_Timer_A_notAvailable__C
c0ae9644   ti_sysbios_timers_timer64_Timer_E_cannotSupport__C
c0ae9648   ti_sysbios_timers_timer64_Timer_Module__diagsEnabled__C
c0ae964c   ti_sysbios_timers_timer64_Timer_Module__diagsIncluded__C
c0ae9650   ti_sysbios_timers_timer64_Timer_Module__diagsMask__C
c0ae9654   ti_sysbios_timers_timer64_Timer_anyMask__C
c0ae9658   ti_sysbios_timers_timer64_Timer_freqDivisor__C
c0ae965c   ti_sysbios_timers_timer64_Timer_numLocalTimers__C
c0ae9660   ti_sysbios_timers_timer64_Timer_numTimerDevices__C
c0ae9664   ti_sysbios_xdcruntime_SemThreadSupport_Instance_State_sem__O
c0ae9668   xdc_runtime_Assert_E_assertFailed__C
c0ae966c   xdc_runtime_Core_A_initializedParams__C
c0ae9670   xdc_runtime_Core_Module__diagsEnabled__C
c0ae9674   xdc_runtime_Core_Module__diagsIncluded__C
c0ae9678   xdc_runtime_Core_Module__diagsMask__C
c0ae967c   xdc_runtime_Error_E_generic__C
c0ae9680   xdc_runtime_Error_E_memory__C
c0ae9684   xdc_runtime_Error_Module__diagsEnabled__C
c0ae9688   xdc_runtime_Error_Module__diagsIncluded__C
c0ae968c   xdc_runtime_Error_Module__diagsMask__C
c0ae9690   xdc_runtime_Error_Module__loggerFxn8__C
c0ae9694   xdc_runtime_Error_Module__loggerObj__C
c0ae9698   xdc_runtime_Error_policy__C
c0ae969c   xdc_runtime_Error_raiseHook__C
c0ae96a0   xdc_runtime_IGateProvider_Interface__BASE__C
c0ae96a4   xdc_runtime_IHeap_Interface__BASE__C
c0ae96a8   xdc_runtime_IModule_Interface__BASE__C
c0ae96ac   xdc_runtime_Log_L_error__C
c0ae96b0   xdc_runtime_LoggerBuf_Object__count__C
c0ae96b4   xdc_runtime_Main_Module__diagsEnabled__C
c0ae96b8   xdc_runtime_Main_Module__diagsIncluded__C
c0ae96bc   xdc_runtime_Main_Module__diagsMask__C
c0ae96c0   xdc_runtime_Main_Module__loggerFxn4__C
c0ae96c4   xdc_runtime_Main_Module__loggerObj__C
c0ae96c8   xdc_runtime_Memory_defaultHeapInstance__C
c0ae96cc   xdc_runtime_Startup_execImpl__C
c0ae96d0   xdc_runtime_Startup_lastFxns__A
c0ae96d4   xdc_runtime_Startup_maxPasses__C
c0ae96d8   xdc_runtime_Startup_sfxnRts__C
c0ae96dc   xdc_runtime_Startup_sfxnTab__C
c0ae96e0   xdc_runtime_System_Module__gateObj__C
c0ae96e4   xdc_runtime_System_extendFxn__C
c0ae96e8   xdc_runtime_System_maxAtexitHandlers__C
c0ae96ec   xdc_runtime_Text_charTab__C
c0ae96f0   xdc_runtime_Text_nameEmpty__C
c0ae96f4   xdc_runtime_Text_nameStatic__C
c0ae96f8   xdc_runtime_Text_nameUnknown__C
c0ae96fc   xdc_runtime_Text_nodeTab__C
c0ae9700   xdc_runtime_Text_visitRopeFxn__C
c0ae9704   xdc_runtime_knl_ISemaphore_Interface__BASE__C
c0ae9708   xdc_runtime_knl_ISync_Interface__BASE__C
c0ae970c   ti_sysbios_BIOS_Module__id__C
c0ae9710   ti_sysbios_family_c64p_EventCombiner_Module__id__C
c0ae9714   ti_sysbios_family_c64p_Exception_Module__id__C
c0ae9718   ti_sysbios_family_c64p_Hwi_Module__id__C
c0ae971c   ti_sysbios_family_c64p_Hwi_Module__loggerDefined__C
c0ae9720   ti_sysbios_gates_GateMutex_Module__id__C
c0ae9724   ti_sysbios_hal_Hwi_Module__id__C
c0ae9728   ti_sysbios_heaps_HeapMem_Module__id__C
c0ae972c   ti_sysbios_io_DEV_Module__id__C
c0ae9730   ti_sysbios_io_GIO_Module__id__C
c0ae9734   ti_sysbios_knl_Clock_Module__id__C
c0ae9738   ti_sysbios_knl_Clock_Module__loggerDefined__C
c0ae973c   ti_sysbios_knl_Semaphore_Module__id__C
c0ae9740   ti_sysbios_knl_Semaphore_Module__loggerDefined__C
c0ae9744   ti_sysbios_knl_Swi_Module__id__C
c0ae9748   ti_sysbios_knl_Swi_Module__loggerDefined__C
c0ae974c   ti_sysbios_knl_Task_Module__id__C
c0ae9750   ti_sysbios_knl_Task_Module__loggerDefined__C
c0ae9754   ti_sysbios_knl_Task_deleteTerminatedTasks__C
c0ae9758   ti_sysbios_knl_Task_initStackFlag__C
c0ae975c   ti_sysbios_timers_timer64_Timer_Module__id__C
c0ae9760   ti_sysbios_timers_timer64_Timer_startupNeeded__C
c0ae9764   xdc_runtime_Core_Module__id__C
c0ae9768   xdc_runtime_Error_Module__loggerDefined__C
c0ae976c   xdc_runtime_Error_maxDepth__C
c0ae9770   xdc_runtime_Main_Module__id__C
c0ae9774   xdc_runtime_Main_Module__loggerDefined__C
c0ae9778   xdc_runtime_Memory_Module__id__C
c0ae977c   xdc_runtime_Text_charCnt__C
c0ae9780   xdc_runtime_Text_isLoaded__C
c0ae9784   xdc_runtime_Text_registryModsLastId__C
c0ae9788   xdc_runtime_Text_unnamedModsLastId__C
c0ae9790   edma3GblCfgParams
c0aea018   ti_sdo_utils_List_Module__root__V
c0aea020   ti_sdo_utils_NameServerRemoteNull_Module__root__V
c0aea028   ti_sysbios_BIOS_Module__state__V
c0aea048   ti_sysbios_family_c64p_Cache_Module__state__V
c0aea04c   ti_sysbios_family_c64p_EventCombiner_Module__state__V
c0aea44c   ti_sysbios_family_c64p_Exception_Module__state__V
c0aea478   ti_sysbios_family_c64p_Hwi_Module__root__V
c0aea480   ti_sysbios_family_c64p_Hwi_Module__state__V
c0aea4e8   ti_sysbios_family_c64p_primus_TimerSupport_Module__state__V
c0aea4ec   ti_sysbios_gates_GateHwi_Module__root__V
c0aea4f4   ti_sysbios_gates_GateMutex_Module__root__V
c0aea4fc   ti_sysbios_hal_Hwi_Module__root__V
c0aea504   ti_sysbios_hal_Timer_Module__root__V
c0aea50c   ti_sysbios_heaps_HeapMem_Module__root__V
c0aea514   ti_sysbios_io_DEV_Module__root__V
c0aea51c   ti_sysbios_io_DEV_Module__state__V
c0aea520   ti_sysbios_io_GIO_Module__root__V
c0aea528   ti_sysbios_knl_Clock_Module__root__V
c0aea530   ti_sysbios_knl_Clock_Module__state__V
c0aea558   ti_sysbios_knl_Queue_Module__root__V
c0aea560   ti_sysbios_knl_Semaphore_Module__root__V
c0aea568   ti_sysbios_knl_Swi_Module__root__V
c0aea570   ti_sysbios_knl_Swi_Module__state__V
c0aea58c   ti_sysbios_knl_Task_Module__root__V
c0aea594   ti_sysbios_knl_Task_Module__state__V
c0aea5dc   ti_sysbios_timers_timer64_Timer_Module__root__V
c0aea5e4   ti_sysbios_timers_timer64_Timer_Module__state__V
c0aea5f8   ti_sysbios_xdcruntime_SemThreadSupport_Module__root__V
c0aea600   xdc_runtime_Error_Module__state__V
c0aea604   xdc_runtime_LoggerBuf_Module__root__V
c0aea60c   xdc_runtime_LoggerBuf_Module__state__V
c0aea614   xdc_runtime_Memory_Module__state__V
c0aea618   xdc_runtime_Registry_Module__state__V
c0aea620   xdc_runtime_Startup_Module__state__V
c0aea628   xdc_runtime_System_Module__state__V
c0aea634   xdc_runtime_Text_Module__state__V
c0aea63c   xdc_runtime_knl_SemThread_Module__root__V
c0aea644   xdc_runtime_knl_SyncNull_Module__root__V
c0aea64c   xdc_runtime_knl_SyncSemThread_Module__root__V
c0aea654   __xdc__init__addr
c0aea658   _ftable
c0aea838   ti_sysbios_knl_Task_Object__table__V
c0aea968   TSK_idle
c0aea9b4   _ipcfg
c0aeab88   ti_sysbios_knl_Swi_Module_State_0_readyQ__A
c0aeac08   ti_sysbios_knl_Task_Module_State_0_readyQ__A
c0aead00   ti_sysbios_family_c64p_Hwi_Object__table__V
c0aead78   ADV7391_Fxns
c0aeade0   ti_sysbios_timers_timer64_Timer_Module_State_0_device__A
c0aeaee0   ti_sysbios_timers_timer64_Timer_Object__table__V
c0aeaf2c   _ft_end
c0aeaff0   ccXferCompInt
c0aeb0b0   tcErrorInt
c0aeb0f0   ti_sysbios_gates_GateMutex_Object__table__V
c0aeb19c   __errno
c0aeb19c   errno
c0aeb1a0   ti_sysbios_io_DEV_Object__table__V
c0aeb1d0   ti_sysbios_knl_Swi_Object__table__V
c0aeb200   _oscfg
c0aeb224   TVP5150_Fxns
c0aeb248   pstrMsgName
c0aeb268   ti_sysbios_io_DEV_Module_State_0_table__A
c0aeb288   ti_sysbios_timers_timer64_Timer_Module_State_0_gctrl__A
c0aeb2a8   ti_sysbios_timers_timer64_Timer_Module_State_0_handles__A
c0aeb2c8   ti_sysbios_timers_timer64_Timer_Module_State_0_intFreqs__A
c0aeb2e8   xdc_runtime_System_Module_State_0_atexitHandlers__A
c0aeb30c   Vpif_IOMFXNS
c0aeb328   ti_ndk_config_Global_Id2Size
c0aeb378   ti_sysbios_heaps_HeapMem_Object__table__V
c0aeb3e8   _cleanup_ptr
c0aeb3ec   _dtors_ptr
c0aeb3f0   __TI_enable_exit_profile_output
c0aeb418   NIMUDeviceTable
c0aeb428   ccErrorInt
c0aeb430   _lock
c0aeb434   _unlock
c0aeb438   ti_sysbios_family_c64p_primus_TimerSupport_Module_State_0_suspSrc__A
c0aeb440   ti_sysbios_hal_Hwi_Object__table__V
c0aeb448   ti_sysbios_hal_Timer_Object__table__V
c0aeb470   ti_sysbios_gates_GateHwi_Object__table__V
c0aeb478   ti_sysbios_knl_Task_Module_State_0_idleTask__A
c0aeb800   ti_sysbios_family_c64p_Hwi0
c0aeb800   ti_sysbios_family_c64p_Hwi_int0
c0aeb820   ti_sysbios_family_c64p_Hwi_int1
c0aeb840   ti_sysbios_family_c64p_Hwi_int2
c0aeb860   ti_sysbios_family_c64p_Hwi_int3
c0aeb880   ti_sysbios_family_c64p_Hwi_int4
c0aeb8a0   ti_sysbios_family_c64p_Hwi_int5
c0aeb8c0   ti_sysbios_family_c64p_Hwi_int6
c0aeb8e0   ti_sysbios_family_c64p_Hwi_int7
c0aeb900   ti_sysbios_family_c64p_Hwi_int8
c0aeb920   ti_sysbios_family_c64p_Hwi_int9
c0aeb940   ti_sysbios_family_c64p_Hwi_int10
c0aeb960   ti_sysbios_family_c64p_Hwi_int11
c0aeb980   ti_sysbios_family_c64p_Hwi_int12
c0aeb9a0   ti_sysbios_family_c64p_Hwi_int13
c0aeb9c0   ti_sysbios_family_c64p_Hwi_int14
c0aeb9e0   ti_sysbios_family_c64p_Hwi_int15
c0aebaa0   __TI_STATIC_BASE
c0aebaa0   semIn2P
c0aebaa4   semP2In
c0aebaa8   semP2Net
c0aebaac   semNet2P
c0aebab0   semUM2P
c0aebab4   semP2UM
c0aebab8   semUM2Net
c0aebabc   semNet2UM
c0aebac0   HwiUart1
c0aebac4   HwiUart2
c0aebae0   txFreeQ
c0aebae4   txPendingQ
c0aebb04   _IGMPInDiscard
c0aebb08   _IGMPInQuery
c0aebb0c   _IGMPInQueryGroup
c0aebb10   _IGMPInResponse
c0aebb14   _IGMPOutResponse
c0aebb18   dsp_num
c0aebb1c   region_id
c0aebb58   CONTENT_TYPE_APPLET
c0aebb5c   CONTENT_TYPE_AU
c0aebb60   CONTENT_TYPE_CSS
c0aebb64   CONTENT_TYPE_DOC
c0aebb68   CONTENT_TYPE_GIF
c0aebb6c   CONTENT_TYPE_HTML
c0aebb70   CONTENT_TYPE_JPG
c0aebb74   CONTENT_TYPE_MPEG
c0aebb78   CONTENT_TYPE_PDF
c0aebb7c   CONTENT_TYPE_WAV
c0aebb80   CONTENT_TYPE_ZIP
c0aebb84   CONTENT_TYPE
c0aebb88   CONTENT_LENGTH
c0aebb8c   CRLF
c0aebb90   DEFAULT_NAME
c0aebb94   HTTP_VER
c0aebb98   SPACE
c0aebb9c   uartRegs1
c0aebba0   uartRegs2
c0aebba4   c018_flag
c0aebba8   UART1_CmdStartChar_flag
c0aebbac   UART1_CmdReady_Flag
c0aebbb0   UART1_CmdCount
c0aebbb4   tuichao1
c0aebbb5   tuichao2
c0aebbb8   UART2_CmdStartChar_flag
c0aebbbc   UART2_CmdReady_Flag
c0aebbc0   UART2_CmdCount
c0aebbc4   UART1_CmdReady_Flag_tim
c0aebbc8   MainConfigSize
c0aebbcc   MainConfigValid
c0aebbd0   LocalIPAddr
c0aebbd4   LocalIPMask
c0aebbd8   GatewayIP
c0aebbdc   ServerIPAddr
c0aebbe0   HostName
c0aebbe4   DomainName
c0aebbf0   PITCount
c0aebbf4   PITUsed
c0aebbf8   PITHigh
c0aebc30   memory_squeeze_error
c0aebc78   resMgrInstance
c0aebc7c   userInitConfig
c0aebc80   ptrRMIArray
c0aebc84   ptrInitCfgArray
c0aebcb0   _IGMPForceVersion1
c0aebcbc   TxChanEnable_all
c0aebcc0   RxChanEnable_all
c0aebcc4   corenum
c0aebcd8   edma3NumPaRAMSets
c0aebcf0   _ICMPInErrors
c0aebcf4   _ICMPOutErrors
c0aebcf8   _IPExecuting
c0aebd08   gFragQList
c0aebd28   tcp_iss
c0aebd2c   ptTimeFirst
c0aebd30   pt6TimeFirst
c0aebd34   tcp6_iss
c0aebd40   pktCount
c0aebd50   httpErrorResponseHook
c0aebd5c   _IPReasmPtr
c0aebd64   gMLDNodeList
c0aebd7c   IPV6_MAX_MULTICAST_SOLICIT
c0aebd80   IPV6_MAX_UNICAST_SOLICIT
c0aebd84   IPV6_RETRANS_TIME
c0aebd88   IPV6_DELAY_FIRST_PROBE_TIME
c0aebd8c   IPV6_REACHABLE_TIME
c0aebd90   IPV6_MAX_RTR_SOLICITATION_DELAY
c0aebd94   IPV6_RTR_SOLICITATION_INTERVAL
c0aebd98   IPV6_MAX_RTR_SOLICITATIONS
c0aebd9c   INFINITE_LT
c0aebda0   ti_ndk_config_Global_rawPageSize
c0aebda4   ti_ndk_config_Global_rawPageCount
c0aebda8   ti_ndk_config_Global_smallest
c0aebdac   ti_ndk_config_Global_largest
c0aebdb0   ti_ndk_config_Global_numFrameBuf
c0aebdb4   ti_ndk_config_Global_sizeFrameBuf
c0aebdb8   EDMA3_MAX_RM_INSTANCES
c0aebdbc   __CIOBUF_
c0aed134   __TI_Handler_Table_Base
c0aed140   __TI_Handler_Table_Limit
c0aed150   __TI_CINIT_Base
c0aed178   __TI_CINIT_Limit
c3000000   my_boot
ffffffff   __TI_pprof_out_hndl
ffffffff   __TI_prof_data_size
ffffffff   __TI_prof_data_start
ffffffff   __binit__
ffffffff   __c_args__
ffffffff   binit
UNDEFED    __TI_INITARRAY_Base
UNDEFED    __TI_INITARRAY_Limit

[1662 symbols]
