******************************************************************************
               TMS320C6x Linker PC v7.4.1                      
******************************************************************************
>> Linked Fri Aug 25 10:42:53 2017

OUTPUT FILE NAME:   <fr_cmos_c6748.out>
ENTRY POINT SYMBOL: "_c_int00"  address: c1184780


MEMORY CONFIGURATION

         name            origin    length      used     unused   attr    fill
----------------------  --------  ---------  --------  --------  ----  --------
  IROM                  11700000   00100000  00000000  00100000  R  X
  IRAM                  11800000   00020000  00000000  00020000  RW X
  L3_CBA_RAM            80000000   00020000  00001000  0001f000  RW X
  SN_PAR                c0000000   00180000  00000000  00180000  RW  
  DDR2_SN_PAR4          c0180000   00080000  00000000  00080000  RW  
  DDR2_RAM              c0200000   02d00000  00f9894a  01d676b6  RW X
  App_Prog_START        c3000000   00000400  00000040  000003c0  RW X
  DDR                   c3000400   000ff000  00000000  000ff000  RW X
  DDR_EXT               c4000000   04000000  00055730  03faa8d0  RW  


SEGMENT ALLOCATION MAP

run origin  load origin   length   init length attrs members
----------  ----------- ---------- ----------- ----- -------
80000000    80000000    00001000   00000000    rw-
  80000000    80000000    00001000   00000000    rw- .stack
c0200000    c0200000    00877160   00000000    rw-
  c0200000    c0200000    00877160   00000000    rw- .far
c0a77160    c0a77160    00000020   00000020    r-x
  c0a77160    c0a77160    00000020   00000020    r-x .text.1
c0a77180    c0a77180    006b40f4   006b40f4    rw-
  c0a77180    c0a77180    006b40f4   006b40f4    rw- .fardata
c112b278    c112b278    00000008   00000008    r--
  c112b278    c112b278    00000008   00000008    r-- .const.1
c112b280    c112b280    0006b9fa   0006b9fa    r-x
  c112b280    c112b280    000625e0   000625e0    r-x .text.2
  c118d860    c118d860    0000941a   0000941a    r-- .const.2
c1196c7c    c1196c7c    0000037c   0000037c    r--
  c1196c7c    c1196c7c    0000037c   0000037c    r-- .switch.1
c1197000    c1197000    00000280   00000280    r-x
  c1197000    c1197000    00000200   00000200    r-x .vecs
  c1197200    c1197200    00000080   00000080    r-- .switch.2
c1197280    c1197280    00000090   00000000    rw-
  c1197280    c1197280    00000090   00000000    rw- .bss
c1197310    c1197310    00000242   00000242    rw-
  c1197310    c1197310    00000242   00000242    rw- .neardata
c1197554    c1197554    00000040   00000040    r--
  c1197554    c1197554    00000040   00000040    r-- .rodata
c1197594    c1197594    00000120   00000000    rw-
  c1197594    c1197594    00000120   00000000    rw- .cio
c11976b4    c11976b4    000012a4   000012a4    r--
  c11976b4    c11976b4    000012a4   000012a4    r-- .cinit
c3000000    c3000000    00000040   00000040    r-x
  c3000000    c3000000    00000040   00000040    r-x my_boot_sect
c4000000    c4000000    00055730   00055730    rw-
  c4000000    c4000000    00055730   00055730    rw- .TImage_Data


SECTION ALLOCATION MAP

 output                                  attributes/
section   page    origin      length       input sections
--------  ----  ----------  ----------   ----------------
.init_array 
*          0    c0200000    00000000     UNINITIALIZED

.stack     0    80000000    00001000     UNINITIALIZED
                  80000000    00000008     boot.ae674 : boot.oe674 (.stack)
                  80000008    00000ff8     --HOLE--

xdc.meta   0    c0200000    000000e8     COPY SECTION
                  c0200000    000000e8     bk_fr_c6748_pe674.oe674 (xdc.meta)

.far       0    c0200000    00877160     UNINITIALIZED
                  c0200000    00800028     bk_fr_c6748_pe674.oe674 (.far)
                  c0a00028    00000058     ti.drv.omapl138.ae674 : csl_mdio.oe674 (.far)
                  c0a00080    00052b00     stk6_ppp_pppoe.ae674 : pbm_data.oe674 (.far:NDK_PACKETMEM)
                  c0a52b80    0000c1c0     os.ae674 : mem_data.oe674 (.far:NDK_MMBUFFER)
                  c0a5ed40    000079f0     edma3_lld_drv.ae674 : edma3_drv_init.oe674 (.far)
                  c0a66730    00006000     bk_fr_c6748_pe674.oe674 (.far:taskStackSection)
                  c0a6c730    00004970     edma3_lld_rm.ae674 : edma3resmgr.oe674 (.far)
                  c0a710a0    00002820                        : edma3_rm_gbl_data.oe674 (.far)
                  c0a738c0    00001618     ti.drv.omapl138.ae674 : ethdriver.oe674 (.far)
                  c0a74ed8    00000660     nettool.ae674 : daemon.oe674 (.far)
                  c0a75538    000005d8     I2c.obj (.far)
                  c0a75b10    00000580     Vpif.obj (.far)
                  c0a76090    0000047c     ti.drv.omapl138.ae674 : csl_emac.oe674 (.far)
                  c0a7650c    00000004     stk6_ppp_pppoe.ae674 : rawethsock_pcb.oe674 (.far)
                  c0a76510    00000200     networkmain.obj (.far)
                  c0a76710    00000140     rts6740_elf.lib : defs.obj (.far)
                  c0a76850    00000110     stk6_ppp_pppoe.ae674 : igmp.oe674 (.far)
                  c0a76960    00000100     Psc.obj (.far)
                  c0a76a60    000000d8     netctrl.ae674 : netsrv.oe674 (.far)
                  c0a76b38    000000c8     stk6_ppp_pppoe.ae674 : ipv6.oe674 (.far)
                  c0a76c00    000000c4                          : tcp.oe674 (.far)
                  c0a76cc4    000000b8                          : tcp6in.oe674 (.far)
                  c0a76d7c    00000004     --HOLE--
                  c0a76d80    0000009c                          : icmp.oe674 (.far)
                  c0a76e1c    00000004     --HOLE--
                  c0a76e20    00000098     CodecInterface.obj (.far)
                  c0a76eb8    0000007c     os.ae674 : mem.oe674 (.far)
                  c0a76f34    00000068     stk6_ppp_pppoe.ae674 : ip.oe674 (.far)
                  c0a76f9c    00000064                          : nimu.oe674 (.far)
                  c0a77000    00000038     taskImageInput.obj (.far)
                  c0a77038    00000030     stk6_ppp_pppoe.ae674 : udp.oe674 (.far)
                  c0a77068    0000002c     fr6748_Init.obj (.far)
                  c0a77094    00000028     stk6_ppp_pppoe.ae674 : vlan.oe674 (.far)
                  c0a770bc    00000024                          : udp6.oe674 (.far)
                  c0a770e0    00000018                          : icmpv6.oe674 (.far)
                  c0a770f8    00000014                          : rtc.oe674 (.far)
                  c0a7710c    00000010     netctrl.ae674 : netctrl.oe674 (.far)
                  c0a7711c    00000010     stk6_ppp_pppoe.ae674 : raw.oe674 (.far)
                  c0a7712c    00000010                          : raw6.oe674 (.far)
                  c0a7713c    00000010                          : raweth.oe674 (.far)
                  c0a7714c    0000000c                          : pbm.oe674 (.far)
                  c0a77158    00000008     rts6740_elf.lib : trgdrv.obj (.far)

.text.1    0    c0a77160    00000020     
                  c0a77160    00000020     stk6_ppp_pppoe.ae674 : bind6.oe674 (.text:Bind6GetInterfaceHandle)

.fardata   0    c0a77180    006b40f4     
                  c0a77180    006acfc0     taskImageProcess.obj (.fardata:temple_frame)
                  c1124140    00000040     netctrl.ae674 : netsrv.oe674 (.fardata:CloseOrder)
                  c1124180    00005491     taskImageProcess.obj (.fardata:test_cmos_send)
                  c1129611    00000003     --HOLE--
                  c1129614    00000004     I2c.obj (.fardata)
                  c1129618    00000888     edma3_lld_rm.ae674 : edma3_c6748_cfg.oe674 (.fardata:edma3GblCfgParams)
                  c1129ea0    00000630     bk_fr_c6748_pe674.oe674 (.fardata)
                  c112a4d0    000001e0     rts6740_elf.lib : defs.obj (.fardata:_ftable)
                  c112a6b0    0000017c     bk_fr_c6748_pe674.oe674 (.fardata:ti_sysbios_knl_Task_Object__table__V)
                  c112a82c    000000b4     stk6_ppp_pppoe.ae674 : exec.oe674 (.fardata)
                  c112a8e0    000000a0     rts6740_elf.lib : lowlev.obj (.fardata:_stream)
                  c112a980    00000080     bk_fr_c6748_pe674.oe674 (.fardata:ti_sysbios_knl_Swi_Module_State_0_readyQ__A)
                  c112aa00    00000080     bk_fr_c6748_pe674.oe674 (.fardata:ti_sysbios_knl_Task_Module_State_0_readyQ__A)
                  c112aa80    00000078     rts6740_elf.lib : lowlev.obj (.fardata:_device)
                  c112aaf8    00000078     bk_fr_c6748_pe674.oe674 (.fardata:ti_sysbios_family_c64p_Hwi_Object__table__V)
                  c112ab70    00000060     bk_fr_c6748_pe674.oe674 (.fardata:ti_sysbios_timers_timer64_Timer_Module_State_0_device__A)
                  c112abd0    00000050     stk6_ppp_pppoe.ae674 : exec.oe674 (.fardata:tasks)
                  c112ac20    0000004d     nettool.ae674 : dhcptags.oe674 (.fardata:DHCPTypeCode)
                  c112ac6d    00000003     --HOLE--
                  c112ac70    0000004c     bk_fr_c6748_pe674.oe674 (.fardata:ti_sysbios_timers_timer64_Timer_Object__table__V)
                  c112acbc    00000040     MT9V024.obj (.fardata)
                  c112acfc    00000004     rts6740_elf.lib : defs.obj (.fardata)
                  c112ad00    00000040     netctrl.ae674 : netsrv.oe674 (.fardata:OpenOrder)
                  c112ad40    00000040     stk6_ppp_pppoe.ae674 : md5.oe674 (.fardata:PADDING)
                  c112ad80    00000040     edma3_lld_drv_sample.ae674 : sample_c6748_cfg.oe674 (.fardata:ccXferCompInt)
                  c112adc0    00000040     nettool.ae674 : httpsend.oe674 (.fardata:codestr)
                  c112ae00    00000040     os.ae674 : intmgmt.oe674 (.fardata:hwiTable)
                  c112ae40    00000040     edma3_lld_drv_sample.ae674 : sample_c6748_cfg.oe674 (.fardata:tcErrorInt)
                  c112ae80    00000040     bk_fr_c6748_pe674.oe674 (.fardata:ti_sysbios_gates_GateMutex_Object__table__V)
                  c112aec0    00000034     stk6_ppp_pppoe.ae674 : tcp6time.oe674 (.fardata:tcp_backoff)
                  c112aef4    00000004     rts6740_elf.lib : dtor_list.obj (.fardata)
                  c112aef8    00000034     stk6_ppp_pppoe.ae674 : tcptime.oe674 (.fardata:tcp_backoff)
                  c112af2c    00000004     rts6740_elf.lib : errno.obj (.fardata)
                  c112af30    00000031     taskImageProcess.obj (.fardata:random_test)
                  c112af61    00000007     --HOLE--
                  c112af68    00000031     taskImageProcess.obj (.fardata:send_baseMap)
                  c112af99    00000007     --HOLE--
                  c112afa0    00000030     bk_fr_c6748_pe674.oe674 (.fardata:ti_sysbios_io_DEV_Object__table__V)
                  c112afd0    00000030     bk_fr_c6748_pe674.oe674 (.fardata:ti_sysbios_knl_Swi_Object__table__V)
                  c112b000    00000024     os.ae674 : ossys.oe674 (.fardata)
                  c112b024    00000004     --HOLE--
                  c112b028    00000020     stk6_ppp_pppoe.ae674 : rtc.oe674 (.fardata:pstrMsgName)
                  c112b048    00000020     bk_fr_c6748_pe674.oe674 (.fardata:ti_sysbios_io_DEV_Module_State_0_table__A)
                  c112b068    00000020     bk_fr_c6748_pe674.oe674 (.fardata:ti_sysbios_timers_timer64_Timer_Module_State_0_gctrl__A)
                  c112b088    00000020     bk_fr_c6748_pe674.oe674 (.fardata:ti_sysbios_timers_timer64_Timer_Module_State_0_handles__A)
                  c112b0a8    00000020     bk_fr_c6748_pe674.oe674 (.fardata:ti_sysbios_timers_timer64_Timer_Module_State_0_intFreqs__A)
                  c112b0c8    00000020     bk_fr_c6748_pe674.oe674 (.fardata:xdc_runtime_System_Module_State_0_atexitHandlers__A)
                  c112b0e8    0000001c     Vpif.obj (.fardata)
                  c112b104    00000004     --HOLE--
                  c112b108    0000001c     os.ae674 : mem_data.oe674 (.fardata:ti_ndk_config_Global_Id2Size)
                  c112b124    00000004     --HOLE--
                  c112b128    00000018     ti.drv.omapl138.ae674 : csl_mdio.oe674 (.fardata:PhyStateTimeout)
                  c112b140    00000018     edma3_lld_rm.ae674 : edma3resmgr.oe674 (.fardata:allocatedTCCs)
                  c112b158    00000018     bk_fr_c6748_pe674.oe674 (.fardata:ti_sysbios_heaps_HeapMem_Object__table__V)
                  c112b170    00000014     emacHooks.obj (.fardata:LinkStr)
                  c112b184    00000004     --HOLE--
                  c112b188    00000014     taskImageProcess.obj (.fardata:frame_avaliable)
                  c112b19c    00000004     --HOLE--
                  c112b1a0    00000014     stk6_ppp_pppoe.ae674 : sock6pcb.oe674 (.fardata:pSockList)
                  c112b1b4    00000004     --HOLE--
                  c112b1b8    00000014                          : sockpcb.oe674 (.fardata:pSockList)
                  c112b1cc    00000004     --HOLE--
                  c112b1d0    00000010     Vpif.obj (.fardata:vpifConfigParams)
                  c112b1e0    0000000c     rts6740_elf.lib : exit.obj (.fardata)
                  c112b1ec    00000004     --HOLE--
                  c112b1f0    0000000b     stk6_ppp_pppoe.ae674 : tcp6out.oe674 (.fardata:tcp_outflags)
                  c112b1fb    00000005     --HOLE--
                  c112b200    0000000b                          : tcpout.oe674 (.fardata:tcp_outflags)
                  c112b20b    00000005     --HOLE--
                  c112b210    00000008     ti.drv.omapl138.ae674 : nimu_eth.oe674 (.fardata:NIMUDeviceTable)
                  c112b218    00000008     emacHooks.obj (.fardata:bMacAddr)
                  c112b220    00000008     edma3_lld_drv_sample.ae674 : sample_c6748_cfg.oe674 (.fardata:ccErrorInt)
                  c112b228    00000008     rts6740_elf.lib : _lock.obj (.fardata)
                  c112b230    00000008     bk_fr_c6748_pe674.oe674 (.fardata:ti_sysbios_family_c64p_primus_TimerSupport_Module_State_0_suspSrc__A)
                  c112b238    00000008     bk_fr_c6748_pe674.oe674 (.fardata:ti_sysbios_hal_Hwi_Object__table__V)
                  c112b240    00000008     bk_fr_c6748_pe674.oe674 (.fardata:ti_sysbios_hal_Timer_Object__table__V)
                  c112b248    00000006     stk6_ppp_pppoe.ae674 : nimupppoe.oe674 (.fardata:MacBCast)
                  c112b24e    00000002     --HOLE--
                  c112b250    00000006                          : lliout.oe674 (.fardata:bEtherBCast)
                  c112b256    00000002     --HOLE--
                  c112b258    00000006     ti.drv.omapl138.ae674 : ethdriver.oe674 (.fardata:bMacAddr)
                  c112b25e    00000002     --HOLE--
                  c112b260    00000004     Vpif.obj (.fardata:channelFirstInt)
                  c112b264    00000004     --HOLE--
                  c112b268    00000004     bk_fr_c6748_pe674.oe674 (.fardata:ti_sysbios_gates_GateHwi_Object__table__V)
                  c112b26c    00000004     --HOLE--
                  c112b270    00000004     bk_fr_c6748_pe674.oe674 (.fardata:ti_sysbios_knl_Task_Module_State_0_idleTask__A)

.const.1   0    c112b278    00000008     
                  c112b278    00000008     ti.targets.rts6000.ae674 : System.oe674 (.const:.string)

.text.2    0    c112b280    000625e0     
                  c112b280    00006880     Vpif.obj (.text)
                  c1131b00    000033c0     I2c.obj (.text)
                  c1134ec0    00001a00     stk6_ppp_pppoe.ae674 : tcpin.oe674 (.text:TcpInput)
                  c11368c0    00001980                          : tcp6in.oe674 (.text:TCP6Input)
                  c1138240    00001240                          : tcpout.oe674 (.text:TcpOutput)
                  c1139480    00001180                          : tcp6out.oe674 (.text:TCP6Output)
                  c113a600    00000e40     CodecInterface.obj (.text)
                  c113b440    00000d00     edma3_lld_rm.ae674 : edma3resmgr.oe674 (.text:EDMA3_RM_allocResource)
                  c113c140    00000c60     edma3_lld_drv.ae674 : edma3_drv_basic.oe674 (.text:EDMA3_DRV_requestChannel)
                  c113cda0    00000c60     ti.drv.omapl138.ae674 : csl_emac.oe674 (.text:EMAC_open)
                  c113da00    00000c00     nettool.ae674 : httpclie.oe674 (.text:httpClientProcess)
                  c113e600    00000b80     stk6_ppp_pppoe.ae674 : ipin.oe674 (.text:IPRxPacket)
                  c113f180    00000ae0     networkmain.obj (.text)
                  c113fc60    00000aa0     stk6_ppp_pppoe.ae674 : md5.oe674 (.text:MD5Transform)
                  c1140700    00000aa0     MT9V024.obj (.text)
                  c11411a0    000009c0     stk6_ppp_pppoe.ae674 : ipout.oe674 (.text:IPTxPacket)
                  c1141b60    000009a0                          : lcp.oe674 (.text:lcpInput)
                  c1142500    000009a0     ti.targets.rts6000.ae674 : System.oe674 (.text:xdc_runtime_System_doPrint__I)
                  c1142ea0    00000900     nettool.ae674 : httpsend.oe674 (.text:SetContentType)
                  c11437a0    000008c0     I2c_edma.obj (.text)
                  c1144060    000007e0     stk6_ppp_pppoe.ae674 : ipcp.oe674 (.text:ipcpInput)
                  c1144840    000007c0                          : sock.oe674 (.text:SockSet)
                  c1145000    000007a0                          : fileuser.oe674 (.text:fdPoll)
                  c11457a0    00000780     sysbios.ae674 : BIOS.obj (.text:ti_sysbios_family_c64p_Exception_handler__I)
                  c1145f20    00000760     ti.drv.omapl138.ae674 : csl_mdio.oe674 (.text:MDIO_timerTick)
                  c1146680    000006c0     nettool.ae674 : telnetd.oe674 (.text:telnet_netdata)
                  c1146d40    00000680     stk6_ppp_pppoe.ae674 : icmpv6_ndisc.oe674 (.text:ICMPv6RecvRA)
                  c11473c0    00000680     sysbios.ae674 : BIOS.obj (.text:ti_sysbios_knl_Task_Instance_finalize__F)
                  c1147a40    00000600     edma3_lld_rm.ae674 : edma3resmgr.oe674 (.text:EDMA3_RM_create)
                  c1148040    00000600     stk6_ppp_pppoe.ae674 : route6.oe674 (.text:Rt6Create)
                  c1148640    00000600     sysbios.ae674 : BIOS.obj (.text:ti_sysbios_heaps_HeapMem_alloc__E)
                  c1148c40    00000600                   : BIOS.obj (.text:ti_sysbios_heaps_HeapMem_free__E)
                  c1149240    000005c0     stk6_ppp_pppoe.ae674 : ipfrag.oe674 (.text:IPReasm)
                  c1149800    000005c0     rts6740_elf.lib : _printfi.obj (.text:_getarg_diouxp)
                  c1149dc0    000005c0     sysbios.ae674 : BIOS.obj (.text:ti_sysbios_timers_timer64_Timer_Module_startup__F)
                  c114a380    000005a0     edma3_lld_rm.ae674 : edma3resmgr.oe674 (.text:EDMA3_RM_freeResource)
                  c114a920    000005a0     stk6_ppp_pppoe.ae674 : icmpin.oe674 (.text:ICMPInput)
                  c114aec0    000005a0     rts6740_elf.lib : divd.obj (.text:__c6xabi_divd)
                  c114b460    000005a0     taskImageInput.obj (.text)
                  c114ba00    00000580     stk6_ppp_pppoe.ae674 : nimuppp.oe674 (.text:pppEvent)
                  c114bf80    00000560                          : ipv6.oe674 (.text:IPv6IPAddressToString)
                  c114c4e0    00000520                          : sock.oe674 (.text:SockNew)
                  c114ca00    00000520     nettool.ae674 : httpsend.oe674 (.text:httpSendStatusLine)
                  c114cf20    000004e0     stk6_ppp_pppoe.ae674 : lliin.oe674 (.text:LLIRxPacket)
                  c114d400    000004e0                          : udp.oe674 (.text:UdpInput)
                  c114d8e0    000004e0                          : nimupppoe.oe674 (.text:pppoeInputS)
                  c114ddc0    000004e0     sysbios.ae674 : BIOS.obj (.text:ti_sysbios_knl_Semaphore_pend__E)
                  c114e2a0    000004c0     edma3_lld_drv.ae674 : edma3_drv_basic.oe674 (.text:EDMA3_DRV_disableTransfer)
                  c114e760    000004c0     stk6_ppp_pppoe.ae674 : sock6.oe674 (.text:Sock6Connect)
                  c114ec20    000004c0                          : sock6.oe674 (.text:Sock6Set)
                  c114f0e0    000004a0                          : sock6.oe674 (.text:Sock6Recv)
                  c114f580    000004a0                          : sock.oe674 (.text:SockRecv)
                  c114fa20    00000480                          : bind6.oe674 (.text:Bind6New)
                  c114fea0    00000480     sysbios.ae674 : BIOS.obj (.text:ti_sysbios_knl_Task_Module_startup__F)
                  c1150320    00000460     rts6740_elf.lib : _printfi.obj (.text:_printfi)
                  c1150780    00000460                     : _printfi.obj (.text:_setfield)
                  c1150be0    00000460     stk6_ppp_pppoe.ae674 : nimuppp.oe674 (.text:pppNew)
                  c1151040    00000440                          : sock6.oe674 (.text:Sock6New)
                  c1151480    00000440                          : fileuser.oe674 (.text:fdSelect)
                  c11518c0    00000440                          : nimupppoe.oe674 (.text:pppoeInputC)
                  c1151d00    00000420     ti.drv.omapl138.ae674 : csl_mdio.oe674 (.text:MDIO_initContinue)
                  c1152120    00000420     stk6_ppp_pppoe.ae674 : auth.oe674 (.text:chapInput)
                  c1152540    00000420     nettool.ae674 : daemon.oe674 (.text:daemon)
                  c1152960    00000400     stk6_ppp_pppoe.ae674 : sock6.oe674 (.text:Sock6Send)
                  c1152d60    00000400     os.ae674 : efs.oe674 (.text:efs_filecheck)
                  c1153160    000003e0     stk6_ppp_pppoe.ae674 : ipv6_frag.oe674 (.text:IPv6TxFragPacket)
                  c1153540    000003c0     edma3_lld_drv.ae674 : edma3_drv_basic.oe674 (.text:EDMA3_DRV_freeChannel)
                  c1153900    000003c0     ti.drv.omapl138.ae674 : csl_emac.oe674 (.text:EMAC_close)
                  c1153cc0    000003c0     stk6_ppp_pppoe.ae674 : ipv6out.oe674 (.text:IPv6TxPacket)
                  c1154080    000003c0                          : lli6.oe674 (.text:LLI6TimerCheck)
                  c1154440    000003c0                          : sock.oe674 (.text:SockSend)
                  c1154800    000003c0                          : tcp6.oe674 (.text:TCP6TimeoutCheck)
                  c1154bc0    000003c0                          : tcp.oe674 (.text:TcpTimeoutCheck)
                  c1154f80    000003c0     rts6740_elf.lib : strtol.obj (.text:strtol)
                  c1155340    000003c0     sysbios.ae674 : BIOS.obj (.text:ti_sysbios_knl_Task_Instance_init__F)
                  c1155700    000003c0                   : BIOS.obj (.text:ti_sysbios_knl_Task_setPri__E)
                  c1155ac0    000003a0     stk6_ppp_pppoe.ae674 : nimu.oe674 (.text:NIMUIoctl)
                  c1155e60    000003a0                          : route.oe674 (.text:RtCreate)
                  c1156200    000003a0                          : sb.oe674 (.text:SBRead)
                  c11565a0    000003a0     rts6740_elf.lib : fputs.obj (.text:fputs)
                  c1156940    000003a0     stk6_ppp_pppoe.ae674 : auth.oe674 (.text:papInput)
                  c1156ce0    00000380     edma3_lld_drv.ae674 : edma3_drv_basic.oe674 (.text:EDMA3_DRV_enableTransfer)
                  c1157060    00000380     stk6_ppp_pppoe.ae674 : icmpv6in.oe674 (.text:ICMPv6RxPacket)
                  c11573e0    00000380                          : igmp.oe674 (.text:IGMPInput)
                  c1157760    00000380                          : sock.oe674 (.text:SockConnect)
                  c1157ae0    00000380     nettool.ae674 : dhcppkt.oe674 (.text:dhcpPacketProcess)
                  c1157e60    00000380     sysbios.ae674 : BIOS.obj (.text:ti_sysbios_io_GIO_Instance_init__F)
                  c11581e0    00000360     stk6_ppp_pppoe.ae674 : ipv6_frag.oe674 (.text:IPv6FragReasm)
                  c1158540    00000360                          : lliout.oe674 (.text:LLITxIpPacket)
                  c11588a0    00000360                          : sock6int.oe674 (.text:Sock6Notify)
                  c1158c00    00000360                          : sockint.oe674 (.text:SockNotify)
                  c1158f60    00000360     fr6748_Init.obj (.text)
                  c11592c0    00000340     stk6_ppp_pppoe.ae674 : icmpv6out.oe674 (.text:ICMPv6SendParameterProblem)
                  c1159600    00000340     os.ae674 : mem.oe674 (.text:mmAlloc)
                  c1159940    00000340     stk6_ppp_pppoe.ae674 : nimupppoe.oe674 (.text:pppoeSI)
                  c1159c80    00000320     nettool.ae674 : config.oe674 (.text:CfgAddEntry)
                  c1159fa0    00000320     stk6_ppp_pppoe.ae674 : icmpv6_ndisc.oe674 (.text:ICMPv6RecvRedirect)
                  c115a2c0    00000320     Psc.obj (.text)
                  c115a5e0    00000320     stk6_ppp_pppoe.ae674 : nimupppoe.oe674 (.text:SendServerMsg)
                  c115a900    00000320     rts6740_elf.lib : _printfi.obj (.text:_pproc_fge)
                  c115ac20    00000320     nettool.ae674 : telnetd.oe674 (.text:telnet_engine)
                  c115af40    00000300     stk6_ppp_pppoe.ae674 : icmpv6out.oe674 (.text:ICMPv6SendDstUnreachable)
                  c115b240    00000300                          : icmpv6out.oe674 (.text:ICMPv6SendTimeExceeded)
                  c115b540    00000300     netctrl.ae674 : netctrl.oe674 (.text:NetScheduler)
                  c115b840    00000300     stk6_ppp_pppoe.ae674 : sock6pcb.oe674 (.text:Sock6PcbBind)
                  c115bb40    00000300                          : udp6.oe674 (.text:Udp6Input)
                  c115be40    00000300     nettool.ae674 : inetaddr.oe674 (.text:inet_aton)
                  c115c140    00000300     sysbios.ae674 : BIOS.obj (.text:ti_sysbios_family_c64p_Hwi_dispatchC__I)
                  c115c440    000002e0     ti.drv.omapl138.ae674 : ethdriver.oe674 (.text:HwPktOpen)
                  c115c720    000002e0     stk6_ppp_pppoe.ae674 : icmpv6_ndisc.oe674 (.text:ICMPv6RecvNS)
                  c115ca00    000002e0                          : route6.oe674 (.text:Rt6Find)
                  c115cce0    000002e0                          : nimupppoe.oe674 (.text:SendClientMsg)
                  c115cfc0    000002e0                          : udp.oe674 (.text:UdpOutput)
                  c115d2a0    000002e0     rts6740_elf.lib : _printfi.obj (.text:_pproc_fwp)
                  c115d580    000002e0     stk6_ppp_pppoe.ae674 : nimuppp.oe674 (.text:pppInput)
                  c115d860    000002e0     sysbios.ae674 : BIOS.obj (.text:ti_sysbios_heaps_HeapMem_Instance_init__F)
                  c115db40    000002c0     stk6_ppp_pppoe.ae674 : bind.oe674 (.text:BindNew)
                  c115de00    000002c0                          : ipv6_frag.oe674 (.text:IPv6FragQEnqueueFrag)
                  c115e0c0    000002c0                          : rtable.oe674 (.text:RtFind)
                  c115e380    000002c0                          : sb6.oe674 (.text:SB6Read)
                  c115e640    000002c0                          : sock6pcb.oe674 (.text:Sock6PcbResolve)
                  c115e900    000002c0                          : udp6.oe674 (.text:Udp6Output)
                  c115ebc0    000002c0     edma3_lld_drv.ae674 : edma3_drv_basic.oe674 (.text:edma3RemoveMapping)
                  c115ee80    000002c0     sysbios.ae674 : BIOS.obj (.text:ti_sysbios_knl_Task_exit__E)
                  c115f140    000002a0     nettool.ae674 : dhcpmain.oe674 (.text:DHCPOpen)
                  c115f3e0    000002a0     stk6_ppp_pppoe.ae674 : ipv6_exthdrs.oe674 (.text:IPv6ParseExtnHeaders)
                  c115f680    000002a0                          : node.oe674 (.text:NodeAdd)
                  c115f920    000002a0                          : sock6pcb.oe674 (.text:Sock6PcbFind)
                  c115fbc0    000002a0                          : sock.oe674 (.text:SockClose)
                  c115fe60    000002a0                          : tcp6prot.oe674 (.text:TCP6PrSetOption)
                  c1160100    000002a0                          : tcpprot.oe674 (.text:TcpPrSetOption)
                  c11603a0    000002a0     rts6740_elf.lib : _printfi.obj (.text:ecvt)
                  c1160640    000002a0                     : _printfi.obj (.text:fcvt)
                  c11608e0    000002a0     sysbios.ae674 : BIOS.obj (.text:ti_sysbios_knl_Clock_workFunc__E)
                  c1160b80    000002a0                   : BIOS.obj (.text:ti_sysbios_knl_Task_sleep__E)
                  c1160e20    00000280     nettool.ae674 : config.oe674 (.text:CfgSave)
                  c11610a0    00000280     stk6_ppp_pppoe.ae674 : icmp.oe674 (.text:ICMPGenPacket)
                  c1161320    00000280                          : icmpv6in.oe674 (.text:ICMPv6RecvEchoRequest)
                  c11615a0    00000280                          : lli6.oe674 (.text:LLI6NeighUnreachStateMachine)
                  c1161820    00000280                          : route6.oe674 (.text:Rt6Free)
                  c1161aa0    00000280                          : sockpcb.oe674 (.text:SockPcbResolve)
                  c1161d20    00000280                          : sock.oe674 (.text:SockRecvNC)
                  c1161fa0    00000280                          : tcp6out.oe674 (.text:TCP6GenPacket)
                  c1162220    00000280     sysbios.ae674 : BIOS.obj (.text:deviceConfig$47)
                  c11624a0    00000280     stk6_ppp_pppoe.ae674 : ipcp.oe674 (.text:ipcpSendCfg)
                  c1162720    00000280     sysbios.ae674 : BIOS.obj (.text:ti_sysbios_family_c64p_Cache_Module_startup__F)
                  c11629a0    00000280                   : BIOS.obj (.text:ti_sysbios_knl_Clock_Instance_init__F)
                  c1162c20    00000280     ti.targets.rts6000.ae674 : Core-mem.oe674 (.text:xdc_runtime_Core_createObject__I)
                  c1162ea0    00000280                              : Error.oe674 (.text:xdc_runtime_Error_raiseX__F)
                  c1163120    00000280     bk_fr_c6748_pe674.oe674 (.text:xdc_runtime_System_printfExtend__I)
                  c11633a0    00000260     stk6_ppp_pppoe.ae674 : icmpv6_ndisc.oe674 (.text:ICMPv6SendNS)
                  c1163600    00000260     os.ae674 : intmgmt.oe674 (.text:Interrupt_add)
                  c1163860    00000260     stk6_ppp_pppoe.ae674 : lli6.oe674 (.text:LLI6TxIPPacket)
                  c1163ac0    00000260                          : nimu.oe674 (.text:NIMUReceivePacket)
                  c1163d20    00000260                          : rawethsock.oe674 (.text:RawEthSockSet)
                  c1163f80    00000260                          : sb6.oe674 (.text:SB6Write)
                  c11641e0    00000260                          : sb.oe674 (.text:SBWrite)
                  c1164440    00000260                          : sock6.oe674 (.text:Sock6Close)
                  c11646a0    00000260                          : sockpcb.oe674 (.text:SockPcbBind)
                  c1164900    00000260     rts6740_elf.lib : imath64.obj (.text:__c6xabi_divull)
                  c1164b60    00000260                     : _printfi.obj (.text:_pconv_e)
                  c1164dc0    00000260     nettool.ae674 : httppars.oe674 (.text:httpParseRecv)
                  c1165020    00000260                   : httpsend.oe674 (.text:httpSendErrorHTML)
                  c1165280    00000260     stk6_ppp_pppoe.ae674 : lcp.oe674 (.text:lcpSendCfg)
                  c11654e0    00000260     ti.targets.rts6000.ae674 : Startup.oe674 (.text:xdc_runtime_Startup_startMods__I)
                  c1165740    00000240     stk6_ppp_pppoe.ae674 : bind6.oe674 (.text:Bind6RunDAD)
                  c1165980    00000240     nettool.ae674 : daemon.oe674 (.text:DaemonNew)
                  c1165bc0    00000240     edma3_lld_rm.ae674 : edma3resmgr.oe674 (.text:EDMA3_RM_registerTccCb)
                  c1165e00    00000240                        : edma3resmgr.oe674 (.text:EDMA3_RM_unregisterTccCb)
                  c1166040    00000240     ti.drv.omapl138.ae674 : nimu_eth.oe674 (.text:Emacioctl)
                  c1166280    00000240     stk6_ppp_pppoe.ae674 : icmpv6_ndisc.oe674 (.text:ICMPv6RecvNA)
                  c11664c0    00000240                          : icmpv6_ndisc.oe674 (.text:ICMPv6SendNA)
                  c1166700    00000240                          : pipe.oe674 (.text:PipeRecv)
                  c1166940    00000240                          : raw.oe674 (.text:RawInput)
                  c1166b80    00000240     rts6740_elf.lib : _printfi.obj (.text:_pproc_diouxp)
                  c1166dc0    00000240     nettool.ae674 : dhcpsm.oe674 (.text:dhcpIPAdd)
                  c1167000    00000240                   : dhcpsm.oe674 (.text:dhcpState)
                  c1167240    00000240                   : dhcppkt.oe674 (.text:dhcpVerifyMessage)
                  c1167480    00000240     sysbios.ae674 : BIOS.obj (.text:ti_sysbios_family_c64p_Exception_internalHandler__I)
                  c11676c0    00000240                   : BIOS.obj (.text:ti_sysbios_knl_Semaphore_post__E)
                  c1167900    00000220     stk6_ppp_pppoe.ae674 : igmp.oe674 (.text:IGMPJoinHostGroup)
                  c1167b20    00000220                          : ipv6in.oe674 (.text:IPv6RxPacket)
                  c1167d40    00000220                          : rawethsock.oe674 (.text:RawEthSockNew)
                  c1167f60    00000220                          : sockpcb.oe674 (.text:SockPcbFind)
                  c1168180    00000220     rts6740_elf.lib : _printfi.obj (.text:_pproc_str)
                  c11683a0    00000220                     : fputc.obj (.text:fputc)
                  c11685c0    00000220     nettool.ae674 : httpclie.oe674 (.text:httpGetAuthParams)
                  c11687e0    00000220     scom.obj (.text)
                  c1168a00    00000220     sysbios.ae674 : BIOS.obj (.text:ti_sysbios_io_GIO_issue__E)
                  c1168c20    00000220                   : BIOS.obj (.text:ti_sysbios_knl_Swi_run__I)
                  c1168e40    00000220                   : BIOS.obj (.text:ti_sysbios_knl_Task_schedule__I)
                  c1169060    00000220                   : BIOS.obj (.text:ti_sysbios_knl_Task_startCore__E)
                  c1169280    00000200     stk6_ppp_pppoe.ae674 : ipv6_frag.oe674 (.text:IPv6ParseFragHdr)
                  c1169480    00000200                          : lli6.oe674 (.text:LLI6New)
                  c1169680    00000200                          : rtc.oe674 (.text:RTCReport)
                  c1169880    00000200                          : raw6.oe674 (.text:Raw6Output)
                  c1169a80    00000200     rts6740_elf.lib : _printfi.obj (.text:_pconv_g)
                  c1169c80    00000200     sysbios.ae674 : c64p_Hwi_disp_always.obj (.text:_ti_sysbios_family_c64p_Hwi_dispatchAlways)
                  c1169e80    00000200     stk6_ppp_pppoe.ae674 : socket.oe674 (.text:accept)
                  c116a080    00000200     sysbios.ae674 : BIOS.obj (.text:block$58)
                  c116a280    00000200     ti.drv.omapl138.ae674 : csl_emac.oe674 (.text:emacDequeueRx)
                  c116a480    00000200     rts6740_elf.lib : setvbuf.obj (.text:setvbuf)
                  c116a680    00000200     taskImageProcess.obj (.text)
                  c116a880    00000200     sysbios.ae674 : BIOS.obj (.text:ti_sysbios_family_c64p_Hwi_reconfig__E)
                  c116aa80    00000200                   : BIOS.obj (.text:ti_sysbios_io_DEV_Module_startup__F)
                  c116ac80    000001e0     edma3_lld_drv.ae674 : edma3_drv_basic.oe674 (.text:EDMA3_DRV_clearErrorBits)
                  c116ae60    000001e0     ti.drv.omapl138.ae674 : csl_emac.oe674 (.text:EMAC_setReceiveFilter)
                  c116b040    000001e0                           : nimu_eth.oe674 (.text:EmacInit)
                  c116b220    000001e0     stk6_ppp_pppoe.ae674 : igmp.oe674 (.text:IGMPSendReply)
                  c116b400    000001e0                          : route6.oe674 (.text:Rt6Modify)
                  c116b5e0    000001e0                          : sock6pcb.oe674 (.text:Sock6PcbFindRaw)
                  c116b7c0    000001e0                          : tcpout.oe674 (.text:TcpGenPacket)
                  c116b9a0    000001e0                          : tcptime.oe674 (.text:TcpTimeoutRexmt)
                  c116bb80    000001e0                          : auth.oe674 (.text:chapSendMsg)
                  c116bd60    000001e0     nettool.ae674 : dhcpsock.oe674 (.text:dhcpSocketOpen)
                  c116bf40    000001e0     edma3_lld_rm.ae674 : edma3resmgr.oe674 (.text:edma3GlobalRegionInit)
                  c116c120    000001e0     stk6_ppp_pppoe.ae674 : nimupppoe.oe674 (.text:pppoeCtrlMsg)
                  c116c300    000001e0                          : socket.oe674 (.text:recvnc)
                  c116c4e0    000001e0                          : socket.oe674 (.text:sendto)
                  c116c6c0    000001e0     sysbios.ae674 : BIOS.obj (.text:ti_sysbios_io_GIO_submit__E)
                  c116c8a0    000001e0                   : BIOS.obj (.text:ti_sysbios_knl_Task_postInit__I)
                  c116ca80    000001e0                   : BIOS.obj (.text:ti_sysbios_timers_timer64_Timer_getFreq__E)
                  c116cc60    000001c0     nettool.ae674 : config.oe674 (.text:CfgExecute)
                  c116ce20    000001c0     edma3_lld_drv.ae674 : edma3_drv_basic.oe674 (.text:EDMA3_DRV_disableLogicalChannel)
                  c116cfe0    000001c0     ti.drv.omapl138.ae674 : csl_emac.oe674 (.text:EMAC_sendPacket)
                  c116d1a0    000001c0     stk6_ppp_pppoe.ae674 : ip.oe674 (.text:IPGetRoute)
                  c116d360    000001c0                          : ipv6_exthdrs.oe674 (.text:IPv6ParseHopOptions)
                  c116d520    000001c0                          : lliout.oe674 (.text:LLIGenArpPacket)
                  c116d6e0    000001c0     netctrl.ae674 : netsrv.oe674 (.text:SPIpNet)
                  c116d8a0    000001c0     stk6_ppp_pppoe.ae674 : lli.oe674 (.text:_LLITimeoutCheck)
                  c116da60    000001c0     rts6740_elf.lib : _printfi.obj (.text:_mcpy)
                  c116dc20    000001c0     nettool.ae674 : dhcpbild.oe674 (.text:dhcpBuildHeader)
                  c116dde0    000001c0     ti.drv.omapl138.ae674 : csl_emac.oe674 (.text:emacEnqueueTx)
                  c116dfa0    000001c0     stk6_ppp_pppoe.ae674 : fileuser.oe674 (.text:fdClose)
                  c116e160    000001c0     sysbios.ae674 : BIOS.obj (.text:ti_sysbios_knl_Swi_Instance_init__F)
                  c116e320    000001c0                   : BIOS.obj (.text:ti_sysbios_knl_Task_checkStacks__E)
                  c116e4e0    000001c0                   : BIOS.obj (.text:ti_sysbios_timers_timer64_Timer_setPeriodMicroSecs__E)
                  c116e6a0    000001a0     stk6_ppp_pppoe.ae674 : bind6.oe674 (.text:Bind6Msg)
                  c116e840    000001a0     nettool.ae674 : config.oe674 (.text:CfgRemoveEntry)
                  c116e9e0    000001a0     stk6_ppp_pppoe.ae674 : icmpin.oe674 (.text:ICMPRevSrcRoute)
                  c116eb80    000001a0                          : ipv6_frag.oe674 (.text:IPv6FragMsg)
                  c116ed20    000001a0                          : ipv6_exthdrs.oe674 (.text:IPv6ParseRoutingHdr)
                  c116eec0    000001a0     netctrl.ae674 : netctrl.oe674 (.text:NC_NetStart)
                  c116f060    000001a0     stk6_ppp_pppoe.ae674 : node.oe674 (.text:NodeTreeFree)
                  c116f200    000001a0                          : raw6.oe674 (.text:Raw6Input)
                  c116f3a0    000001a0                          : route6.oe674 (.text:Route6LifetimeMgmt)
                  c116f540    000001a0                          : sockint.oe674 (.text:SockCreatePacket)
                  c116f6e0    000001a0     nettool.ae674 : dhcpsm.oe674 (.text:StateRenewRebind)
                  c116f880    000001a0     stk6_ppp_pppoe.ae674 : tcp6time.oe674 (.text:TCP6TimeoutRexmt)
                  c116fa20    000001a0     rts6740_elf.lib : imath40.obj (.text:__c6xabi_divul)
                  c116fbc0    000001a0     nettool.ae674 : dhcptags.oe674 (.text:dhcpBuildOptions)
                  c116fd60    000001a0     stk6_ppp_pppoe.ae674 : socket.oe674 (.text:getpeername)
                  c116ff00    000001a0     nettool.ae674 : telnetd.oe674 (.text:telnet_termdata)
                  c11700a0    000001a0     sysbios.ae674 : BIOS.obj (.text:ti_sysbios_gates_GateMutex_enter__E)
                  c1170240    000001a0                   : BIOS.obj (.text:ti_sysbios_timers_timer64_Timer_start__E)
                  c11703e0    00000180     stk6_ppp_pppoe.ae674 : bind6.oe674 (.text:Bind6GetGlobalAddress)
                  c1170560    00000180     ti.drv.omapl138.ae674 : csl_emac.oe674 (.text:EMAC_RxServiceCheck)
                  c11706e0    00000180     rts6740_elf.lib : trgdrv.obj (.text:HOSTrename)
                  c1170860    00000180     stk6_ppp_pppoe.ae674 : igmp.oe674 (.text:IGMPMsg)
                  c11709e0    00000180                          : nimu.oe674 (.text:NIMURegister)
                  c1170b60    00000180                          : nimuppp.oe674 (.text:PPPStop)
                  c1170ce0    00000180     netctrl.ae674 : netsrv.oe674 (.text:ServiceScan)
                  c1170e60    00000180                   : netsrv.oe674 (.text:ServiceSpawn)
                  c1170fe0    00000180     nettool.ae674 : dhcpsm.oe674 (.text:StateBound)
                  c1171160    00000180     rts6740_elf.lib : copy_decompress_rle.obj (.text:__TI_decompress_rle_core)
                  c11712e0    00000180     stk6_ppp_pppoe.ae674 : socket.oe674 (.text:bind)
                  c1171460    00000180     nettool.ae674 : dhcpbild.oe674 (.text:dhcpBuildRequest)
                  c11715e0    00000180     emacHooks.obj (.text)
                  c1171760    00000180     os.ae674 : task.oe674 (.text:llEnter)
                  c11718e0    00000180     stk6_ppp_pppoe.ae674 : auth.oe674 (.text:papSendCfg)
                  c1171a60    00000180     sysbios.ae674 : c64p_Exception_asm.obj (.text)
                  c1171be0    00000180                   : BIOS.obj (.text:ti_sysbios_knl_Swi_schedule__I)
                  c1171d60    00000180                   : BIOS.obj (.text:ti_sysbios_knl_Task_unblockI__E)
                  c1171ee0    00000180     ti.targets.rts6000.ae674 : Text.oe674 (.text:xdc_runtime_Text_putSite__F)
                  c1172060    00000160     nettool.ae674 : config.oe674 (.text:CfgGetEntry)
                  c11721c0    00000160                   : config.oe674 (.text:CfgGetNextEntry)
                  c1172320    00000160                   : config.oe674 (.text:CfgLoad)
                  c1172480    00000160     ti.drv.omapl138.ae674 : csl_emac.oe674 (.text:EMAC_TxServiceCheck)
                  c11725e0    00000160                           : ethdriver.oe674 (.text:HwPktSetRx)
                  c1172740    00000160                           : ethdriver.oe674 (.text:HwPktTxNext)
                  c11728a0    00000160     stk6_ppp_pppoe.ae674 : igmp.oe674 (.text:IGMPDoMCast)
                  c1172a00    00000160                          : nimu.oe674 (.text:NIMUIoctlSpecialCmd)
                  c1172b60    00000160                          : pipe.oe674 (.text:PipeSend)
                  c1172cc0    00000160                          : raw.oe674 (.text:RawOutput)
                  c1172e20    00000160                          : rtable.oe674 (.text:RtTimeoutCheck)
                  c1172f80    00000160                          : rtable.oe674 (.text:RtWalkNext)
                  c11730e0    00000160     netctrl.ae674 : netsrv.oe674 (.text:SPRoute)
                  c1173240    00000160     stk6_ppp_pppoe.ae674 : sock6.oe674 (.text:Sock6Check)
                  c11733a0    00000160                          : sock6int.oe674 (.text:Sock6CreatePacket)
                  c1173500    00000160                          : sock6pcb.oe674 (.text:Sock6PcbConnect)
                  c1173660    00000160                          : sock.oe674 (.text:SockCheck)
                  c11737c0    00000160                          : sockpcb.oe674 (.text:SockPcbConnect)
                  c1173920    00000160     nettool.ae674 : dhcpsm.oe674 (.text:StateRequesting)
                  c1173a80    00000160     stk6_ppp_pppoe.ae674 : tcp6time.oe674 (.text:TCP6TimeoutKeep)
                  c1173be0    00000160                          : tcptime.oe674 (.text:TcpTimeoutKeep)
                  c1173d40    00000160     ti.drv.omapl138.ae674 : ethdriver.oe674 (.text:_HwPktPoll)
                  c1173ea0    00000160     stk6_ppp_pppoe.ae674 : auth.oe674 (.text:authInit)
                  c1174000    00000160     nettool.ae674 : httpclie.oe674 (.text:httpExtractTag)
                  c1174160    00000160     stk6_ppp_pppoe.ae674 : socket.oe674 (.text:setsockopt)
                  c11742c0    00000160     nettool.ae674 : telnetd.oe674 (.text:telnetClientProcess)
                  c1174420    00000160     sysbios.ae674 : BIOS.obj (.text:ti_sysbios_io_GIO_reclaim__E)
                  c1174580    00000140     stk6_ppp_pppoe.ae674 : bind6.oe674 (.text:Bind6Free)
                  c11746c0    00000140     edma3_lld_drv.ae674 : edma3_drv_adv.oe674 (.text:EDMA3_DRV_getPaRAM)
                  c1174800    00000140                         : edma3_drv_adv.oe674 (.text:EDMA3_DRV_setPaRAM)
                  c1174940    00000140     stk6_ppp_pppoe.ae674 : exec.oe674 (.text:ExecOpen)
                  c1174a80    00000140                          : icmp.oe674 (.text:ICMPSendRtAdv)
                  c1174bc0    00000140                          : igmp.oe674 (.text:IGMPJoin)
                  c1174d00    00000140                          : ipv6.oe674 (.text:IPv6DisplayIPAddress)
                  c1174e40    00000140                          : lli6.oe674 (.text:LLI6Find)
                  c1174f80    00000140                          : lli.oe674 (.text:LLINew)
                  c11750c0    00000140                          : node.oe674 (.text:NodeFind)
                  c1175200    00000140                          : node.oe674 (.text:NodeWalk)
                  c1175340    00000140                          : pbm.oe674 (.text:PBM_alloc)
                  c1175480    00000140                          : pbm.oe674 (.text:PBM_free)
                  c11755c0    00000140                          : rtable.oe674 (.text:RtFlush)
                  c1175700    00000140                          : sb6.oe674 (.text:SB6New)
                  c1175840    00000140     netctrl.ae674 : netsrv.oe674 (.text:ServiceKill)
                  c1175980    00000140     stk6_ppp_pppoe.ae674 : sock6.oe674 (.text:Sock6Accept)
                  c1175ac0    00000140                          : sock6.oe674 (.text:Sock6Listen)
                  c1175c00    00000140                          : sock.oe674 (.text:SockAccept)
                  c1175d40    00000140                          : sock.oe674 (.text:SockListen)
                  c1175e80    00000140                          : sockpcb.oe674 (.text:SockPcbCtlError)
                  c1175fc0    00000140     boot.ae674 : autoinit.oe674 (.text:_auto_init_elf)
                  c1176100    00000140     rts6740_elf.lib : _printfi.obj (.text:_pproc_fflags)
                  c1176240    00000140     stk6_ppp_pppoe.ae674 : auth.oe674 (.text:authGetPassword)
                  c1176380    00000140     nettool.ae674 : dhcptags.oe674 (.text:dhcpDecodeType)
                  c11764c0    00000140     ti.drv.omapl138.ae674 : csl_emac.oe674 (.text:emacDequeueTx)
                  c1176600    00000140                           : csl_emac.oe674 (.text:emacEnqueueRx)
                  c1176740    00000140     rts6740_elf.lib : lowlev.obj (.text:getdevice)
                  c1176880    00000140     nettool.ae674 : httpsend.oe674 (.text:httpAuthenticationReq)
                  c11769c0    00000140     os.ae674 : mem.oe674 (.text:mmCopy)
                  c1176b00    00000140     stk6_ppp_pppoe.ae674 : nimuppp.oe674 (.text:pppAddClient)
                  c1176c40    00000140                          : socket.oe674 (.text:recv)
                  c1176d80    00000140                          : socket.oe674 (.text:send)
                  c1176ec0    00000140     sysbios.ae674 : BIOS.obj (.text:ti_sysbios_family_c64p_Hwi_Module_startup__F)
                  c1177000    00000140                   : BIOS.obj (.text:ti_sysbios_knl_Clock_Instance_finalize__F)
                  c1177140    00000140                   : BIOS.obj (.text:ti_sysbios_knl_Semaphore_Instance_init__F)
                  c1177280    00000140                   : BIOS.obj (.text:ti_sysbios_knl_Swi_post__E)
                  c11773c0    00000140                   : BIOS.obj (.text:ti_sysbios_knl_Task_blockI__E)
                  c1177500    00000120     stk6_ppp_pppoe.ae674 : bind6.oe674 (.text:Bind6DADCheck)
                  c1177620    00000120                          : bind6.oe674 (.text:Bind6LifetimeMgmt)
                  c1177740    00000120                          : bind.oe674 (.text:BindFree)
                  c1177860    00000120     nettool.ae674 : config.oe674 (.text:CfgFree)
                  c1177980    00000120                   : daemon.oe674 (.text:DaemonFree)
                  c1177aa0    00000120     stk6_ppp_pppoe.ae674 : file.oe674 (.text:FdWaitEvent)
                  c1177bc0    00000120                          : igmp.oe674 (.text:IGMPLeaveHostGroup)
                  c1177ce0    00000120                          : ip.oe674 (.text:IPMsg)
                  c1177e00    00000120                          : ipin.oe674 (.text:IPRouteIP)
                  c1177f20    00000120                          : ipv6_frag.oe674 (.text:IPv6CreateFragQ)
                  c1178040    00000120                          : ipv6.oe674 (.text:IPv6Init)
                  c1178160    00000120                          : icmpv6out.oe674 (.text:IsICMPv6ErrorPkt)
                  c1178280    00000120                          : md5.oe674 (.text:MD5Update)
                  c11783a0    00000120                          : mld.oe674 (.text:MLDJoinGroup)
                  c11784c0    00000120     netctrl.ae674 : netctrl.oe674 (.text:NC_SystemOpen)
                  c11785e0    00000120     stk6_ppp_pppoe.ae674 : nimu.oe674 (.text:NIMUAddEthernetHeader)
                  c1178700    00000120                          : raweth.oe674 (.text:RawEthRxPacket)
                  c1178820    00000120                          : rawethsock.oe674 (.text:RawEthSockRecvNC)
                  c1178940    00000120                          : raweth.oe674 (.text:RawEthTxPacket)
                  c1178a60    00000120     ti.drv.omapl138.ae674 : ethdriver.oe674 (.text:RxPacket)
                  c1178b80    00000120     stk6_ppp_pppoe.ae674 : sb.oe674 (.text:SBNew)
                  c1178ca0    00000120     netctrl.ae674 : netsrv.oe674 (.text:SPConfig)
                  c1178dc0    00000120                   : netsrv.oe674 (.text:SPService)
                  c1178ee0    00000120     stk6_ppp_pppoe.ae674 : sock6.oe674 (.text:Sock6Shutdown)
                  c1179000    00000120                          : sockpcb.oe674 (.text:SockPcbFindRaw)
                  c1179120    00000120                          : sock.oe674 (.text:SockShutdown)
                  c1179240    00000120                          : tcp6prot.oe674 (.text:TCP6PrAttach)
                  c1179360    00000120                          : tcpprot.oe674 (.text:TcpPrAttach)
                  c1179480    00000120     nettool.ae674 : telnetd.oe674 (.text:TelnetOpen)
                  c11795a0    00000120     stk6_ppp_pppoe.ae674 : rtable.oe674 (.text:_RtNodeInsert)
                  c11796c0    00000120     rts6740_elf.lib : fclose.obj (.text:_closefile)
                  c11797e0    00000120                     : _printfi.obj (.text:_ltostr)
                  c1179900    00000120     os.ae674 : mem.oe674 (.text:_mmInit)
                  c1179a20    00000120     nettool.ae674 : daemon.oe674 (.text:dchild)
                  c1179b40    00000120     stk6_ppp_pppoe.ae674 : fileuser.oe674 (.text:fdOpenSession)
                  c1179c60    00000120     rts6740_elf.lib : fseek.obj (.text:fseek)
                  c1179d80    00000120     nettool.ae674 : http.oe674 (.text:httpOpen)
                  c1179ea0    00000120     stk6_ppp_pppoe.ae674 : lcp.oe674 (.text:lcpReject)
                  c1179fc0    00000120     sysbios.ae674 : BIOS.obj (.text:rtsUnlock$0)
                  c117a0e0    00000120     stk6_ppp_pppoe.ae674 : socket.oe674 (.text:socket)
                  c117a200    00000120     bk_fr_c6748_pe674.oe674 (.text:ti_sysbios_family_c64p_Hwi_Object__create__S)
                  c117a320    00000120     bk_fr_c6748_pe674.oe674 (.text:ti_sysbios_hal_Hwi_Object__create__S)
                  c117a440    00000120     sysbios.ae674 : BIOS.obj (.text:ti_sysbios_io_GIO_Instance_finalize__F)
                  c117a560    00000120     bk_fr_c6748_pe674.oe674 (.text:ti_sysbios_io_GIO_Object__create__S)
                  c117a680    00000120     bk_fr_c6748_pe674.oe674 (.text:ti_sysbios_knl_Swi_Object__create__S)
                  c117a7a0    00000120     bk_fr_c6748_pe674.oe674 (.text:ti_sysbios_knl_Task_Object__create__S)
                  c117a8c0    00000120     ti.targets.rts6000.ae674 : Text.oe674 (.text:xdc_runtime_Text_putLab__F)
                  c117a9e0    00000120     bk_fr_c6748_pe674.oe674 (.text:xdc_runtime_knl_SemThread_Object__create__S)
                  c117ab00    00000100     nettool.ae674 : config.oe674 (.text:CfgGetEntryCnt)
                  c117ac00    00000100                   : config.oe674 (.text:CfgNew)
                  c117ad00    00000100                   : config.oe674 (.text:CfgSetExecuteOrder)
                  c117ae00    00000100     os.ae674 : ossys.oe674 (.text:DbgPrintf)
                  c117af00    00000100     rts6740_elf.lib : trgdrv.obj (.text:HOSTlseek)
                  c117b000    00000100     stk6_ppp_pppoe.ae674 : igmp.oe674 (.text:IGMPTimer)
                  c117b100    00000100                          : ipv6.oe674 (.text:IPv6GetSubnetMaskFromBits)
                  c117b200    00000100                          : ipv6_frag.oe674 (.text:IPv6ReasmTimeout)
                  c117b300    00000100                          : rtc.oe674 (.text:RTCMsg)
                  c117b400    00000100                          : rawethsock.oe674 (.text:RawEthSockCheck)
                  c117b500    00000100                          : route.oe674 (.text:RtRedirect)
                  c117b600    00000100                          : sock6.oe674 (.text:Sock6Disconnect)
                  c117b700    00000100                          : sockint.oe674 (.text:SockValidateRoute)
                  c117b800    00000100     nettool.ae674 : dhcpsm.oe674 (.text:StateSelecting)
                  c117b900    00000100     stk6_ppp_pppoe.ae674 : tcp6prot.oe674 (.text:TCP6PrInherit)
                  c117ba00    00000100                          : tcp6time.oe674 (.text:TCP6XmitTimer)
                  c117bb00    00000100                          : tcpprot.oe674 (.text:TcpPrInherit)
                  c117bc00    00000100                          : tcptime.oe674 (.text:TcpXmitTimer)
                  c117bd00    00000100     rts6740_elf.lib : _io_perm.obj (.text:_wrt_ok)
                  c117be00    00000100     sysbios.ae674 : BIOS.obj (.text:callback$44)
                  c117bf00    00000100     rts6740_elf.lib : fprintf.obj (.text:fprintf)
                  c117c000    00000100     sysbios.ae674 : BIOS.obj (.text:initDevice$47)
                  c117c100    00000100     stk6_ppp_pppoe.ae674 : lcp.oe674 (.text:lcpOpen)
                  c117c200    00000100                          : socket.oe674 (.text:listen)
                  c117c300    00000100     os.ae674 : mem.oe674 (.text:mmFree)
                  c117c400    00000100     sysbios.ae674 : BIOS.obj (.text:ti_sysbios_family_c64p_EventCombiner_dispatch__F)
                  c117c500    00000100                   : BIOS.obj (.text:ti_sysbios_io_DEV_match__E)
                  c117c600    00000100                   : BIOS.obj (.text:ti_sysbios_knl_Clock_startI__E)
                  c117c700    00000100                   : BIOS.obj (.text:ti_sysbios_knl_Swi_restoreHwi__E)
                  c117c800    00000100     stk6_ppp_pppoe.ae674 : lliin.oe674 (.text:updateRtTable)
                  c117c900    00000100     ti.targets.rts6000.ae674 : Core-mem.oe674 (.text:xdc_runtime_Core_deleteObject__I)
                  c117ca00    00000100                              : Startup.oe674 (.text:xdc_runtime_Startup_exec__F)
                  c117cb00    00000100                              : Text.oe674 (.text:xdc_runtime_Text_putMod__F)
                  c117cc00    00000100                              : Text.oe674 (.text:xdc_runtime_Text_visitRope2__I)
                  c117cd00    00000100     bk_fr_c6748_pe674.oe674 (.text:xdc_runtime_knl_SyncSemThread_Object__create__S)
                  c117ce00    000000e0     stk6_ppp_pppoe.ae674 : bind6.oe674 (.text:Bind6GetLinkLocalAddress)
                  c117cee0    000000e0     rts6740_elf.lib : trgdrv.obj (.text:HOSTopen)
                  c117cfc0    000000e0     stk6_ppp_pppoe.ae674 : igmp.oe674 (.text:IGMPLeave)
                  c117d0a0    000000e0                          : ipv6_frag.oe674 (.text:IPv6FindFragQ)
                  c117d180    000000e0     ti.drv.omapl138.ae674 : ethdriver.oe674 (.text:Interrupt_init)
                  c117d260    000000e0     stk6_ppp_pppoe.ae674 : lli6.oe674 (.text:LLI6Msg)
                  c117d340    000000e0                          : lli6.oe674 (.text:LLI6Update)
                  c117d420    000000e0                          : mld.oe674 (.text:MLDFindMulticastNode)
                  c117d500    000000e0                          : nimu.oe674 (.text:NIMUAllocateIndex)
                  c117d5e0    000000e0                          : nimu.oe674 (.text:NIMUAllocateName)
                  c117d6c0    000000e0                          : node.oe674 (.text:NodeDeRef)
                  c117d7a0    000000e0                          : node.oe674 (.text:NodeNew)
                  c117d880    000000e0                          : node.oe674 (.text:NodeTreeNew)
                  c117d960    000000e0                          : pbm.oe674 (.text:PBMQ_enq)
                  c117da40    000000e0                          : pbm.oe674 (.text:PBM_copy)
                  c117db20    000000e0                          : rawethsock.oe674 (.text:RawEthSockNotify)
                  c117dc00    000000e0                          : rawethsock_pcb.oe674 (.text:RawEthSockPcbAttach)
                  c117dce0    000000e0                          : rawethsock.oe674 (.text:RawEthSockSend)
                  c117ddc0    000000e0                          : route6.oe674 (.text:Route6Msg)
                  c117dea0    000000e0                          : route.oe674 (.text:RtRemove)
                  c117df80    000000e0                          : sb.oe674 (.text:SBReadNC)
                  c117e060    000000e0                          : sb.oe674 (.text:SBSetMax)
                  c117e140    000000e0                          : sock6.oe674 (.text:Sock6IntAbort)
                  c117e220    000000e0                          : sock6int.oe674 (.text:Sock6SpawnAbort)
                  c117e300    000000e0                          : sock6int.oe674 (.text:Sock6ValidateRoute)
                  c117e3e0    000000e0                          : sock.oe674 (.text:SockDisconnect)
                  c117e4c0    000000e0                          : sockint.oe674 (.text:SockSpawnAbort)
                  c117e5a0    000000e0                          : tcp6prot.oe674 (.text:TCP6PrDetach)
                  c117e680    000000e0                          : tcp6prot.oe674 (.text:TCP6PrDisconnect)
                  c117e760    000000e0                          : tcp6time.oe674 (.text:TCP6TimeoutSackRexmt)
                  c117e840    000000e0                          : tcp6prot.oe674 (.text:TCP6ValidateMetrics)
                  c117e920    000000e0                          : tcpprot.oe674 (.text:TcpPrDetach)
                  c117ea00    000000e0                          : tcpprot.oe674 (.text:TcpPrDisconnect)
                  c117eae0    000000e0                          : tcptime.oe674 (.text:TcpTimeoutSackRexmt)
                  c117ebc0    000000e0                          : tcpprot.oe674 (.text:TcpValidateMetrics)
                  c117eca0    000000e0                          : timer.oe674 (.text:TimerListInsert)
                  c117ed80    000000e0                          : udp.oe674 (.text:UdpChecksum)
                  c117ee60    000000e0                          : vlan.oe674 (.text:VLANDeinit)
                  c117ef40    000000e0                          : vlan.oe674 (.text:VLANReceivePacket)
                  c117f020    000000e0     nettool.ae674 : config.oe674 (.text:_CfgEntryScan)
                  c117f100    000000e0     stk6_ppp_pppoe.ae674 : lli.oe674 (.text:_LLIExpListInsert)
                  c117f1e0    000000e0                          : rtable.oe674 (.text:_RtExpListInsert)
                  c117f2c0    000000e0                          : rtable.oe674 (.text:_RtNodeRemove)
                  c117f3a0    000000e0     rts6740_elf.lib : divi.obj (.text:__divi)
                  c117f480    000000e0                     : atoi.obj (.text:atoi)
                  c117f560    000000e0                     : lowlev.obj (.text:close)
                  c117f640    000000e0                     : copy_zero_init.obj (.text:decompress:ZI:__TI_zero_init)
                  c117f720    000000e0     edma3_lld_drv_sample.ae674 : sample_cs.oe674 (.text:edma3OsProtectEntry)
                  c117f800    000000e0     stk6_ppp_pppoe.ae674 : file.oe674 (.text:fdint_lockfd)
                  c117f8e0    000000e0                          : file.oe674 (.text:fdint_unlockfd)
                  c117f9c0    000000e0     rts6740_elf.lib : fflush.obj (.text:fflush)
                  c117faa0    000000e0     nettool.ae674 : httpclie.oe674 (.text:httpGetMimeBits)
                  c117fb80    000000e0     os.ae674 : task.oe674 (.text:llExit)
                  c117fc60    000000e0     rts6740_elf.lib : ltoa.obj (.text:ltoa)
                  c117fd40    000000e0                     : memset.obj (.text:memset)
                  c117fe20    000000e0     os.ae674 : mem.oe674 (.text:mmBulkAlloc)
                  c117ff00    000000e0     stk6_ppp_pppoe.ae674 : nimuppp.oe674 (.text:pppFree)
                  c117ffe0    000000e0     rts6740_elf.lib : printf.obj (.text:printf)
                  c11800c0    000000e0     sysbios.ae674 : BIOS.obj (.text:ti_sysbios_family_c64p_Hwi_Instance_finalize__F)
                  c11801a0    000000e0                   : BIOS.obj (.text:ti_sysbios_family_c64p_Hwi_Instance_init__F)
                  c1180280    000000e0                   : BIOS.obj (.text:ti_sysbios_knl_Clock_start__E)
                  c1180360    000000e0                   : BIOS.obj (.text:ti_sysbios_timers_timer64_Timer_startup__E)
                  c1180440    000000e0     ti.targets.rts6000.ae674 : Error.oe674 (.text:xdc_runtime_Error_print__F)
                  c1180520    000000e0                              : Memory.oe674 (.text:xdc_runtime_Memory_alloc__F)
                  c1180600    000000c0     nettool.ae674 : dhcpmain.oe674 (.text:DHCPClose)
                  c11806c0    000000c0     rts6740_elf.lib : trgdrv.obj (.text:HOSTread)
                  c1180780    000000c0                     : trgdrv.obj (.text:HOSTunlink)
                  c1180840    000000c0                     : trgdrv.obj (.text:HOSTwrite)
                  c1180900    000000c0     stk6_ppp_pppoe.ae674 : icmpv6in.oe674 (.text:ICMPv6SocketErrorInterface)
                  c11809c0    000000c0                          : ipv6.oe674 (.text:IPv6Layer4ComputeChecksum)
                  c1180a80    000000c0                          : lli.oe674 (.text:LLIGetValidTime)
                  c1180b40    000000c0                          : lli.oe674 (.text:LLIMsg)
                  c1180c00    000000c0     ti.drv.omapl138.ae674 : csl_mdio.oe674 (.text:MDIO_initPHY)
                  c1180cc0    000000c0     stk6_ppp_pppoe.ae674 : mld.oe674 (.text:MLDCreateMulticastNode)
                  c1180d80    000000c0                          : mld.oe674 (.text:MLDLeaveGroup)
                  c1180e40    000000c0                          : nimu.oe674 (.text:NIMUFindByName)
                  c1180f00    000000c0     netctrl.ae674 : netsrv.oe674 (.text:NS_BootTask)
                  c1180fc0    000000c0     stk6_ppp_pppoe.ae674 : node.oe674 (.text:NodeUpdatePL)
                  c1181080    000000c0     nettool.ae674 : ipaddr.oe674 (.text:NtIfIdx2Ip)
                  c1181140    000000c0     stk6_ppp_pppoe.ae674 : route6.oe674 (.text:Rt6FindDefaultRouter)
                  c1181200    000000c0                          : route.oe674 (.text:RtDeRef)
                  c11812c0    000000c0                          : rtable.oe674 (.text:RtWalkBegin)
                  c1181380    000000c0                          : sb6.oe674 (.text:SB6Flush)
                  c1181440    000000c0                          : sb6.oe674 (.text:SB6SetMax)
                  c1181500    000000c0                          : sb.oe674 (.text:SBFlush)
                  c11815c0    000000c0                          : sock6pcb.oe674 (.text:Sock6PcbResolveChain)
                  c1181680    000000c0                          : sock6pcb.oe674 (.text:Sock6PcbRtChange)
                  c1181740    000000c0                          : sock.oe674 (.text:SockIntAbort)
                  c1181800    000000c0                          : sockpcb.oe674 (.text:SockPcbRtChange)
                  c11818c0    000000c0                          : tcp6prot.oe674 (.text:TCP6Close)
                  c1181980    000000c0     os.ae674 : task.oe674 (.text:TaskGetEnv)
                  c1181a40    000000c0     stk6_ppp_pppoe.ae674 : tcp.oe674 (.text:TcpChecksum)
                  c1181b00    000000c0                          : tcpprot.oe674 (.text:TcpClose)
                  c1181bc0    000000c0                          : bind6.oe674 (.text:_Bind6FindByHostInList)
                  c1181c80    000000c0                          : bind6.oe674 (.text:_Bind6FindByNetInList)
                  c1181d40    000000c0     rts6740_elf.lib : dtor_list.obj (.text:_Z11__TI_atexitPFYvPvES_S_)
                  c1181e00    000000c0                     : dtor_list.obj (.text:__cxa_finalize)
                  c1181ec0    000000c0                     : divu.obj (.text:__divu)
                  c1181f80    000000c0                     : remi.obj (.text:__remi)
                  c1182040    000000c0                     : _printfi.obj (.text:_div)
                  c1182100    000000c0                     : fflush.obj (.text:_doflush)
                  c11821c0    000000c0     nettool.ae674 : dhcptags.oe674 (.text:dhcpOptionsClear)
                  c1182280    000000c0     edma3_lld_rm.ae674 : edma3resmgr.oe674 (.text:edma3MemCpy)
                  c1182340    000000c0     edma3_lld_drv_sample.ae674 : sample_cs.oe674 (.text:edma3OsProtectExit)
                  c1182400    000000c0     os.ae674 : efs.oe674 (.text:efs_fopen)
                  c11824c0    000000c0              : efs.oe674 (.text:efs_internal_remove)
                  c1182580    000000c0     rts6740_elf.lib : exit.obj (.text:exit)
                  c1182640    000000c0     nettool.ae674 : httpsend.oe674 (.text:httpSendFullResponse)
                  c1182700    000000c0     os.ae674 : mem.oe674 (.text:mmZeroInit)
                  c11827c0    000000c0     stk6_ppp_pppoe.ae674 : nimuppp.oe674 (.text:pppAddIP)
                  c1182880    000000c0     sysbios.ae674 : BIOS.obj (.text:ti_sysbios_BIOS_errorRaiseHook__I)
                  c1182940    000000c0                   : BIOS.obj (.text:ti_sysbios_heaps_HeapMem_getStats__E)
                  c1182a00    000000c0                   : BIOS.obj (.text:ti_sysbios_knl_Clock_logTick__E)
                  c1182ac0    000000c0                   : BIOS.obj (.text:ti_sysbios_knl_Swi_Instance_finalize__F)
                  c1182b80    000000c0                   : BIOS.obj (.text:ti_sysbios_knl_Task_allBlockedFunction__I)
                  c1182c40    000000c0                   : BIOS.obj (.text:ti_sysbios_timers_timer64_Timer_stop__E)
                  c1182d00    000000c0                   : BIOS.obj (.text:ti_sysbios_xdcruntime_SemThreadSupport_pend__F)
                  c1182dc0    000000c0     ti.targets.rts6000.ae674 : System.oe674 (.text:xdc_runtime_System_formatNum__I)
                  c1182e80    000000a0     nettool.ae674 : config.oe674 (.text:CfgEntryDeRef)
                  c1182f20    000000a0                   : config.oe674 (.text:CfgEntryGetData)
                  c1182fc0    000000a0                   : config.oe674 (.text:CfgGetImmediate)
                  c1183060    000000a0                   : telnetd.oe674 (.text:CmdWriteBytes)
                  c1183100    000000a0                   : telnetd.oe674 (.text:CmdWriteCmd)
                  c11831a0    000000a0     stk6_ppp_pppoe.ae674 : file.oe674 (.text:FdSignalEvent)
                  c1183240    000000a0     rts6740_elf.lib : trgdrv.obj (.text:HOSTclose)
                  c11832e0    000000a0     ti.drv.omapl138.ae674 : ethdriver.oe674 (.text:HwPktClose)
                  c1183380    000000a0     stk6_ppp_pppoe.ae674 : icmpv6in.oe674 (.text:ICMPv6RecvDstUnreachable)
                  c1183420    000000a0                          : ipfrag.oe674 (.text:IPReasmFree)
                  c11834c0    000000a0                          : ipfrag.oe674 (.text:IPReasmTimeout)
                  c1183560    000000a0                          : ipv6.oe674 (.text:IPv6CompareAddress)
                  c1183600    000000a0                          : lliin.oe674 (.text:LLIValidateRoute)
                  c11836a0    000000a0                          : md5.oe674 (.text:MD5Final)
                  c1183740    000000a0                          : nimu.oe674 (.text:NIMUShutdown)
                  c11837e0    000000a0                          : nimu.oe674 (.text:NIMUUnregister)
                  c1183880    000000a0     nettool.ae674 : ipaddr.oe674 (.text:NtAddNetwork)
                  c1183920    000000a0     stk6_ppp_pppoe.ae674 : pbm.oe674 (.text:PBM_open)
                  c11839c0    000000a0                          : pipe.oe674 (.text:PipeCheck)
                  c1183a60    000000a0                          : rtable.oe674 (.text:RouteMsg)
                  c1183b00    000000a0                          : route.oe674 (.text:RtNew)
                  c1183ba0    000000a0                          : sb6.oe674 (.text:SB6Free)
                  c1183c40    000000a0                          : sb.oe674 (.text:SBFree)
                  c1183ce0    000000a0     os.ae674 : semaphore.oe674 (.text:SemCreate)
                  c1183d80    000000a0     stk6_ppp_pppoe.ae674 : sock6pcb.oe674 (.text:Sock6CleanPcb)
                  c1183e20    000000a0                          : sock6.oe674 (.text:Sock6GetName)
                  c1183ec0    000000a0                          : sock.oe674 (.text:SockBind)
                  c1183f60    000000a0                          : sockpcb.oe674 (.text:SockCleanPcb)
                  c1184000    000000a0                          : tcp6prot.oe674 (.text:TCP6Drop)
                  c11840a0    000000a0                          : tcp6prot.oe674 (.text:TCP6PrCtlError)
                  c1184140    000000a0                          : tcp6prot.oe674 (.text:TCP6PrSend)
                  c11841e0    000000a0                          : tcp6prot.oe674 (.text:TCP6PrSendOOB)
                  c1184280    000000a0     os.ae674 : task.oe674 (.text:TaskCreate)
                  c1184320    000000a0     stk6_ppp_pppoe.ae674 : tcpprot.oe674 (.text:TcpDrop)
                  c11843c0    000000a0                          : tcpprot.oe674 (.text:TcpPrCtlError)
                  c1184460    000000a0                          : tcpprot.oe674 (.text:TcpPrSend)
                  c1184500    000000a0                          : tcpprot.oe674 (.text:TcpPrSendOOB)
                  c11845a0    000000a0                          : timer.oe674 (.text:TimerNew)
                  c1184640    000000a0                          : lli.oe674 (.text:_LLITimeoutFlush)
                  c11846e0    000000a0     rts6740_elf.lib : remu.obj (.text:__remu)
                  c1184780    000000a0     boot.ae674 : boot.oe674 (.text:_c_int00)
                  c1184820    000000a0     rts6740_elf.lib : fopen.obj (.text:_cleanup)
                  c11848c0    000000a0                     : _printfi.obj (.text:_ecpy)
                  c1184960    000000a0                     : _printfi.obj (.text:_fcpy)
                  c1184a00    000000a0                     : _printfi.obj (.text:_pconv_f)
                  c1184aa0    000000a0     sysbios.ae674 : c64p_Hwi_asm.obj (.text:_ti_sysbios_family_c64p_Hwi_plug__E)
                  c1184b40    000000a0     stk6_ppp_pppoe.ae674 : auth.oe674 (.text:authStart)
                  c1184be0    000000a0     nettool.ae674 : dhcpbild.oe674 (.text:dhcpBuildDecline)
                  c1184c80    000000a0                   : dhcpsm.oe674 (.text:dhcpIPRemove)
                  c1184d20    000000a0     stk6_ppp_pppoe.ae674 : fileuser.oe674 (.text:fdCloseSession)
                  c1184dc0    000000a0     rts6740_elf.lib : lowlev.obj (.text:finddevice)
                  c1184e60    000000a0     stk6_ppp_pppoe.ae674 : lcp.oe674 (.text:lcpInit)
                  c1184f00    000000a0                          : lcp.oe674 (.text:lcpSendTerm)
                  c1184fa0    000000a0     hal_timer_bios.ae674 : lltimer.oe674 (.text:llTimerTick)
                  c1185040    000000a0     rts6740_elf.lib : lowlev.obj (.text:lseek)
                  c11850e0    000000a0     bk_fr_c6748_pe674.oe674 (.text:malloc)
                  c1185180    000000a0     rts6740_elf.lib : memcpy64.obj (.text:memcpy)
                  c1185220    000000a0     os.ae674 : mem.oe674 (.text:mmBulkFree)
                  c11852c0    000000a0              : mem.oe674 (.text:mmInitPage)
                  c1185360    000000a0              : ossys.oe674 (.text:stricmp)
                  c1185400    000000a0     rts6740_elf.lib : strstr.obj (.text:strstr)
                  c11854a0    000000a0     sysbios.ae674 : BIOS.obj (.text:ti_sysbios_heaps_HeapMem_init__I)
                  c1185540    000000a0     bk_fr_c6748_pe674.oe674 (.text:ti_sysbios_knl_Clock_Object__create__S)
                  c11855e0    000000a0     sysbios.ae674 : BIOS.obj (.text:ti_sysbios_knl_Idle_run__E)
                  c1185680    000000a0     bk_fr_c6748_pe674.oe674 (.text:ti_sysbios_knl_Semaphore_Object__create__S)
                  c1185720    000000a0     sysbios.ae674 : BIOS.obj (.text:ti_sysbios_knl_Task_deleteTerminatedTasksFunc__I)
                  c11857c0    000000a0     bk_fr_c6748_pe674.oe674 (.text:ti_sysbios_xdcruntime_SemThreadSupport_Object__create__S)
                  c1185860    000000a0     rts6740_elf.lib : lowlev.obj (.text:write)
                  c1185900    000000a0     ti.targets.rts6000.ae674 : Assert.oe674 (.text:xdc_runtime_Assert_raise__I)
                  c11859a0    00000080     stk6_ppp_pppoe.ae674 : md5.oe674 (.text:Decode)
                  c1185a20    00000080     ti.drv.omapl138.ae674 : nimu_eth.oe674 (.text:EmacStart)
                  c1185aa0    00000080                           : ethdriver.oe674 (.text:GetPacket)
                  c1185b20    00000080                           : ethdriver.oe674 (.text:HwRxInt)
                  c1185ba0    00000080                           : ethdriver.oe674 (.text:HwTxInt)
                  c1185c20    00000080     stk6_ppp_pppoe.ae674 : icmp.oe674 (.text:ICMPChecksum)
                  c1185ca0    00000080                          : icmpv6in.oe674 (.text:ICMPv6RecvParamProblem)
                  c1185d20    00000080                          : icmpv6_ndisc.oe674 (.text:ICMPv6RecvRS)
                  c1185da0    00000080                          : icmpv6in.oe674 (.text:ICMPv6RecvTimeExceeded)
                  c1185e20    00000080                          : ipv6out.oe674 (.text:IPv6GetRoute)
                  c1185ea0    00000080                          : lli6.oe674 (.text:LLI6Free)
                  c1185f20    00000080                          : lli6.oe674 (.text:LLI6IsRouterStatMachine)
                  c1185fa0    00000080     ti.drv.omapl138.ae674 : csl_mdio.oe674 (.text:MDIO_close)
                  c1186020    00000080     stk6_ppp_pppoe.ae674 : nimu.oe674 (.text:NIMUInit)
                  c11860a0    00000080                          : pbm.oe674 (.text:PBMQ_deq)
                  c1186120    00000080                          : nimuppp.oe674 (.text:PPPSend)
                  c11861a0    00000080                          : pipe.oe674 (.text:PipeClose)
                  c1186220    00000080                          : rawethsock.oe674 (.text:RawEthSockClose)
                  c11862a0    00000080                          : rawethsock_pcb.oe674 (.text:RawEthSockPcbDetach)
                  c1186320    00000080                          : route6.oe674 (.text:Rt6Update)
                  c11863a0    00000080                          : route.oe674 (.text:RtSetFailure)
                  c1186420    00000080                          : route.oe674 (.text:RtSetTimeout)
                  c11864a0    00000080                          : sock6.oe674 (.text:Sock6Bind)
                  c1186520    00000080                          : sock6pcb.oe674 (.text:Sock6PcbCleanup)
                  c11865a0    00000080                          : sock.oe674 (.text:SockGetName)
                  c1186620    00000080                          : sockpcb.oe674 (.text:SockPcbCleanup)
                  c11866a0    00000080                          : sockpcb.oe674 (.text:SockPcbDetach)
                  c1186720    00000080                          : sockpcb.oe674 (.text:SockPcbResolveChain)
                  c11867a0    00000080                          : tcp6prot.oe674 (.text:TCP6PrListen)
                  c1186820    00000080     os.ae674 : task.oe674 (.text:TaskSetEnv)
                  c11868a0    00000080     stk6_ppp_pppoe.ae674 : tcpprot.oe674 (.text:TcpPrListen)
[...]
c118d420   xdc_runtime_Error_getMsg__E
c118d420   xdc_runtime_Error_getMsg__F
c118d440   xdc_runtime_Gate_enterSystem__E
c118d440   xdc_runtime_Gate_enterSystem__F
c118d460   xdc_runtime_Gate_leaveSystem__E
c118d460   xdc_runtime_Gate_leaveSystem__F
c118d4c0   xdc_runtime_Memory_HeapProxy_alloc__E
c118d4e0   xdc_runtime_Memory_HeapProxy_free__E
c118d500   xdc_runtime_Startup_exec__I
c118d520   xdc_runtime_Startup_reset__I
c118d540   xdc_runtime_SysStd_exit__E
c118d540   xdc_runtime_SysStd_exit__F
c118d540   xdc_runtime_System_SupportProxy_exit__E
c118d560   xdc_runtime_SysStd_putch__E
c118d560   xdc_runtime_SysStd_putch__F
c118d560   xdc_runtime_System_SupportProxy_putch__E
c118d580   xdc_runtime_SysStd_ready__E
c118d580   xdc_runtime_SysStd_ready__F
c118d580   xdc_runtime_System_SupportProxy_ready__E
c118d5a0   xdc_runtime_System_Module_GateProxy_enter__E
c118d5c0   xdc_runtime_System_Module_GateProxy_leave__E
c118d5e0   xdc_runtime_System_Module_startup__E
c118d5e0   xdc_runtime_System_Module_startup__F
c118d600   xdc_runtime_System_exit__E
c118d600   xdc_runtime_System_exit__F
c118d620   xdc_runtime_System_lastFxn__I
c118d640   NDK_vsprintf
c118d640   xdc_runtime_System_sprintf_va__E
c118d640   xdc_runtime_System_sprintf_va__F
c118d640   xdc_runtime_System_vsprintf__E
c118d640   xdc_runtime_System_vsprintf__F
c118d660   xdc_runtime_Text_visitRope__I
c118d6c0   xdc_runtime_knl_SemThread_Params__init__S
c118d6e0   xdc_runtime_knl_SemThread_Proxy_Object__create__S
c118d700   xdc_runtime_knl_SemThread_Proxy_Object__delete__S
c118d720   xdc_runtime_knl_SemThread_Proxy_Params__init__S
c118d740   xdc_runtime_knl_SemThread_Proxy_pend__E
c118d760   xdc_runtime_knl_SemThread_Proxy_post__E
c118d780   xdc_runtime_knl_SemThread_pend__E
c118d780   xdc_runtime_knl_SemThread_pend__F
c118d7a0   xdc_runtime_knl_SemThread_post__E
c118d7a0   xdc_runtime_knl_SemThread_post__F
c118d7c0   xdc_runtime_knl_SyncSemThread_query__E
c118d7c0   xdc_runtime_knl_SyncSemThread_query__F
c118d7e0   xdc_runtime_knl_SyncSemThread_signal__E
c118d7e0   xdc_runtime_knl_SyncSemThread_signal__F
c118d800   xdc_runtime_knl_Sync_Proxy_signal__E
c118d800   xdc_runtime_knl_Sync_signal__E
c118d800   xdc_runtime_knl_Sync_signal__F
c118d820   xdc_runtime_knl_Sync_Proxy_wait__E
c118d820   xdc_runtime_knl_Sync_wait__E
c118d820   xdc_runtime_knl_Sync_wait__F
c11903d0   xdc_runtime_Text_charTab__A
c1194a18   xdc_runtime_Text_nodeTab__A
c1194d40   _ctypes_
c119583c   ti_sysbios_BIOS_Module__diagsEnabled__C
c1195c78   Code2Err
c1195ccc   I2c_PARAMS
c1195cf8   I2c_defaultRxIoParams
c1195d00   I2c_defaultTxIoParams
c1195d08   I2c_IOMFXNS
c1195d70   Vpif_PARAMS
c1195fe0   ti_sysbios_knl_Task_Object__PARAMS__C
c11960c4   ti_sysbios_BIOS_Module__diagsIncluded__C
c11960c8   xdc_runtime_Startup_sfxnTab__A
c1196160   ti_sysbios_family_c64p_Hwi_Object__PARAMS__C
c1196190   ti_sysbios_knl_Task_hooks__A
c1196248   ti_sysbios_hal_Hwi_Object__PARAMS__C
c1196274   ti_sysbios_io_GIO_Object__PARAMS__C
c11962f0   ti_sysbios_heaps_HeapMem_Module__FXNS__C
c1196318   ti_sysbios_knl_Swi_Object__PARAMS__C
c1196368   ti_sysbios_gates_GateHwi_Module__FXNS__C
c119638c   ti_sysbios_gates_GateMutex_Module__FXNS__C
c11963b0   ti_sysbios_heaps_HeapMem_Object__PARAMS__C
c11963d4   ti_sysbios_knl_Clock_Object__PARAMS__C
c11963f8   ti_sysbios_knl_Semaphore_Object__PARAMS__C
c119641c   xdc_runtime_knl_SyncSemThread_Module__FXNS__C
c11964a4   ti_sdo_utils_List_Object__DESC__C
c11964c4   ti_sysbios_family_c64p_Hwi_Object__DESC__C
c11964e4   ti_sysbios_gates_GateHwi_Object__DESC__C
c1196504   ti_sysbios_gates_GateMutex_Object__DESC__C
c1196524   ti_sysbios_hal_Hwi_Object__DESC__C
c1196544   ti_sysbios_heaps_HeapMem_Object__DESC__C
c1196564   ti_sysbios_io_GIO_Object__DESC__C
c1196584   ti_sysbios_knl_Clock_Object__DESC__C
c11965a4   ti_sysbios_knl_Queue_Object__DESC__C
c11965c4   ti_sysbios_knl_Semaphore_Object__DESC__C
c11965e4   ti_sysbios_knl_Swi_Object__DESC__C
c1196604   ti_sysbios_knl_Task_Object__DESC__C
c1196624   ti_sysbios_xdcruntime_SemThreadSupport_Object__DESC__C
c1196644   xdc_runtime_knl_SemThread_Module__FXNS__C
c1196664   xdc_runtime_knl_SemThread_Object__DESC__C
c1196684   xdc_runtime_knl_SyncSemThread_Object__DESC__C
c11966e0   ti_sysbios_xdcruntime_SemThreadSupport_Object__PARAMS__C
c11966fc   xdc_runtime_knl_SemThread_Object__PARAMS__C
c1196718   xdc_runtime_Startup_sfxnRts__A
c119677c   ti_sdo_utils_List_Object__PARAMS__C
c1196794   ti_sysbios_gates_GateHwi_Object__PARAMS__C
c11967ac   ti_sysbios_gates_GateMutex_Object__PARAMS__C
c11967c4   ti_sysbios_knl_Queue_Object__PARAMS__C
c11967dc   xdc_runtime_knl_SyncSemThread_Object__PARAMS__C
c1196824   ti_sysbios_BIOS_Module__diagsMask__C
c119688c   ti_sysbios_BIOS_installedErrorHook__C
c11968a4   ti_sysbios_family_c62_TaskSupport_stackAlignment__C
c11968a8   ti_sysbios_family_c64p_EventCombiner_EVTMASK__C
c11968e0   ti_sysbios_family_c64p_Cache_initSize__C
c11968f8   ti_sysbios_knl_Idle_coreList__A
c1196900   ti_sysbios_knl_Idle_coreList__C
c1196908   ti_sysbios_knl_Idle_funcList__A
c1196910   ti_sysbios_knl_Idle_funcList__C
c1196918   ti_sysbios_knl_Task_hooks__C
c1196920   xdc_runtime_Startup_firstFxns__A
c1196928   xdc_runtime_Startup_firstFxns__C
c1196930   xdc_runtime_Startup_lastFxns__C
c119693c   ti_sysbios_family_c64p_Cache_EMIFA_BASE__C
c1196940   ti_sysbios_family_c64p_Cache_EMIFA_CFG__C
c1196944   ti_sysbios_family_c64p_Cache_EMIFA_LENGTH__C
c1196948   ti_sysbios_family_c64p_Cache_EMIFB_BASE__C
c119694c   ti_sysbios_family_c64p_Cache_EMIFB_CFG__C
c1196950   ti_sysbios_family_c64p_Cache_EMIFB_LENGTH__C
c1196954   ti_sysbios_family_c64p_Cache_EMIFC_BASE__C
c1196958   ti_sysbios_family_c64p_Cache_EMIFC_CFG__C
c119695c   ti_sysbios_family_c64p_Cache_EMIFC_LENGTH__C
c1196960   ti_sysbios_family_c64p_Cache_MAR0_31__C
c1196964   ti_sysbios_family_c64p_Cache_MAR128_159__C
c1196968   ti_sysbios_family_c64p_Cache_MAR160_191__C
c119696c   ti_sysbios_family_c64p_Cache_MAR192_223__C
c1196970   ti_sysbios_family_c64p_Cache_MAR224_255__C
c1196974   ti_sysbios_family_c64p_Cache_MAR32_63__C
c1196978   ti_sysbios_family_c64p_Cache_MAR64_95__C
c119697c   ti_sysbios_family_c64p_Cache_MAR96_127__C
c1196980   ti_sysbios_family_c64p_EventCombiner_E_unpluggedEvent__C
c1196984   ti_sysbios_family_c64p_Exception_E_exceptionMin__C
c1196988   ti_sysbios_family_c64p_Exception_exceptionHook__C
c119698c   ti_sysbios_family_c64p_Exception_externalHook__C
c1196990   ti_sysbios_family_c64p_Exception_internalHook__C
c1196994   ti_sysbios_family_c64p_Exception_nmiHook__C
c1196998   ti_sysbios_family_c64p_Hwi_E_alreadyDefined__C
c119699c   ti_sysbios_family_c64p_Hwi_E_handleNotFound__C
c11969a0   ti_sysbios_family_c64p_Hwi_LD_end__C
c11969a4   ti_sysbios_family_c64p_Hwi_LM_begin__C
c11969a8   ti_sysbios_family_c64p_Hwi_Module__diagsEnabled__C
c11969ac   ti_sysbios_family_c64p_Hwi_Module__diagsIncluded__C
c11969b0   ti_sysbios_family_c64p_Hwi_Module__diagsMask__C
c11969b4   ti_sysbios_family_c64p_Hwi_Module__loggerFxn1__C
c11969b8   ti_sysbios_family_c64p_Hwi_Module__loggerFxn8__C
c11969bc   ti_sysbios_family_c64p_Hwi_Module__loggerObj__C
c11969c0   ti_sysbios_gates_GateMutex_A_badContext__C
c11969c4   ti_sysbios_gates_GateMutex_Instance_State_sem__O
c11969c8   ti_sysbios_gates_GateMutex_Module__diagsEnabled__C
c11969cc   ti_sysbios_gates_GateMutex_Module__diagsIncluded__C
c11969d0   ti_sysbios_gates_GateMutex_Module__diagsMask__C
c11969d4   ti_sysbios_hal_Hwi_E_stackOverflow__C
c11969d8   ti_sysbios_heaps_HeapMem_A_align__C
c11969dc   ti_sysbios_heaps_HeapMem_A_heapSize__C
c11969e0   ti_sysbios_heaps_HeapMem_A_invalidFree__C
c11969e4   ti_sysbios_heaps_HeapMem_A_zeroBlock__C
c11969e8   ti_sysbios_heaps_HeapMem_E_memory__C
c11969ec   ti_sysbios_heaps_HeapMem_Module__diagsEnabled__C
c11969f0   ti_sysbios_heaps_HeapMem_Module__diagsIncluded__C
c11969f4   ti_sysbios_heaps_HeapMem_Module__diagsMask__C
c11969f8   ti_sysbios_heaps_HeapMem_Module__gateObj__C
c11969fc   ti_sysbios_heaps_HeapMem_Object__count__C
c1196a00   ti_sysbios_heaps_HeapMem_reqAlign__C
c1196a04   ti_sysbios_io_DEV_Object__count__C
c1196a08   ti_sysbios_io_DEV_tableSize__C
c1196a0c   ti_sysbios_io_GIO_A_badModel__C
c1196a10   ti_sysbios_io_GIO_E_createFailed__C
c1196a14   ti_sysbios_io_GIO_E_notFound__C
c1196a18   ti_sysbios_io_GIO_Instance_State_doneList__O
c1196a1c   ti_sysbios_io_GIO_Instance_State_freeList__O
c1196a20   ti_sysbios_io_GIO_Module__diagsEnabled__C
c1196a24   ti_sysbios_io_GIO_Module__diagsIncluded__C
c1196a28   ti_sysbios_io_GIO_Module__diagsMask__C
c1196a2c   ti_sysbios_knl_Clock_A_badThreadType__C
c1196a30   ti_sysbios_knl_Clock_LM_begin__C
c1196a34   ti_sysbios_knl_Clock_LM_tick__C
c1196a38   ti_sysbios_knl_Clock_LW_delayed__C
c1196a3c   ti_sysbios_knl_Clock_Module_State_clockQ__O
c1196a40   ti_sysbios_knl_Clock_Module__diagsEnabled__C
c1196a44   ti_sysbios_knl_Clock_Module__diagsIncluded__C
c1196a48   ti_sysbios_knl_Clock_Module__diagsMask__C
c1196a4c   ti_sysbios_knl_Clock_Module__loggerFxn1__C
c1196a50   ti_sysbios_knl_Clock_Module__loggerFxn2__C
c1196a54   ti_sysbios_knl_Clock_Module__loggerObj__C
c1196a58   ti_sysbios_knl_Clock_tickMode__C
c1196a5c   ti_sysbios_knl_Clock_tickPeriod__C
c1196a60   ti_sysbios_knl_Clock_tickSource__C
c1196a64   ti_sysbios_knl_Semaphore_A_badContext__C
c1196a68   ti_sysbios_knl_Semaphore_A_noEvents__C
c1196a6c   ti_sysbios_knl_Semaphore_A_overflow__C
c1196a70   ti_sysbios_knl_Semaphore_Instance_State_pendQ__O
c1196a74   ti_sysbios_knl_Semaphore_LM_pend__C
c1196a78   ti_sysbios_knl_Semaphore_LM_post__C
c1196a7c   ti_sysbios_knl_Semaphore_Module__diagsEnabled__C
c1196a80   ti_sysbios_knl_Semaphore_Module__diagsIncluded__C
c1196a84   ti_sysbios_knl_Semaphore_Module__diagsMask__C
c1196a88   ti_sysbios_knl_Semaphore_Module__loggerFxn2__C
c1196a8c   ti_sysbios_knl_Semaphore_Module__loggerFxn4__C
c1196a90   ti_sysbios_knl_Semaphore_Module__loggerObj__C
c1196a94   ti_sysbios_knl_Swi_A_badPriority__C
c1196a98   ti_sysbios_knl_Swi_LD_end__C
c1196a9c   ti_sysbios_knl_Swi_LM_begin__C
c1196aa0   ti_sysbios_knl_Swi_LM_post__C
c1196aa4   ti_sysbios_knl_Swi_Module__diagsEnabled__C
c1196aa8   ti_sysbios_knl_Swi_Module__diagsIncluded__C
c1196aac   ti_sysbios_knl_Swi_Module__diagsMask__C
c1196ab0   ti_sysbios_knl_Swi_Module__loggerFxn1__C
c1196ab4   ti_sysbios_knl_Swi_Module__loggerFxn4__C
c1196ab8   ti_sysbios_knl_Swi_Module__loggerObj__C
c1196abc   ti_sysbios_knl_Swi_Object__count__C
c1196ac0   ti_sysbios_knl_Task_A_badPriority__C
c1196ac4   ti_sysbios_knl_Task_A_badTaskState__C
c1196ac8   ti_sysbios_knl_Task_A_badThreadType__C
c1196acc   ti_sysbios_knl_Task_A_badTimeout__C
c1196ad0   ti_sysbios_knl_Task_A_noPendElem__C
c1196ad4   ti_sysbios_knl_Task_E_deleteNotAllowed__C
c1196ad8   ti_sysbios_knl_Task_E_spOutOfBounds__C
c1196adc   ti_sysbios_knl_Task_E_stackOverflow__C
c1196ae0   ti_sysbios_knl_Task_LD_block__C
c1196ae4   ti_sysbios_knl_Task_LD_exit__C
c1196ae8   ti_sysbios_knl_Task_LD_ready__C
c1196aec   ti_sysbios_knl_Task_LM_setPri__C
c1196af0   ti_sysbios_knl_Task_LM_sleep__C
c1196af4   ti_sysbios_knl_Task_LM_switch__C
c1196af8   ti_sysbios_knl_Task_Module_State_inactiveQ__O
c1196afc   ti_sysbios_knl_Task_Module_State_terminatedQ__O
c1196b00   ti_sysbios_knl_Task_Module__diagsEnabled__C
c1196b04   ti_sysbios_knl_Task_Module__diagsIncluded__C
c1196b08   ti_sysbios_knl_Task_Module__diagsMask__C
c1196b0c   ti_sysbios_knl_Task_Module__loggerFxn2__C
c1196b10   ti_sysbios_knl_Task_Module__loggerFxn4__C
c1196b14   ti_sysbios_knl_Task_Module__loggerObj__C
c1196b18   ti_sysbios_knl_Task_Object__count__C
c1196b1c   ti_sysbios_knl_Task_Object__heap__C
c1196b20   ti_sysbios_knl_Task_allBlockedFunc__C
c1196b24   ti_sysbios_knl_Task_defaultStackHeap__C
c1196b28   ti_sysbios_knl_Task_defaultStackSize__C
c1196b2c   ti_sysbios_knl_Task_numConstructedTasks__C
c1196b30   ti_sysbios_knl_Task_numPriorities__C
c1196b34   ti_sysbios_timers_timer64_Timer_A_notAvailable__C
c1196b38   ti_sysbios_timers_timer64_Timer_E_cannotSupport__C
c1196b3c   ti_sysbios_timers_timer64_Timer_Module__diagsEnabled__C
c1196b40   ti_sysbios_timers_timer64_Timer_Module__diagsIncluded__C
c1196b44   ti_sysbios_timers_timer64_Timer_Module__diagsMask__C
c1196b48   ti_sysbios_timers_timer64_Timer_anyMask__C
c1196b4c   ti_sysbios_timers_timer64_Timer_freqDivisor__C
c1196b50   ti_sysbios_timers_timer64_Timer_numLocalTimers__C
c1196b54   ti_sysbios_timers_timer64_Timer_numTimerDevices__C
c1196b58   ti_sysbios_xdcruntime_SemThreadSupport_Instance_State_sem__O
c1196b5c   xdc_runtime_Assert_E_assertFailed__C
c1196b60   xdc_runtime_Core_A_initializedParams__C
c1196b64   xdc_runtime_Core_Module__diagsEnabled__C
c1196b68   xdc_runtime_Core_Module__diagsIncluded__C
c1196b6c   xdc_runtime_Core_Module__diagsMask__C
c1196b70   xdc_runtime_Error_E_generic__C
c1196b74   xdc_runtime_Error_E_memory__C
c1196b78   xdc_runtime_Error_Module__diagsEnabled__C
c1196b7c   xdc_runtime_Error_Module__diagsIncluded__C
c1196b80   xdc_runtime_Error_Module__diagsMask__C
c1196b84   xdc_runtime_Error_Module__loggerFxn8__C
c1196b88   xdc_runtime_Error_Module__loggerObj__C
c1196b8c   xdc_runtime_Error_policy__C
c1196b90   xdc_runtime_Error_raiseHook__C
c1196b94   xdc_runtime_IGateProvider_Interface__BASE__C
c1196b98   xdc_runtime_IHeap_Interface__BASE__C
c1196b9c   xdc_runtime_IModule_Interface__BASE__C
c1196ba0   xdc_runtime_Log_L_error__C
c1196ba4   xdc_runtime_Main_Module__diagsEnabled__C
c1196ba8   xdc_runtime_Main_Module__diagsIncluded__C
c1196bac   xdc_runtime_Main_Module__diagsMask__C
c1196bb0   xdc_runtime_Main_Module__loggerFxn4__C
c1196bb4   xdc_runtime_Main_Module__loggerObj__C
c1196bb8   xdc_runtime_Memory_defaultHeapInstance__C
c1196bbc   xdc_runtime_Startup_execImpl__C
c1196bc0   xdc_runtime_Startup_lastFxns__A
c1196bc4   xdc_runtime_Startup_maxPasses__C
c1196bc8   xdc_runtime_Startup_sfxnRts__C
c1196bcc   xdc_runtime_Startup_sfxnTab__C
c1196bd0   xdc_runtime_System_Module__gateObj__C
c1196bd4   xdc_runtime_System_extendFxn__C
c1196bd8   xdc_runtime_System_maxAtexitHandlers__C
c1196bdc   xdc_runtime_Text_charTab__C
c1196be0   xdc_runtime_Text_nameEmpty__C
c1196be4   xdc_runtime_Text_nameStatic__C
c1196be8   xdc_runtime_Text_nameUnknown__C
c1196bec   xdc_runtime_Text_nodeTab__C
c1196bf0   xdc_runtime_Text_visitRopeFxn__C
c1196bf4   xdc_runtime_knl_ISemaphore_Interface__BASE__C
c1196bf8   xdc_runtime_knl_ISync_Interface__BASE__C
c1196bfc   ti_sysbios_BIOS_Module__id__C
c1196c00   ti_sysbios_family_c64p_EventCombiner_Module__id__C
c1196c04   ti_sysbios_family_c64p_Exception_Module__id__C
c1196c08   ti_sysbios_family_c64p_Hwi_Module__id__C
c1196c0c   ti_sysbios_family_c64p_Hwi_Module__loggerDefined__C
c1196c10   ti_sysbios_gates_GateMutex_Module__id__C
c1196c14   ti_sysbios_hal_Hwi_Module__id__C
c1196c18   ti_sysbios_heaps_HeapMem_Module__id__C
c1196c1c   ti_sysbios_io_DEV_Module__id__C
c1196c20   ti_sysbios_io_GIO_Module__id__C
c1196c24   ti_sysbios_knl_Clock_Module__id__C
c1196c28   ti_sysbios_knl_Clock_Module__loggerDefined__C
c1196c2c   ti_sysbios_knl_Semaphore_Module__id__C
c1196c30   ti_sysbios_knl_Semaphore_Module__loggerDefined__C
c1196c34   ti_sysbios_knl_Swi_Module__id__C
c1196c38   ti_sysbios_knl_Swi_Module__loggerDefined__C
c1196c3c   ti_sysbios_knl_Task_Module__id__C
c1196c40   ti_sysbios_knl_Task_Module__loggerDefined__C
c1196c44   ti_sysbios_knl_Task_deleteTerminatedTasks__C
c1196c48   ti_sysbios_knl_Task_initStackFlag__C
c1196c4c   ti_sysbios_timers_timer64_Timer_Module__id__C
c1196c50   ti_sysbios_timers_timer64_Timer_startupNeeded__C
c1196c54   xdc_runtime_Core_Module__id__C
c1196c58   xdc_runtime_Error_Module__loggerDefined__C
c1196c5c   xdc_runtime_Error_maxDepth__C
c1196c60   xdc_runtime_Main_Module__id__C
c1196c64   xdc_runtime_Main_Module__loggerDefined__C
c1196c68   xdc_runtime_Memory_Module__id__C
c1196c6c   xdc_runtime_Text_charCnt__C
c1196c70   xdc_runtime_Text_isLoaded__C
c1196c74   xdc_runtime_Text_registryModsLastId__C
c1196c78   xdc_runtime_Text_unnamedModsLastId__C
c1197000   ti_sysbios_family_c64p_Hwi0
c1197000   ti_sysbios_family_c64p_Hwi_int0
c1197020   ti_sysbios_family_c64p_Hwi_int1
c1197040   ti_sysbios_family_c64p_Hwi_int2
c1197060   ti_sysbios_family_c64p_Hwi_int3
c1197080   ti_sysbios_family_c64p_Hwi_int4
c11970a0   ti_sysbios_family_c64p_Hwi_int5
c11970c0   ti_sysbios_family_c64p_Hwi_int6
c11970e0   ti_sysbios_family_c64p_Hwi_int7
c1197100   ti_sysbios_family_c64p_Hwi_int8
c1197120   ti_sysbios_family_c64p_Hwi_int9
c1197140   ti_sysbios_family_c64p_Hwi_int10
c1197160   ti_sysbios_family_c64p_Hwi_int11
c1197180   ti_sysbios_family_c64p_Hwi_int12
c11971a0   ti_sysbios_family_c64p_Hwi_int13
c11971c0   ti_sysbios_family_c64p_Hwi_int14
c11971e0   ti_sysbios_family_c64p_Hwi_int15
c1197280   __TI_STATIC_BASE
c1197298   txFreeQ
c119729c   txPendingQ
c11972bc   _IGMPInDiscard
c11972c0   _IGMPInQuery
c11972c4   _IGMPInQueryGroup
c11972c8   _IGMPInResponse
c11972cc   _IGMPOutResponse
c11972d0   dsp_num
c11972d4   region_id
c1197310   CONTENT_TYPE_APPLET
c1197314   CONTENT_TYPE_AU
c1197318   CONTENT_TYPE_CSS
c119731c   CONTENT_TYPE_DOC
c1197320   CONTENT_TYPE_GIF
c1197324   CONTENT_TYPE_HTML
c1197328   CONTENT_TYPE_JPG
c119732c   CONTENT_TYPE_MPEG
c1197330   CONTENT_TYPE_PDF
c1197334   CONTENT_TYPE_WAV
c1197338   CONTENT_TYPE_ZIP
c119733c   CONTENT_TYPE
c1197340   CONTENT_LENGTH
c1197344   CRLF
c1197348   DEFAULT_NAME
c119734c   HTTP_VER
c1197350   SPACE
c1197358   MainConfigSize
c119735c   MainConfigValid
c1197360   LocalIPAddr
c1197364   LocalIPMask
c1197368   GatewayIP
c119736c   ServerIPAddr
c1197370   HostName
c1197374   DomainName
c1197378   tcpsend_count
c1197380   tcpsend_loop
c1197388   tcpsend_remainder
c1197390   write_frame
c1197398   PITCount
c119739c   PITUsed
c11973a0   PITHigh
c11973c0   pktCount
c11973c8   k
c11973d0   Average_Gray
c11973d8   Average_Gray_Tempo
c11973fc   memory_squeeze_error
c1197444   resMgrInstance
c1197448   userInitConfig
c119744c   ptrRMIArray
c1197450   ptrInitCfgArray
c1197454   syscfgRegs
c1197458   gpioRegs
c119745c   pwmRegs
c1197460   wathdogRegs
c119748c   _IGMPForceVersion1
c1197498   TxChanEnable_all
c119749c   RxChanEnable_all
c11974a0   corenum
c11974b4   edma3NumPaRAMSets
c11974cc   _ICMPInErrors
c11974d0   _ICMPOutErrors
c11974d4   _IPExecuting
c11974e4   gFragQList
c1197504   tcp_iss
c1197508   ptTimeFirst
c119750c   pt6TimeFirst
c1197510   tcp6_iss
c1197524   httpErrorResponseHook
c1197530   _IPReasmPtr
c1197538   gMLDNodeList
c1197550   led_flag
c1197554   IPV6_MAX_MULTICAST_SOLICIT
c1197558   IPV6_MAX_UNICAST_SOLICIT
c119755c   IPV6_RETRANS_TIME
c1197560   IPV6_DELAY_FIRST_PROBE_TIME
c1197564   IPV6_REACHABLE_TIME
c1197568   IPV6_MAX_RTR_SOLICITATION_DELAY
c119756c   IPV6_RTR_SOLICITATION_INTERVAL
c1197570   IPV6_MAX_RTR_SOLICITATIONS
c1197574   INFINITE_LT
c1197578   ti_ndk_config_Global_rawPageSize
c119757c   ti_ndk_config_Global_rawPageCount
c1197580   ti_ndk_config_Global_smallest
c1197584   ti_ndk_config_Global_largest
c1197588   ti_ndk_config_Global_numFrameBuf
c119758c   ti_ndk_config_Global_sizeFrameBuf
c1197590   EDMA3_MAX_RM_INSTANCES
c1197594   __CIOBUF_
c119890c   __TI_Handler_Table_Base
c1198918   __TI_Handler_Table_Limit
c1198928   __TI_CINIT_Base
c1198958   __TI_CINIT_Limit
c3000000   my_boot
c4000000   sendBuf
ffffffff   __TI_pprof_out_hndl
ffffffff   __TI_prof_data_size
ffffffff   __TI_prof_data_start
ffffffff   __binit__
ffffffff   __c_args__
ffffffff   binit
UNDEFED    __TI_INITARRAY_Base
UNDEFED    __TI_INITARRAY_Limit

[1609 symbols]
